[2026-07-15T16:16:02.921+0200] {processor.py:157} INFO - Started process (PID=3406494) to work on /home/ai/.local/lib/python3.9/site-packages/airflow/example_dags/example_bash_operator.py
[2026-07-15T16:16:02.921+0200] {processor.py:829} INFO - Processing file /home/ai/.local/lib/python3.9/site-packages/airflow/example_dags/example_bash_operator.py for tasks to queue
[2026-07-15T16:16:02.922+0200] {logging_mixin.py:151} INFO - [2026-07-15T16:16:02.922+0200] {dagbag.py:536} INFO - Filling up the DagBag from /home/ai/.local/lib/python3.9/site-packages/airflow/example_dags/example_bash_operator.py
[2026-07-15T16:16:02.935+0200] {processor.py:839} INFO - DAG(s) dict_keys(['example_bash_operator']) retrieved from /home/ai/.local/lib/python3.9/site-packages/airflow/example_dags/example_bash_operator.py
[2026-07-15T16:16:02.958+0200] {logging_mixin.py:151} INFO - [2026-07-15T16:16:02.958+0200] {dag.py:2941} INFO - Sync 1 DAGs
[2026-07-15T16:16:02.978+0200] {logging_mixin.py:151} INFO - [2026-07-15T16:16:02.977+0200] {dag.py:3722} INFO - Setting next_dagrun for example_bash_operator to 2026-07-14T00:00:00+00:00, run_after=2026-07-15T00:00:00+00:00
[2026-07-15T16:16:03.789+0200] {processor.py:179} INFO - Processing /home/ai/.local/lib/python3.9/site-packages/airflow/example_dags/example_bash_operator.py took 0.874 seconds
[2026-07-15T16:17:46.839+0200] {processor.py:157} INFO - Started process (PID=3408241) to work on /home/ai/.local/lib/python3.9/site-packages/airflow/example_dags/example_bash_operator.py
[2026-07-15T16:17:46.840+0200] {processor.py:829} INFO - Processing file /home/ai/.local/lib/python3.9/site-packages/airflow/example_dags/example_bash_operator.py for tasks to queue
[2026-07-15T16:17:46.841+0200] {logging_mixin.py:151} INFO - [2026-07-15T16:17:46.841+0200] {dagbag.py:536} INFO - Filling up the DagBag from /home/ai/.local/lib/python3.9/site-packages/airflow/example_dags/example_bash_operator.py
[2026-07-15T16:17:46.853+0200] {processor.py:839} INFO - DAG(s) dict_keys(['example_bash_operator']) retrieved from /home/ai/.local/lib/python3.9/site-packages/airflow/example_dags/example_bash_operator.py
[2026-07-15T16:17:46.874+0200] {logging_mixin.py:151} INFO - [2026-07-15T16:17:46.874+0200] {dag.py:2941} INFO - Sync 1 DAGs
[2026-07-15T16:17:46.893+0200] {logging_mixin.py:151} INFO - [2026-07-15T16:17:46.893+0200] {dag.py:3722} INFO - Setting next_dagrun for example_bash_operator to 2026-07-14T00:00:00+00:00, run_after=2026-07-15T00:00:00+00:00
[2026-07-15T16:17:47.204+0200] {processor.py:179} INFO - Processing /home/ai/.local/lib/python3.9/site-packages/airflow/example_dags/example_bash_operator.py took 0.371 seconds
[2026-07-15T16:19:14.223+0200] {processor.py:157} INFO - Started process (PID=3409807) to work on /home/ai/.local/lib/python3.9/site-packages/airflow/example_dags/example_bash_operator.py
[2026-07-15T16:19:14.224+0200] {processor.py:829} INFO - Processing file /home/ai/.local/lib/python3.9/site-packages/airflow/example_dags/example_bash_operator.py for tasks to queue
[2026-07-15T16:19:14.226+0200] {logging_mixin.py:151} INFO - [2026-07-15T16:19:14.225+0200] {dagbag.py:536} INFO - Filling up the DagBag from /home/ai/.local/lib/python3.9/site-packages/airflow/example_dags/example_bash_operator.py
[2026-07-15T16:19:14.238+0200] {processor.py:839} INFO - DAG(s) dict_keys(['example_bash_operator']) retrieved from /home/ai/.local/lib/python3.9/site-packages/airflow/example_dags/example_bash_operator.py
[2026-07-15T16:19:14.262+0200] {logging_mixin.py:151} INFO - [2026-07-15T16:19:14.262+0200] {dag.py:2941} INFO - Sync 1 DAGs
[2026-07-15T16:19:14.281+0200] {logging_mixin.py:151} INFO - [2026-07-15T16:19:14.281+0200] {dag.py:3722} INFO - Setting next_dagrun for example_bash_operator to 2026-07-14T00:00:00+00:00, run_after=2026-07-15T00:00:00+00:00
[2026-07-15T16:19:16.727+0200] {processor.py:179} INFO - Processing /home/ai/.local/lib/python3.9/site-packages/airflow/example_dags/example_bash_operator.py took 2.509 seconds
[2026-07-15T16:20:59.078+0200] {processor.py:157} INFO - Started process (PID=3411568) to work on /home/ai/.local/lib/python3.9/site-packages/airflow/example_dags/example_bash_operator.py
[2026-07-15T16:20:59.079+0200] {processor.py:829} INFO - Processing file /home/ai/.local/lib/python3.9/site-packages/airflow/example_dags/example_bash_operator.py for tasks to queue
[2026-07-15T16:20:59.080+0200] {logging_mixin.py:151} INFO - [2026-07-15T16:20:59.080+0200] {dagbag.py:536} INFO - Filling up the DagBag from /home/ai/.local/lib/python3.9/site-packages/airflow/example_dags/example_bash_operator.py
[2026-07-15T16:20:59.093+0200] {processor.py:839} INFO - DAG(s) dict_keys(['example_bash_operator']) retrieved from /home/ai/.local/lib/python3.9/site-packages/airflow/example_dags/example_bash_operator.py
[2026-07-15T16:20:59.115+0200] {logging_mixin.py:151} INFO - [2026-07-15T16:20:59.115+0200] {dag.py:2941} INFO - Sync 1 DAGs
[2026-07-15T16:20:59.136+0200] {logging_mixin.py:151} INFO - [2026-07-15T16:20:59.136+0200] {dag.py:3722} INFO - Setting next_dagrun for example_bash_operator to 2026-07-14T00:00:00+00:00, run_after=2026-07-15T00:00:00+00:00
[2026-07-15T16:20:59.153+0200] {processor.py:179} INFO - Processing /home/ai/.local/lib/python3.9/site-packages/airflow/example_dags/example_bash_operator.py took 0.079 seconds
[2026-07-15T16:22:25.138+0200] {processor.py:157} INFO - Started process (PID=3413028) to work on /home/ai/.local/lib/python3.9/site-packages/airflow/example_dags/example_bash_operator.py
[2026-07-15T16:22:25.140+0200] {processor.py:829} INFO - Processing file /home/ai/.local/lib/python3.9/site-packages/airflow/example_dags/example_bash_operator.py for tasks to queue
[2026-07-15T16:22:25.141+0200] {logging_mixin.py:151} INFO - [2026-07-15T16:22:25.140+0200] {dagbag.py:536} INFO - Filling up the DagBag from /home/ai/.local/lib/python3.9/site-packages/airflow/example_dags/example_bash_operator.py
[2026-07-15T16:22:25.155+0200] {processor.py:839} INFO - DAG(s) dict_keys(['example_bash_operator']) retrieved from /home/ai/.local/lib/python3.9/site-packages/airflow/example_dags/example_bash_operator.py
[2026-07-15T16:22:25.181+0200] {logging_mixin.py:151} INFO - [2026-07-15T16:22:25.181+0200] {dag.py:2941} INFO - Sync 1 DAGs
[2026-07-15T16:22:25.203+0200] {logging_mixin.py:151} INFO - [2026-07-15T16:22:25.203+0200] {dag.py:3722} INFO - Setting next_dagrun for example_bash_operator to 2026-07-14T00:00:00+00:00, run_after=2026-07-15T00:00:00+00:00
[2026-07-15T16:22:25.815+0200] {processor.py:179} INFO - Processing /home/ai/.local/lib/python3.9/site-packages/airflow/example_dags/example_bash_operator.py took 0.681 seconds
[2026-07-15T16:23:57.288+0200] {processor.py:157} INFO - Started process (PID=3414583) to work on /home/ai/.local/lib/python3.9/site-packages/airflow/example_dags/example_bash_operator.py
[2026-07-15T16:23:57.289+0200] {processor.py:829} INFO - Processing file /home/ai/.local/lib/python3.9/site-packages/airflow/example_dags/example_bash_operator.py for tasks to queue
[2026-07-15T16:23:57.290+0200] {logging_mixin.py:151} INFO - [2026-07-15T16:23:57.290+0200] {dagbag.py:536} INFO - Filling up the DagBag from /home/ai/.local/lib/python3.9/site-packages/airflow/example_dags/example_bash_operator.py
[2026-07-15T16:23:57.302+0200] {processor.py:839} INFO - DAG(s) dict_keys(['example_bash_operator']) retrieved from /home/ai/.local/lib/python3.9/site-packages/airflow/example_dags/example_bash_operator.py
[2026-07-15T16:23:57.331+0200] {logging_mixin.py:151} INFO - [2026-07-15T16:23:57.331+0200] {dag.py:2941} INFO - Sync 1 DAGs
[2026-07-15T16:23:57.358+0200] {logging_mixin.py:151} INFO - [2026-07-15T16:23:57.358+0200] {dag.py:3722} INFO - Setting next_dagrun for example_bash_operator to 2026-07-14T00:00:00+00:00, run_after=2026-07-15T00:00:00+00:00
[2026-07-15T16:23:57.567+0200] {processor.py:179} INFO - Processing /home/ai/.local/lib/python3.9/site-packages/airflow/example_dags/example_bash_operator.py took 0.285 seconds
[2026-07-15T16:25:15.189+0200] {processor.py:157} INFO - Started process (PID=3415912) to work on /home/ai/.local/lib/python3.9/site-packages/airflow/example_dags/example_bash_operator.py
[2026-07-15T16:25:15.192+0200] {processor.py:829} INFO - Processing file /home/ai/.local/lib/python3.9/site-packages/airflow/example_dags/example_bash_operator.py for tasks to queue
[2026-07-15T16:25:15.192+0200] {logging_mixin.py:151} INFO - [2026-07-15T16:25:15.192+0200] {dagbag.py:536} INFO - Filling up the DagBag from /home/ai/.local/lib/python3.9/site-packages/airflow/example_dags/example_bash_operator.py
[2026-07-15T16:25:15.204+0200] {processor.py:839} INFO - DAG(s) dict_keys(['example_bash_operator']) retrieved from /home/ai/.local/lib/python3.9/site-packages/airflow/example_dags/example_bash_operator.py
[2026-07-15T16:25:15.226+0200] {logging_mixin.py:151} INFO - [2026-07-15T16:25:15.226+0200] {dag.py:2941} INFO - Sync 1 DAGs
[2026-07-15T16:25:15.246+0200] {logging_mixin.py:151} INFO - [2026-07-15T16:25:15.246+0200] {dag.py:3722} INFO - Setting next_dagrun for example_bash_operator to 2026-07-14T00:00:00+00:00, run_after=2026-07-15T00:00:00+00:00
[2026-07-15T16:25:15.510+0200] {processor.py:179} INFO - Processing /home/ai/.local/lib/python3.9/site-packages/airflow/example_dags/example_bash_operator.py took 0.330 seconds
[2026-07-15T16:26:50.702+0200] {processor.py:157} INFO - Started process (PID=3417566) to work on /home/ai/.local/lib/python3.9/site-packages/airflow/example_dags/example_bash_operator.py
[2026-07-15T16:26:50.703+0200] {processor.py:829} INFO - Processing file /home/ai/.local/lib/python3.9/site-packages/airflow/example_dags/example_bash_operator.py for tasks to queue
[2026-07-15T16:26:50.704+0200] {logging_mixin.py:151} INFO - [2026-07-15T16:26:50.704+0200] {dagbag.py:536} INFO - Filling up the DagBag from /home/ai/.local/lib/python3.9/site-packages/airflow/example_dags/example_bash_operator.py
[2026-07-15T16:26:50.717+0200] {processor.py:839} INFO - DAG(s) dict_keys(['example_bash_operator']) retrieved from /home/ai/.local/lib/python3.9/site-packages/airflow/example_dags/example_bash_operator.py
[2026-07-15T16:26:50.739+0200] {logging_mixin.py:151} INFO - [2026-07-15T16:26:50.738+0200] {dag.py:2941} INFO - Sync 1 DAGs
[2026-07-15T16:26:50.757+0200] {logging_mixin.py:151} INFO - [2026-07-15T16:26:50.757+0200] {dag.py:3722} INFO - Setting next_dagrun for example_bash_operator to 2026-07-14T00:00:00+00:00, run_after=2026-07-15T00:00:00+00:00
[2026-07-15T16:26:51.706+0200] {processor.py:179} INFO - Processing /home/ai/.local/lib/python3.9/site-packages/airflow/example_dags/example_bash_operator.py took 1.010 seconds
[2026-07-15T16:28:41.101+0200] {processor.py:157} INFO - Started process (PID=3419417) to work on /home/ai/.local/lib/python3.9/site-packages/airflow/example_dags/example_bash_operator.py
[2026-07-15T16:28:41.103+0200] {processor.py:829} INFO - Processing file /home/ai/.local/lib/python3.9/site-packages/airflow/example_dags/example_bash_operator.py for tasks to queue
[2026-07-15T16:28:41.103+0200] {logging_mixin.py:151} INFO - [2026-07-15T16:28:41.103+0200] {dagbag.py:536} INFO - Filling up the DagBag from /home/ai/.local/lib/python3.9/site-packages/airflow/example_dags/example_bash_operator.py
[2026-07-15T16:28:41.116+0200] {processor.py:839} INFO - DAG(s) dict_keys(['example_bash_operator']) retrieved from /home/ai/.local/lib/python3.9/site-packages/airflow/example_dags/example_bash_operator.py
[2026-07-15T16:28:41.139+0200] {logging_mixin.py:151} INFO - [2026-07-15T16:28:41.139+0200] {dag.py:2941} INFO - Sync 1 DAGs
[2026-07-15T16:28:41.157+0200] {logging_mixin.py:151} INFO - [2026-07-15T16:28:41.157+0200] {dag.py:3722} INFO - Setting next_dagrun for example_bash_operator to 2026-07-14T00:00:00+00:00, run_after=2026-07-15T00:00:00+00:00
[2026-07-15T16:28:41.176+0200] {processor.py:179} INFO - Processing /home/ai/.local/lib/python3.9/site-packages/airflow/example_dags/example_bash_operator.py took 0.080 seconds
[2026-07-15T16:30:07.093+0200] {processor.py:157} INFO - Started process (PID=3420873) to work on /home/ai/.local/lib/python3.9/site-packages/airflow/example_dags/example_bash_operator.py
[2026-07-15T16:30:07.094+0200] {processor.py:829} INFO - Processing file /home/ai/.local/lib/python3.9/site-packages/airflow/example_dags/example_bash_operator.py for tasks to queue
[2026-07-15T16:30:07.095+0200] {logging_mixin.py:151} INFO - [2026-07-15T16:30:07.094+0200] {dagbag.py:536} INFO - Filling up the DagBag from /home/ai/.local/lib/python3.9/site-packages/airflow/example_dags/example_bash_operator.py
[2026-07-15T16:30:07.106+0200] {processor.py:839} INFO - DAG(s) dict_keys(['example_bash_operator']) retrieved from /home/ai/.local/lib/python3.9/site-packages/airflow/example_dags/example_bash_operator.py
[2026-07-15T16:30:07.129+0200] {logging_mixin.py:151} INFO - [2026-07-15T16:30:07.129+0200] {dag.py:2941} INFO - Sync 1 DAGs
[2026-07-15T16:30:07.148+0200] {logging_mixin.py:151} INFO - [2026-07-15T16:30:07.148+0200] {dag.py:3722} INFO - Setting next_dagrun for example_bash_operator to 2026-07-14T00:00:00+00:00, run_after=2026-07-15T00:00:00+00:00
[2026-07-15T16:30:07.165+0200] {processor.py:179} INFO - Processing /home/ai/.local/lib/python3.9/site-packages/airflow/example_dags/example_bash_operator.py took 0.078 seconds
[2026-07-15T16:31:55.985+0200] {processor.py:157} INFO - Started process (PID=3422729) to work on /home/ai/.local/lib/python3.9/site-packages/airflow/example_dags/example_bash_operator.py
[2026-07-15T16:31:55.986+0200] {processor.py:829} INFO - Processing file /home/ai/.local/lib/python3.9/site-packages/airflow/example_dags/example_bash_operator.py for tasks to queue
[2026-07-15T16:31:55.987+0200] {logging_mixin.py:151} INFO - [2026-07-15T16:31:55.986+0200] {dagbag.py:536} INFO - Filling up the DagBag from /home/ai/.local/lib/python3.9/site-packages/airflow/example_dags/example_bash_operator.py
[2026-07-15T16:31:55.999+0200] {processor.py:839} INFO - DAG(s) dict_keys(['example_bash_operator']) retrieved from /home/ai/.local/lib/python3.9/site-packages/airflow/example_dags/example_bash_operator.py
[2026-07-15T16:31:56.021+0200] {logging_mixin.py:151} INFO - [2026-07-15T16:31:56.021+0200] {dag.py:2941} INFO - Sync 1 DAGs
[2026-07-15T16:31:56.041+0200] {logging_mixin.py:151} INFO - [2026-07-15T16:31:56.041+0200] {dag.py:3722} INFO - Setting next_dagrun for example_bash_operator to 2026-07-14T00:00:00+00:00, run_after=2026-07-15T00:00:00+00:00
[2026-07-15T16:31:56.060+0200] {processor.py:179} INFO - Processing /home/ai/.local/lib/python3.9/site-packages/airflow/example_dags/example_bash_operator.py took 0.079 seconds
[2026-07-15T16:33:20.379+0200] {processor.py:157} INFO - Started process (PID=3424181) to work on /home/ai/.local/lib/python3.9/site-packages/airflow/example_dags/example_bash_operator.py
[2026-07-15T16:33:20.381+0200] {processor.py:829} INFO - Processing file /home/ai/.local/lib/python3.9/site-packages/airflow/example_dags/example_bash_operator.py for tasks to queue
[2026-07-15T16:33:20.382+0200] {logging_mixin.py:151} INFO - [2026-07-15T16:33:20.381+0200] {dagbag.py:536} INFO - Filling up the DagBag from /home/ai/.local/lib/python3.9/site-packages/airflow/example_dags/example_bash_operator.py
[2026-07-15T16:33:20.393+0200] {processor.py:839} INFO - DAG(s) dict_keys(['example_bash_operator']) retrieved from /home/ai/.local/lib/python3.9/site-packages/airflow/example_dags/example_bash_operator.py
[2026-07-15T16:33:20.416+0200] {logging_mixin.py:151} INFO - [2026-07-15T16:33:20.416+0200] {dag.py:2941} INFO - Sync 1 DAGs
[2026-07-15T16:33:20.435+0200] {logging_mixin.py:151} INFO - [2026-07-15T16:33:20.435+0200] {dag.py:3722} INFO - Setting next_dagrun for example_bash_operator to 2026-07-14T00:00:00+00:00, run_after=2026-07-15T00:00:00+00:00
[2026-07-15T16:33:20.453+0200] {processor.py:179} INFO - Processing /home/ai/.local/lib/python3.9/site-packages/airflow/example_dags/example_bash_operator.py took 0.079 seconds
[2026-07-15T16:34:46.890+0200] {processor.py:157} INFO - Started process (PID=3425652) to work on /home/ai/.local/lib/python3.9/site-packages/airflow/example_dags/example_bash_operator.py
[2026-07-15T16:34:46.891+0200] {processor.py:829} INFO - Processing file /home/ai/.local/lib/python3.9/site-packages/airflow/example_dags/example_bash_operator.py for tasks to queue
[2026-07-15T16:34:46.892+0200] {logging_mixin.py:151} INFO - [2026-07-15T16:34:46.892+0200] {dagbag.py:536} INFO - Filling up the DagBag from /home/ai/.local/lib/python3.9/site-packages/airflow/example_dags/example_bash_operator.py
[2026-07-15T16:34:46.905+0200] {processor.py:839} INFO - DAG(s) dict_keys(['example_bash_operator']) retrieved from /home/ai/.local/lib/python3.9/site-packages/airflow/example_dags/example_bash_operator.py
[2026-07-15T16:34:46.934+0200] {logging_mixin.py:151} INFO - [2026-07-15T16:34:46.934+0200] {dag.py:2941} INFO - Sync 1 DAGs
[2026-07-15T16:34:46.954+0200] {logging_mixin.py:151} INFO - [2026-07-15T16:34:46.954+0200] {dag.py:3722} INFO - Setting next_dagrun for example_bash_operator to 2026-07-14T00:00:00+00:00, run_after=2026-07-15T00:00:00+00:00
[2026-07-15T16:34:46.982+0200] {processor.py:179} INFO - Processing /home/ai/.local/lib/python3.9/site-packages/airflow/example_dags/example_bash_operator.py took 0.096 seconds
[2026-07-15T16:36:20.046+0200] {processor.py:157} INFO - Started process (PID=3427490) to work on /home/ai/.local/lib/python3.9/site-packages/airflow/example_dags/example_bash_operator.py
[2026-07-15T16:36:20.048+0200] {processor.py:829} INFO - Processing file /home/ai/.local/lib/python3.9/site-packages/airflow/example_dags/example_bash_operator.py for tasks to queue
[2026-07-15T16:36:20.050+0200] {logging_mixin.py:151} INFO - [2026-07-15T16:36:20.049+0200] {dagbag.py:536} INFO - Filling up the DagBag from /home/ai/.local/lib/python3.9/site-packages/airflow/example_dags/example_bash_operator.py
[2026-07-15T16:36:20.063+0200] {processor.py:839} INFO - DAG(s) dict_keys(['example_bash_operator']) retrieved from /home/ai/.local/lib/python3.9/site-packages/airflow/example_dags/example_bash_operator.py
[2026-07-15T16:36:20.085+0200] {logging_mixin.py:151} INFO - [2026-07-15T16:36:20.084+0200] {dag.py:2941} INFO - Sync 1 DAGs
[2026-07-15T16:36:20.103+0200] {logging_mixin.py:151} INFO - [2026-07-15T16:36:20.103+0200] {dag.py:3722} INFO - Setting next_dagrun for example_bash_operator to 2026-07-14T00:00:00+00:00, run_after=2026-07-15T00:00:00+00:00
[2026-07-15T16:36:20.122+0200] {processor.py:179} INFO - Processing /home/ai/.local/lib/python3.9/site-packages/airflow/example_dags/example_bash_operator.py took 0.085 seconds
[2026-07-15T16:38:04.744+0200] {processor.py:157} INFO - Started process (PID=3429558) to work on /home/ai/.local/lib/python3.9/site-packages/airflow/example_dags/example_bash_operator.py
[2026-07-15T16:38:04.745+0200] {processor.py:829} INFO - Processing file /home/ai/.local/lib/python3.9/site-packages/airflow/example_dags/example_bash_operator.py for tasks to queue
[2026-07-15T16:38:04.746+0200] {logging_mixin.py:151} INFO - [2026-07-15T16:38:04.746+0200] {dagbag.py:536} INFO - Filling up the DagBag from /home/ai/.local/lib/python3.9/site-packages/airflow/example_dags/example_bash_operator.py
[2026-07-15T16:38:04.757+0200] {processor.py:839} INFO - DAG(s) dict_keys(['example_bash_operator']) retrieved from /home/ai/.local/lib/python3.9/site-packages/airflow/example_dags/example_bash_operator.py
[2026-07-15T16:38:04.779+0200] {logging_mixin.py:151} INFO - [2026-07-15T16:38:04.779+0200] {dag.py:2941} INFO - Sync 1 DAGs
[2026-07-15T16:38:04.797+0200] {logging_mixin.py:151} INFO - [2026-07-15T16:38:04.797+0200] {dag.py:3722} INFO - Setting next_dagrun for example_bash_operator to 2026-07-14T00:00:00+00:00, run_after=2026-07-15T00:00:00+00:00
[2026-07-15T16:38:04.814+0200] {processor.py:179} INFO - Processing /home/ai/.local/lib/python3.9/site-packages/airflow/example_dags/example_bash_operator.py took 0.076 seconds
[2026-07-15T16:39:41.444+0200] {processor.py:157} INFO - Started process (PID=3431305) to work on /home/ai/.local/lib/python3.9/site-packages/airflow/example_dags/example_bash_operator.py
[2026-07-15T16:39:41.881+0200] {processor.py:829} INFO - Processing file /home/ai/.local/lib/python3.9/site-packages/airflow/example_dags/example_bash_operator.py for tasks to queue
[2026-07-15T16:39:41.882+0200] {logging_mixin.py:151} INFO - [2026-07-15T16:39:41.881+0200] {dagbag.py:536} INFO - Filling up the DagBag from /home/ai/.local/lib/python3.9/site-packages/airflow/example_dags/example_bash_operator.py
[2026-07-15T16:39:41.901+0200] {processor.py:839} INFO - DAG(s) dict_keys(['example_bash_operator']) retrieved from /home/ai/.local/lib/python3.9/site-packages/airflow/example_dags/example_bash_operator.py
[2026-07-15T16:39:41.941+0200] {logging_mixin.py:151} INFO - [2026-07-15T16:39:41.941+0200] {dag.py:2941} INFO - Sync 1 DAGs
[2026-07-15T16:39:41.972+0200] {logging_mixin.py:151} INFO - [2026-07-15T16:39:41.971+0200] {dag.py:3722} INFO - Setting next_dagrun for example_bash_operator to 2026-07-14T00:00:00+00:00, run_after=2026-07-15T00:00:00+00:00
[2026-07-15T16:39:45.569+0200] {processor.py:179} INFO - Processing /home/ai/.local/lib/python3.9/site-packages/airflow/example_dags/example_bash_operator.py took 4.132 seconds
[2026-07-15T16:41:42.749+0200] {processor.py:157} INFO - Started process (PID=3433480) to work on /home/ai/.local/lib/python3.9/site-packages/airflow/example_dags/example_bash_operator.py
[2026-07-15T16:41:42.750+0200] {processor.py:829} INFO - Processing file /home/ai/.local/lib/python3.9/site-packages/airflow/example_dags/example_bash_operator.py for tasks to queue
[2026-07-15T16:41:42.751+0200] {logging_mixin.py:151} INFO - [2026-07-15T16:41:42.751+0200] {dagbag.py:536} INFO - Filling up the DagBag from /home/ai/.local/lib/python3.9/site-packages/airflow/example_dags/example_bash_operator.py
[2026-07-15T16:41:42.764+0200] {processor.py:839} INFO - DAG(s) dict_keys(['example_bash_operator']) retrieved from /home/ai/.local/lib/python3.9/site-packages/airflow/example_dags/example_bash_operator.py
[2026-07-15T16:41:42.787+0200] {logging_mixin.py:151} INFO - [2026-07-15T16:41:42.787+0200] {dag.py:2941} INFO - Sync 1 DAGs
[2026-07-15T16:41:42.805+0200] {logging_mixin.py:151} INFO - [2026-07-15T16:41:42.805+0200] {dag.py:3722} INFO - Setting next_dagrun for example_bash_operator to 2026-07-14T00:00:00+00:00, run_after=2026-07-15T00:00:00+00:00
[2026-07-15T16:41:42.830+0200] {processor.py:179} INFO - Processing /home/ai/.local/lib/python3.9/site-packages/airflow/example_dags/example_bash_operator.py took 0.086 seconds
[2026-07-15T16:43:20.620+0200] {processor.py:157} INFO - Started process (PID=3435268) to work on /home/ai/.local/lib/python3.9/site-packages/airflow/example_dags/example_bash_operator.py
[2026-07-15T16:43:20.621+0200] {processor.py:829} INFO - Processing file /home/ai/.local/lib/python3.9/site-packages/airflow/example_dags/example_bash_operator.py for tasks to queue
[2026-07-15T16:43:20.622+0200] {logging_mixin.py:151} INFO - [2026-07-15T16:43:20.622+0200] {dagbag.py:536} INFO - Filling up the DagBag from /home/ai/.local/lib/python3.9/site-packages/airflow/example_dags/example_bash_operator.py
[2026-07-15T16:43:20.634+0200] {processor.py:839} INFO - DAG(s) dict_keys(['example_bash_operator']) retrieved from /home/ai/.local/lib/python3.9/site-packages/airflow/example_dags/example_bash_operator.py
[2026-07-15T16:43:20.657+0200] {logging_mixin.py:151} INFO - [2026-07-15T16:43:20.657+0200] {dag.py:2941} INFO - Sync 1 DAGs
[2026-07-15T16:43:20.676+0200] {logging_mixin.py:151} INFO - [2026-07-15T16:43:20.676+0200] {dag.py:3722} INFO - Setting next_dagrun for example_bash_operator to 2026-07-14T00:00:00+00:00, run_after=2026-07-15T00:00:00+00:00
[2026-07-15T16:43:21.427+0200] {processor.py:179} INFO - Processing /home/ai/.local/lib/python3.9/site-packages/airflow/example_dags/example_bash_operator.py took 0.811 seconds
[2026-07-15T16:44:54.538+0200] {processor.py:157} INFO - Started process (PID=3436873) to work on /home/ai/.local/lib/python3.9/site-packages/airflow/example_dags/example_bash_operator.py
[2026-07-15T16:44:54.540+0200] {processor.py:829} INFO - Processing file /home/ai/.local/lib/python3.9/site-packages/airflow/example_dags/example_bash_operator.py for tasks to queue
[2026-07-15T16:44:54.541+0200] {logging_mixin.py:151} INFO - [2026-07-15T16:44:54.541+0200] {dagbag.py:536} INFO - Filling up the DagBag from /home/ai/.local/lib/python3.9/site-packages/airflow/example_dags/example_bash_operator.py
[2026-07-15T16:44:54.555+0200] {processor.py:839} INFO - DAG(s) dict_keys(['example_bash_operator']) retrieved from /home/ai/.local/lib/python3.9/site-packages/airflow/example_dags/example_bash_operator.py
[2026-07-15T16:44:54.580+0200] {logging_mixin.py:151} INFO - [2026-07-15T16:44:54.580+0200] {dag.py:2941} INFO - Sync 1 DAGs
[2026-07-15T16:44:54.599+0200] {logging_mixin.py:151} INFO - [2026-07-15T16:44:54.599+0200] {dag.py:3722} INFO - Setting next_dagrun for example_bash_operator to 2026-07-14T00:00:00+00:00, run_after=2026-07-15T00:00:00+00:00
[2026-07-15T16:44:54.991+0200] {processor.py:179} INFO - Processing /home/ai/.local/lib/python3.9/site-packages/airflow/example_dags/example_bash_operator.py took 0.457 seconds
[2026-07-15T16:46:56.868+0200] {processor.py:157} INFO - Started process (PID=3438987) to work on /home/ai/.local/lib/python3.9/site-packages/airflow/example_dags/example_bash_operator.py
[2026-07-15T16:46:56.870+0200] {processor.py:829} INFO - Processing file /home/ai/.local/lib/python3.9/site-packages/airflow/example_dags/example_bash_operator.py for tasks to queue
[2026-07-15T16:46:56.872+0200] {logging_mixin.py:151} INFO - [2026-07-15T16:46:56.871+0200] {dagbag.py:536} INFO - Filling up the DagBag from /home/ai/.local/lib/python3.9/site-packages/airflow/example_dags/example_bash_operator.py
[2026-07-15T16:46:56.884+0200] {processor.py:839} INFO - DAG(s) dict_keys(['example_bash_operator']) retrieved from /home/ai/.local/lib/python3.9/site-packages/airflow/example_dags/example_bash_operator.py
[2026-07-15T16:46:56.906+0200] {logging_mixin.py:151} INFO - [2026-07-15T16:46:56.906+0200] {dag.py:2941} INFO - Sync 1 DAGs
[2026-07-15T16:46:56.923+0200] {logging_mixin.py:151} INFO - [2026-07-15T16:46:56.923+0200] {dag.py:3722} INFO - Setting next_dagrun for example_bash_operator to 2026-07-14T00:00:00+00:00, run_after=2026-07-15T00:00:00+00:00
[2026-07-15T16:46:56.942+0200] {processor.py:179} INFO - Processing /home/ai/.local/lib/python3.9/site-packages/airflow/example_dags/example_bash_operator.py took 0.080 seconds
[2026-07-15T16:48:48.069+0200] {processor.py:157} INFO - Started process (PID=3440959) to work on /home/ai/.local/lib/python3.9/site-packages/airflow/example_dags/example_bash_operator.py
[2026-07-15T16:48:48.071+0200] {processor.py:829} INFO - Processing file /home/ai/.local/lib/python3.9/site-packages/airflow/example_dags/example_bash_operator.py for tasks to queue
[2026-07-15T16:48:48.072+0200] {logging_mixin.py:151} INFO - [2026-07-15T16:48:48.072+0200] {dagbag.py:536} INFO - Filling up the DagBag from /home/ai/.local/lib/python3.9/site-packages/airflow/example_dags/example_bash_operator.py
[2026-07-15T16:48:48.085+0200] {processor.py:839} INFO - DAG(s) dict_keys(['example_bash_operator']) retrieved from /home/ai/.local/lib/python3.9/site-packages/airflow/example_dags/example_bash_operator.py
[2026-07-15T16:48:48.108+0200] {logging_mixin.py:151} INFO - [2026-07-15T16:48:48.107+0200] {dag.py:2941} INFO - Sync 1 DAGs
[2026-07-15T16:48:48.129+0200] {logging_mixin.py:151} INFO - [2026-07-15T16:48:48.129+0200] {dag.py:3722} INFO - Setting next_dagrun for example_bash_operator to 2026-07-14T00:00:00+00:00, run_after=2026-07-15T00:00:00+00:00
[2026-07-15T16:48:49.074+0200] {processor.py:179} INFO - Processing /home/ai/.local/lib/python3.9/site-packages/airflow/example_dags/example_bash_operator.py took 1.009 seconds
[2026-07-15T16:50:43.817+0200] {processor.py:157} INFO - Started process (PID=3442935) to work on /home/ai/.local/lib/python3.9/site-packages/airflow/example_dags/example_bash_operator.py
[2026-07-15T16:50:43.843+0200] {processor.py:829} INFO - Processing file /home/ai/.local/lib/python3.9/site-packages/airflow/example_dags/example_bash_operator.py for tasks to queue
[2026-07-15T16:50:43.845+0200] {logging_mixin.py:151} INFO - [2026-07-15T16:50:43.844+0200] {dagbag.py:536} INFO - Filling up the DagBag from /home/ai/.local/lib/python3.9/site-packages/airflow/example_dags/example_bash_operator.py
[2026-07-15T16:50:43.857+0200] {processor.py:839} INFO - DAG(s) dict_keys(['example_bash_operator']) retrieved from /home/ai/.local/lib/python3.9/site-packages/airflow/example_dags/example_bash_operator.py
[2026-07-15T16:50:43.881+0200] {logging_mixin.py:151} INFO - [2026-07-15T16:50:43.881+0200] {dag.py:2941} INFO - Sync 1 DAGs
[2026-07-15T16:50:43.901+0200] {logging_mixin.py:151} INFO - [2026-07-15T16:50:43.901+0200] {dag.py:3722} INFO - Setting next_dagrun for example_bash_operator to 2026-07-14T00:00:00+00:00, run_after=2026-07-15T00:00:00+00:00
[2026-07-15T16:50:44.112+0200] {processor.py:179} INFO - Processing /home/ai/.local/lib/python3.9/site-packages/airflow/example_dags/example_bash_operator.py took 0.302 seconds
[2026-07-15T16:52:47.651+0200] {processor.py:157} INFO - Started process (PID=3445019) to work on /home/ai/.local/lib/python3.9/site-packages/airflow/example_dags/example_bash_operator.py
[2026-07-15T16:52:47.653+0200] {processor.py:829} INFO - Processing file /home/ai/.local/lib/python3.9/site-packages/airflow/example_dags/example_bash_operator.py for tasks to queue
[2026-07-15T16:52:47.654+0200] {logging_mixin.py:151} INFO - [2026-07-15T16:52:47.653+0200] {dagbag.py:536} INFO - Filling up the DagBag from /home/ai/.local/lib/python3.9/site-packages/airflow/example_dags/example_bash_operator.py
[2026-07-15T16:52:47.665+0200] {processor.py:839} INFO - DAG(s) dict_keys(['example_bash_operator']) retrieved from /home/ai/.local/lib/python3.9/site-packages/airflow/example_dags/example_bash_operator.py
[2026-07-15T16:52:47.689+0200] {logging_mixin.py:151} INFO - [2026-07-15T16:52:47.689+0200] {dag.py:2941} INFO - Sync 1 DAGs
[2026-07-15T16:52:47.709+0200] {logging_mixin.py:151} INFO - [2026-07-15T16:52:47.709+0200] {dag.py:3722} INFO - Setting next_dagrun for example_bash_operator to 2026-07-14T00:00:00+00:00, run_after=2026-07-15T00:00:00+00:00
[2026-07-15T16:52:47.770+0200] {processor.py:179} INFO - Processing /home/ai/.local/lib/python3.9/site-packages/airflow/example_dags/example_bash_operator.py took 0.122 seconds
[2026-07-15T16:55:04.295+0200] {processor.py:157} INFO - Started process (PID=3447323) to work on /home/ai/.local/lib/python3.9/site-packages/airflow/example_dags/example_bash_operator.py
[2026-07-15T16:55:04.297+0200] {processor.py:829} INFO - Processing file /home/ai/.local/lib/python3.9/site-packages/airflow/example_dags/example_bash_operator.py for tasks to queue
[2026-07-15T16:55:04.299+0200] {logging_mixin.py:151} INFO - [2026-07-15T16:55:04.298+0200] {dagbag.py:536} INFO - Filling up the DagBag from /home/ai/.local/lib/python3.9/site-packages/airflow/example_dags/example_bash_operator.py
[2026-07-15T16:55:04.317+0200] {processor.py:839} INFO - DAG(s) dict_keys(['example_bash_operator']) retrieved from /home/ai/.local/lib/python3.9/site-packages/airflow/example_dags/example_bash_operator.py
[2026-07-15T16:55:04.338+0200] {logging_mixin.py:151} INFO - [2026-07-15T16:55:04.338+0200] {dag.py:2941} INFO - Sync 1 DAGs
[2026-07-15T16:55:04.356+0200] {logging_mixin.py:151} INFO - [2026-07-15T16:55:04.356+0200] {dag.py:3722} INFO - Setting next_dagrun for example_bash_operator to 2026-07-14T00:00:00+00:00, run_after=2026-07-15T00:00:00+00:00
[2026-07-15T16:55:04.903+0200] {processor.py:179} INFO - Processing /home/ai/.local/lib/python3.9/site-packages/airflow/example_dags/example_bash_operator.py took 0.613 seconds
[2026-07-15T16:57:10.518+0200] {processor.py:157} INFO - Started process (PID=3449443) to work on /home/ai/.local/lib/python3.9/site-packages/airflow/example_dags/example_bash_operator.py
[2026-07-15T16:57:10.521+0200] {processor.py:829} INFO - Processing file /home/ai/.local/lib/python3.9/site-packages/airflow/example_dags/example_bash_operator.py for tasks to queue
[2026-07-15T16:57:10.522+0200] {logging_mixin.py:151} INFO - [2026-07-15T16:57:10.522+0200] {dagbag.py:536} INFO - Filling up the DagBag from /home/ai/.local/lib/python3.9/site-packages/airflow/example_dags/example_bash_operator.py
[2026-07-15T16:57:10.534+0200] {processor.py:839} INFO - DAG(s) dict_keys(['example_bash_operator']) retrieved from /home/ai/.local/lib/python3.9/site-packages/airflow/example_dags/example_bash_operator.py
[2026-07-15T16:57:10.558+0200] {logging_mixin.py:151} INFO - [2026-07-15T16:57:10.558+0200] {dag.py:2941} INFO - Sync 1 DAGs
[2026-07-15T16:57:10.578+0200] {logging_mixin.py:151} INFO - [2026-07-15T16:57:10.578+0200] {dag.py:3722} INFO - Setting next_dagrun for example_bash_operator to 2026-07-14T00:00:00+00:00, run_after=2026-07-15T00:00:00+00:00
[2026-07-15T16:57:10.923+0200] {processor.py:179} INFO - Processing /home/ai/.local/lib/python3.9/site-packages/airflow/example_dags/example_bash_operator.py took 0.413 seconds
[2026-07-15T17:00:24.513+0200] {processor.py:157} INFO - Started process (PID=3452828) to work on /home/ai/.local/lib/python3.9/site-packages/airflow/example_dags/example_bash_operator.py
[2026-07-15T17:00:24.515+0200] {processor.py:829} INFO - Processing file /home/ai/.local/lib/python3.9/site-packages/airflow/example_dags/example_bash_operator.py for tasks to queue
[2026-07-15T17:00:24.516+0200] {logging_mixin.py:151} INFO - [2026-07-15T17:00:24.515+0200] {dagbag.py:536} INFO - Filling up the DagBag from /home/ai/.local/lib/python3.9/site-packages/airflow/example_dags/example_bash_operator.py
[2026-07-15T17:00:24.529+0200] {processor.py:839} INFO - DAG(s) dict_keys(['example_bash_operator']) retrieved from /home/ai/.local/lib/python3.9/site-packages/airflow/example_dags/example_bash_operator.py
[2026-07-15T17:00:24.552+0200] {logging_mixin.py:151} INFO - [2026-07-15T17:00:24.552+0200] {dag.py:2941} INFO - Sync 1 DAGs
[2026-07-15T17:00:24.571+0200] {logging_mixin.py:151} INFO - [2026-07-15T17:00:24.571+0200] {dag.py:3722} INFO - Setting next_dagrun for example_bash_operator to 2026-07-14T00:00:00+00:00, run_after=2026-07-15T00:00:00+00:00
[2026-07-15T17:00:24.881+0200] {processor.py:179} INFO - Processing /home/ai/.local/lib/python3.9/site-packages/airflow/example_dags/example_bash_operator.py took 0.373 seconds
[2026-07-15T17:03:48.760+0200] {processor.py:157} INFO - Started process (PID=3456498) to work on /home/ai/.local/lib/python3.9/site-packages/airflow/example_dags/example_bash_operator.py
[2026-07-15T17:03:48.762+0200] {processor.py:829} INFO - Processing file /home/ai/.local/lib/python3.9/site-packages/airflow/example_dags/example_bash_operator.py for tasks to queue
[2026-07-15T17:03:48.764+0200] {logging_mixin.py:151} INFO - [2026-07-15T17:03:48.763+0200] {dagbag.py:536} INFO - Filling up the DagBag from /home/ai/.local/lib/python3.9/site-packages/airflow/example_dags/example_bash_operator.py
[2026-07-15T17:03:48.778+0200] {processor.py:839} INFO - DAG(s) dict_keys(['example_bash_operator']) retrieved from /home/ai/.local/lib/python3.9/site-packages/airflow/example_dags/example_bash_operator.py
[2026-07-15T17:03:48.802+0200] {logging_mixin.py:151} INFO - [2026-07-15T17:03:48.802+0200] {dag.py:2941} INFO - Sync 1 DAGs
[2026-07-15T17:03:48.822+0200] {logging_mixin.py:151} INFO - [2026-07-15T17:03:48.822+0200] {dag.py:3722} INFO - Setting next_dagrun for example_bash_operator to 2026-07-14T00:00:00+00:00, run_after=2026-07-15T00:00:00+00:00
[2026-07-15T17:03:49.529+0200] {processor.py:179} INFO - Processing /home/ai/.local/lib/python3.9/site-packages/airflow/example_dags/example_bash_operator.py took 0.779 seconds
[2026-07-15T17:06:03.286+0200] {processor.py:157} INFO - Started process (PID=3458674) to work on /home/ai/.local/lib/python3.9/site-packages/airflow/example_dags/example_bash_operator.py
[2026-07-15T17:06:03.287+0200] {processor.py:829} INFO - Processing file /home/ai/.local/lib/python3.9/site-packages/airflow/example_dags/example_bash_operator.py for tasks to queue
[2026-07-15T17:06:03.288+0200] {logging_mixin.py:151} INFO - [2026-07-15T17:06:03.288+0200] {dagbag.py:536} INFO - Filling up the DagBag from /home/ai/.local/lib/python3.9/site-packages/airflow/example_dags/example_bash_operator.py
[2026-07-15T17:06:03.301+0200] {processor.py:839} INFO - DAG(s) dict_keys(['example_bash_operator']) retrieved from /home/ai/.local/lib/python3.9/site-packages/airflow/example_dags/example_bash_operator.py
[2026-07-15T17:06:03.326+0200] {logging_mixin.py:151} INFO - [2026-07-15T17:06:03.325+0200] {dag.py:2941} INFO - Sync 1 DAGs
[2026-07-15T17:06:03.346+0200] {logging_mixin.py:151} INFO - [2026-07-15T17:06:03.346+0200] {dag.py:3722} INFO - Setting next_dagrun for example_bash_operator to 2026-07-14T00:00:00+00:00, run_after=2026-07-15T00:00:00+00:00
[2026-07-15T17:06:03.522+0200] {processor.py:179} INFO - Processing /home/ai/.local/lib/python3.9/site-packages/airflow/example_dags/example_bash_operator.py took 0.240 seconds
[2026-07-15T17:08:31.143+0200] {processor.py:157} INFO - Started process (PID=3461245) to work on /home/ai/.local/lib/python3.9/site-packages/airflow/example_dags/example_bash_operator.py
[2026-07-15T17:08:31.252+0200] {processor.py:829} INFO - Processing file /home/ai/.local/lib/python3.9/site-packages/airflow/example_dags/example_bash_operator.py for tasks to queue
[2026-07-15T17:08:31.254+0200] {logging_mixin.py:151} INFO - [2026-07-15T17:08:31.253+0200] {dagbag.py:536} INFO - Filling up the DagBag from /home/ai/.local/lib/python3.9/site-packages/airflow/example_dags/example_bash_operator.py
[2026-07-15T17:08:31.271+0200] {processor.py:839} INFO - DAG(s) dict_keys(['example_bash_operator']) retrieved from /home/ai/.local/lib/python3.9/site-packages/airflow/example_dags/example_bash_operator.py
[2026-07-15T17:08:31.292+0200] {logging_mixin.py:151} INFO - [2026-07-15T17:08:31.291+0200] {dag.py:2941} INFO - Sync 1 DAGs
[2026-07-15T17:08:31.310+0200] {logging_mixin.py:151} INFO - [2026-07-15T17:08:31.309+0200] {dag.py:3722} INFO - Setting next_dagrun for example_bash_operator to 2026-07-14T00:00:00+00:00, run_after=2026-07-15T00:00:00+00:00
[2026-07-15T17:08:32.218+0200] {processor.py:179} INFO - Processing /home/ai/.local/lib/python3.9/site-packages/airflow/example_dags/example_bash_operator.py took 1.079 seconds
[2026-07-15T17:11:50.549+0200] {processor.py:157} INFO - Started process (PID=3464522) to work on /home/ai/.local/lib/python3.9/site-packages/airflow/example_dags/example_bash_operator.py
[2026-07-15T17:11:50.551+0200] {processor.py:829} INFO - Processing file /home/ai/.local/lib/python3.9/site-packages/airflow/example_dags/example_bash_operator.py for tasks to queue
[2026-07-15T17:11:50.552+0200] {logging_mixin.py:151} INFO - [2026-07-15T17:11:50.551+0200] {dagbag.py:536} INFO - Filling up the DagBag from /home/ai/.local/lib/python3.9/site-packages/airflow/example_dags/example_bash_operator.py
[2026-07-15T17:11:50.564+0200] {processor.py:839} INFO - DAG(s) dict_keys(['example_bash_operator']) retrieved from /home/ai/.local/lib/python3.9/site-packages/airflow/example_dags/example_bash_operator.py
[2026-07-15T17:11:50.589+0200] {logging_mixin.py:151} INFO - [2026-07-15T17:11:50.588+0200] {dag.py:2941} INFO - Sync 1 DAGs
[2026-07-15T17:11:50.610+0200] {logging_mixin.py:151} INFO - [2026-07-15T17:11:50.609+0200] {dag.py:3722} INFO - Setting next_dagrun for example_bash_operator to 2026-07-14T00:00:00+00:00, run_after=2026-07-15T00:00:00+00:00
[2026-07-15T17:11:50.633+0200] {processor.py:179} INFO - Processing /home/ai/.local/lib/python3.9/site-packages/airflow/example_dags/example_bash_operator.py took 0.089 seconds
[2026-07-15T17:14:46.984+0200] {processor.py:157} INFO - Started process (PID=3467709) to work on /home/ai/.local/lib/python3.9/site-packages/airflow/example_dags/example_bash_operator.py
[2026-07-15T17:14:46.986+0200] {processor.py:829} INFO - Processing file /home/ai/.local/lib/python3.9/site-packages/airflow/example_dags/example_bash_operator.py for tasks to queue
[2026-07-15T17:14:46.987+0200] {logging_mixin.py:151} INFO - [2026-07-15T17:14:46.986+0200] {dagbag.py:536} INFO - Filling up the DagBag from /home/ai/.local/lib/python3.9/site-packages/airflow/example_dags/example_bash_operator.py
[2026-07-15T17:14:46.999+0200] {processor.py:839} INFO - DAG(s) dict_keys(['example_bash_operator']) retrieved from /home/ai/.local/lib/python3.9/site-packages/airflow/example_dags/example_bash_operator.py
[2026-07-15T17:14:47.023+0200] {logging_mixin.py:151} INFO - [2026-07-15T17:14:47.023+0200] {dag.py:2941} INFO - Sync 1 DAGs
[2026-07-15T17:14:47.045+0200] {logging_mixin.py:151} INFO - [2026-07-15T17:14:47.045+0200] {dag.py:3722} INFO - Setting next_dagrun for example_bash_operator to 2026-07-14T00:00:00+00:00, run_after=2026-07-15T00:00:00+00:00
[2026-07-15T17:14:47.398+0200] {processor.py:179} INFO - Processing /home/ai/.local/lib/python3.9/site-packages/airflow/example_dags/example_bash_operator.py took 0.419 seconds
[2026-07-15T17:16:38.002+0200] {processor.py:157} INFO - Started process (PID=3470001) to work on /home/ai/.local/lib/python3.9/site-packages/airflow/example_dags/example_bash_operator.py
[2026-07-15T17:16:38.003+0200] {processor.py:829} INFO - Processing file /home/ai/.local/lib/python3.9/site-packages/airflow/example_dags/example_bash_operator.py for tasks to queue
[2026-07-15T17:16:38.004+0200] {logging_mixin.py:151} INFO - [2026-07-15T17:16:38.004+0200] {dagbag.py:536} INFO - Filling up the DagBag from /home/ai/.local/lib/python3.9/site-packages/airflow/example_dags/example_bash_operator.py
[2026-07-15T17:16:38.016+0200] {processor.py:839} INFO - DAG(s) dict_keys(['example_bash_operator']) retrieved from /home/ai/.local/lib/python3.9/site-packages/airflow/example_dags/example_bash_operator.py
[2026-07-15T17:16:38.038+0200] {logging_mixin.py:151} INFO - [2026-07-15T17:16:38.038+0200] {dag.py:2941} INFO - Sync 1 DAGs
[2026-07-15T17:16:38.058+0200] {logging_mixin.py:151} INFO - [2026-07-15T17:16:38.058+0200] {dag.py:3722} INFO - Setting next_dagrun for example_bash_operator to 2026-07-14T00:00:00+00:00, run_after=2026-07-15T00:00:00+00:00
[2026-07-15T17:16:38.826+0200] {processor.py:179} INFO - Processing /home/ai/.local/lib/python3.9/site-packages/airflow/example_dags/example_bash_operator.py took 0.830 seconds
[2026-07-15T17:18:36.168+0200] {processor.py:157} INFO - Started process (PID=3472709) to work on /home/ai/.local/lib/python3.9/site-packages/airflow/example_dags/example_bash_operator.py
[2026-07-15T17:18:36.169+0200] {processor.py:829} INFO - Processing file /home/ai/.local/lib/python3.9/site-packages/airflow/example_dags/example_bash_operator.py for tasks to queue
[2026-07-15T17:18:36.170+0200] {logging_mixin.py:151} INFO - [2026-07-15T17:18:36.170+0200] {dagbag.py:536} INFO - Filling up the DagBag from /home/ai/.local/lib/python3.9/site-packages/airflow/example_dags/example_bash_operator.py
[2026-07-15T17:18:36.183+0200] {processor.py:839} INFO - DAG(s) dict_keys(['example_bash_operator']) retrieved from /home/ai/.local/lib/python3.9/site-packages/airflow/example_dags/example_bash_operator.py
[2026-07-15T17:18:36.205+0200] {logging_mixin.py:151} INFO - [2026-07-15T17:18:36.205+0200] {dag.py:2941} INFO - Sync 1 DAGs
[2026-07-15T17:18:36.226+0200] {logging_mixin.py:151} INFO - [2026-07-15T17:18:36.226+0200] {dag.py:3722} INFO - Setting next_dagrun for example_bash_operator to 2026-07-14T00:00:00+00:00, run_after=2026-07-15T00:00:00+00:00
[2026-07-15T17:18:36.244+0200] {processor.py:179} INFO - Processing /home/ai/.local/lib/python3.9/site-packages/airflow/example_dags/example_bash_operator.py took 0.082 seconds
