[2026-07-15T16:16:00.489+0200] {processor.py:157} INFO - Started process (PID=3406455) to work on /home/ai/.local/lib/python3.9/site-packages/airflow/example_dags/example_branch_python_dop_operator_3.py
[2026-07-15T16:16:00.490+0200] {processor.py:829} INFO - Processing file /home/ai/.local/lib/python3.9/site-packages/airflow/example_dags/example_branch_python_dop_operator_3.py for tasks to queue
[2026-07-15T16:16:00.491+0200] {logging_mixin.py:151} INFO - [2026-07-15T16:16:00.490+0200] {dagbag.py:536} INFO - Filling up the DagBag from /home/ai/.local/lib/python3.9/site-packages/airflow/example_dags/example_branch_python_dop_operator_3.py
[2026-07-15T16:16:00.500+0200] {processor.py:839} INFO - DAG(s) dict_keys(['example_branch_dop_operator_v3']) retrieved from /home/ai/.local/lib/python3.9/site-packages/airflow/example_dags/example_branch_python_dop_operator_3.py
[2026-07-15T16:16:00.515+0200] {logging_mixin.py:151} INFO - [2026-07-15T16:16:00.515+0200] {dag.py:2941} INFO - Sync 1 DAGs
[2026-07-15T16:16:00.538+0200] {logging_mixin.py:151} INFO - [2026-07-15T16:16:00.537+0200] {dag.py:3722} INFO - Setting next_dagrun for example_branch_dop_operator_v3 to 2026-07-15T14:15:00+00:00, run_after=2026-07-15T14:16:00+00:00
[2026-07-15T16:16:00.564+0200] {processor.py:179} INFO - Processing /home/ai/.local/lib/python3.9/site-packages/airflow/example_dags/example_branch_python_dop_operator_3.py took 0.081 seconds
[2026-07-15T16:17:41.499+0200] {processor.py:157} INFO - Started process (PID=3408111) to work on /home/ai/.local/lib/python3.9/site-packages/airflow/example_dags/example_branch_python_dop_operator_3.py
[2026-07-15T16:17:41.501+0200] {processor.py:829} INFO - Processing file /home/ai/.local/lib/python3.9/site-packages/airflow/example_dags/example_branch_python_dop_operator_3.py for tasks to queue
[2026-07-15T16:17:41.502+0200] {logging_mixin.py:151} INFO - [2026-07-15T16:17:41.502+0200] {dagbag.py:536} INFO - Filling up the DagBag from /home/ai/.local/lib/python3.9/site-packages/airflow/example_dags/example_branch_python_dop_operator_3.py
[2026-07-15T16:17:41.512+0200] {processor.py:839} INFO - DAG(s) dict_keys(['example_branch_dop_operator_v3']) retrieved from /home/ai/.local/lib/python3.9/site-packages/airflow/example_dags/example_branch_python_dop_operator_3.py
[2026-07-15T16:17:41.527+0200] {logging_mixin.py:151} INFO - [2026-07-15T16:17:41.527+0200] {dag.py:2941} INFO - Sync 1 DAGs
[2026-07-15T16:17:41.550+0200] {logging_mixin.py:151} INFO - [2026-07-15T16:17:41.550+0200] {dag.py:3722} INFO - Setting next_dagrun for example_branch_dop_operator_v3 to 2026-07-15T14:16:00+00:00, run_after=2026-07-15T14:17:00+00:00
[2026-07-15T16:17:41.658+0200] {processor.py:179} INFO - Processing /home/ai/.local/lib/python3.9/site-packages/airflow/example_dags/example_branch_python_dop_operator_3.py took 0.164 seconds
[2026-07-15T16:19:12.582+0200] {processor.py:157} INFO - Started process (PID=3409780) to work on /home/ai/.local/lib/python3.9/site-packages/airflow/example_dags/example_branch_python_dop_operator_3.py
[2026-07-15T16:19:12.584+0200] {processor.py:829} INFO - Processing file /home/ai/.local/lib/python3.9/site-packages/airflow/example_dags/example_branch_python_dop_operator_3.py for tasks to queue
[2026-07-15T16:19:12.585+0200] {logging_mixin.py:151} INFO - [2026-07-15T16:19:12.584+0200] {dagbag.py:536} INFO - Filling up the DagBag from /home/ai/.local/lib/python3.9/site-packages/airflow/example_dags/example_branch_python_dop_operator_3.py
[2026-07-15T16:19:12.594+0200] {processor.py:839} INFO - DAG(s) dict_keys(['example_branch_dop_operator_v3']) retrieved from /home/ai/.local/lib/python3.9/site-packages/airflow/example_dags/example_branch_python_dop_operator_3.py
[2026-07-15T16:19:12.609+0200] {logging_mixin.py:151} INFO - [2026-07-15T16:19:12.609+0200] {dag.py:2941} INFO - Sync 1 DAGs
[2026-07-15T16:19:12.632+0200] {logging_mixin.py:151} INFO - [2026-07-15T16:19:12.632+0200] {dag.py:3722} INFO - Setting next_dagrun for example_branch_dop_operator_v3 to 2026-07-15T14:18:00+00:00, run_after=2026-07-15T14:19:00+00:00
[2026-07-15T16:19:12.651+0200] {processor.py:179} INFO - Processing /home/ai/.local/lib/python3.9/site-packages/airflow/example_dags/example_branch_python_dop_operator_3.py took 0.073 seconds
[2026-07-15T16:20:56.677+0200] {processor.py:157} INFO - Started process (PID=3411496) to work on /home/ai/.local/lib/python3.9/site-packages/airflow/example_dags/example_branch_python_dop_operator_3.py
[2026-07-15T16:20:56.678+0200] {processor.py:829} INFO - Processing file /home/ai/.local/lib/python3.9/site-packages/airflow/example_dags/example_branch_python_dop_operator_3.py for tasks to queue
[2026-07-15T16:20:56.679+0200] {logging_mixin.py:151} INFO - [2026-07-15T16:20:56.679+0200] {dagbag.py:536} INFO - Filling up the DagBag from /home/ai/.local/lib/python3.9/site-packages/airflow/example_dags/example_branch_python_dop_operator_3.py
[2026-07-15T16:20:56.688+0200] {processor.py:839} INFO - DAG(s) dict_keys(['example_branch_dop_operator_v3']) retrieved from /home/ai/.local/lib/python3.9/site-packages/airflow/example_dags/example_branch_python_dop_operator_3.py
[2026-07-15T16:20:56.703+0200] {logging_mixin.py:151} INFO - [2026-07-15T16:20:56.703+0200] {dag.py:2941} INFO - Sync 1 DAGs
[2026-07-15T16:20:56.724+0200] {logging_mixin.py:151} INFO - [2026-07-15T16:20:56.724+0200] {dag.py:3722} INFO - Setting next_dagrun for example_branch_dop_operator_v3 to 2026-07-15T14:19:00+00:00, run_after=2026-07-15T14:20:00+00:00
[2026-07-15T16:20:56.743+0200] {processor.py:179} INFO - Processing /home/ai/.local/lib/python3.9/site-packages/airflow/example_dags/example_branch_python_dop_operator_3.py took 0.071 seconds
[2026-07-15T16:22:21.520+0200] {processor.py:157} INFO - Started process (PID=3412969) to work on /home/ai/.local/lib/python3.9/site-packages/airflow/example_dags/example_branch_python_dop_operator_3.py
[2026-07-15T16:22:21.522+0200] {processor.py:829} INFO - Processing file /home/ai/.local/lib/python3.9/site-packages/airflow/example_dags/example_branch_python_dop_operator_3.py for tasks to queue
[2026-07-15T16:22:21.523+0200] {logging_mixin.py:151} INFO - [2026-07-15T16:22:21.522+0200] {dagbag.py:536} INFO - Filling up the DagBag from /home/ai/.local/lib/python3.9/site-packages/airflow/example_dags/example_branch_python_dop_operator_3.py
[2026-07-15T16:22:21.533+0200] {processor.py:839} INFO - DAG(s) dict_keys(['example_branch_dop_operator_v3']) retrieved from /home/ai/.local/lib/python3.9/site-packages/airflow/example_dags/example_branch_python_dop_operator_3.py
[2026-07-15T16:22:21.549+0200] {logging_mixin.py:151} INFO - [2026-07-15T16:22:21.549+0200] {dag.py:2941} INFO - Sync 1 DAGs
[2026-07-15T16:22:21.572+0200] {logging_mixin.py:151} INFO - [2026-07-15T16:22:21.571+0200] {dag.py:3722} INFO - Setting next_dagrun for example_branch_dop_operator_v3 to 2026-07-15T14:21:00+00:00, run_after=2026-07-15T14:22:00+00:00
[2026-07-15T16:22:21.591+0200] {processor.py:179} INFO - Processing /home/ai/.local/lib/python3.9/site-packages/airflow/example_dags/example_branch_python_dop_operator_3.py took 0.077 seconds
[2026-07-15T16:23:51.706+0200] {processor.py:157} INFO - Started process (PID=3414494) to work on /home/ai/.local/lib/python3.9/site-packages/airflow/example_dags/example_branch_python_dop_operator_3.py
[2026-07-15T16:23:51.707+0200] {processor.py:829} INFO - Processing file /home/ai/.local/lib/python3.9/site-packages/airflow/example_dags/example_branch_python_dop_operator_3.py for tasks to queue
[2026-07-15T16:23:51.708+0200] {logging_mixin.py:151} INFO - [2026-07-15T16:23:51.708+0200] {dagbag.py:536} INFO - Filling up the DagBag from /home/ai/.local/lib/python3.9/site-packages/airflow/example_dags/example_branch_python_dop_operator_3.py
[2026-07-15T16:23:51.717+0200] {processor.py:839} INFO - DAG(s) dict_keys(['example_branch_dop_operator_v3']) retrieved from /home/ai/.local/lib/python3.9/site-packages/airflow/example_dags/example_branch_python_dop_operator_3.py
[2026-07-15T16:23:51.731+0200] {logging_mixin.py:151} INFO - [2026-07-15T16:23:51.731+0200] {dag.py:2941} INFO - Sync 1 DAGs
[2026-07-15T16:23:51.753+0200] {logging_mixin.py:151} INFO - [2026-07-15T16:23:51.753+0200] {dag.py:3722} INFO - Setting next_dagrun for example_branch_dop_operator_v3 to 2026-07-15T14:22:00+00:00, run_after=2026-07-15T14:23:00+00:00
[2026-07-15T16:23:51.770+0200] {processor.py:179} INFO - Processing /home/ai/.local/lib/python3.9/site-packages/airflow/example_dags/example_branch_python_dop_operator_3.py took 0.071 seconds
[2026-07-15T16:25:12.777+0200] {processor.py:157} INFO - Started process (PID=3415868) to work on /home/ai/.local/lib/python3.9/site-packages/airflow/example_dags/example_branch_python_dop_operator_3.py
[2026-07-15T16:25:12.780+0200] {processor.py:829} INFO - Processing file /home/ai/.local/lib/python3.9/site-packages/airflow/example_dags/example_branch_python_dop_operator_3.py for tasks to queue
[2026-07-15T16:25:12.782+0200] {logging_mixin.py:151} INFO - [2026-07-15T16:25:12.781+0200] {dagbag.py:536} INFO - Filling up the DagBag from /home/ai/.local/lib/python3.9/site-packages/airflow/example_dags/example_branch_python_dop_operator_3.py
[2026-07-15T16:25:12.795+0200] {processor.py:839} INFO - DAG(s) dict_keys(['example_branch_dop_operator_v3']) retrieved from /home/ai/.local/lib/python3.9/site-packages/airflow/example_dags/example_branch_python_dop_operator_3.py
[2026-07-15T16:25:12.811+0200] {logging_mixin.py:151} INFO - [2026-07-15T16:25:12.811+0200] {dag.py:2941} INFO - Sync 1 DAGs
[2026-07-15T16:25:12.834+0200] {logging_mixin.py:151} INFO - [2026-07-15T16:25:12.834+0200] {dag.py:3722} INFO - Setting next_dagrun for example_branch_dop_operator_v3 to 2026-07-15T14:24:00+00:00, run_after=2026-07-15T14:25:00+00:00
[2026-07-15T16:25:12.958+0200] {processor.py:179} INFO - Processing /home/ai/.local/lib/python3.9/site-packages/airflow/example_dags/example_branch_python_dop_operator_3.py took 0.187 seconds
[2026-07-15T16:26:44.591+0200] {processor.py:157} INFO - Started process (PID=3417455) to work on /home/ai/.local/lib/python3.9/site-packages/airflow/example_dags/example_branch_python_dop_operator_3.py
[2026-07-15T16:26:44.593+0200] {processor.py:829} INFO - Processing file /home/ai/.local/lib/python3.9/site-packages/airflow/example_dags/example_branch_python_dop_operator_3.py for tasks to queue
[2026-07-15T16:26:44.596+0200] {logging_mixin.py:151} INFO - [2026-07-15T16:26:44.595+0200] {dagbag.py:536} INFO - Filling up the DagBag from /home/ai/.local/lib/python3.9/site-packages/airflow/example_dags/example_branch_python_dop_operator_3.py
[2026-07-15T16:26:44.607+0200] {processor.py:839} INFO - DAG(s) dict_keys(['example_branch_dop_operator_v3']) retrieved from /home/ai/.local/lib/python3.9/site-packages/airflow/example_dags/example_branch_python_dop_operator_3.py
[2026-07-15T16:26:44.623+0200] {logging_mixin.py:151} INFO - [2026-07-15T16:26:44.622+0200] {dag.py:2941} INFO - Sync 1 DAGs
[2026-07-15T16:26:44.645+0200] {logging_mixin.py:151} INFO - [2026-07-15T16:26:44.644+0200] {dag.py:3722} INFO - Setting next_dagrun for example_branch_dop_operator_v3 to 2026-07-15T14:25:00+00:00, run_after=2026-07-15T14:26:00+00:00
[2026-07-15T16:26:45.378+0200] {processor.py:179} INFO - Processing /home/ai/.local/lib/python3.9/site-packages/airflow/example_dags/example_branch_python_dop_operator_3.py took 0.796 seconds
[2026-07-15T16:28:38.077+0200] {processor.py:157} INFO - Started process (PID=3419366) to work on /home/ai/.local/lib/python3.9/site-packages/airflow/example_dags/example_branch_python_dop_operator_3.py
[2026-07-15T16:28:38.079+0200] {processor.py:829} INFO - Processing file /home/ai/.local/lib/python3.9/site-packages/airflow/example_dags/example_branch_python_dop_operator_3.py for tasks to queue
[2026-07-15T16:28:38.080+0200] {logging_mixin.py:151} INFO - [2026-07-15T16:28:38.080+0200] {dagbag.py:536} INFO - Filling up the DagBag from /home/ai/.local/lib/python3.9/site-packages/airflow/example_dags/example_branch_python_dop_operator_3.py
[2026-07-15T16:28:38.091+0200] {processor.py:839} INFO - DAG(s) dict_keys(['example_branch_dop_operator_v3']) retrieved from /home/ai/.local/lib/python3.9/site-packages/airflow/example_dags/example_branch_python_dop_operator_3.py
[2026-07-15T16:28:38.107+0200] {logging_mixin.py:151} INFO - [2026-07-15T16:28:38.107+0200] {dag.py:2941} INFO - Sync 1 DAGs
[2026-07-15T16:28:38.127+0200] {logging_mixin.py:151} INFO - [2026-07-15T16:28:38.127+0200] {dag.py:3722} INFO - Setting next_dagrun for example_branch_dop_operator_v3 to 2026-07-15T14:27:00+00:00, run_after=2026-07-15T14:28:00+00:00
[2026-07-15T16:28:38.706+0200] {processor.py:179} INFO - Processing /home/ai/.local/lib/python3.9/site-packages/airflow/example_dags/example_branch_python_dop_operator_3.py took 0.634 seconds
[2026-07-15T16:30:04.177+0200] {processor.py:157} INFO - Started process (PID=3420836) to work on /home/ai/.local/lib/python3.9/site-packages/airflow/example_dags/example_branch_python_dop_operator_3.py
[2026-07-15T16:30:04.179+0200] {processor.py:829} INFO - Processing file /home/ai/.local/lib/python3.9/site-packages/airflow/example_dags/example_branch_python_dop_operator_3.py for tasks to queue
[2026-07-15T16:30:04.180+0200] {logging_mixin.py:151} INFO - [2026-07-15T16:30:04.179+0200] {dagbag.py:536} INFO - Filling up the DagBag from /home/ai/.local/lib/python3.9/site-packages/airflow/example_dags/example_branch_python_dop_operator_3.py
[2026-07-15T16:30:04.189+0200] {processor.py:839} INFO - DAG(s) dict_keys(['example_branch_dop_operator_v3']) retrieved from /home/ai/.local/lib/python3.9/site-packages/airflow/example_dags/example_branch_python_dop_operator_3.py
[2026-07-15T16:30:04.203+0200] {logging_mixin.py:151} INFO - [2026-07-15T16:30:04.203+0200] {dag.py:2941} INFO - Sync 1 DAGs
[2026-07-15T16:30:04.223+0200] {logging_mixin.py:151} INFO - [2026-07-15T16:30:04.223+0200] {dag.py:3722} INFO - Setting next_dagrun for example_branch_dop_operator_v3 to 2026-07-15T14:29:00+00:00, run_after=2026-07-15T14:30:00+00:00
[2026-07-15T16:30:04.242+0200] {processor.py:179} INFO - Processing /home/ai/.local/lib/python3.9/site-packages/airflow/example_dags/example_branch_python_dop_operator_3.py took 0.070 seconds
[2026-07-15T16:31:53.796+0200] {processor.py:157} INFO - Started process (PID=3422611) to work on /home/ai/.local/lib/python3.9/site-packages/airflow/example_dags/example_branch_python_dop_operator_3.py
[2026-07-15T16:31:53.797+0200] {processor.py:829} INFO - Processing file /home/ai/.local/lib/python3.9/site-packages/airflow/example_dags/example_branch_python_dop_operator_3.py for tasks to queue
[2026-07-15T16:31:53.799+0200] {logging_mixin.py:151} INFO - [2026-07-15T16:31:53.798+0200] {dagbag.py:536} INFO - Filling up the DagBag from /home/ai/.local/lib/python3.9/site-packages/airflow/example_dags/example_branch_python_dop_operator_3.py
[2026-07-15T16:31:53.812+0200] {processor.py:839} INFO - DAG(s) dict_keys(['example_branch_dop_operator_v3']) retrieved from /home/ai/.local/lib/python3.9/site-packages/airflow/example_dags/example_branch_python_dop_operator_3.py
[2026-07-15T16:31:53.829+0200] {logging_mixin.py:151} INFO - [2026-07-15T16:31:53.829+0200] {dag.py:2941} INFO - Sync 1 DAGs
[2026-07-15T16:31:53.853+0200] {logging_mixin.py:151} INFO - [2026-07-15T16:31:53.853+0200] {dag.py:3722} INFO - Setting next_dagrun for example_branch_dop_operator_v3 to 2026-07-15T14:30:00+00:00, run_after=2026-07-15T14:31:00+00:00
[2026-07-15T16:31:54.403+0200] {processor.py:179} INFO - Processing /home/ai/.local/lib/python3.9/site-packages/airflow/example_dags/example_branch_python_dop_operator_3.py took 0.613 seconds
[2026-07-15T16:33:16.807+0200] {processor.py:157} INFO - Started process (PID=3424126) to work on /home/ai/.local/lib/python3.9/site-packages/airflow/example_dags/example_branch_python_dop_operator_3.py
[2026-07-15T16:33:16.808+0200] {processor.py:829} INFO - Processing file /home/ai/.local/lib/python3.9/site-packages/airflow/example_dags/example_branch_python_dop_operator_3.py for tasks to queue
[2026-07-15T16:33:16.809+0200] {logging_mixin.py:151} INFO - [2026-07-15T16:33:16.809+0200] {dagbag.py:536} INFO - Filling up the DagBag from /home/ai/.local/lib/python3.9/site-packages/airflow/example_dags/example_branch_python_dop_operator_3.py
[2026-07-15T16:33:16.818+0200] {processor.py:839} INFO - DAG(s) dict_keys(['example_branch_dop_operator_v3']) retrieved from /home/ai/.local/lib/python3.9/site-packages/airflow/example_dags/example_branch_python_dop_operator_3.py
[2026-07-15T16:33:16.834+0200] {logging_mixin.py:151} INFO - [2026-07-15T16:33:16.834+0200] {dag.py:2941} INFO - Sync 1 DAGs
[2026-07-15T16:33:16.856+0200] {logging_mixin.py:151} INFO - [2026-07-15T16:33:16.856+0200] {dag.py:3722} INFO - Setting next_dagrun for example_branch_dop_operator_v3 to 2026-07-15T14:32:00+00:00, run_after=2026-07-15T14:33:00+00:00
[2026-07-15T16:33:17.348+0200] {processor.py:179} INFO - Processing /home/ai/.local/lib/python3.9/site-packages/airflow/example_dags/example_branch_python_dop_operator_3.py took 0.548 seconds
[2026-07-15T16:34:42.889+0200] {processor.py:157} INFO - Started process (PID=3425564) to work on /home/ai/.local/lib/python3.9/site-packages/airflow/example_dags/example_branch_python_dop_operator_3.py
[2026-07-15T16:34:42.890+0200] {processor.py:829} INFO - Processing file /home/ai/.local/lib/python3.9/site-packages/airflow/example_dags/example_branch_python_dop_operator_3.py for tasks to queue
[2026-07-15T16:34:42.891+0200] {logging_mixin.py:151} INFO - [2026-07-15T16:34:42.891+0200] {dagbag.py:536} INFO - Filling up the DagBag from /home/ai/.local/lib/python3.9/site-packages/airflow/example_dags/example_branch_python_dop_operator_3.py
[2026-07-15T16:34:42.901+0200] {processor.py:839} INFO - DAG(s) dict_keys(['example_branch_dop_operator_v3']) retrieved from /home/ai/.local/lib/python3.9/site-packages/airflow/example_dags/example_branch_python_dop_operator_3.py
[2026-07-15T16:34:42.918+0200] {logging_mixin.py:151} INFO - [2026-07-15T16:34:42.918+0200] {dag.py:2941} INFO - Sync 1 DAGs
[2026-07-15T16:34:42.939+0200] {logging_mixin.py:151} INFO - [2026-07-15T16:34:42.939+0200] {dag.py:3722} INFO - Setting next_dagrun for example_branch_dop_operator_v3 to 2026-07-15T14:33:00+00:00, run_after=2026-07-15T14:34:00+00:00
[2026-07-15T16:34:45.395+0200] {processor.py:179} INFO - Processing /home/ai/.local/lib/python3.9/site-packages/airflow/example_dags/example_branch_python_dop_operator_3.py took 2.510 seconds
[2026-07-15T16:36:13.411+0200] {processor.py:157} INFO - Started process (PID=3427402) to work on /home/ai/.local/lib/python3.9/site-packages/airflow/example_dags/example_branch_python_dop_operator_3.py
[2026-07-15T16:36:13.412+0200] {processor.py:829} INFO - Processing file /home/ai/.local/lib/python3.9/site-packages/airflow/example_dags/example_branch_python_dop_operator_3.py for tasks to queue
[2026-07-15T16:36:13.413+0200] {logging_mixin.py:151} INFO - [2026-07-15T16:36:13.413+0200] {dagbag.py:536} INFO - Filling up the DagBag from /home/ai/.local/lib/python3.9/site-packages/airflow/example_dags/example_branch_python_dop_operator_3.py
[2026-07-15T16:36:13.423+0200] {processor.py:839} INFO - DAG(s) dict_keys(['example_branch_dop_operator_v3']) retrieved from /home/ai/.local/lib/python3.9/site-packages/airflow/example_dags/example_branch_python_dop_operator_3.py
[2026-07-15T16:36:13.439+0200] {logging_mixin.py:151} INFO - [2026-07-15T16:36:13.439+0200] {dag.py:2941} INFO - Sync 1 DAGs
[2026-07-15T16:36:13.461+0200] {logging_mixin.py:151} INFO - [2026-07-15T16:36:13.461+0200] {dag.py:3722} INFO - Setting next_dagrun for example_branch_dop_operator_v3 to 2026-07-15T14:35:00+00:00, run_after=2026-07-15T14:36:00+00:00
[2026-07-15T16:36:13.718+0200] {processor.py:179} INFO - Processing /home/ai/.local/lib/python3.9/site-packages/airflow/example_dags/example_branch_python_dop_operator_3.py took 0.313 seconds
[2026-07-15T16:38:03.159+0200] {processor.py:157} INFO - Started process (PID=3429521) to work on /home/ai/.local/lib/python3.9/site-packages/airflow/example_dags/example_branch_python_dop_operator_3.py
[2026-07-15T16:38:03.161+0200] {processor.py:829} INFO - Processing file /home/ai/.local/lib/python3.9/site-packages/airflow/example_dags/example_branch_python_dop_operator_3.py for tasks to queue
[2026-07-15T16:38:03.162+0200] {logging_mixin.py:151} INFO - [2026-07-15T16:38:03.162+0200] {dagbag.py:536} INFO - Filling up the DagBag from /home/ai/.local/lib/python3.9/site-packages/airflow/example_dags/example_branch_python_dop_operator_3.py
[2026-07-15T16:38:03.172+0200] {processor.py:839} INFO - DAG(s) dict_keys(['example_branch_dop_operator_v3']) retrieved from /home/ai/.local/lib/python3.9/site-packages/airflow/example_dags/example_branch_python_dop_operator_3.py
[2026-07-15T16:38:03.187+0200] {logging_mixin.py:151} INFO - [2026-07-15T16:38:03.187+0200] {dag.py:2941} INFO - Sync 1 DAGs
[2026-07-15T16:38:03.208+0200] {logging_mixin.py:151} INFO - [2026-07-15T16:38:03.208+0200] {dag.py:3722} INFO - Setting next_dagrun for example_branch_dop_operator_v3 to 2026-07-15T14:37:00+00:00, run_after=2026-07-15T14:38:00+00:00
[2026-07-15T16:38:03.889+0200] {processor.py:179} INFO - Processing /home/ai/.local/lib/python3.9/site-packages/airflow/example_dags/example_branch_python_dop_operator_3.py took 0.735 seconds
[2026-07-15T16:39:38.429+0200] {processor.py:157} INFO - Started process (PID=3431272) to work on /home/ai/.local/lib/python3.9/site-packages/airflow/example_dags/example_branch_python_dop_operator_3.py
[2026-07-15T16:39:38.430+0200] {processor.py:829} INFO - Processing file /home/ai/.local/lib/python3.9/site-packages/airflow/example_dags/example_branch_python_dop_operator_3.py for tasks to queue
[2026-07-15T16:39:38.431+0200] {logging_mixin.py:151} INFO - [2026-07-15T16:39:38.431+0200] {dagbag.py:536} INFO - Filling up the DagBag from /home/ai/.local/lib/python3.9/site-packages/airflow/example_dags/example_branch_python_dop_operator_3.py
[2026-07-15T16:39:38.440+0200] {processor.py:839} INFO - DAG(s) dict_keys(['example_branch_dop_operator_v3']) retrieved from /home/ai/.local/lib/python3.9/site-packages/airflow/example_dags/example_branch_python_dop_operator_3.py
[2026-07-15T16:39:38.455+0200] {logging_mixin.py:151} INFO - [2026-07-15T16:39:38.455+0200] {dag.py:2941} INFO - Sync 1 DAGs
[2026-07-15T16:39:38.478+0200] {logging_mixin.py:151} INFO - [2026-07-15T16:39:38.478+0200] {dag.py:3722} INFO - Setting next_dagrun for example_branch_dop_operator_v3 to 2026-07-15T14:38:00+00:00, run_after=2026-07-15T14:39:00+00:00
[2026-07-15T16:39:38.496+0200] {processor.py:179} INFO - Processing /home/ai/.local/lib/python3.9/site-packages/airflow/example_dags/example_branch_python_dop_operator_3.py took 0.072 seconds
[2026-07-15T16:41:39.333+0200] {processor.py:157} INFO - Started process (PID=3433448) to work on /home/ai/.local/lib/python3.9/site-packages/airflow/example_dags/example_branch_python_dop_operator_3.py
[2026-07-15T16:41:39.334+0200] {processor.py:829} INFO - Processing file /home/ai/.local/lib/python3.9/site-packages/airflow/example_dags/example_branch_python_dop_operator_3.py for tasks to queue
[2026-07-15T16:41:39.335+0200] {logging_mixin.py:151} INFO - [2026-07-15T16:41:39.335+0200] {dagbag.py:536} INFO - Filling up the DagBag from /home/ai/.local/lib/python3.9/site-packages/airflow/example_dags/example_branch_python_dop_operator_3.py
[2026-07-15T16:41:39.345+0200] {processor.py:839} INFO - DAG(s) dict_keys(['example_branch_dop_operator_v3']) retrieved from /home/ai/.local/lib/python3.9/site-packages/airflow/example_dags/example_branch_python_dop_operator_3.py
[2026-07-15T16:41:39.361+0200] {logging_mixin.py:151} INFO - [2026-07-15T16:41:39.361+0200] {dag.py:2941} INFO - Sync 1 DAGs
[2026-07-15T16:41:39.384+0200] {logging_mixin.py:151} INFO - [2026-07-15T16:41:39.383+0200] {dag.py:3722} INFO - Setting next_dagrun for example_branch_dop_operator_v3 to 2026-07-15T14:40:00+00:00, run_after=2026-07-15T14:41:00+00:00
[2026-07-15T16:41:40.470+0200] {processor.py:179} INFO - Processing /home/ai/.local/lib/python3.9/site-packages/airflow/example_dags/example_branch_python_dop_operator_3.py took 1.141 seconds
[2026-07-15T16:43:18.312+0200] {processor.py:157} INFO - Started process (PID=3435237) to work on /home/ai/.local/lib/python3.9/site-packages/airflow/example_dags/example_branch_python_dop_operator_3.py
[2026-07-15T16:43:18.313+0200] {processor.py:829} INFO - Processing file /home/ai/.local/lib/python3.9/site-packages/airflow/example_dags/example_branch_python_dop_operator_3.py for tasks to queue
[2026-07-15T16:43:18.314+0200] {logging_mixin.py:151} INFO - [2026-07-15T16:43:18.314+0200] {dagbag.py:536} INFO - Filling up the DagBag from /home/ai/.local/lib/python3.9/site-packages/airflow/example_dags/example_branch_python_dop_operator_3.py
[2026-07-15T16:43:18.323+0200] {processor.py:839} INFO - DAG(s) dict_keys(['example_branch_dop_operator_v3']) retrieved from /home/ai/.local/lib/python3.9/site-packages/airflow/example_dags/example_branch_python_dop_operator_3.py
[2026-07-15T16:43:18.338+0200] {logging_mixin.py:151} INFO - [2026-07-15T16:43:18.337+0200] {dag.py:2941} INFO - Sync 1 DAGs
[2026-07-15T16:43:18.360+0200] {logging_mixin.py:151} INFO - [2026-07-15T16:43:18.360+0200] {dag.py:3722} INFO - Setting next_dagrun for example_branch_dop_operator_v3 to 2026-07-15T14:42:00+00:00, run_after=2026-07-15T14:43:00+00:00
[2026-07-15T16:43:18.378+0200] {processor.py:179} INFO - Processing /home/ai/.local/lib/python3.9/site-packages/airflow/example_dags/example_branch_python_dop_operator_3.py took 0.069 seconds
[2026-07-15T16:44:52.343+0200] {processor.py:157} INFO - Started process (PID=3436836) to work on /home/ai/.local/lib/python3.9/site-packages/airflow/example_dags/example_branch_python_dop_operator_3.py
[2026-07-15T16:44:52.345+0200] {processor.py:829} INFO - Processing file /home/ai/.local/lib/python3.9/site-packages/airflow/example_dags/example_branch_python_dop_operator_3.py for tasks to queue
[2026-07-15T16:44:52.346+0200] {logging_mixin.py:151} INFO - [2026-07-15T16:44:52.345+0200] {dagbag.py:536} INFO - Filling up the DagBag from /home/ai/.local/lib/python3.9/site-packages/airflow/example_dags/example_branch_python_dop_operator_3.py
[2026-07-15T16:44:52.355+0200] {processor.py:839} INFO - DAG(s) dict_keys(['example_branch_dop_operator_v3']) retrieved from /home/ai/.local/lib/python3.9/site-packages/airflow/example_dags/example_branch_python_dop_operator_3.py
[2026-07-15T16:44:52.906+0200] {logging_mixin.py:151} INFO - [2026-07-15T16:44:52.906+0200] {dag.py:2941} INFO - Sync 1 DAGs
[2026-07-15T16:44:52.934+0200] {logging_mixin.py:151} INFO - [2026-07-15T16:44:52.933+0200] {dag.py:3722} INFO - Setting next_dagrun for example_branch_dop_operator_v3 to 2026-07-15T14:43:00+00:00, run_after=2026-07-15T14:44:00+00:00
[2026-07-15T16:44:52.956+0200] {processor.py:179} INFO - Processing /home/ai/.local/lib/python3.9/site-packages/airflow/example_dags/example_branch_python_dop_operator_3.py took 0.617 seconds
[2026-07-15T16:46:54.059+0200] {processor.py:157} INFO - Started process (PID=3438943) to work on /home/ai/.local/lib/python3.9/site-packages/airflow/example_dags/example_branch_python_dop_operator_3.py
[2026-07-15T16:46:54.062+0200] {processor.py:829} INFO - Processing file /home/ai/.local/lib/python3.9/site-packages/airflow/example_dags/example_branch_python_dop_operator_3.py for tasks to queue
[2026-07-15T16:46:54.064+0200] {logging_mixin.py:151} INFO - [2026-07-15T16:46:54.064+0200] {dagbag.py:536} INFO - Filling up the DagBag from /home/ai/.local/lib/python3.9/site-packages/airflow/example_dags/example_branch_python_dop_operator_3.py
[2026-07-15T16:46:54.077+0200] {processor.py:839} INFO - DAG(s) dict_keys(['example_branch_dop_operator_v3']) retrieved from /home/ai/.local/lib/python3.9/site-packages/airflow/example_dags/example_branch_python_dop_operator_3.py
[2026-07-15T16:46:54.093+0200] {logging_mixin.py:151} INFO - [2026-07-15T16:46:54.093+0200] {dag.py:2941} INFO - Sync 1 DAGs
[2026-07-15T16:46:54.115+0200] {logging_mixin.py:151} INFO - [2026-07-15T16:46:54.115+0200] {dag.py:3722} INFO - Setting next_dagrun for example_branch_dop_operator_v3 to 2026-07-15T14:45:00+00:00, run_after=2026-07-15T14:46:00+00:00
[2026-07-15T16:46:54.472+0200] {processor.py:179} INFO - Processing /home/ai/.local/lib/python3.9/site-packages/airflow/example_dags/example_branch_python_dop_operator_3.py took 0.419 seconds
[2026-07-15T16:48:44.374+0200] {processor.py:157} INFO - Started process (PID=3440876) to work on /home/ai/.local/lib/python3.9/site-packages/airflow/example_dags/example_branch_python_dop_operator_3.py
[2026-07-15T16:48:44.376+0200] {processor.py:829} INFO - Processing file /home/ai/.local/lib/python3.9/site-packages/airflow/example_dags/example_branch_python_dop_operator_3.py for tasks to queue
[2026-07-15T16:48:44.377+0200] {logging_mixin.py:151} INFO - [2026-07-15T16:48:44.376+0200] {dagbag.py:536} INFO - Filling up the DagBag from /home/ai/.local/lib/python3.9/site-packages/airflow/example_dags/example_branch_python_dop_operator_3.py
[2026-07-15T16:48:44.387+0200] {processor.py:839} INFO - DAG(s) dict_keys(['example_branch_dop_operator_v3']) retrieved from /home/ai/.local/lib/python3.9/site-packages/airflow/example_dags/example_branch_python_dop_operator_3.py
[2026-07-15T16:48:44.407+0200] {logging_mixin.py:151} INFO - [2026-07-15T16:48:44.406+0200] {dag.py:2941} INFO - Sync 1 DAGs
[2026-07-15T16:48:44.434+0200] {logging_mixin.py:151} INFO - [2026-07-15T16:48:44.433+0200] {dag.py:3722} INFO - Setting next_dagrun for example_branch_dop_operator_v3 to 2026-07-15T14:47:00+00:00, run_after=2026-07-15T14:48:00+00:00
[2026-07-15T16:48:45.177+0200] {processor.py:179} INFO - Processing /home/ai/.local/lib/python3.9/site-packages/airflow/example_dags/example_branch_python_dop_operator_3.py took 0.806 seconds
[2026-07-15T16:50:40.509+0200] {processor.py:157} INFO - Started process (PID=3442852) to work on /home/ai/.local/lib/python3.9/site-packages/airflow/example_dags/example_branch_python_dop_operator_3.py
[2026-07-15T16:50:40.510+0200] {processor.py:829} INFO - Processing file /home/ai/.local/lib/python3.9/site-packages/airflow/example_dags/example_branch_python_dop_operator_3.py for tasks to queue
[2026-07-15T16:50:40.511+0200] {logging_mixin.py:151} INFO - [2026-07-15T16:50:40.510+0200] {dagbag.py:536} INFO - Filling up the DagBag from /home/ai/.local/lib/python3.9/site-packages/airflow/example_dags/example_branch_python_dop_operator_3.py
[2026-07-15T16:50:40.520+0200] {processor.py:839} INFO - DAG(s) dict_keys(['example_branch_dop_operator_v3']) retrieved from /home/ai/.local/lib/python3.9/site-packages/airflow/example_dags/example_branch_python_dop_operator_3.py
[2026-07-15T16:50:40.535+0200] {logging_mixin.py:151} INFO - [2026-07-15T16:50:40.535+0200] {dag.py:2941} INFO - Sync 1 DAGs
[2026-07-15T16:50:40.561+0200] {logging_mixin.py:151} INFO - [2026-07-15T16:50:40.561+0200] {dag.py:3722} INFO - Setting next_dagrun for example_branch_dop_operator_v3 to 2026-07-15T14:49:00+00:00, run_after=2026-07-15T14:50:00+00:00
[2026-07-15T16:50:41.513+0200] {processor.py:179} INFO - Processing /home/ai/.local/lib/python3.9/site-packages/airflow/example_dags/example_branch_python_dop_operator_3.py took 1.008 seconds
[2026-07-15T16:52:43.301+0200] {processor.py:157} INFO - Started process (PID=3444901) to work on /home/ai/.local/lib/python3.9/site-packages/airflow/example_dags/example_branch_python_dop_operator_3.py
[2026-07-15T16:52:43.303+0200] {processor.py:829} INFO - Processing file /home/ai/.local/lib/python3.9/site-packages/airflow/example_dags/example_branch_python_dop_operator_3.py for tasks to queue
[2026-07-15T16:52:43.305+0200] {logging_mixin.py:151} INFO - [2026-07-15T16:52:43.303+0200] {dagbag.py:536} INFO - Filling up the DagBag from /home/ai/.local/lib/python3.9/site-packages/airflow/example_dags/example_branch_python_dop_operator_3.py
[2026-07-15T16:52:43.322+0200] {processor.py:839} INFO - DAG(s) dict_keys(['example_branch_dop_operator_v3']) retrieved from /home/ai/.local/lib/python3.9/site-packages/airflow/example_dags/example_branch_python_dop_operator_3.py
[2026-07-15T16:52:43.341+0200] {logging_mixin.py:151} INFO - [2026-07-15T16:52:43.341+0200] {dag.py:2941} INFO - Sync 1 DAGs
[2026-07-15T16:52:43.363+0200] {logging_mixin.py:151} INFO - [2026-07-15T16:52:43.363+0200] {dag.py:3722} INFO - Setting next_dagrun for example_branch_dop_operator_v3 to 2026-07-15T14:51:00+00:00, run_after=2026-07-15T14:52:00+00:00
[2026-07-15T16:52:43.382+0200] {processor.py:179} INFO - Processing /home/ai/.local/lib/python3.9/site-packages/airflow/example_dags/example_branch_python_dop_operator_3.py took 0.086 seconds
[2026-07-15T16:54:59.682+0200] {processor.py:157} INFO - Started process (PID=3447256) to work on /home/ai/.local/lib/python3.9/site-packages/airflow/example_dags/example_branch_python_dop_operator_3.py
[2026-07-15T16:54:59.735+0200] {processor.py:829} INFO - Processing file /home/ai/.local/lib/python3.9/site-packages/airflow/example_dags/example_branch_python_dop_operator_3.py for tasks to queue
[2026-07-15T16:54:59.738+0200] {logging_mixin.py:151} INFO - [2026-07-15T16:54:59.737+0200] {dagbag.py:536} INFO - Filling up the DagBag from /home/ai/.local/lib/python3.9/site-packages/airflow/example_dags/example_branch_python_dop_operator_3.py
[2026-07-15T16:54:59.753+0200] {processor.py:839} INFO - DAG(s) dict_keys(['example_branch_dop_operator_v3']) retrieved from /home/ai/.local/lib/python3.9/site-packages/airflow/example_dags/example_branch_python_dop_operator_3.py
[2026-07-15T16:54:59.769+0200] {logging_mixin.py:151} INFO - [2026-07-15T16:54:59.769+0200] {dag.py:2941} INFO - Sync 1 DAGs
[2026-07-15T16:54:59.790+0200] {logging_mixin.py:151} INFO - [2026-07-15T16:54:59.790+0200] {dag.py:3722} INFO - Setting next_dagrun for example_branch_dop_operator_v3 to 2026-07-15T14:53:00+00:00, run_after=2026-07-15T14:54:00+00:00
[2026-07-15T16:54:59.973+0200] {processor.py:179} INFO - Processing /home/ai/.local/lib/python3.9/site-packages/airflow/example_dags/example_branch_python_dop_operator_3.py took 0.295 seconds
[2026-07-15T16:57:05.782+0200] {processor.py:157} INFO - Started process (PID=3449391) to work on /home/ai/.local/lib/python3.9/site-packages/airflow/example_dags/example_branch_python_dop_operator_3.py
[2026-07-15T16:57:05.784+0200] {processor.py:829} INFO - Processing file /home/ai/.local/lib/python3.9/site-packages/airflow/example_dags/example_branch_python_dop_operator_3.py for tasks to queue
[2026-07-15T16:57:05.785+0200] {logging_mixin.py:151} INFO - [2026-07-15T16:57:05.785+0200] {dagbag.py:536} INFO - Filling up the DagBag from /home/ai/.local/lib/python3.9/site-packages/airflow/example_dags/example_branch_python_dop_operator_3.py
[2026-07-15T16:57:05.794+0200] {processor.py:839} INFO - DAG(s) dict_keys(['example_branch_dop_operator_v3']) retrieved from /home/ai/.local/lib/python3.9/site-packages/airflow/example_dags/example_branch_python_dop_operator_3.py
[2026-07-15T16:57:05.810+0200] {logging_mixin.py:151} INFO - [2026-07-15T16:57:05.810+0200] {dag.py:2941} INFO - Sync 1 DAGs
[2026-07-15T16:57:05.830+0200] {logging_mixin.py:151} INFO - [2026-07-15T16:57:05.830+0200] {dag.py:3722} INFO - Setting next_dagrun for example_branch_dop_operator_v3 to 2026-07-15T14:56:00+00:00, run_after=2026-07-15T14:57:00+00:00
[2026-07-15T16:57:08.202+0200] {processor.py:179} INFO - Processing /home/ai/.local/lib/python3.9/site-packages/airflow/example_dags/example_branch_python_dop_operator_3.py took 2.426 seconds
[2026-07-15T17:00:16.075+0200] {processor.py:157} INFO - Started process (PID=3452726) to work on /home/ai/.local/lib/python3.9/site-packages/airflow/example_dags/example_branch_python_dop_operator_3.py
[2026-07-15T17:00:16.077+0200] {processor.py:829} INFO - Processing file /home/ai/.local/lib/python3.9/site-packages/airflow/example_dags/example_branch_python_dop_operator_3.py for tasks to queue
[2026-07-15T17:00:16.078+0200] {logging_mixin.py:151} INFO - [2026-07-15T17:00:16.077+0200] {dagbag.py:536} INFO - Filling up the DagBag from /home/ai/.local/lib/python3.9/site-packages/airflow/example_dags/example_branch_python_dop_operator_3.py
[2026-07-15T17:00:16.087+0200] {processor.py:839} INFO - DAG(s) dict_keys(['example_branch_dop_operator_v3']) retrieved from /home/ai/.local/lib/python3.9/site-packages/airflow/example_dags/example_branch_python_dop_operator_3.py
[2026-07-15T17:00:16.164+0200] {logging_mixin.py:151} INFO - [2026-07-15T17:00:16.164+0200] {dag.py:2941} INFO - Sync 1 DAGs
[2026-07-15T17:00:16.189+0200] {logging_mixin.py:151} INFO - [2026-07-15T17:00:16.189+0200] {dag.py:3722} INFO - Setting next_dagrun for example_branch_dop_operator_v3 to 2026-07-15T14:59:00+00:00, run_after=2026-07-15T15:00:00+00:00
[2026-07-15T17:00:16.250+0200] {processor.py:179} INFO - Processing /home/ai/.local/lib/python3.9/site-packages/airflow/example_dags/example_branch_python_dop_operator_3.py took 0.179 seconds
[2026-07-15T17:03:45.893+0200] {processor.py:157} INFO - Started process (PID=3456438) to work on /home/ai/.local/lib/python3.9/site-packages/airflow/example_dags/example_branch_python_dop_operator_3.py
[2026-07-15T17:03:45.894+0200] {processor.py:829} INFO - Processing file /home/ai/.local/lib/python3.9/site-packages/airflow/example_dags/example_branch_python_dop_operator_3.py for tasks to queue
[2026-07-15T17:03:45.895+0200] {logging_mixin.py:151} INFO - [2026-07-15T17:03:45.895+0200] {dagbag.py:536} INFO - Filling up the DagBag from /home/ai/.local/lib/python3.9/site-packages/airflow/example_dags/example_branch_python_dop_operator_3.py
[2026-07-15T17:03:45.905+0200] {processor.py:839} INFO - DAG(s) dict_keys(['example_branch_dop_operator_v3']) retrieved from /home/ai/.local/lib/python3.9/site-packages/airflow/example_dags/example_branch_python_dop_operator_3.py
[2026-07-15T17:03:45.920+0200] {logging_mixin.py:151} INFO - [2026-07-15T17:03:45.920+0200] {dag.py:2941} INFO - Sync 1 DAGs
[2026-07-15T17:03:45.942+0200] {logging_mixin.py:151} INFO - [2026-07-15T17:03:45.942+0200] {dag.py:3722} INFO - Setting next_dagrun for example_branch_dop_operator_v3 to 2026-07-15T15:02:00+00:00, run_after=2026-07-15T15:03:00+00:00
[2026-07-15T17:03:46.011+0200] {processor.py:179} INFO - Processing /home/ai/.local/lib/python3.9/site-packages/airflow/example_dags/example_branch_python_dop_operator_3.py took 0.122 seconds
[2026-07-15T17:06:00.993+0200] {processor.py:157} INFO - Started process (PID=3458663) to work on /home/ai/.local/lib/python3.9/site-packages/airflow/example_dags/example_branch_python_dop_operator_3.py
[2026-07-15T17:06:00.996+0200] {processor.py:829} INFO - Processing file /home/ai/.local/lib/python3.9/site-packages/airflow/example_dags/example_branch_python_dop_operator_3.py for tasks to queue
[2026-07-15T17:06:00.998+0200] {logging_mixin.py:151} INFO - [2026-07-15T17:06:00.996+0200] {dagbag.py:536} INFO - Filling up the DagBag from /home/ai/.local/lib/python3.9/site-packages/airflow/example_dags/example_branch_python_dop_operator_3.py
[2026-07-15T17:06:01.008+0200] {processor.py:839} INFO - DAG(s) dict_keys(['example_branch_dop_operator_v3']) retrieved from /home/ai/.local/lib/python3.9/site-packages/airflow/example_dags/example_branch_python_dop_operator_3.py
[2026-07-15T17:06:01.025+0200] {logging_mixin.py:151} INFO - [2026-07-15T17:06:01.025+0200] {dag.py:2941} INFO - Sync 1 DAGs
[2026-07-15T17:06:01.047+0200] {logging_mixin.py:151} INFO - [2026-07-15T17:06:01.047+0200] {dag.py:3722} INFO - Setting next_dagrun for example_branch_dop_operator_v3 to 2026-07-15T15:05:00+00:00, run_after=2026-07-15T15:06:00+00:00
[2026-07-15T17:06:01.066+0200] {processor.py:179} INFO - Processing /home/ai/.local/lib/python3.9/site-packages/airflow/example_dags/example_branch_python_dop_operator_3.py took 0.082 seconds
[2026-07-15T17:08:24.516+0200] {processor.py:157} INFO - Started process (PID=3461142) to work on /home/ai/.local/lib/python3.9/site-packages/airflow/example_dags/example_branch_python_dop_operator_3.py
[2026-07-15T17:08:24.656+0200] {processor.py:829} INFO - Processing file /home/ai/.local/lib/python3.9/site-packages/airflow/example_dags/example_branch_python_dop_operator_3.py for tasks to queue
[2026-07-15T17:08:24.658+0200] {logging_mixin.py:151} INFO - [2026-07-15T17:08:24.657+0200] {dagbag.py:536} INFO - Filling up the DagBag from /home/ai/.local/lib/python3.9/site-packages/airflow/example_dags/example_branch_python_dop_operator_3.py
[2026-07-15T17:08:24.673+0200] {processor.py:839} INFO - DAG(s) dict_keys(['example_branch_dop_operator_v3']) retrieved from /home/ai/.local/lib/python3.9/site-packages/airflow/example_dags/example_branch_python_dop_operator_3.py
[2026-07-15T17:08:24.689+0200] {logging_mixin.py:151} INFO - [2026-07-15T17:08:24.689+0200] {dag.py:2941} INFO - Sync 1 DAGs
[2026-07-15T17:08:24.712+0200] {logging_mixin.py:151} INFO - [2026-07-15T17:08:24.712+0200] {dag.py:3722} INFO - Setting next_dagrun for example_branch_dop_operator_v3 to 2026-07-15T15:07:00+00:00, run_after=2026-07-15T15:08:00+00:00
[2026-07-15T17:08:25.755+0200] {processor.py:179} INFO - Processing /home/ai/.local/lib/python3.9/site-packages/airflow/example_dags/example_branch_python_dop_operator_3.py took 1.245 seconds
[2026-07-15T17:11:45.545+0200] {processor.py:157} INFO - Started process (PID=3464446) to work on /home/ai/.local/lib/python3.9/site-packages/airflow/example_dags/example_branch_python_dop_operator_3.py
[2026-07-15T17:11:47.175+0200] {processor.py:829} INFO - Processing file /home/ai/.local/lib/python3.9/site-packages/airflow/example_dags/example_branch_python_dop_operator_3.py for tasks to queue
[2026-07-15T17:11:47.177+0200] {logging_mixin.py:151} INFO - [2026-07-15T17:11:47.176+0200] {dagbag.py:536} INFO - Filling up the DagBag from /home/ai/.local/lib/python3.9/site-packages/airflow/example_dags/example_branch_python_dop_operator_3.py
[2026-07-15T17:11:47.191+0200] {processor.py:839} INFO - DAG(s) dict_keys(['example_branch_dop_operator_v3']) retrieved from /home/ai/.local/lib/python3.9/site-packages/airflow/example_dags/example_branch_python_dop_operator_3.py
[2026-07-15T17:11:47.745+0200] {logging_mixin.py:151} INFO - [2026-07-15T17:11:47.745+0200] {dag.py:2941} INFO - Sync 1 DAGs
[2026-07-15T17:11:47.771+0200] {logging_mixin.py:151} INFO - [2026-07-15T17:11:47.771+0200] {dag.py:3722} INFO - Setting next_dagrun for example_branch_dop_operator_v3 to 2026-07-15T15:10:00+00:00, run_after=2026-07-15T15:11:00+00:00
[2026-07-15T17:11:48.201+0200] {processor.py:179} INFO - Processing /home/ai/.local/lib/python3.9/site-packages/airflow/example_dags/example_branch_python_dop_operator_3.py took 2.660 seconds
[2026-07-15T17:14:41.453+0200] {processor.py:157} INFO - Started process (PID=3467638) to work on /home/ai/.local/lib/python3.9/site-packages/airflow/example_dags/example_branch_python_dop_operator_3.py
[2026-07-15T17:14:41.455+0200] {processor.py:829} INFO - Processing file /home/ai/.local/lib/python3.9/site-packages/airflow/example_dags/example_branch_python_dop_operator_3.py for tasks to queue
[2026-07-15T17:14:41.456+0200] {logging_mixin.py:151} INFO - [2026-07-15T17:14:41.455+0200] {dagbag.py:536} INFO - Filling up the DagBag from /home/ai/.local/lib/python3.9/site-packages/airflow/example_dags/example_branch_python_dop_operator_3.py
[2026-07-15T17:14:41.466+0200] {processor.py:839} INFO - DAG(s) dict_keys(['example_branch_dop_operator_v3']) retrieved from /home/ai/.local/lib/python3.9/site-packages/airflow/example_dags/example_branch_python_dop_operator_3.py
[2026-07-15T17:14:41.482+0200] {logging_mixin.py:151} INFO - [2026-07-15T17:14:41.481+0200] {dag.py:2941} INFO - Sync 1 DAGs
[2026-07-15T17:14:41.503+0200] {logging_mixin.py:151} INFO - [2026-07-15T17:14:41.503+0200] {dag.py:3722} INFO - Setting next_dagrun for example_branch_dop_operator_v3 to 2026-07-15T15:13:00+00:00, run_after=2026-07-15T15:14:00+00:00
[2026-07-15T17:14:43.130+0200] {processor.py:179} INFO - Processing /home/ai/.local/lib/python3.9/site-packages/airflow/example_dags/example_branch_python_dop_operator_3.py took 1.684 seconds
[2026-07-15T17:16:35.547+0200] {processor.py:157} INFO - Started process (PID=3469978) to work on /home/ai/.local/lib/python3.9/site-packages/airflow/example_dags/example_branch_python_dop_operator_3.py
[2026-07-15T17:16:35.549+0200] {processor.py:829} INFO - Processing file /home/ai/.local/lib/python3.9/site-packages/airflow/example_dags/example_branch_python_dop_operator_3.py for tasks to queue
[2026-07-15T17:16:35.550+0200] {logging_mixin.py:151} INFO - [2026-07-15T17:16:35.549+0200] {dagbag.py:536} INFO - Filling up the DagBag from /home/ai/.local/lib/python3.9/site-packages/airflow/example_dags/example_branch_python_dop_operator_3.py
[2026-07-15T17:16:35.559+0200] {processor.py:839} INFO - DAG(s) dict_keys(['example_branch_dop_operator_v3']) retrieved from /home/ai/.local/lib/python3.9/site-packages/airflow/example_dags/example_branch_python_dop_operator_3.py
[2026-07-15T17:16:35.577+0200] {logging_mixin.py:151} INFO - [2026-07-15T17:16:35.576+0200] {dag.py:2941} INFO - Sync 1 DAGs
[2026-07-15T17:16:35.602+0200] {logging_mixin.py:151} INFO - [2026-07-15T17:16:35.602+0200] {dag.py:3722} INFO - Setting next_dagrun for example_branch_dop_operator_v3 to 2026-07-15T15:15:00+00:00, run_after=2026-07-15T15:16:00+00:00
[2026-07-15T17:16:35.626+0200] {processor.py:179} INFO - Processing /home/ai/.local/lib/python3.9/site-packages/airflow/example_dags/example_branch_python_dop_operator_3.py took 0.084 seconds
[2026-07-15T17:18:31.462+0200] {processor.py:157} INFO - Started process (PID=3472649) to work on /home/ai/.local/lib/python3.9/site-packages/airflow/example_dags/example_branch_python_dop_operator_3.py
[2026-07-15T17:18:31.520+0200] {processor.py:829} INFO - Processing file /home/ai/.local/lib/python3.9/site-packages/airflow/example_dags/example_branch_python_dop_operator_3.py for tasks to queue
[2026-07-15T17:18:31.522+0200] {logging_mixin.py:151} INFO - [2026-07-15T17:18:31.521+0200] {dagbag.py:536} INFO - Filling up the DagBag from /home/ai/.local/lib/python3.9/site-packages/airflow/example_dags/example_branch_python_dop_operator_3.py
[2026-07-15T17:18:31.536+0200] {processor.py:839} INFO - DAG(s) dict_keys(['example_branch_dop_operator_v3']) retrieved from /home/ai/.local/lib/python3.9/site-packages/airflow/example_dags/example_branch_python_dop_operator_3.py
[2026-07-15T17:18:31.552+0200] {logging_mixin.py:151} INFO - [2026-07-15T17:18:31.551+0200] {dag.py:2941} INFO - Sync 1 DAGs
[2026-07-15T17:18:31.573+0200] {logging_mixin.py:151} INFO - [2026-07-15T17:18:31.573+0200] {dag.py:3722} INFO - Setting next_dagrun for example_branch_dop_operator_v3 to 2026-07-15T15:17:00+00:00, run_after=2026-07-15T15:18:00+00:00
[2026-07-15T17:18:32.352+0200] {processor.py:179} INFO - Processing /home/ai/.local/lib/python3.9/site-packages/airflow/example_dags/example_branch_python_dop_operator_3.py took 0.895 seconds
