[2026-07-15T16:15:28.655+0200] {processor.py:157} INFO - Started process (PID=3405933) to work on /home/ai/.local/lib/python3.9/site-packages/airflow/example_dags/example_params_trigger_ui.py
[2026-07-15T16:15:28.656+0200] {processor.py:829} INFO - Processing file /home/ai/.local/lib/python3.9/site-packages/airflow/example_dags/example_params_trigger_ui.py for tasks to queue
[2026-07-15T16:15:28.656+0200] {logging_mixin.py:151} INFO - [2026-07-15T16:15:28.656+0200] {dagbag.py:536} INFO - Filling up the DagBag from /home/ai/.local/lib/python3.9/site-packages/airflow/example_dags/example_params_trigger_ui.py
[2026-07-15T16:15:28.672+0200] {processor.py:839} INFO - DAG(s) dict_keys(['example_params_trigger_ui']) retrieved from /home/ai/.local/lib/python3.9/site-packages/airflow/example_dags/example_params_trigger_ui.py
[2026-07-15T16:15:28.711+0200] {logging_mixin.py:151} INFO - [2026-07-15T16:15:28.710+0200] {dag.py:2941} INFO - Sync 1 DAGs
[2026-07-15T16:15:28.722+0200] {logging_mixin.py:151} INFO - [2026-07-15T16:15:28.722+0200] {dag.py:3722} INFO - Setting next_dagrun for example_params_trigger_ui to None, run_after=None
[2026-07-15T16:15:29.171+0200] {processor.py:179} INFO - Processing /home/ai/.local/lib/python3.9/site-packages/airflow/example_dags/example_params_trigger_ui.py took 0.519 seconds
[2026-07-15T16:16:50.352+0200] {processor.py:157} INFO - Started process (PID=3407318) to work on /home/ai/.local/lib/python3.9/site-packages/airflow/example_dags/example_params_trigger_ui.py
[2026-07-15T16:16:50.353+0200] {processor.py:829} INFO - Processing file /home/ai/.local/lib/python3.9/site-packages/airflow/example_dags/example_params_trigger_ui.py for tasks to queue
[2026-07-15T16:16:50.354+0200] {logging_mixin.py:151} INFO - [2026-07-15T16:16:50.354+0200] {dagbag.py:536} INFO - Filling up the DagBag from /home/ai/.local/lib/python3.9/site-packages/airflow/example_dags/example_params_trigger_ui.py
[2026-07-15T16:16:50.374+0200] {processor.py:839} INFO - DAG(s) dict_keys(['example_params_trigger_ui']) retrieved from /home/ai/.local/lib/python3.9/site-packages/airflow/example_dags/example_params_trigger_ui.py
[2026-07-15T16:16:50.418+0200] {logging_mixin.py:151} INFO - [2026-07-15T16:16:50.417+0200] {dag.py:2941} INFO - Sync 1 DAGs
[2026-07-15T16:16:50.430+0200] {logging_mixin.py:151} INFO - [2026-07-15T16:16:50.429+0200] {dag.py:3722} INFO - Setting next_dagrun for example_params_trigger_ui to None, run_after=None
[2026-07-15T16:16:50.453+0200] {processor.py:179} INFO - Processing /home/ai/.local/lib/python3.9/site-packages/airflow/example_dags/example_params_trigger_ui.py took 0.105 seconds
[2026-07-15T16:18:21.357+0200] {processor.py:157} INFO - Started process (PID=3408830) to work on /home/ai/.local/lib/python3.9/site-packages/airflow/example_dags/example_params_trigger_ui.py
[2026-07-15T16:18:21.359+0200] {processor.py:829} INFO - Processing file /home/ai/.local/lib/python3.9/site-packages/airflow/example_dags/example_params_trigger_ui.py for tasks to queue
[2026-07-15T16:18:21.361+0200] {logging_mixin.py:151} INFO - [2026-07-15T16:18:21.360+0200] {dagbag.py:536} INFO - Filling up the DagBag from /home/ai/.local/lib/python3.9/site-packages/airflow/example_dags/example_params_trigger_ui.py
[2026-07-15T16:18:21.381+0200] {processor.py:839} INFO - DAG(s) dict_keys(['example_params_trigger_ui']) retrieved from /home/ai/.local/lib/python3.9/site-packages/airflow/example_dags/example_params_trigger_ui.py
[2026-07-15T16:18:21.418+0200] {logging_mixin.py:151} INFO - [2026-07-15T16:18:21.418+0200] {dag.py:2941} INFO - Sync 1 DAGs
[2026-07-15T16:18:21.428+0200] {logging_mixin.py:151} INFO - [2026-07-15T16:18:21.428+0200] {dag.py:3722} INFO - Setting next_dagrun for example_params_trigger_ui to None, run_after=None
[2026-07-15T16:18:21.447+0200] {processor.py:179} INFO - Processing /home/ai/.local/lib/python3.9/site-packages/airflow/example_dags/example_params_trigger_ui.py took 0.098 seconds
[2026-07-15T16:19:57.502+0200] {processor.py:157} INFO - Started process (PID=3410535) to work on /home/ai/.local/lib/python3.9/site-packages/airflow/example_dags/example_params_trigger_ui.py
[2026-07-15T16:19:57.503+0200] {processor.py:829} INFO - Processing file /home/ai/.local/lib/python3.9/site-packages/airflow/example_dags/example_params_trigger_ui.py for tasks to queue
[2026-07-15T16:19:57.504+0200] {logging_mixin.py:151} INFO - [2026-07-15T16:19:57.504+0200] {dagbag.py:536} INFO - Filling up the DagBag from /home/ai/.local/lib/python3.9/site-packages/airflow/example_dags/example_params_trigger_ui.py
[2026-07-15T16:19:57.522+0200] {processor.py:839} INFO - DAG(s) dict_keys(['example_params_trigger_ui']) retrieved from /home/ai/.local/lib/python3.9/site-packages/airflow/example_dags/example_params_trigger_ui.py
[2026-07-15T16:19:57.562+0200] {logging_mixin.py:151} INFO - [2026-07-15T16:19:57.562+0200] {dag.py:2941} INFO - Sync 1 DAGs
[2026-07-15T16:19:57.573+0200] {logging_mixin.py:151} INFO - [2026-07-15T16:19:57.573+0200] {dag.py:3722} INFO - Setting next_dagrun for example_params_trigger_ui to None, run_after=None
[2026-07-15T16:19:57.604+0200] {processor.py:179} INFO - Processing /home/ai/.local/lib/python3.9/site-packages/airflow/example_dags/example_params_trigger_ui.py took 0.105 seconds
[2026-07-15T16:21:31.527+0200] {processor.py:157} INFO - Started process (PID=3412130) to work on /home/ai/.local/lib/python3.9/site-packages/airflow/example_dags/example_params_trigger_ui.py
[2026-07-15T16:21:31.528+0200] {processor.py:829} INFO - Processing file /home/ai/.local/lib/python3.9/site-packages/airflow/example_dags/example_params_trigger_ui.py for tasks to queue
[2026-07-15T16:21:31.529+0200] {logging_mixin.py:151} INFO - [2026-07-15T16:21:31.529+0200] {dagbag.py:536} INFO - Filling up the DagBag from /home/ai/.local/lib/python3.9/site-packages/airflow/example_dags/example_params_trigger_ui.py
[2026-07-15T16:21:31.546+0200] {processor.py:839} INFO - DAG(s) dict_keys(['example_params_trigger_ui']) retrieved from /home/ai/.local/lib/python3.9/site-packages/airflow/example_dags/example_params_trigger_ui.py
[2026-07-15T16:21:31.586+0200] {logging_mixin.py:151} INFO - [2026-07-15T16:21:31.586+0200] {dag.py:2941} INFO - Sync 1 DAGs
[2026-07-15T16:21:31.598+0200] {logging_mixin.py:151} INFO - [2026-07-15T16:21:31.598+0200] {dag.py:3722} INFO - Setting next_dagrun for example_params_trigger_ui to None, run_after=None
[2026-07-15T16:21:33.157+0200] {processor.py:179} INFO - Processing /home/ai/.local/lib/python3.9/site-packages/airflow/example_dags/example_params_trigger_ui.py took 1.634 seconds
[2026-07-15T16:23:00.499+0200] {processor.py:157} INFO - Started process (PID=3413642) to work on /home/ai/.local/lib/python3.9/site-packages/airflow/example_dags/example_params_trigger_ui.py
[2026-07-15T16:23:00.500+0200] {processor.py:829} INFO - Processing file /home/ai/.local/lib/python3.9/site-packages/airflow/example_dags/example_params_trigger_ui.py for tasks to queue
[2026-07-15T16:23:00.501+0200] {logging_mixin.py:151} INFO - [2026-07-15T16:23:00.501+0200] {dagbag.py:536} INFO - Filling up the DagBag from /home/ai/.local/lib/python3.9/site-packages/airflow/example_dags/example_params_trigger_ui.py
[2026-07-15T16:23:00.519+0200] {processor.py:839} INFO - DAG(s) dict_keys(['example_params_trigger_ui']) retrieved from /home/ai/.local/lib/python3.9/site-packages/airflow/example_dags/example_params_trigger_ui.py
[2026-07-15T16:23:00.557+0200] {logging_mixin.py:151} INFO - [2026-07-15T16:23:00.557+0200] {dag.py:2941} INFO - Sync 1 DAGs
[2026-07-15T16:23:00.568+0200] {logging_mixin.py:151} INFO - [2026-07-15T16:23:00.567+0200] {dag.py:3722} INFO - Setting next_dagrun for example_params_trigger_ui to None, run_after=None
[2026-07-15T16:23:00.694+0200] {processor.py:179} INFO - Processing /home/ai/.local/lib/python3.9/site-packages/airflow/example_dags/example_params_trigger_ui.py took 0.202 seconds
[2026-07-15T16:24:22.041+0200] {processor.py:157} INFO - Started process (PID=3415046) to work on /home/ai/.local/lib/python3.9/site-packages/airflow/example_dags/example_params_trigger_ui.py
[2026-07-15T16:24:22.043+0200] {processor.py:829} INFO - Processing file /home/ai/.local/lib/python3.9/site-packages/airflow/example_dags/example_params_trigger_ui.py for tasks to queue
[2026-07-15T16:24:22.044+0200] {logging_mixin.py:151} INFO - [2026-07-15T16:24:22.044+0200] {dagbag.py:536} INFO - Filling up the DagBag from /home/ai/.local/lib/python3.9/site-packages/airflow/example_dags/example_params_trigger_ui.py
[2026-07-15T16:24:22.060+0200] {processor.py:839} INFO - DAG(s) dict_keys(['example_params_trigger_ui']) retrieved from /home/ai/.local/lib/python3.9/site-packages/airflow/example_dags/example_params_trigger_ui.py
[2026-07-15T16:24:22.103+0200] {logging_mixin.py:151} INFO - [2026-07-15T16:24:22.103+0200] {dag.py:2941} INFO - Sync 1 DAGs
[2026-07-15T16:24:22.113+0200] {logging_mixin.py:151} INFO - [2026-07-15T16:24:22.113+0200] {dag.py:3722} INFO - Setting next_dagrun for example_params_trigger_ui to None, run_after=None
[2026-07-15T16:24:22.949+0200] {processor.py:179} INFO - Processing /home/ai/.local/lib/python3.9/site-packages/airflow/example_dags/example_params_trigger_ui.py took 0.914 seconds
[2026-07-15T16:25:43.673+0200] {processor.py:157} INFO - Started process (PID=3416421) to work on /home/ai/.local/lib/python3.9/site-packages/airflow/example_dags/example_params_trigger_ui.py
[2026-07-15T16:25:43.675+0200] {processor.py:829} INFO - Processing file /home/ai/.local/lib/python3.9/site-packages/airflow/example_dags/example_params_trigger_ui.py for tasks to queue
[2026-07-15T16:25:43.676+0200] {logging_mixin.py:151} INFO - [2026-07-15T16:25:43.675+0200] {dagbag.py:536} INFO - Filling up the DagBag from /home/ai/.local/lib/python3.9/site-packages/airflow/example_dags/example_params_trigger_ui.py
[2026-07-15T16:25:43.693+0200] {processor.py:839} INFO - DAG(s) dict_keys(['example_params_trigger_ui']) retrieved from /home/ai/.local/lib/python3.9/site-packages/airflow/example_dags/example_params_trigger_ui.py
[2026-07-15T16:25:43.742+0200] {logging_mixin.py:151} INFO - [2026-07-15T16:25:43.741+0200] {dag.py:2941} INFO - Sync 1 DAGs
[2026-07-15T16:25:43.753+0200] {logging_mixin.py:151} INFO - [2026-07-15T16:25:43.752+0200] {dag.py:3722} INFO - Setting next_dagrun for example_params_trigger_ui to None, run_after=None
[2026-07-15T16:25:43.897+0200] {processor.py:179} INFO - Processing /home/ai/.local/lib/python3.9/site-packages/airflow/example_dags/example_params_trigger_ui.py took 0.228 seconds
[2026-07-15T16:27:37.083+0200] {processor.py:157} INFO - Started process (PID=3418336) to work on /home/ai/.local/lib/python3.9/site-packages/airflow/example_dags/example_params_trigger_ui.py
[2026-07-15T16:27:37.085+0200] {processor.py:829} INFO - Processing file /home/ai/.local/lib/python3.9/site-packages/airflow/example_dags/example_params_trigger_ui.py for tasks to queue
[2026-07-15T16:27:37.086+0200] {logging_mixin.py:151} INFO - [2026-07-15T16:27:37.086+0200] {dagbag.py:536} INFO - Filling up the DagBag from /home/ai/.local/lib/python3.9/site-packages/airflow/example_dags/example_params_trigger_ui.py
[2026-07-15T16:27:37.104+0200] {processor.py:839} INFO - DAG(s) dict_keys(['example_params_trigger_ui']) retrieved from /home/ai/.local/lib/python3.9/site-packages/airflow/example_dags/example_params_trigger_ui.py
[2026-07-15T16:27:37.154+0200] {logging_mixin.py:151} INFO - [2026-07-15T16:27:37.154+0200] {dag.py:2941} INFO - Sync 1 DAGs
[2026-07-15T16:27:37.165+0200] {logging_mixin.py:151} INFO - [2026-07-15T16:27:37.165+0200] {dag.py:3722} INFO - Setting next_dagrun for example_params_trigger_ui to None, run_after=None
[2026-07-15T16:27:37.502+0200] {processor.py:179} INFO - Processing /home/ai/.local/lib/python3.9/site-packages/airflow/example_dags/example_params_trigger_ui.py took 0.424 seconds
[2026-07-15T16:29:11.281+0200] {processor.py:157} INFO - Started process (PID=3419932) to work on /home/ai/.local/lib/python3.9/site-packages/airflow/example_dags/example_params_trigger_ui.py
[2026-07-15T16:29:11.282+0200] {processor.py:829} INFO - Processing file /home/ai/.local/lib/python3.9/site-packages/airflow/example_dags/example_params_trigger_ui.py for tasks to queue
[2026-07-15T16:29:11.283+0200] {logging_mixin.py:151} INFO - [2026-07-15T16:29:11.283+0200] {dagbag.py:536} INFO - Filling up the DagBag from /home/ai/.local/lib/python3.9/site-packages/airflow/example_dags/example_params_trigger_ui.py
[2026-07-15T16:29:11.300+0200] {processor.py:839} INFO - DAG(s) dict_keys(['example_params_trigger_ui']) retrieved from /home/ai/.local/lib/python3.9/site-packages/airflow/example_dags/example_params_trigger_ui.py
[2026-07-15T16:29:11.338+0200] {logging_mixin.py:151} INFO - [2026-07-15T16:29:11.337+0200] {dag.py:2941} INFO - Sync 1 DAGs
[2026-07-15T16:29:11.348+0200] {logging_mixin.py:151} INFO - [2026-07-15T16:29:11.347+0200] {dag.py:3722} INFO - Setting next_dagrun for example_params_trigger_ui to None, run_after=None
[2026-07-15T16:29:11.389+0200] {processor.py:179} INFO - Processing /home/ai/.local/lib/python3.9/site-packages/airflow/example_dags/example_params_trigger_ui.py took 0.114 seconds
[2026-07-15T16:30:54.599+0200] {processor.py:157} INFO - Started process (PID=3421702) to work on /home/ai/.local/lib/python3.9/site-packages/airflow/example_dags/example_params_trigger_ui.py
[2026-07-15T16:30:54.601+0200] {processor.py:829} INFO - Processing file /home/ai/.local/lib/python3.9/site-packages/airflow/example_dags/example_params_trigger_ui.py for tasks to queue
[2026-07-15T16:30:54.602+0200] {logging_mixin.py:151} INFO - [2026-07-15T16:30:54.601+0200] {dagbag.py:536} INFO - Filling up the DagBag from /home/ai/.local/lib/python3.9/site-packages/airflow/example_dags/example_params_trigger_ui.py
[2026-07-15T16:30:54.619+0200] {processor.py:839} INFO - DAG(s) dict_keys(['example_params_trigger_ui']) retrieved from /home/ai/.local/lib/python3.9/site-packages/airflow/example_dags/example_params_trigger_ui.py
[2026-07-15T16:30:54.657+0200] {logging_mixin.py:151} INFO - [2026-07-15T16:30:54.657+0200] {dag.py:2941} INFO - Sync 1 DAGs
[2026-07-15T16:30:54.667+0200] {logging_mixin.py:151} INFO - [2026-07-15T16:30:54.667+0200] {dag.py:3722} INFO - Setting next_dagrun for example_params_trigger_ui to None, run_after=None
[2026-07-15T16:30:54.685+0200] {processor.py:179} INFO - Processing /home/ai/.local/lib/python3.9/site-packages/airflow/example_dags/example_params_trigger_ui.py took 0.092 seconds
[2026-07-15T16:32:24.722+0200] {processor.py:157} INFO - Started process (PID=3423141) to work on /home/ai/.local/lib/python3.9/site-packages/airflow/example_dags/example_params_trigger_ui.py
[2026-07-15T16:32:24.723+0200] {processor.py:829} INFO - Processing file /home/ai/.local/lib/python3.9/site-packages/airflow/example_dags/example_params_trigger_ui.py for tasks to queue
[2026-07-15T16:32:24.724+0200] {logging_mixin.py:151} INFO - [2026-07-15T16:32:24.723+0200] {dagbag.py:536} INFO - Filling up the DagBag from /home/ai/.local/lib/python3.9/site-packages/airflow/example_dags/example_params_trigger_ui.py
[2026-07-15T16:32:24.741+0200] {processor.py:839} INFO - DAG(s) dict_keys(['example_params_trigger_ui']) retrieved from /home/ai/.local/lib/python3.9/site-packages/airflow/example_dags/example_params_trigger_ui.py
[2026-07-15T16:32:24.781+0200] {logging_mixin.py:151} INFO - [2026-07-15T16:32:24.781+0200] {dag.py:2941} INFO - Sync 1 DAGs
[2026-07-15T16:32:24.792+0200] {logging_mixin.py:151} INFO - [2026-07-15T16:32:24.792+0200] {dag.py:3722} INFO - Setting next_dagrun for example_params_trigger_ui to None, run_after=None
[2026-07-15T16:32:24.809+0200] {processor.py:179} INFO - Processing /home/ai/.local/lib/python3.9/site-packages/airflow/example_dags/example_params_trigger_ui.py took 0.092 seconds
[2026-07-15T16:33:54.464+0200] {processor.py:157} INFO - Started process (PID=3424775) to work on /home/ai/.local/lib/python3.9/site-packages/airflow/example_dags/example_params_trigger_ui.py
[2026-07-15T16:33:54.465+0200] {processor.py:829} INFO - Processing file /home/ai/.local/lib/python3.9/site-packages/airflow/example_dags/example_params_trigger_ui.py for tasks to queue
[2026-07-15T16:33:54.467+0200] {logging_mixin.py:151} INFO - [2026-07-15T16:33:54.466+0200] {dagbag.py:536} INFO - Filling up the DagBag from /home/ai/.local/lib/python3.9/site-packages/airflow/example_dags/example_params_trigger_ui.py
[2026-07-15T16:33:54.485+0200] {processor.py:839} INFO - DAG(s) dict_keys(['example_params_trigger_ui']) retrieved from /home/ai/.local/lib/python3.9/site-packages/airflow/example_dags/example_params_trigger_ui.py
[2026-07-15T16:33:54.525+0200] {logging_mixin.py:151} INFO - [2026-07-15T16:33:54.524+0200] {dag.py:2941} INFO - Sync 1 DAGs
[2026-07-15T16:33:54.535+0200] {logging_mixin.py:151} INFO - [2026-07-15T16:33:54.535+0200] {dag.py:3722} INFO - Setting next_dagrun for example_params_trigger_ui to None, run_after=None
[2026-07-15T16:33:54.554+0200] {processor.py:179} INFO - Processing /home/ai/.local/lib/python3.9/site-packages/airflow/example_dags/example_params_trigger_ui.py took 0.095 seconds
[2026-07-15T16:35:23.743+0200] {processor.py:157} INFO - Started process (PID=3426268) to work on /home/ai/.local/lib/python3.9/site-packages/airflow/example_dags/example_params_trigger_ui.py
[2026-07-15T16:35:23.745+0200] {processor.py:829} INFO - Processing file /home/ai/.local/lib/python3.9/site-packages/airflow/example_dags/example_params_trigger_ui.py for tasks to queue
[2026-07-15T16:35:23.746+0200] {logging_mixin.py:151} INFO - [2026-07-15T16:35:23.746+0200] {dagbag.py:536} INFO - Filling up the DagBag from /home/ai/.local/lib/python3.9/site-packages/airflow/example_dags/example_params_trigger_ui.py
[2026-07-15T16:35:23.766+0200] {processor.py:839} INFO - DAG(s) dict_keys(['example_params_trigger_ui']) retrieved from /home/ai/.local/lib/python3.9/site-packages/airflow/example_dags/example_params_trigger_ui.py
[2026-07-15T16:35:23.813+0200] {logging_mixin.py:151} INFO - [2026-07-15T16:35:23.813+0200] {dag.py:2941} INFO - Sync 1 DAGs
[2026-07-15T16:35:23.824+0200] {logging_mixin.py:151} INFO - [2026-07-15T16:35:23.824+0200] {dag.py:3722} INFO - Setting next_dagrun for example_params_trigger_ui to None, run_after=None
[2026-07-15T16:35:23.843+0200] {processor.py:179} INFO - Processing /home/ai/.local/lib/python3.9/site-packages/airflow/example_dags/example_params_trigger_ui.py took 0.104 seconds
[2026-07-15T16:37:02.171+0200] {processor.py:157} INFO - Started process (PID=3428304) to work on /home/ai/.local/lib/python3.9/site-packages/airflow/example_dags/example_params_trigger_ui.py
[2026-07-15T16:37:02.174+0200] {processor.py:829} INFO - Processing file /home/ai/.local/lib/python3.9/site-packages/airflow/example_dags/example_params_trigger_ui.py for tasks to queue
[2026-07-15T16:37:02.175+0200] {logging_mixin.py:151} INFO - [2026-07-15T16:37:02.174+0200] {dagbag.py:536} INFO - Filling up the DagBag from /home/ai/.local/lib/python3.9/site-packages/airflow/example_dags/example_params_trigger_ui.py
[2026-07-15T16:37:02.200+0200] {processor.py:839} INFO - DAG(s) dict_keys(['example_params_trigger_ui']) retrieved from /home/ai/.local/lib/python3.9/site-packages/airflow/example_dags/example_params_trigger_ui.py
[2026-07-15T16:37:02.241+0200] {logging_mixin.py:151} INFO - [2026-07-15T16:37:02.241+0200] {dag.py:2941} INFO - Sync 1 DAGs
[2026-07-15T16:37:02.253+0200] {logging_mixin.py:151} INFO - [2026-07-15T16:37:02.253+0200] {dag.py:3722} INFO - Setting next_dagrun for example_params_trigger_ui to None, run_after=None
[2026-07-15T16:37:03.217+0200] {processor.py:179} INFO - Processing /home/ai/.local/lib/python3.9/site-packages/airflow/example_dags/example_params_trigger_ui.py took 1.052 seconds
[2026-07-15T16:38:47.447+0200] {processor.py:157} INFO - Started process (PID=3430377) to work on /home/ai/.local/lib/python3.9/site-packages/airflow/example_dags/example_params_trigger_ui.py
[2026-07-15T16:38:47.448+0200] {processor.py:829} INFO - Processing file /home/ai/.local/lib/python3.9/site-packages/airflow/example_dags/example_params_trigger_ui.py for tasks to queue
[2026-07-15T16:38:47.449+0200] {logging_mixin.py:151} INFO - [2026-07-15T16:38:47.449+0200] {dagbag.py:536} INFO - Filling up the DagBag from /home/ai/.local/lib/python3.9/site-packages/airflow/example_dags/example_params_trigger_ui.py
[2026-07-15T16:38:47.467+0200] {processor.py:839} INFO - DAG(s) dict_keys(['example_params_trigger_ui']) retrieved from /home/ai/.local/lib/python3.9/site-packages/airflow/example_dags/example_params_trigger_ui.py
[2026-07-15T16:38:47.512+0200] {logging_mixin.py:151} INFO - [2026-07-15T16:38:47.511+0200] {dag.py:2941} INFO - Sync 1 DAGs
[2026-07-15T16:38:47.525+0200] {logging_mixin.py:151} INFO - [2026-07-15T16:38:47.524+0200] {dag.py:3722} INFO - Setting next_dagrun for example_params_trigger_ui to None, run_after=None
[2026-07-15T16:38:47.548+0200] {processor.py:179} INFO - Processing /home/ai/.local/lib/python3.9/site-packages/airflow/example_dags/example_params_trigger_ui.py took 0.105 seconds
[2026-07-15T16:40:28.001+0200] {processor.py:157} INFO - Started process (PID=3432179) to work on /home/ai/.local/lib/python3.9/site-packages/airflow/example_dags/example_params_trigger_ui.py
[2026-07-15T16:40:28.004+0200] {processor.py:829} INFO - Processing file /home/ai/.local/lib/python3.9/site-packages/airflow/example_dags/example_params_trigger_ui.py for tasks to queue
[2026-07-15T16:40:28.006+0200] {logging_mixin.py:151} INFO - [2026-07-15T16:40:28.005+0200] {dagbag.py:536} INFO - Filling up the DagBag from /home/ai/.local/lib/python3.9/site-packages/airflow/example_dags/example_params_trigger_ui.py
[2026-07-15T16:40:28.027+0200] {processor.py:839} INFO - DAG(s) dict_keys(['example_params_trigger_ui']) retrieved from /home/ai/.local/lib/python3.9/site-packages/airflow/example_dags/example_params_trigger_ui.py
[2026-07-15T16:40:28.064+0200] {logging_mixin.py:151} INFO - [2026-07-15T16:40:28.064+0200] {dag.py:2941} INFO - Sync 1 DAGs
[2026-07-15T16:40:28.075+0200] {logging_mixin.py:151} INFO - [2026-07-15T16:40:28.075+0200] {dag.py:3722} INFO - Setting next_dagrun for example_params_trigger_ui to None, run_after=None
[2026-07-15T16:40:28.330+0200] {processor.py:179} INFO - Processing /home/ai/.local/lib/python3.9/site-packages/airflow/example_dags/example_params_trigger_ui.py took 0.336 seconds
[2026-07-15T16:42:10.479+0200] {processor.py:157} INFO - Started process (PID=3434063) to work on /home/ai/.local/lib/python3.9/site-packages/airflow/example_dags/example_params_trigger_ui.py
[2026-07-15T16:42:10.480+0200] {processor.py:829} INFO - Processing file /home/ai/.local/lib/python3.9/site-packages/airflow/example_dags/example_params_trigger_ui.py for tasks to queue
[2026-07-15T16:42:10.482+0200] {logging_mixin.py:151} INFO - [2026-07-15T16:42:10.481+0200] {dagbag.py:536} INFO - Filling up the DagBag from /home/ai/.local/lib/python3.9/site-packages/airflow/example_dags/example_params_trigger_ui.py
[2026-07-15T16:42:10.499+0200] {processor.py:839} INFO - DAG(s) dict_keys(['example_params_trigger_ui']) retrieved from /home/ai/.local/lib/python3.9/site-packages/airflow/example_dags/example_params_trigger_ui.py
[2026-07-15T16:42:10.537+0200] {logging_mixin.py:151} INFO - [2026-07-15T16:42:10.537+0200] {dag.py:2941} INFO - Sync 1 DAGs
[2026-07-15T16:42:10.547+0200] {logging_mixin.py:151} INFO - [2026-07-15T16:42:10.547+0200] {dag.py:3722} INFO - Setting next_dagrun for example_params_trigger_ui to None, run_after=None
[2026-07-15T16:42:11.505+0200] {processor.py:179} INFO - Processing /home/ai/.local/lib/python3.9/site-packages/airflow/example_dags/example_params_trigger_ui.py took 1.032 seconds
[2026-07-15T16:43:51.541+0200] {processor.py:157} INFO - Started process (PID=3435790) to work on /home/ai/.local/lib/python3.9/site-packages/airflow/example_dags/example_params_trigger_ui.py
[2026-07-15T16:43:51.543+0200] {processor.py:829} INFO - Processing file /home/ai/.local/lib/python3.9/site-packages/airflow/example_dags/example_params_trigger_ui.py for tasks to queue
[2026-07-15T16:43:51.544+0200] {logging_mixin.py:151} INFO - [2026-07-15T16:43:51.543+0200] {dagbag.py:536} INFO - Filling up the DagBag from /home/ai/.local/lib/python3.9/site-packages/airflow/example_dags/example_params_trigger_ui.py
[2026-07-15T16:43:51.561+0200] {processor.py:839} INFO - DAG(s) dict_keys(['example_params_trigger_ui']) retrieved from /home/ai/.local/lib/python3.9/site-packages/airflow/example_dags/example_params_trigger_ui.py
[2026-07-15T16:43:51.599+0200] {logging_mixin.py:151} INFO - [2026-07-15T16:43:51.598+0200] {dag.py:2941} INFO - Sync 1 DAGs
[2026-07-15T16:43:51.610+0200] {logging_mixin.py:151} INFO - [2026-07-15T16:43:51.609+0200] {dag.py:3722} INFO - Setting next_dagrun for example_params_trigger_ui to None, run_after=None
[2026-07-15T16:43:51.640+0200] {processor.py:179} INFO - Processing /home/ai/.local/lib/python3.9/site-packages/airflow/example_dags/example_params_trigger_ui.py took 0.102 seconds
[2026-07-15T16:45:29.544+0200] {processor.py:157} INFO - Started process (PID=3437627) to work on /home/ai/.local/lib/python3.9/site-packages/airflow/example_dags/example_params_trigger_ui.py
[2026-07-15T16:45:29.546+0200] {processor.py:829} INFO - Processing file /home/ai/.local/lib/python3.9/site-packages/airflow/example_dags/example_params_trigger_ui.py for tasks to queue
[2026-07-15T16:45:29.547+0200] {logging_mixin.py:151} INFO - [2026-07-15T16:45:29.547+0200] {dagbag.py:536} INFO - Filling up the DagBag from /home/ai/.local/lib/python3.9/site-packages/airflow/example_dags/example_params_trigger_ui.py
[2026-07-15T16:45:29.566+0200] {processor.py:839} INFO - DAG(s) dict_keys(['example_params_trigger_ui']) retrieved from /home/ai/.local/lib/python3.9/site-packages/airflow/example_dags/example_params_trigger_ui.py
[2026-07-15T16:45:29.605+0200] {logging_mixin.py:151} INFO - [2026-07-15T16:45:29.605+0200] {dag.py:2941} INFO - Sync 1 DAGs
[2026-07-15T16:45:29.616+0200] {logging_mixin.py:151} INFO - [2026-07-15T16:45:29.616+0200] {dag.py:3722} INFO - Setting next_dagrun for example_params_trigger_ui to None, run_after=None
[2026-07-15T16:45:29.803+0200] {processor.py:179} INFO - Processing /home/ai/.local/lib/python3.9/site-packages/airflow/example_dags/example_params_trigger_ui.py took 0.267 seconds
[2026-07-15T16:46:40.944+0200] {processor.py:157} INFO - Started process (PID=3438770) to work on /home/ai/.local/lib/python3.9/site-packages/airflow/example_dags/example_params_trigger_ui.py
[2026-07-15T16:46:40.945+0200] {processor.py:829} INFO - Processing file /home/ai/.local/lib/python3.9/site-packages/airflow/example_dags/example_params_trigger_ui.py for tasks to queue
[2026-07-15T16:46:40.946+0200] {logging_mixin.py:151} INFO - [2026-07-15T16:46:40.946+0200] {dagbag.py:536} INFO - Filling up the DagBag from /home/ai/.local/lib/python3.9/site-packages/airflow/example_dags/example_params_trigger_ui.py
[2026-07-15T16:46:40.963+0200] {processor.py:839} INFO - DAG(s) dict_keys(['example_params_trigger_ui']) retrieved from /home/ai/.local/lib/python3.9/site-packages/airflow/example_dags/example_params_trigger_ui.py
[2026-07-15T16:46:41.004+0200] {logging_mixin.py:151} INFO - [2026-07-15T16:46:41.004+0200] {dag.py:2941} INFO - Sync 1 DAGs
[2026-07-15T16:46:41.015+0200] {logging_mixin.py:151} INFO - [2026-07-15T16:46:41.015+0200] {dag.py:3722} INFO - Setting next_dagrun for example_params_trigger_ui to None, run_after=None
[2026-07-15T16:46:41.056+0200] {processor.py:179} INFO - Processing /home/ai/.local/lib/python3.9/site-packages/airflow/example_dags/example_params_trigger_ui.py took 0.116 seconds
[2026-07-15T16:48:32.841+0200] {processor.py:157} INFO - Started process (PID=3440698) to work on /home/ai/.local/lib/python3.9/site-packages/airflow/example_dags/example_params_trigger_ui.py
[2026-07-15T16:48:32.842+0200] {processor.py:829} INFO - Processing file /home/ai/.local/lib/python3.9/site-packages/airflow/example_dags/example_params_trigger_ui.py for tasks to queue
[2026-07-15T16:48:32.843+0200] {logging_mixin.py:151} INFO - [2026-07-15T16:48:32.843+0200] {dagbag.py:536} INFO - Filling up the DagBag from /home/ai/.local/lib/python3.9/site-packages/airflow/example_dags/example_params_trigger_ui.py
[2026-07-15T16:48:32.862+0200] {processor.py:839} INFO - DAG(s) dict_keys(['example_params_trigger_ui']) retrieved from /home/ai/.local/lib/python3.9/site-packages/airflow/example_dags/example_params_trigger_ui.py
[2026-07-15T16:48:32.904+0200] {logging_mixin.py:151} INFO - [2026-07-15T16:48:32.903+0200] {dag.py:2941} INFO - Sync 1 DAGs
[2026-07-15T16:48:32.914+0200] {logging_mixin.py:151} INFO - [2026-07-15T16:48:32.914+0200] {dag.py:3722} INFO - Setting next_dagrun for example_params_trigger_ui to None, run_after=None
[2026-07-15T16:48:34.213+0200] {processor.py:179} INFO - Processing /home/ai/.local/lib/python3.9/site-packages/airflow/example_dags/example_params_trigger_ui.py took 1.377 seconds
[2026-07-15T16:50:25.300+0200] {processor.py:157} INFO - Started process (PID=3442584) to work on /home/ai/.local/lib/python3.9/site-packages/airflow/example_dags/example_params_trigger_ui.py
[2026-07-15T16:50:25.302+0200] {processor.py:829} INFO - Processing file /home/ai/.local/lib/python3.9/site-packages/airflow/example_dags/example_params_trigger_ui.py for tasks to queue
[2026-07-15T16:50:25.302+0200] {logging_mixin.py:151} INFO - [2026-07-15T16:50:25.302+0200] {dagbag.py:536} INFO - Filling up the DagBag from /home/ai/.local/lib/python3.9/site-packages/airflow/example_dags/example_params_trigger_ui.py
[2026-07-15T16:50:25.320+0200] {processor.py:839} INFO - DAG(s) dict_keys(['example_params_trigger_ui']) retrieved from /home/ai/.local/lib/python3.9/site-packages/airflow/example_dags/example_params_trigger_ui.py
[2026-07-15T16:50:25.358+0200] {logging_mixin.py:151} INFO - [2026-07-15T16:50:25.358+0200] {dag.py:2941} INFO - Sync 1 DAGs
[2026-07-15T16:50:25.369+0200] {logging_mixin.py:151} INFO - [2026-07-15T16:50:25.369+0200] {dag.py:3722} INFO - Setting next_dagrun for example_params_trigger_ui to None, run_after=None
[2026-07-15T16:50:25.642+0200] {processor.py:179} INFO - Processing /home/ai/.local/lib/python3.9/site-packages/airflow/example_dags/example_params_trigger_ui.py took 0.346 seconds
[2026-07-15T16:52:25.659+0200] {processor.py:157} INFO - Started process (PID=3444631) to work on /home/ai/.local/lib/python3.9/site-packages/airflow/example_dags/example_params_trigger_ui.py
[2026-07-15T16:52:25.660+0200] {processor.py:829} INFO - Processing file /home/ai/.local/lib/python3.9/site-packages/airflow/example_dags/example_params_trigger_ui.py for tasks to queue
[2026-07-15T16:52:25.661+0200] {logging_mixin.py:151} INFO - [2026-07-15T16:52:25.660+0200] {dagbag.py:536} INFO - Filling up the DagBag from /home/ai/.local/lib/python3.9/site-packages/airflow/example_dags/example_params_trigger_ui.py
[2026-07-15T16:52:25.678+0200] {processor.py:839} INFO - DAG(s) dict_keys(['example_params_trigger_ui']) retrieved from /home/ai/.local/lib/python3.9/site-packages/airflow/example_dags/example_params_trigger_ui.py
[2026-07-15T16:52:25.722+0200] {logging_mixin.py:151} INFO - [2026-07-15T16:52:25.722+0200] {dag.py:2941} INFO - Sync 1 DAGs
[2026-07-15T16:52:25.735+0200] {logging_mixin.py:151} INFO - [2026-07-15T16:52:25.735+0200] {dag.py:3722} INFO - Setting next_dagrun for example_params_trigger_ui to None, run_after=None
[2026-07-15T16:52:26.373+0200] {processor.py:179} INFO - Processing /home/ai/.local/lib/python3.9/site-packages/airflow/example_dags/example_params_trigger_ui.py took 0.718 seconds
[2026-07-15T16:54:43.463+0200] {processor.py:157} INFO - Started process (PID=3446914) to work on /home/ai/.local/lib/python3.9/site-packages/airflow/example_dags/example_params_trigger_ui.py
[2026-07-15T16:54:43.464+0200] {processor.py:829} INFO - Processing file /home/ai/.local/lib/python3.9/site-packages/airflow/example_dags/example_params_trigger_ui.py for tasks to queue
[2026-07-15T16:54:43.465+0200] {logging_mixin.py:151} INFO - [2026-07-15T16:54:43.465+0200] {dagbag.py:536} INFO - Filling up the DagBag from /home/ai/.local/lib/python3.9/site-packages/airflow/example_dags/example_params_trigger_ui.py
[2026-07-15T16:54:43.484+0200] {processor.py:839} INFO - DAG(s) dict_keys(['example_params_trigger_ui']) retrieved from /home/ai/.local/lib/python3.9/site-packages/airflow/example_dags/example_params_trigger_ui.py
[2026-07-15T16:54:43.521+0200] {logging_mixin.py:151} INFO - [2026-07-15T16:54:43.521+0200] {dag.py:2941} INFO - Sync 1 DAGs
[2026-07-15T16:54:43.531+0200] {logging_mixin.py:151} INFO - [2026-07-15T16:54:43.531+0200] {dag.py:3722} INFO - Setting next_dagrun for example_params_trigger_ui to None, run_after=None
[2026-07-15T16:54:45.275+0200] {processor.py:179} INFO - Processing /home/ai/.local/lib/python3.9/site-packages/airflow/example_dags/example_params_trigger_ui.py took 1.816 seconds
[2026-07-15T16:56:53.534+0200] {processor.py:157} INFO - Started process (PID=3449077) to work on /home/ai/.local/lib/python3.9/site-packages/airflow/example_dags/example_params_trigger_ui.py
[2026-07-15T16:56:53.536+0200] {processor.py:829} INFO - Processing file /home/ai/.local/lib/python3.9/site-packages/airflow/example_dags/example_params_trigger_ui.py for tasks to queue
[2026-07-15T16:56:53.537+0200] {logging_mixin.py:151} INFO - [2026-07-15T16:56:53.537+0200] {dagbag.py:536} INFO - Filling up the DagBag from /home/ai/.local/lib/python3.9/site-packages/airflow/example_dags/example_params_trigger_ui.py
[2026-07-15T16:56:53.556+0200] {processor.py:839} INFO - DAG(s) dict_keys(['example_params_trigger_ui']) retrieved from /home/ai/.local/lib/python3.9/site-packages/airflow/example_dags/example_params_trigger_ui.py
[2026-07-15T16:56:53.594+0200] {logging_mixin.py:151} INFO - [2026-07-15T16:56:53.593+0200] {dag.py:2941} INFO - Sync 1 DAGs
[2026-07-15T16:56:53.604+0200] {logging_mixin.py:151} INFO - [2026-07-15T16:56:53.604+0200] {dag.py:3722} INFO - Setting next_dagrun for example_params_trigger_ui to None, run_after=None
[2026-07-15T16:56:53.622+0200] {processor.py:179} INFO - Processing /home/ai/.local/lib/python3.9/site-packages/airflow/example_dags/example_params_trigger_ui.py took 0.094 seconds
[2026-07-15T16:59:40.983+0200] {processor.py:157} INFO - Started process (PID=3452132) to work on /home/ai/.local/lib/python3.9/site-packages/airflow/example_dags/example_params_trigger_ui.py
[2026-07-15T16:59:42.424+0200] {processor.py:829} INFO - Processing file /home/ai/.local/lib/python3.9/site-packages/airflow/example_dags/example_params_trigger_ui.py for tasks to queue
[2026-07-15T16:59:42.427+0200] {logging_mixin.py:151} INFO - [2026-07-15T16:59:42.426+0200] {dagbag.py:536} INFO - Filling up the DagBag from /home/ai/.local/lib/python3.9/site-packages/airflow/example_dags/example_params_trigger_ui.py
[2026-07-15T16:59:42.450+0200] {processor.py:839} INFO - DAG(s) dict_keys(['example_params_trigger_ui']) retrieved from /home/ai/.local/lib/python3.9/site-packages/airflow/example_dags/example_params_trigger_ui.py
[2026-07-15T16:59:42.490+0200] {logging_mixin.py:151} INFO - [2026-07-15T16:59:42.490+0200] {dag.py:2941} INFO - Sync 1 DAGs
[2026-07-15T16:59:42.501+0200] {logging_mixin.py:151} INFO - [2026-07-15T16:59:42.501+0200] {dag.py:3722} INFO - Setting next_dagrun for example_params_trigger_ui to None, run_after=None
[2026-07-15T16:59:42.888+0200] {processor.py:179} INFO - Processing /home/ai/.local/lib/python3.9/site-packages/airflow/example_dags/example_params_trigger_ui.py took 1.911 seconds
[2026-07-15T17:01:23.866+0200] {processor.py:157} INFO - Started process (PID=3453899) to work on /home/ai/.local/lib/python3.9/site-packages/airflow/example_dags/example_params_trigger_ui.py
[2026-07-15T17:01:23.867+0200] {processor.py:829} INFO - Processing file /home/ai/.local/lib/python3.9/site-packages/airflow/example_dags/example_params_trigger_ui.py for tasks to queue
[2026-07-15T17:01:23.868+0200] {logging_mixin.py:151} INFO - [2026-07-15T17:01:23.868+0200] {dagbag.py:536} INFO - Filling up the DagBag from /home/ai/.local/lib/python3.9/site-packages/airflow/example_dags/example_params_trigger_ui.py
[2026-07-15T17:01:23.885+0200] {processor.py:839} INFO - DAG(s) dict_keys(['example_params_trigger_ui']) retrieved from /home/ai/.local/lib/python3.9/site-packages/airflow/example_dags/example_params_trigger_ui.py
[2026-07-15T17:01:23.923+0200] {logging_mixin.py:151} INFO - [2026-07-15T17:01:23.923+0200] {dag.py:2941} INFO - Sync 1 DAGs
[2026-07-15T17:01:23.933+0200] {logging_mixin.py:151} INFO - [2026-07-15T17:01:23.932+0200] {dag.py:3722} INFO - Setting next_dagrun for example_params_trigger_ui to None, run_after=None
[2026-07-15T17:01:25.044+0200] {processor.py:179} INFO - Processing /home/ai/.local/lib/python3.9/site-packages/airflow/example_dags/example_params_trigger_ui.py took 1.184 seconds
[2026-07-15T17:03:20.643+0200] {processor.py:157} INFO - Started process (PID=3456055) to work on /home/ai/.local/lib/python3.9/site-packages/airflow/example_dags/example_params_trigger_ui.py
[2026-07-15T17:03:20.741+0200] {processor.py:829} INFO - Processing file /home/ai/.local/lib/python3.9/site-packages/airflow/example_dags/example_params_trigger_ui.py for tasks to queue
[2026-07-15T17:03:20.744+0200] {logging_mixin.py:151} INFO - [2026-07-15T17:03:20.743+0200] {dagbag.py:536} INFO - Filling up the DagBag from /home/ai/.local/lib/python3.9/site-packages/airflow/example_dags/example_params_trigger_ui.py
[2026-07-15T17:03:20.769+0200] {processor.py:839} INFO - DAG(s) dict_keys(['example_params_trigger_ui']) retrieved from /home/ai/.local/lib/python3.9/site-packages/airflow/example_dags/example_params_trigger_ui.py
[2026-07-15T17:03:20.831+0200] {logging_mixin.py:151} INFO - [2026-07-15T17:03:20.831+0200] {dag.py:2941} INFO - Sync 1 DAGs
[2026-07-15T17:03:20.846+0200] {logging_mixin.py:151} INFO - [2026-07-15T17:03:20.845+0200] {dag.py:3722} INFO - Setting next_dagrun for example_params_trigger_ui to None, run_after=None
[2026-07-15T17:03:24.242+0200] {processor.py:179} INFO - Processing /home/ai/.local/lib/python3.9/site-packages/airflow/example_dags/example_params_trigger_ui.py took 3.605 seconds
[2026-07-15T17:05:28.714+0200] {processor.py:157} INFO - Started process (PID=3458187) to work on /home/ai/.local/lib/python3.9/site-packages/airflow/example_dags/example_params_trigger_ui.py
[2026-07-15T17:05:28.716+0200] {processor.py:829} INFO - Processing file /home/ai/.local/lib/python3.9/site-packages/airflow/example_dags/example_params_trigger_ui.py for tasks to queue
[2026-07-15T17:05:28.717+0200] {logging_mixin.py:151} INFO - [2026-07-15T17:05:28.716+0200] {dagbag.py:536} INFO - Filling up the DagBag from /home/ai/.local/lib/python3.9/site-packages/airflow/example_dags/example_params_trigger_ui.py
[2026-07-15T17:05:28.741+0200] {processor.py:839} INFO - DAG(s) dict_keys(['example_params_trigger_ui']) retrieved from /home/ai/.local/lib/python3.9/site-packages/airflow/example_dags/example_params_trigger_ui.py
[2026-07-15T17:05:28.779+0200] {logging_mixin.py:151} INFO - [2026-07-15T17:05:28.779+0200] {dag.py:2941} INFO - Sync 1 DAGs
[2026-07-15T17:05:28.788+0200] {logging_mixin.py:151} INFO - [2026-07-15T17:05:28.788+0200] {dag.py:3722} INFO - Setting next_dagrun for example_params_trigger_ui to None, run_after=None
[2026-07-15T17:05:30.464+0200] {processor.py:179} INFO - Processing /home/ai/.local/lib/python3.9/site-packages/airflow/example_dags/example_params_trigger_ui.py took 1.754 seconds
[2026-07-15T17:06:47.406+0200] {processor.py:157} INFO - Started process (PID=3459405) to work on /home/ai/.local/lib/python3.9/site-packages/airflow/example_dags/example_params_trigger_ui.py
[2026-07-15T17:06:47.408+0200] {processor.py:829} INFO - Processing file /home/ai/.local/lib/python3.9/site-packages/airflow/example_dags/example_params_trigger_ui.py for tasks to queue
[2026-07-15T17:06:47.409+0200] {logging_mixin.py:151} INFO - [2026-07-15T17:06:47.408+0200] {dagbag.py:536} INFO - Filling up the DagBag from /home/ai/.local/lib/python3.9/site-packages/airflow/example_dags/example_params_trigger_ui.py
[2026-07-15T17:06:47.428+0200] {processor.py:839} INFO - DAG(s) dict_keys(['example_params_trigger_ui']) retrieved from /home/ai/.local/lib/python3.9/site-packages/airflow/example_dags/example_params_trigger_ui.py
[2026-07-15T17:06:48.705+0200] {logging_mixin.py:151} INFO - [2026-07-15T17:06:48.705+0200] {dag.py:2941} INFO - Sync 1 DAGs
[2026-07-15T17:06:48.716+0200] {logging_mixin.py:151} INFO - [2026-07-15T17:06:48.716+0200] {dag.py:3722} INFO - Setting next_dagrun for example_params_trigger_ui to None, run_after=None
[2026-07-15T17:06:48.784+0200] {processor.py:179} INFO - Processing /home/ai/.local/lib/python3.9/site-packages/airflow/example_dags/example_params_trigger_ui.py took 1.382 seconds
[2026-07-15T17:09:39.547+0200] {processor.py:157} INFO - Started process (PID=3462420) to work on /home/ai/.local/lib/python3.9/site-packages/airflow/example_dags/example_params_trigger_ui.py
[2026-07-15T17:09:39.549+0200] {processor.py:829} INFO - Processing file /home/ai/.local/lib/python3.9/site-packages/airflow/example_dags/example_params_trigger_ui.py for tasks to queue
[2026-07-15T17:09:39.549+0200] {logging_mixin.py:151} INFO - [2026-07-15T17:09:39.549+0200] {dagbag.py:536} INFO - Filling up the DagBag from /home/ai/.local/lib/python3.9/site-packages/airflow/example_dags/example_params_trigger_ui.py
[2026-07-15T17:09:39.567+0200] {processor.py:839} INFO - DAG(s) dict_keys(['example_params_trigger_ui']) retrieved from /home/ai/.local/lib/python3.9/site-packages/airflow/example_dags/example_params_trigger_ui.py
[2026-07-15T17:09:39.604+0200] {logging_mixin.py:151} INFO - [2026-07-15T17:09:39.604+0200] {dag.py:2941} INFO - Sync 1 DAGs
[2026-07-15T17:09:39.614+0200] {logging_mixin.py:151} INFO - [2026-07-15T17:09:39.614+0200] {dag.py:3722} INFO - Setting next_dagrun for example_params_trigger_ui to None, run_after=None
[2026-07-15T17:09:42.840+0200] {processor.py:179} INFO - Processing /home/ai/.local/lib/python3.9/site-packages/airflow/example_dags/example_params_trigger_ui.py took 3.296 seconds
[2026-07-15T17:11:23.690+0200] {processor.py:157} INFO - Started process (PID=3464053) to work on /home/ai/.local/lib/python3.9/site-packages/airflow/example_dags/example_params_trigger_ui.py
[2026-07-15T17:11:23.737+0200] {processor.py:829} INFO - Processing file /home/ai/.local/lib/python3.9/site-packages/airflow/example_dags/example_params_trigger_ui.py for tasks to queue
[2026-07-15T17:11:23.739+0200] {logging_mixin.py:151} INFO - [2026-07-15T17:11:23.738+0200] {dagbag.py:536} INFO - Filling up the DagBag from /home/ai/.local/lib/python3.9/site-packages/airflow/example_dags/example_params_trigger_ui.py
[2026-07-15T17:11:23.759+0200] {processor.py:839} INFO - DAG(s) dict_keys(['example_params_trigger_ui']) retrieved from /home/ai/.local/lib/python3.9/site-packages/airflow/example_dags/example_params_trigger_ui.py
[2026-07-15T17:11:23.799+0200] {logging_mixin.py:151} INFO - [2026-07-15T17:11:23.799+0200] {dag.py:2941} INFO - Sync 1 DAGs
[2026-07-15T17:11:23.808+0200] {logging_mixin.py:151} INFO - [2026-07-15T17:11:23.808+0200] {dag.py:3722} INFO - Setting next_dagrun for example_params_trigger_ui to None, run_after=None
[2026-07-15T17:11:24.728+0200] {processor.py:179} INFO - Processing /home/ai/.local/lib/python3.9/site-packages/airflow/example_dags/example_params_trigger_ui.py took 1.042 seconds
[2026-07-15T17:14:04.447+0200] {processor.py:157} INFO - Started process (PID=3467022) to work on /home/ai/.local/lib/python3.9/site-packages/airflow/example_dags/example_params_trigger_ui.py
[2026-07-15T17:14:05.436+0200] {processor.py:829} INFO - Processing file /home/ai/.local/lib/python3.9/site-packages/airflow/example_dags/example_params_trigger_ui.py for tasks to queue
[2026-07-15T17:14:05.439+0200] {logging_mixin.py:151} INFO - [2026-07-15T17:14:05.438+0200] {dagbag.py:536} INFO - Filling up the DagBag from /home/ai/.local/lib/python3.9/site-packages/airflow/example_dags/example_params_trigger_ui.py
[2026-07-15T17:14:05.461+0200] {processor.py:839} INFO - DAG(s) dict_keys(['example_params_trigger_ui']) retrieved from /home/ai/.local/lib/python3.9/site-packages/airflow/example_dags/example_params_trigger_ui.py
[2026-07-15T17:14:05.503+0200] {logging_mixin.py:151} INFO - [2026-07-15T17:14:05.503+0200] {dag.py:2941} INFO - Sync 1 DAGs
[2026-07-15T17:14:05.515+0200] {logging_mixin.py:151} INFO - [2026-07-15T17:14:05.515+0200] {dag.py:3722} INFO - Setting next_dagrun for example_params_trigger_ui to None, run_after=None
[2026-07-15T17:14:07.691+0200] {processor.py:179} INFO - Processing /home/ai/.local/lib/python3.9/site-packages/airflow/example_dags/example_params_trigger_ui.py took 3.248 seconds
[2026-07-15T17:15:34.913+0200] {processor.py:157} INFO - Started process (PID=3468766) to work on /home/ai/.local/lib/python3.9/site-packages/airflow/example_dags/example_params_trigger_ui.py
[2026-07-15T17:15:34.914+0200] {processor.py:829} INFO - Processing file /home/ai/.local/lib/python3.9/site-packages/airflow/example_dags/example_params_trigger_ui.py for tasks to queue
[2026-07-15T17:15:34.915+0200] {logging_mixin.py:151} INFO - [2026-07-15T17:15:34.914+0200] {dagbag.py:536} INFO - Filling up the DagBag from /home/ai/.local/lib/python3.9/site-packages/airflow/example_dags/example_params_trigger_ui.py
[2026-07-15T17:15:34.932+0200] {processor.py:839} INFO - DAG(s) dict_keys(['example_params_trigger_ui']) retrieved from /home/ai/.local/lib/python3.9/site-packages/airflow/example_dags/example_params_trigger_ui.py
[2026-07-15T17:15:34.970+0200] {logging_mixin.py:151} INFO - [2026-07-15T17:15:34.970+0200] {dag.py:2941} INFO - Sync 1 DAGs
[2026-07-15T17:15:34.980+0200] {logging_mixin.py:151} INFO - [2026-07-15T17:15:34.980+0200] {dag.py:3722} INFO - Setting next_dagrun for example_params_trigger_ui to None, run_after=None
[2026-07-15T17:15:35.219+0200] {processor.py:179} INFO - Processing /home/ai/.local/lib/python3.9/site-packages/airflow/example_dags/example_params_trigger_ui.py took 0.313 seconds
[2026-07-15T17:17:16.915+0200] {processor.py:157} INFO - Started process (PID=3470982) to work on /home/ai/.local/lib/python3.9/site-packages/airflow/example_dags/example_params_trigger_ui.py
[2026-07-15T17:17:16.916+0200] {processor.py:829} INFO - Processing file /home/ai/.local/lib/python3.9/site-packages/airflow/example_dags/example_params_trigger_ui.py for tasks to queue
[2026-07-15T17:17:16.917+0200] {logging_mixin.py:151} INFO - [2026-07-15T17:17:16.917+0200] {dagbag.py:536} INFO - Filling up the DagBag from /home/ai/.local/lib/python3.9/site-packages/airflow/example_dags/example_params_trigger_ui.py
[2026-07-15T17:17:16.934+0200] {processor.py:839} INFO - DAG(s) dict_keys(['example_params_trigger_ui']) retrieved from /home/ai/.local/lib/python3.9/site-packages/airflow/example_dags/example_params_trigger_ui.py
[2026-07-15T17:17:16.975+0200] {logging_mixin.py:151} INFO - [2026-07-15T17:17:16.974+0200] {dag.py:2941} INFO - Sync 1 DAGs
[2026-07-15T17:17:16.994+0200] {logging_mixin.py:151} INFO - [2026-07-15T17:17:16.994+0200] {dag.py:3722} INFO - Setting next_dagrun for example_params_trigger_ui to None, run_after=None
[2026-07-15T17:17:17.209+0200] {processor.py:179} INFO - Processing /home/ai/.local/lib/python3.9/site-packages/airflow/example_dags/example_params_trigger_ui.py took 0.300 seconds
[2026-07-15T17:19:27.951+0200] {processor.py:157} INFO - Started process (PID=3473660) to work on /home/ai/.local/lib/python3.9/site-packages/airflow/example_dags/example_params_trigger_ui.py
[2026-07-15T17:19:27.953+0200] {processor.py:829} INFO - Processing file /home/ai/.local/lib/python3.9/site-packages/airflow/example_dags/example_params_trigger_ui.py for tasks to queue
[2026-07-15T17:19:27.954+0200] {logging_mixin.py:151} INFO - [2026-07-15T17:19:27.953+0200] {dagbag.py:536} INFO - Filling up the DagBag from /home/ai/.local/lib/python3.9/site-packages/airflow/example_dags/example_params_trigger_ui.py
[2026-07-15T17:19:27.972+0200] {processor.py:839} INFO - DAG(s) dict_keys(['example_params_trigger_ui']) retrieved from /home/ai/.local/lib/python3.9/site-packages/airflow/example_dags/example_params_trigger_ui.py
[2026-07-15T17:19:28.020+0200] {logging_mixin.py:151} INFO - [2026-07-15T17:19:28.019+0200] {dag.py:2941} INFO - Sync 1 DAGs
[2026-07-15T17:19:28.031+0200] {logging_mixin.py:151} INFO - [2026-07-15T17:19:28.031+0200] {dag.py:3722} INFO - Setting next_dagrun for example_params_trigger_ui to None, run_after=None
[2026-07-15T17:19:28.145+0200] {processor.py:179} INFO - Processing /home/ai/.local/lib/python3.9/site-packages/airflow/example_dags/example_params_trigger_ui.py took 0.197 seconds
