[2026-07-15T16:15:26.398+0200] {processor.py:157} INFO - Started process (PID=3405911) to work on /home/ai/.local/lib/python3.9/site-packages/airflow/example_dags/example_skip_dag.py
[2026-07-15T16:15:26.400+0200] {processor.py:829} INFO - Processing file /home/ai/.local/lib/python3.9/site-packages/airflow/example_dags/example_skip_dag.py for tasks to queue
[2026-07-15T16:15:26.401+0200] {logging_mixin.py:151} INFO - [2026-07-15T16:15:26.400+0200] {dagbag.py:536} INFO - Filling up the DagBag from /home/ai/.local/lib/python3.9/site-packages/airflow/example_dags/example_skip_dag.py
[2026-07-15T16:15:26.409+0200] {processor.py:839} INFO - DAG(s) dict_keys(['example_skip_dag']) retrieved from /home/ai/.local/lib/python3.9/site-packages/airflow/example_dags/example_skip_dag.py
[2026-07-15T16:15:26.427+0200] {logging_mixin.py:151} INFO - [2026-07-15T16:15:26.426+0200] {dag.py:2941} INFO - Sync 1 DAGs
[2026-07-15T16:15:26.446+0200] {logging_mixin.py:151} INFO - [2026-07-15T16:15:26.446+0200] {dag.py:3722} INFO - Setting next_dagrun for example_skip_dag to 2026-07-14T14:15:26.446127+00:00, run_after=2026-07-15T14:15:26.446127+00:00
[2026-07-15T16:15:27.513+0200] {processor.py:179} INFO - Processing /home/ai/.local/lib/python3.9/site-packages/airflow/example_dags/example_skip_dag.py took 1.118 seconds
[2026-07-15T16:16:49.196+0200] {processor.py:157} INFO - Started process (PID=3407248) to work on /home/ai/.local/lib/python3.9/site-packages/airflow/example_dags/example_skip_dag.py
[2026-07-15T16:16:49.197+0200] {processor.py:829} INFO - Processing file /home/ai/.local/lib/python3.9/site-packages/airflow/example_dags/example_skip_dag.py for tasks to queue
[2026-07-15T16:16:49.198+0200] {logging_mixin.py:151} INFO - [2026-07-15T16:16:49.197+0200] {dagbag.py:536} INFO - Filling up the DagBag from /home/ai/.local/lib/python3.9/site-packages/airflow/example_dags/example_skip_dag.py
[2026-07-15T16:16:49.205+0200] {processor.py:839} INFO - DAG(s) dict_keys(['example_skip_dag']) retrieved from /home/ai/.local/lib/python3.9/site-packages/airflow/example_dags/example_skip_dag.py
[2026-07-15T16:16:49.222+0200] {logging_mixin.py:151} INFO - [2026-07-15T16:16:49.222+0200] {dag.py:2941} INFO - Sync 1 DAGs
[2026-07-15T16:16:49.240+0200] {logging_mixin.py:151} INFO - [2026-07-15T16:16:49.239+0200] {dag.py:3722} INFO - Setting next_dagrun for example_skip_dag to 2026-07-14T14:16:49.239633+00:00, run_after=2026-07-15T14:16:49.239633+00:00
[2026-07-15T16:16:49.259+0200] {processor.py:179} INFO - Processing /home/ai/.local/lib/python3.9/site-packages/airflow/example_dags/example_skip_dag.py took 0.067 seconds
[2026-07-15T16:18:18.380+0200] {processor.py:157} INFO - Started process (PID=3408815) to work on /home/ai/.local/lib/python3.9/site-packages/airflow/example_dags/example_skip_dag.py
[2026-07-15T16:18:18.381+0200] {processor.py:829} INFO - Processing file /home/ai/.local/lib/python3.9/site-packages/airflow/example_dags/example_skip_dag.py for tasks to queue
[2026-07-15T16:18:18.382+0200] {logging_mixin.py:151} INFO - [2026-07-15T16:18:18.382+0200] {dagbag.py:536} INFO - Filling up the DagBag from /home/ai/.local/lib/python3.9/site-packages/airflow/example_dags/example_skip_dag.py
[2026-07-15T16:18:18.389+0200] {processor.py:839} INFO - DAG(s) dict_keys(['example_skip_dag']) retrieved from /home/ai/.local/lib/python3.9/site-packages/airflow/example_dags/example_skip_dag.py
[2026-07-15T16:18:18.406+0200] {logging_mixin.py:151} INFO - [2026-07-15T16:18:18.406+0200] {dag.py:2941} INFO - Sync 1 DAGs
[2026-07-15T16:18:18.424+0200] {logging_mixin.py:151} INFO - [2026-07-15T16:18:18.424+0200] {dag.py:3722} INFO - Setting next_dagrun for example_skip_dag to 2026-07-14T14:18:18.423938+00:00, run_after=2026-07-15T14:18:18.423938+00:00
[2026-07-15T16:18:20.245+0200] {processor.py:179} INFO - Processing /home/ai/.local/lib/python3.9/site-packages/airflow/example_dags/example_skip_dag.py took 1.871 seconds
[2026-07-15T16:19:54.506+0200] {processor.py:157} INFO - Started process (PID=3410454) to work on /home/ai/.local/lib/python3.9/site-packages/airflow/example_dags/example_skip_dag.py
[2026-07-15T16:19:54.507+0200] {processor.py:829} INFO - Processing file /home/ai/.local/lib/python3.9/site-packages/airflow/example_dags/example_skip_dag.py for tasks to queue
[2026-07-15T16:19:54.508+0200] {logging_mixin.py:151} INFO - [2026-07-15T16:19:54.508+0200] {dagbag.py:536} INFO - Filling up the DagBag from /home/ai/.local/lib/python3.9/site-packages/airflow/example_dags/example_skip_dag.py
[2026-07-15T16:19:54.516+0200] {processor.py:839} INFO - DAG(s) dict_keys(['example_skip_dag']) retrieved from /home/ai/.local/lib/python3.9/site-packages/airflow/example_dags/example_skip_dag.py
[2026-07-15T16:19:54.532+0200] {logging_mixin.py:151} INFO - [2026-07-15T16:19:54.532+0200] {dag.py:2941} INFO - Sync 1 DAGs
[2026-07-15T16:19:54.551+0200] {logging_mixin.py:151} INFO - [2026-07-15T16:19:54.551+0200] {dag.py:3722} INFO - Setting next_dagrun for example_skip_dag to 2026-07-14T14:19:54.550796+00:00, run_after=2026-07-15T14:19:54.550796+00:00
[2026-07-15T16:19:56.579+0200] {processor.py:179} INFO - Processing /home/ai/.local/lib/python3.9/site-packages/airflow/example_dags/example_skip_dag.py took 2.078 seconds
[2026-07-15T16:21:29.834+0200] {processor.py:157} INFO - Started process (PID=3412057) to work on /home/ai/.local/lib/python3.9/site-packages/airflow/example_dags/example_skip_dag.py
[2026-07-15T16:21:29.835+0200] {processor.py:829} INFO - Processing file /home/ai/.local/lib/python3.9/site-packages/airflow/example_dags/example_skip_dag.py for tasks to queue
[2026-07-15T16:21:29.836+0200] {logging_mixin.py:151} INFO - [2026-07-15T16:21:29.836+0200] {dagbag.py:536} INFO - Filling up the DagBag from /home/ai/.local/lib/python3.9/site-packages/airflow/example_dags/example_skip_dag.py
[2026-07-15T16:21:29.845+0200] {processor.py:839} INFO - DAG(s) dict_keys(['example_skip_dag']) retrieved from /home/ai/.local/lib/python3.9/site-packages/airflow/example_dags/example_skip_dag.py
[2026-07-15T16:21:29.860+0200] {logging_mixin.py:151} INFO - [2026-07-15T16:21:29.860+0200] {dag.py:2941} INFO - Sync 1 DAGs
[2026-07-15T16:21:29.879+0200] {logging_mixin.py:151} INFO - [2026-07-15T16:21:29.879+0200] {dag.py:3722} INFO - Setting next_dagrun for example_skip_dag to 2026-07-14T14:21:29.878795+00:00, run_after=2026-07-15T14:21:29.878795+00:00
[2026-07-15T16:21:29.898+0200] {processor.py:179} INFO - Processing /home/ai/.local/lib/python3.9/site-packages/airflow/example_dags/example_skip_dag.py took 0.067 seconds
[2026-07-15T16:22:59.143+0200] {processor.py:157} INFO - Started process (PID=3413606) to work on /home/ai/.local/lib/python3.9/site-packages/airflow/example_dags/example_skip_dag.py
[2026-07-15T16:22:59.144+0200] {processor.py:829} INFO - Processing file /home/ai/.local/lib/python3.9/site-packages/airflow/example_dags/example_skip_dag.py for tasks to queue
[2026-07-15T16:22:59.145+0200] {logging_mixin.py:151} INFO - [2026-07-15T16:22:59.145+0200] {dagbag.py:536} INFO - Filling up the DagBag from /home/ai/.local/lib/python3.9/site-packages/airflow/example_dags/example_skip_dag.py
[2026-07-15T16:22:59.153+0200] {processor.py:839} INFO - DAG(s) dict_keys(['example_skip_dag']) retrieved from /home/ai/.local/lib/python3.9/site-packages/airflow/example_dags/example_skip_dag.py
[2026-07-15T16:22:59.177+0200] {logging_mixin.py:151} INFO - [2026-07-15T16:22:59.176+0200] {dag.py:2941} INFO - Sync 1 DAGs
[2026-07-15T16:22:59.195+0200] {logging_mixin.py:151} INFO - [2026-07-15T16:22:59.195+0200] {dag.py:3722} INFO - Setting next_dagrun for example_skip_dag to 2026-07-14T14:22:59.194970+00:00, run_after=2026-07-15T14:22:59.194970+00:00
[2026-07-15T16:22:59.389+0200] {processor.py:179} INFO - Processing /home/ai/.local/lib/python3.9/site-packages/airflow/example_dags/example_skip_dag.py took 0.251 seconds
[2026-07-15T16:24:21.238+0200] {processor.py:157} INFO - Started process (PID=3415045) to work on /home/ai/.local/lib/python3.9/site-packages/airflow/example_dags/example_skip_dag.py
[2026-07-15T16:24:21.240+0200] {processor.py:829} INFO - Processing file /home/ai/.local/lib/python3.9/site-packages/airflow/example_dags/example_skip_dag.py for tasks to queue
[2026-07-15T16:24:21.241+0200] {logging_mixin.py:151} INFO - [2026-07-15T16:24:21.241+0200] {dagbag.py:536} INFO - Filling up the DagBag from /home/ai/.local/lib/python3.9/site-packages/airflow/example_dags/example_skip_dag.py
[2026-07-15T16:24:21.249+0200] {processor.py:839} INFO - DAG(s) dict_keys(['example_skip_dag']) retrieved from /home/ai/.local/lib/python3.9/site-packages/airflow/example_dags/example_skip_dag.py
[2026-07-15T16:24:21.265+0200] {logging_mixin.py:151} INFO - [2026-07-15T16:24:21.265+0200] {dag.py:2941} INFO - Sync 1 DAGs
[2026-07-15T16:24:21.287+0200] {logging_mixin.py:151} INFO - [2026-07-15T16:24:21.287+0200] {dag.py:3722} INFO - Setting next_dagrun for example_skip_dag to 2026-07-14T14:24:21.287440+00:00, run_after=2026-07-15T14:24:21.287440+00:00
[2026-07-15T16:24:21.305+0200] {processor.py:179} INFO - Processing /home/ai/.local/lib/python3.9/site-packages/airflow/example_dags/example_skip_dag.py took 0.073 seconds
[2026-07-15T16:25:41.788+0200] {processor.py:157} INFO - Started process (PID=3416403) to work on /home/ai/.local/lib/python3.9/site-packages/airflow/example_dags/example_skip_dag.py
[2026-07-15T16:25:41.790+0200] {processor.py:829} INFO - Processing file /home/ai/.local/lib/python3.9/site-packages/airflow/example_dags/example_skip_dag.py for tasks to queue
[2026-07-15T16:25:41.791+0200] {logging_mixin.py:151} INFO - [2026-07-15T16:25:41.791+0200] {dagbag.py:536} INFO - Filling up the DagBag from /home/ai/.local/lib/python3.9/site-packages/airflow/example_dags/example_skip_dag.py
[2026-07-15T16:25:41.799+0200] {processor.py:839} INFO - DAG(s) dict_keys(['example_skip_dag']) retrieved from /home/ai/.local/lib/python3.9/site-packages/airflow/example_dags/example_skip_dag.py
[2026-07-15T16:25:41.816+0200] {logging_mixin.py:151} INFO - [2026-07-15T16:25:41.816+0200] {dag.py:2941} INFO - Sync 1 DAGs
[2026-07-15T16:25:41.836+0200] {logging_mixin.py:151} INFO - [2026-07-15T16:25:41.836+0200] {dag.py:3722} INFO - Setting next_dagrun for example_skip_dag to 2026-07-14T14:25:41.836413+00:00, run_after=2026-07-15T14:25:41.836413+00:00
[2026-07-15T16:25:41.930+0200] {processor.py:179} INFO - Processing /home/ai/.local/lib/python3.9/site-packages/airflow/example_dags/example_skip_dag.py took 0.146 seconds
[2026-07-15T16:27:35.622+0200] {processor.py:157} INFO - Started process (PID=3418322) to work on /home/ai/.local/lib/python3.9/site-packages/airflow/example_dags/example_skip_dag.py
[2026-07-15T16:27:35.624+0200] {processor.py:829} INFO - Processing file /home/ai/.local/lib/python3.9/site-packages/airflow/example_dags/example_skip_dag.py for tasks to queue
[2026-07-15T16:27:35.625+0200] {logging_mixin.py:151} INFO - [2026-07-15T16:27:35.625+0200] {dagbag.py:536} INFO - Filling up the DagBag from /home/ai/.local/lib/python3.9/site-packages/airflow/example_dags/example_skip_dag.py
[2026-07-15T16:27:35.633+0200] {processor.py:839} INFO - DAG(s) dict_keys(['example_skip_dag']) retrieved from /home/ai/.local/lib/python3.9/site-packages/airflow/example_dags/example_skip_dag.py
[2026-07-15T16:27:35.648+0200] {logging_mixin.py:151} INFO - [2026-07-15T16:27:35.648+0200] {dag.py:2941} INFO - Sync 1 DAGs
[2026-07-15T16:27:35.665+0200] {logging_mixin.py:151} INFO - [2026-07-15T16:27:35.665+0200] {dag.py:3722} INFO - Setting next_dagrun for example_skip_dag to 2026-07-14T14:27:35.665334+00:00, run_after=2026-07-15T14:27:35.665334+00:00
[2026-07-15T16:27:35.995+0200] {processor.py:179} INFO - Processing /home/ai/.local/lib/python3.9/site-packages/airflow/example_dags/example_skip_dag.py took 0.376 seconds
[2026-07-15T16:29:09.180+0200] {processor.py:157} INFO - Started process (PID=3419873) to work on /home/ai/.local/lib/python3.9/site-packages/airflow/example_dags/example_skip_dag.py
[2026-07-15T16:29:09.181+0200] {processor.py:829} INFO - Processing file /home/ai/.local/lib/python3.9/site-packages/airflow/example_dags/example_skip_dag.py for tasks to queue
[2026-07-15T16:29:09.183+0200] {logging_mixin.py:151} INFO - [2026-07-15T16:29:09.182+0200] {dagbag.py:536} INFO - Filling up the DagBag from /home/ai/.local/lib/python3.9/site-packages/airflow/example_dags/example_skip_dag.py
[2026-07-15T16:29:09.191+0200] {processor.py:839} INFO - DAG(s) dict_keys(['example_skip_dag']) retrieved from /home/ai/.local/lib/python3.9/site-packages/airflow/example_dags/example_skip_dag.py
[2026-07-15T16:29:09.207+0200] {logging_mixin.py:151} INFO - [2026-07-15T16:29:09.207+0200] {dag.py:2941} INFO - Sync 1 DAGs
[2026-07-15T16:29:09.225+0200] {logging_mixin.py:151} INFO - [2026-07-15T16:29:09.225+0200] {dag.py:3722} INFO - Setting next_dagrun for example_skip_dag to 2026-07-14T14:29:09.225367+00:00, run_after=2026-07-15T14:29:09.225367+00:00
[2026-07-15T16:29:09.541+0200] {processor.py:179} INFO - Processing /home/ai/.local/lib/python3.9/site-packages/airflow/example_dags/example_skip_dag.py took 0.366 seconds
[2026-07-15T16:30:54.080+0200] {processor.py:157} INFO - Started process (PID=3421696) to work on /home/ai/.local/lib/python3.9/site-packages/airflow/example_dags/example_skip_dag.py
[2026-07-15T16:30:54.082+0200] {processor.py:829} INFO - Processing file /home/ai/.local/lib/python3.9/site-packages/airflow/example_dags/example_skip_dag.py for tasks to queue
[2026-07-15T16:30:54.083+0200] {logging_mixin.py:151} INFO - [2026-07-15T16:30:54.082+0200] {dagbag.py:536} INFO - Filling up the DagBag from /home/ai/.local/lib/python3.9/site-packages/airflow/example_dags/example_skip_dag.py
[2026-07-15T16:30:54.091+0200] {processor.py:839} INFO - DAG(s) dict_keys(['example_skip_dag']) retrieved from /home/ai/.local/lib/python3.9/site-packages/airflow/example_dags/example_skip_dag.py
[2026-07-15T16:30:54.109+0200] {logging_mixin.py:151} INFO - [2026-07-15T16:30:54.109+0200] {dag.py:2941} INFO - Sync 1 DAGs
[2026-07-15T16:30:54.128+0200] {logging_mixin.py:151} INFO - [2026-07-15T16:30:54.127+0200] {dag.py:3722} INFO - Setting next_dagrun for example_skip_dag to 2026-07-14T14:30:54.127561+00:00, run_after=2026-07-15T14:30:54.127561+00:00
[2026-07-15T16:30:54.146+0200] {processor.py:179} INFO - Processing /home/ai/.local/lib/python3.9/site-packages/airflow/example_dags/example_skip_dag.py took 0.072 seconds
[2026-07-15T16:32:23.092+0200] {processor.py:157} INFO - Started process (PID=3423128) to work on /home/ai/.local/lib/python3.9/site-packages/airflow/example_dags/example_skip_dag.py
[2026-07-15T16:32:23.094+0200] {processor.py:829} INFO - Processing file /home/ai/.local/lib/python3.9/site-packages/airflow/example_dags/example_skip_dag.py for tasks to queue
[2026-07-15T16:32:23.095+0200] {logging_mixin.py:151} INFO - [2026-07-15T16:32:23.094+0200] {dagbag.py:536} INFO - Filling up the DagBag from /home/ai/.local/lib/python3.9/site-packages/airflow/example_dags/example_skip_dag.py
[2026-07-15T16:32:23.102+0200] {processor.py:839} INFO - DAG(s) dict_keys(['example_skip_dag']) retrieved from /home/ai/.local/lib/python3.9/site-packages/airflow/example_dags/example_skip_dag.py
[2026-07-15T16:32:23.120+0200] {logging_mixin.py:151} INFO - [2026-07-15T16:32:23.120+0200] {dag.py:2941} INFO - Sync 1 DAGs
[2026-07-15T16:32:23.139+0200] {logging_mixin.py:151} INFO - [2026-07-15T16:32:23.139+0200] {dag.py:3722} INFO - Setting next_dagrun for example_skip_dag to 2026-07-14T14:32:23.139524+00:00, run_after=2026-07-15T14:32:23.139524+00:00
[2026-07-15T16:32:24.248+0200] {processor.py:179} INFO - Processing /home/ai/.local/lib/python3.9/site-packages/airflow/example_dags/example_skip_dag.py took 1.159 seconds
[2026-07-15T16:33:53.310+0200] {processor.py:157} INFO - Started process (PID=3424769) to work on /home/ai/.local/lib/python3.9/site-packages/airflow/example_dags/example_skip_dag.py
[2026-07-15T16:33:53.312+0200] {processor.py:829} INFO - Processing file /home/ai/.local/lib/python3.9/site-packages/airflow/example_dags/example_skip_dag.py for tasks to queue
[2026-07-15T16:33:53.313+0200] {logging_mixin.py:151} INFO - [2026-07-15T16:33:53.312+0200] {dagbag.py:536} INFO - Filling up the DagBag from /home/ai/.local/lib/python3.9/site-packages/airflow/example_dags/example_skip_dag.py
[2026-07-15T16:33:53.321+0200] {processor.py:839} INFO - DAG(s) dict_keys(['example_skip_dag']) retrieved from /home/ai/.local/lib/python3.9/site-packages/airflow/example_dags/example_skip_dag.py
[2026-07-15T16:33:53.337+0200] {logging_mixin.py:151} INFO - [2026-07-15T16:33:53.337+0200] {dag.py:2941} INFO - Sync 1 DAGs
[2026-07-15T16:33:53.355+0200] {logging_mixin.py:151} INFO - [2026-07-15T16:33:53.355+0200] {dag.py:3722} INFO - Setting next_dagrun for example_skip_dag to 2026-07-14T14:33:53.354955+00:00, run_after=2026-07-15T14:33:53.354955+00:00
[2026-07-15T16:33:53.373+0200] {processor.py:179} INFO - Processing /home/ai/.local/lib/python3.9/site-packages/airflow/example_dags/example_skip_dag.py took 0.066 seconds
[2026-07-15T16:35:22.770+0200] {processor.py:157} INFO - Started process (PID=3426263) to work on /home/ai/.local/lib/python3.9/site-packages/airflow/example_dags/example_skip_dag.py
[2026-07-15T16:35:22.771+0200] {processor.py:829} INFO - Processing file /home/ai/.local/lib/python3.9/site-packages/airflow/example_dags/example_skip_dag.py for tasks to queue
[2026-07-15T16:35:22.772+0200] {logging_mixin.py:151} INFO - [2026-07-15T16:35:22.772+0200] {dagbag.py:536} INFO - Filling up the DagBag from /home/ai/.local/lib/python3.9/site-packages/airflow/example_dags/example_skip_dag.py
[2026-07-15T16:35:22.779+0200] {processor.py:839} INFO - DAG(s) dict_keys(['example_skip_dag']) retrieved from /home/ai/.local/lib/python3.9/site-packages/airflow/example_dags/example_skip_dag.py
[2026-07-15T16:35:22.794+0200] {logging_mixin.py:151} INFO - [2026-07-15T16:35:22.794+0200] {dag.py:2941} INFO - Sync 1 DAGs
[2026-07-15T16:35:22.811+0200] {logging_mixin.py:151} INFO - [2026-07-15T16:35:22.811+0200] {dag.py:3722} INFO - Setting next_dagrun for example_skip_dag to 2026-07-14T14:35:22.811197+00:00, run_after=2026-07-15T14:35:22.811197+00:00
[2026-07-15T16:35:22.829+0200] {processor.py:179} INFO - Processing /home/ai/.local/lib/python3.9/site-packages/airflow/example_dags/example_skip_dag.py took 0.065 seconds
[2026-07-15T16:37:00.030+0200] {processor.py:157} INFO - Started process (PID=3428262) to work on /home/ai/.local/lib/python3.9/site-packages/airflow/example_dags/example_skip_dag.py
[2026-07-15T16:37:00.031+0200] {processor.py:829} INFO - Processing file /home/ai/.local/lib/python3.9/site-packages/airflow/example_dags/example_skip_dag.py for tasks to queue
[2026-07-15T16:37:00.032+0200] {logging_mixin.py:151} INFO - [2026-07-15T16:37:00.032+0200] {dagbag.py:536} INFO - Filling up the DagBag from /home/ai/.local/lib/python3.9/site-packages/airflow/example_dags/example_skip_dag.py
[2026-07-15T16:37:00.040+0200] {processor.py:839} INFO - DAG(s) dict_keys(['example_skip_dag']) retrieved from /home/ai/.local/lib/python3.9/site-packages/airflow/example_dags/example_skip_dag.py
[2026-07-15T16:37:00.055+0200] {logging_mixin.py:151} INFO - [2026-07-15T16:37:00.055+0200] {dag.py:2941} INFO - Sync 1 DAGs
[2026-07-15T16:37:00.072+0200] {logging_mixin.py:151} INFO - [2026-07-15T16:37:00.072+0200] {dag.py:3722} INFO - Setting next_dagrun for example_skip_dag to 2026-07-14T14:37:00.072285+00:00, run_after=2026-07-15T14:37:00.072285+00:00
[2026-07-15T16:37:00.955+0200] {processor.py:179} INFO - Processing /home/ai/.local/lib/python3.9/site-packages/airflow/example_dags/example_skip_dag.py took 0.931 seconds
[2026-07-15T16:38:46.308+0200] {processor.py:157} INFO - Started process (PID=3430375) to work on /home/ai/.local/lib/python3.9/site-packages/airflow/example_dags/example_skip_dag.py
[2026-07-15T16:38:46.310+0200] {processor.py:829} INFO - Processing file /home/ai/.local/lib/python3.9/site-packages/airflow/example_dags/example_skip_dag.py for tasks to queue
[2026-07-15T16:38:46.311+0200] {logging_mixin.py:151} INFO - [2026-07-15T16:38:46.311+0200] {dagbag.py:536} INFO - Filling up the DagBag from /home/ai/.local/lib/python3.9/site-packages/airflow/example_dags/example_skip_dag.py
[2026-07-15T16:38:46.321+0200] {processor.py:839} INFO - DAG(s) dict_keys(['example_skip_dag']) retrieved from /home/ai/.local/lib/python3.9/site-packages/airflow/example_dags/example_skip_dag.py
[2026-07-15T16:38:46.339+0200] {logging_mixin.py:151} INFO - [2026-07-15T16:38:46.339+0200] {dag.py:2941} INFO - Sync 1 DAGs
[2026-07-15T16:38:46.359+0200] {logging_mixin.py:151} INFO - [2026-07-15T16:38:46.359+0200] {dag.py:3722} INFO - Setting next_dagrun for example_skip_dag to 2026-07-14T14:38:46.358968+00:00, run_after=2026-07-15T14:38:46.358968+00:00
[2026-07-15T16:38:46.448+0200] {processor.py:179} INFO - Processing /home/ai/.local/lib/python3.9/site-packages/airflow/example_dags/example_skip_dag.py took 0.145 seconds
[2026-07-15T16:40:24.313+0200] {processor.py:157} INFO - Started process (PID=3432120) to work on /home/ai/.local/lib/python3.9/site-packages/airflow/example_dags/example_skip_dag.py
[2026-07-15T16:40:24.314+0200] {processor.py:829} INFO - Processing file /home/ai/.local/lib/python3.9/site-packages/airflow/example_dags/example_skip_dag.py for tasks to queue
[2026-07-15T16:40:24.315+0200] {logging_mixin.py:151} INFO - [2026-07-15T16:40:24.315+0200] {dagbag.py:536} INFO - Filling up the DagBag from /home/ai/.local/lib/python3.9/site-packages/airflow/example_dags/example_skip_dag.py
[2026-07-15T16:40:24.322+0200] {processor.py:839} INFO - DAG(s) dict_keys(['example_skip_dag']) retrieved from /home/ai/.local/lib/python3.9/site-packages/airflow/example_dags/example_skip_dag.py
[2026-07-15T16:40:24.339+0200] {logging_mixin.py:151} INFO - [2026-07-15T16:40:24.339+0200] {dag.py:2941} INFO - Sync 1 DAGs
[2026-07-15T16:40:24.356+0200] {logging_mixin.py:151} INFO - [2026-07-15T16:40:24.356+0200] {dag.py:3722} INFO - Setting next_dagrun for example_skip_dag to 2026-07-14T14:40:24.356478+00:00, run_after=2026-07-15T14:40:24.356478+00:00
[2026-07-15T16:40:26.413+0200] {processor.py:179} INFO - Processing /home/ai/.local/lib/python3.9/site-packages/airflow/example_dags/example_skip_dag.py took 2.106 seconds
[2026-07-15T16:42:09.332+0200] {processor.py:157} INFO - Started process (PID=3434021) to work on /home/ai/.local/lib/python3.9/site-packages/airflow/example_dags/example_skip_dag.py
[2026-07-15T16:42:09.334+0200] {processor.py:829} INFO - Processing file /home/ai/.local/lib/python3.9/site-packages/airflow/example_dags/example_skip_dag.py for tasks to queue
[2026-07-15T16:42:09.335+0200] {logging_mixin.py:151} INFO - [2026-07-15T16:42:09.335+0200] {dagbag.py:536} INFO - Filling up the DagBag from /home/ai/.local/lib/python3.9/site-packages/airflow/example_dags/example_skip_dag.py
[2026-07-15T16:42:09.344+0200] {processor.py:839} INFO - DAG(s) dict_keys(['example_skip_dag']) retrieved from /home/ai/.local/lib/python3.9/site-packages/airflow/example_dags/example_skip_dag.py
[2026-07-15T16:42:09.361+0200] {logging_mixin.py:151} INFO - [2026-07-15T16:42:09.360+0200] {dag.py:2941} INFO - Sync 1 DAGs
[2026-07-15T16:42:09.379+0200] {logging_mixin.py:151} INFO - [2026-07-15T16:42:09.379+0200] {dag.py:3722} INFO - Setting next_dagrun for example_skip_dag to 2026-07-14T14:42:09.379331+00:00, run_after=2026-07-15T14:42:09.379331+00:00
[2026-07-15T16:42:09.399+0200] {processor.py:179} INFO - Processing /home/ai/.local/lib/python3.9/site-packages/airflow/example_dags/example_skip_dag.py took 0.071 seconds
[2026-07-15T16:43:50.393+0200] {processor.py:157} INFO - Started process (PID=3435773) to work on /home/ai/.local/lib/python3.9/site-packages/airflow/example_dags/example_skip_dag.py
[2026-07-15T16:43:50.395+0200] {processor.py:829} INFO - Processing file /home/ai/.local/lib/python3.9/site-packages/airflow/example_dags/example_skip_dag.py for tasks to queue
[2026-07-15T16:43:50.396+0200] {logging_mixin.py:151} INFO - [2026-07-15T16:43:50.395+0200] {dagbag.py:536} INFO - Filling up the DagBag from /home/ai/.local/lib/python3.9/site-packages/airflow/example_dags/example_skip_dag.py
[2026-07-15T16:43:50.404+0200] {processor.py:839} INFO - DAG(s) dict_keys(['example_skip_dag']) retrieved from /home/ai/.local/lib/python3.9/site-packages/airflow/example_dags/example_skip_dag.py
[2026-07-15T16:43:50.421+0200] {logging_mixin.py:151} INFO - [2026-07-15T16:43:50.421+0200] {dag.py:2941} INFO - Sync 1 DAGs
[2026-07-15T16:43:50.440+0200] {logging_mixin.py:151} INFO - [2026-07-15T16:43:50.440+0200] {dag.py:3722} INFO - Setting next_dagrun for example_skip_dag to 2026-07-14T14:43:50.440246+00:00, run_after=2026-07-15T14:43:50.440246+00:00
[2026-07-15T16:43:50.466+0200] {processor.py:179} INFO - Processing /home/ai/.local/lib/python3.9/site-packages/airflow/example_dags/example_skip_dag.py took 0.079 seconds
[2026-07-15T16:45:27.781+0200] {processor.py:157} INFO - Started process (PID=3437597) to work on /home/ai/.local/lib/python3.9/site-packages/airflow/example_dags/example_skip_dag.py
[2026-07-15T16:45:27.783+0200] {processor.py:829} INFO - Processing file /home/ai/.local/lib/python3.9/site-packages/airflow/example_dags/example_skip_dag.py for tasks to queue
[2026-07-15T16:45:27.784+0200] {logging_mixin.py:151} INFO - [2026-07-15T16:45:27.783+0200] {dagbag.py:536} INFO - Filling up the DagBag from /home/ai/.local/lib/python3.9/site-packages/airflow/example_dags/example_skip_dag.py
[2026-07-15T16:45:27.792+0200] {processor.py:839} INFO - DAG(s) dict_keys(['example_skip_dag']) retrieved from /home/ai/.local/lib/python3.9/site-packages/airflow/example_dags/example_skip_dag.py
[2026-07-15T16:45:27.810+0200] {logging_mixin.py:151} INFO - [2026-07-15T16:45:27.810+0200] {dag.py:2941} INFO - Sync 1 DAGs
[2026-07-15T16:45:27.830+0200] {logging_mixin.py:151} INFO - [2026-07-15T16:45:27.830+0200] {dag.py:3722} INFO - Setting next_dagrun for example_skip_dag to 2026-07-14T14:45:27.830347+00:00, run_after=2026-07-15T14:45:27.830347+00:00
[2026-07-15T16:45:28.390+0200] {processor.py:179} INFO - Processing /home/ai/.local/lib/python3.9/site-packages/airflow/example_dags/example_skip_dag.py took 0.615 seconds
[2026-07-15T16:46:40.460+0200] {processor.py:157} INFO - Started process (PID=3438767) to work on /home/ai/.local/lib/python3.9/site-packages/airflow/example_dags/example_skip_dag.py
[2026-07-15T16:46:40.461+0200] {processor.py:829} INFO - Processing file /home/ai/.local/lib/python3.9/site-packages/airflow/example_dags/example_skip_dag.py for tasks to queue
[2026-07-15T16:46:40.463+0200] {logging_mixin.py:151} INFO - [2026-07-15T16:46:40.462+0200] {dagbag.py:536} INFO - Filling up the DagBag from /home/ai/.local/lib/python3.9/site-packages/airflow/example_dags/example_skip_dag.py
[2026-07-15T16:46:40.470+0200] {processor.py:839} INFO - DAG(s) dict_keys(['example_skip_dag']) retrieved from /home/ai/.local/lib/python3.9/site-packages/airflow/example_dags/example_skip_dag.py
[2026-07-15T16:46:40.486+0200] {logging_mixin.py:151} INFO - [2026-07-15T16:46:40.486+0200] {dag.py:2941} INFO - Sync 1 DAGs
[2026-07-15T16:46:40.504+0200] {logging_mixin.py:151} INFO - [2026-07-15T16:46:40.504+0200] {dag.py:3722} INFO - Setting next_dagrun for example_skip_dag to 2026-07-14T14:46:40.503929+00:00, run_after=2026-07-15T14:46:40.503929+00:00
[2026-07-15T16:46:40.562+0200] {processor.py:179} INFO - Processing /home/ai/.local/lib/python3.9/site-packages/airflow/example_dags/example_skip_dag.py took 0.106 seconds
[2026-07-15T16:48:31.681+0200] {processor.py:157} INFO - Started process (PID=3440694) to work on /home/ai/.local/lib/python3.9/site-packages/airflow/example_dags/example_skip_dag.py
[2026-07-15T16:48:31.683+0200] {processor.py:829} INFO - Processing file /home/ai/.local/lib/python3.9/site-packages/airflow/example_dags/example_skip_dag.py for tasks to queue
[2026-07-15T16:48:31.684+0200] {logging_mixin.py:151} INFO - [2026-07-15T16:48:31.683+0200] {dagbag.py:536} INFO - Filling up the DagBag from /home/ai/.local/lib/python3.9/site-packages/airflow/example_dags/example_skip_dag.py
[2026-07-15T16:48:31.692+0200] {processor.py:839} INFO - DAG(s) dict_keys(['example_skip_dag']) retrieved from /home/ai/.local/lib/python3.9/site-packages/airflow/example_dags/example_skip_dag.py
[2026-07-15T16:48:31.707+0200] {logging_mixin.py:151} INFO - [2026-07-15T16:48:31.707+0200] {dag.py:2941} INFO - Sync 1 DAGs
[2026-07-15T16:48:31.724+0200] {logging_mixin.py:151} INFO - [2026-07-15T16:48:31.724+0200] {dag.py:3722} INFO - Setting next_dagrun for example_skip_dag to 2026-07-14T14:48:31.724283+00:00, run_after=2026-07-15T14:48:31.724283+00:00
[2026-07-15T16:48:31.742+0200] {processor.py:179} INFO - Processing /home/ai/.local/lib/python3.9/site-packages/airflow/example_dags/example_skip_dag.py took 0.068 seconds
[2026-07-15T16:50:24.663+0200] {processor.py:157} INFO - Started process (PID=3442572) to work on /home/ai/.local/lib/python3.9/site-packages/airflow/example_dags/example_skip_dag.py
[2026-07-15T16:50:24.665+0200] {processor.py:829} INFO - Processing file /home/ai/.local/lib/python3.9/site-packages/airflow/example_dags/example_skip_dag.py for tasks to queue
[2026-07-15T16:50:24.665+0200] {logging_mixin.py:151} INFO - [2026-07-15T16:50:24.665+0200] {dagbag.py:536} INFO - Filling up the DagBag from /home/ai/.local/lib/python3.9/site-packages/airflow/example_dags/example_skip_dag.py
[2026-07-15T16:50:24.673+0200] {processor.py:839} INFO - DAG(s) dict_keys(['example_skip_dag']) retrieved from /home/ai/.local/lib/python3.9/site-packages/airflow/example_dags/example_skip_dag.py
[2026-07-15T16:50:24.689+0200] {logging_mixin.py:151} INFO - [2026-07-15T16:50:24.689+0200] {dag.py:2941} INFO - Sync 1 DAGs
[2026-07-15T16:50:24.706+0200] {logging_mixin.py:151} INFO - [2026-07-15T16:50:24.705+0200] {dag.py:3722} INFO - Setting next_dagrun for example_skip_dag to 2026-07-14T14:50:24.705712+00:00, run_after=2026-07-15T14:50:24.705712+00:00
[2026-07-15T16:50:24.724+0200] {processor.py:179} INFO - Processing /home/ai/.local/lib/python3.9/site-packages/airflow/example_dags/example_skip_dag.py took 0.064 seconds
[2026-07-15T16:52:24.305+0200] {processor.py:157} INFO - Started process (PID=3444598) to work on /home/ai/.local/lib/python3.9/site-packages/airflow/example_dags/example_skip_dag.py
[2026-07-15T16:52:24.306+0200] {processor.py:829} INFO - Processing file /home/ai/.local/lib/python3.9/site-packages/airflow/example_dags/example_skip_dag.py for tasks to queue
[2026-07-15T16:52:24.307+0200] {logging_mixin.py:151} INFO - [2026-07-15T16:52:24.307+0200] {dagbag.py:536} INFO - Filling up the DagBag from /home/ai/.local/lib/python3.9/site-packages/airflow/example_dags/example_skip_dag.py
[2026-07-15T16:52:24.315+0200] {processor.py:839} INFO - DAG(s) dict_keys(['example_skip_dag']) retrieved from /home/ai/.local/lib/python3.9/site-packages/airflow/example_dags/example_skip_dag.py
[2026-07-15T16:52:24.332+0200] {logging_mixin.py:151} INFO - [2026-07-15T16:52:24.331+0200] {dag.py:2941} INFO - Sync 1 DAGs
[2026-07-15T16:52:24.350+0200] {logging_mixin.py:151} INFO - [2026-07-15T16:52:24.350+0200] {dag.py:3722} INFO - Setting next_dagrun for example_skip_dag to 2026-07-14T14:52:24.350400+00:00, run_after=2026-07-15T14:52:24.350400+00:00
[2026-07-15T16:52:24.437+0200] {processor.py:179} INFO - Processing /home/ai/.local/lib/python3.9/site-packages/airflow/example_dags/example_skip_dag.py took 0.136 seconds
[2026-07-15T16:54:41.918+0200] {processor.py:157} INFO - Started process (PID=3446882) to work on /home/ai/.local/lib/python3.9/site-packages/airflow/example_dags/example_skip_dag.py
[2026-07-15T16:54:41.920+0200] {processor.py:829} INFO - Processing file /home/ai/.local/lib/python3.9/site-packages/airflow/example_dags/example_skip_dag.py for tasks to queue
[2026-07-15T16:54:41.921+0200] {logging_mixin.py:151} INFO - [2026-07-15T16:54:41.921+0200] {dagbag.py:536} INFO - Filling up the DagBag from /home/ai/.local/lib/python3.9/site-packages/airflow/example_dags/example_skip_dag.py
[2026-07-15T16:54:41.929+0200] {processor.py:839} INFO - DAG(s) dict_keys(['example_skip_dag']) retrieved from /home/ai/.local/lib/python3.9/site-packages/airflow/example_dags/example_skip_dag.py
[2026-07-15T16:54:41.945+0200] {logging_mixin.py:151} INFO - [2026-07-15T16:54:41.945+0200] {dag.py:2941} INFO - Sync 1 DAGs
[2026-07-15T16:54:41.963+0200] {logging_mixin.py:151} INFO - [2026-07-15T16:54:41.963+0200] {dag.py:3722} INFO - Setting next_dagrun for example_skip_dag to 2026-07-14T14:54:41.963189+00:00, run_after=2026-07-15T14:54:41.963189+00:00
[2026-07-15T16:54:42.354+0200] {processor.py:179} INFO - Processing /home/ai/.local/lib/python3.9/site-packages/airflow/example_dags/example_skip_dag.py took 0.442 seconds
[2026-07-15T16:56:52.273+0200] {processor.py:157} INFO - Started process (PID=3449058) to work on /home/ai/.local/lib/python3.9/site-packages/airflow/example_dags/example_skip_dag.py
[2026-07-15T16:56:52.274+0200] {processor.py:829} INFO - Processing file /home/ai/.local/lib/python3.9/site-packages/airflow/example_dags/example_skip_dag.py for tasks to queue
[2026-07-15T16:56:52.275+0200] {logging_mixin.py:151} INFO - [2026-07-15T16:56:52.275+0200] {dagbag.py:536} INFO - Filling up the DagBag from /home/ai/.local/lib/python3.9/site-packages/airflow/example_dags/example_skip_dag.py
[2026-07-15T16:56:52.283+0200] {processor.py:839} INFO - DAG(s) dict_keys(['example_skip_dag']) retrieved from /home/ai/.local/lib/python3.9/site-packages/airflow/example_dags/example_skip_dag.py
[2026-07-15T16:56:52.299+0200] {logging_mixin.py:151} INFO - [2026-07-15T16:56:52.299+0200] {dag.py:2941} INFO - Sync 1 DAGs
[2026-07-15T16:56:52.317+0200] {logging_mixin.py:151} INFO - [2026-07-15T16:56:52.317+0200] {dag.py:3722} INFO - Setting next_dagrun for example_skip_dag to 2026-07-14T14:56:52.316983+00:00, run_after=2026-07-15T14:56:52.316983+00:00
[2026-07-15T16:56:52.402+0200] {processor.py:179} INFO - Processing /home/ai/.local/lib/python3.9/site-packages/airflow/example_dags/example_skip_dag.py took 0.133 seconds
[2026-07-15T16:59:39.528+0200] {processor.py:157} INFO - Started process (PID=3452121) to work on /home/ai/.local/lib/python3.9/site-packages/airflow/example_dags/example_skip_dag.py
[2026-07-15T16:59:39.530+0200] {processor.py:829} INFO - Processing file /home/ai/.local/lib/python3.9/site-packages/airflow/example_dags/example_skip_dag.py for tasks to queue
[2026-07-15T16:59:39.531+0200] {logging_mixin.py:151} INFO - [2026-07-15T16:59:39.530+0200] {dagbag.py:536} INFO - Filling up the DagBag from /home/ai/.local/lib/python3.9/site-packages/airflow/example_dags/example_skip_dag.py
[2026-07-15T16:59:39.539+0200] {processor.py:839} INFO - DAG(s) dict_keys(['example_skip_dag']) retrieved from /home/ai/.local/lib/python3.9/site-packages/airflow/example_dags/example_skip_dag.py
[2026-07-15T16:59:39.555+0200] {logging_mixin.py:151} INFO - [2026-07-15T16:59:39.555+0200] {dag.py:2941} INFO - Sync 1 DAGs
[2026-07-15T16:59:39.574+0200] {logging_mixin.py:151} INFO - [2026-07-15T16:59:39.573+0200] {dag.py:3722} INFO - Setting next_dagrun for example_skip_dag to 2026-07-14T14:59:39.573725+00:00, run_after=2026-07-15T14:59:39.573725+00:00
[2026-07-15T16:59:39.825+0200] {processor.py:179} INFO - Processing /home/ai/.local/lib/python3.9/site-packages/airflow/example_dags/example_skip_dag.py took 0.303 seconds
[2026-07-15T17:01:21.140+0200] {processor.py:157} INFO - Started process (PID=3453865) to work on /home/ai/.local/lib/python3.9/site-packages/airflow/example_dags/example_skip_dag.py
[2026-07-15T17:01:21.141+0200] {processor.py:829} INFO - Processing file /home/ai/.local/lib/python3.9/site-packages/airflow/example_dags/example_skip_dag.py for tasks to queue
[2026-07-15T17:01:21.142+0200] {logging_mixin.py:151} INFO - [2026-07-15T17:01:21.142+0200] {dagbag.py:536} INFO - Filling up the DagBag from /home/ai/.local/lib/python3.9/site-packages/airflow/example_dags/example_skip_dag.py
[2026-07-15T17:01:21.150+0200] {processor.py:839} INFO - DAG(s) dict_keys(['example_skip_dag']) retrieved from /home/ai/.local/lib/python3.9/site-packages/airflow/example_dags/example_skip_dag.py
[2026-07-15T17:01:21.804+0200] {logging_mixin.py:151} INFO - [2026-07-15T17:01:21.804+0200] {dag.py:2941} INFO - Sync 1 DAGs
[2026-07-15T17:01:21.826+0200] {logging_mixin.py:151} INFO - [2026-07-15T17:01:21.826+0200] {dag.py:3722} INFO - Setting next_dagrun for example_skip_dag to 2026-07-14T15:01:21.825950+00:00, run_after=2026-07-15T15:01:21.825950+00:00
[2026-07-15T17:01:22.634+0200] {processor.py:179} INFO - Processing /home/ai/.local/lib/python3.9/site-packages/airflow/example_dags/example_skip_dag.py took 1.500 seconds
[2026-07-15T17:03:19.445+0200] {processor.py:157} INFO - Started process (PID=3456044) to work on /home/ai/.local/lib/python3.9/site-packages/airflow/example_dags/example_skip_dag.py
[2026-07-15T17:03:19.449+0200] {processor.py:829} INFO - Processing file /home/ai/.local/lib/python3.9/site-packages/airflow/example_dags/example_skip_dag.py for tasks to queue
[2026-07-15T17:03:19.450+0200] {logging_mixin.py:151} INFO - [2026-07-15T17:03:19.449+0200] {dagbag.py:536} INFO - Filling up the DagBag from /home/ai/.local/lib/python3.9/site-packages/airflow/example_dags/example_skip_dag.py
[2026-07-15T17:03:19.461+0200] {processor.py:839} INFO - DAG(s) dict_keys(['example_skip_dag']) retrieved from /home/ai/.local/lib/python3.9/site-packages/airflow/example_dags/example_skip_dag.py
[2026-07-15T17:03:19.478+0200] {logging_mixin.py:151} INFO - [2026-07-15T17:03:19.478+0200] {dag.py:2941} INFO - Sync 1 DAGs
[2026-07-15T17:03:19.496+0200] {logging_mixin.py:151} INFO - [2026-07-15T17:03:19.496+0200] {dag.py:3722} INFO - Setting next_dagrun for example_skip_dag to 2026-07-14T15:03:19.496006+00:00, run_after=2026-07-15T15:03:19.496006+00:00
[2026-07-15T17:03:20.211+0200] {processor.py:179} INFO - Processing /home/ai/.local/lib/python3.9/site-packages/airflow/example_dags/example_skip_dag.py took 0.775 seconds
[2026-07-15T17:04:35.434+0200] {processor.py:157} INFO - Started process (PID=3457247) to work on /home/ai/.local/lib/python3.9/site-packages/airflow/example_dags/example_skip_dag.py
[2026-07-15T17:04:35.436+0200] {processor.py:829} INFO - Processing file /home/ai/.local/lib/python3.9/site-packages/airflow/example_dags/example_skip_dag.py for tasks to queue
[2026-07-15T17:04:35.437+0200] {logging_mixin.py:151} INFO - [2026-07-15T17:04:35.437+0200] {dagbag.py:536} INFO - Filling up the DagBag from /home/ai/.local/lib/python3.9/site-packages/airflow/example_dags/example_skip_dag.py
[2026-07-15T17:04:35.445+0200] {processor.py:839} INFO - DAG(s) dict_keys(['example_skip_dag']) retrieved from /home/ai/.local/lib/python3.9/site-packages/airflow/example_dags/example_skip_dag.py
[2026-07-15T17:04:35.460+0200] {logging_mixin.py:151} INFO - [2026-07-15T17:04:35.460+0200] {dag.py:2941} INFO - Sync 1 DAGs
[2026-07-15T17:04:35.477+0200] {logging_mixin.py:151} INFO - [2026-07-15T17:04:35.477+0200] {dag.py:3722} INFO - Setting next_dagrun for example_skip_dag to 2026-07-14T15:04:35.476938+00:00, run_after=2026-07-15T15:04:35.476938+00:00
[2026-07-15T17:04:39.065+0200] {processor.py:179} INFO - Processing /home/ai/.local/lib/python3.9/site-packages/airflow/example_dags/example_skip_dag.py took 3.636 seconds
[2026-07-15T17:06:46.401+0200] {processor.py:157} INFO - Started process (PID=3459387) to work on /home/ai/.local/lib/python3.9/site-packages/airflow/example_dags/example_skip_dag.py
[2026-07-15T17:06:46.402+0200] {processor.py:829} INFO - Processing file /home/ai/.local/lib/python3.9/site-packages/airflow/example_dags/example_skip_dag.py for tasks to queue
[2026-07-15T17:06:46.403+0200] {logging_mixin.py:151} INFO - [2026-07-15T17:06:46.403+0200] {dagbag.py:536} INFO - Filling up the DagBag from /home/ai/.local/lib/python3.9/site-packages/airflow/example_dags/example_skip_dag.py
[2026-07-15T17:06:46.411+0200] {processor.py:839} INFO - DAG(s) dict_keys(['example_skip_dag']) retrieved from /home/ai/.local/lib/python3.9/site-packages/airflow/example_dags/example_skip_dag.py
[2026-07-15T17:06:46.431+0200] {logging_mixin.py:151} INFO - [2026-07-15T17:06:46.431+0200] {dag.py:2941} INFO - Sync 1 DAGs
[2026-07-15T17:06:46.450+0200] {logging_mixin.py:151} INFO - [2026-07-15T17:06:46.450+0200] {dag.py:3722} INFO - Setting next_dagrun for example_skip_dag to 2026-07-14T15:06:46.449802+00:00, run_after=2026-07-15T15:06:46.449802+00:00
[2026-07-15T17:06:46.472+0200] {processor.py:179} INFO - Processing /home/ai/.local/lib/python3.9/site-packages/airflow/example_dags/example_skip_dag.py took 0.077 seconds
[2026-07-15T17:09:36.869+0200] {processor.py:157} INFO - Started process (PID=3462323) to work on /home/ai/.local/lib/python3.9/site-packages/airflow/example_dags/example_skip_dag.py
[2026-07-15T17:09:36.870+0200] {processor.py:829} INFO - Processing file /home/ai/.local/lib/python3.9/site-packages/airflow/example_dags/example_skip_dag.py for tasks to queue
[2026-07-15T17:09:36.872+0200] {logging_mixin.py:151} INFO - [2026-07-15T17:09:36.871+0200] {dagbag.py:536} INFO - Filling up the DagBag from /home/ai/.local/lib/python3.9/site-packages/airflow/example_dags/example_skip_dag.py
[2026-07-15T17:09:36.882+0200] {processor.py:839} INFO - DAG(s) dict_keys(['example_skip_dag']) retrieved from /home/ai/.local/lib/python3.9/site-packages/airflow/example_dags/example_skip_dag.py
[2026-07-15T17:09:36.902+0200] {logging_mixin.py:151} INFO - [2026-07-15T17:09:36.902+0200] {dag.py:2941} INFO - Sync 1 DAGs
[2026-07-15T17:09:36.920+0200] {logging_mixin.py:151} INFO - [2026-07-15T17:09:36.920+0200] {dag.py:3722} INFO - Setting next_dagrun for example_skip_dag to 2026-07-14T15:09:36.920232+00:00, run_after=2026-07-15T15:09:36.920232+00:00
[2026-07-15T17:09:38.405+0200] {processor.py:179} INFO - Processing /home/ai/.local/lib/python3.9/site-packages/airflow/example_dags/example_skip_dag.py took 1.541 seconds
[2026-07-15T17:11:22.240+0200] {processor.py:157} INFO - Started process (PID=3464050) to work on /home/ai/.local/lib/python3.9/site-packages/airflow/example_dags/example_skip_dag.py
[2026-07-15T17:11:22.241+0200] {processor.py:829} INFO - Processing file /home/ai/.local/lib/python3.9/site-packages/airflow/example_dags/example_skip_dag.py for tasks to queue
[2026-07-15T17:11:22.242+0200] {logging_mixin.py:151} INFO - [2026-07-15T17:11:22.242+0200] {dagbag.py:536} INFO - Filling up the DagBag from /home/ai/.local/lib/python3.9/site-packages/airflow/example_dags/example_skip_dag.py
[2026-07-15T17:11:22.251+0200] {processor.py:839} INFO - DAG(s) dict_keys(['example_skip_dag']) retrieved from /home/ai/.local/lib/python3.9/site-packages/airflow/example_dags/example_skip_dag.py
[2026-07-15T17:11:22.268+0200] {logging_mixin.py:151} INFO - [2026-07-15T17:11:22.267+0200] {dag.py:2941} INFO - Sync 1 DAGs
[2026-07-15T17:11:22.286+0200] {logging_mixin.py:151} INFO - [2026-07-15T17:11:22.285+0200] {dag.py:3722} INFO - Setting next_dagrun for example_skip_dag to 2026-07-14T15:11:22.285731+00:00, run_after=2026-07-15T15:11:22.285731+00:00
[2026-07-15T17:11:22.578+0200] {processor.py:179} INFO - Processing /home/ai/.local/lib/python3.9/site-packages/airflow/example_dags/example_skip_dag.py took 0.345 seconds
[2026-07-15T17:12:30.747+0200] {processor.py:157} INFO - Started process (PID=3465195) to work on /home/ai/.local/lib/python3.9/site-packages/airflow/example_dags/example_skip_dag.py
[2026-07-15T17:12:30.749+0200] {processor.py:829} INFO - Processing file /home/ai/.local/lib/python3.9/site-packages/airflow/example_dags/example_skip_dag.py for tasks to queue
[2026-07-15T17:12:30.750+0200] {logging_mixin.py:151} INFO - [2026-07-15T17:12:30.749+0200] {dagbag.py:536} INFO - Filling up the DagBag from /home/ai/.local/lib/python3.9/site-packages/airflow/example_dags/example_skip_dag.py
[2026-07-15T17:12:30.757+0200] {processor.py:839} INFO - DAG(s) dict_keys(['example_skip_dag']) retrieved from /home/ai/.local/lib/python3.9/site-packages/airflow/example_dags/example_skip_dag.py
[2026-07-15T17:12:30.774+0200] {logging_mixin.py:151} INFO - [2026-07-15T17:12:30.774+0200] {dag.py:2941} INFO - Sync 1 DAGs
[2026-07-15T17:12:30.793+0200] {logging_mixin.py:151} INFO - [2026-07-15T17:12:30.793+0200] {dag.py:3722} INFO - Setting next_dagrun for example_skip_dag to 2026-07-14T15:12:30.793462+00:00, run_after=2026-07-15T15:12:30.793462+00:00
[2026-07-15T17:12:30.814+0200] {processor.py:179} INFO - Processing /home/ai/.local/lib/python3.9/site-packages/airflow/example_dags/example_skip_dag.py took 0.070 seconds
[2026-07-15T17:14:03.191+0200] {processor.py:157} INFO - Started process (PID=3467000) to work on /home/ai/.local/lib/python3.9/site-packages/airflow/example_dags/example_skip_dag.py
[2026-07-15T17:14:03.192+0200] {processor.py:829} INFO - Processing file /home/ai/.local/lib/python3.9/site-packages/airflow/example_dags/example_skip_dag.py for tasks to queue
[2026-07-15T17:14:03.194+0200] {logging_mixin.py:151} INFO - [2026-07-15T17:14:03.193+0200] {dagbag.py:536} INFO - Filling up the DagBag from /home/ai/.local/lib/python3.9/site-packages/airflow/example_dags/example_skip_dag.py
[2026-07-15T17:14:03.202+0200] {processor.py:839} INFO - DAG(s) dict_keys(['example_skip_dag']) retrieved from /home/ai/.local/lib/python3.9/site-packages/airflow/example_dags/example_skip_dag.py
[2026-07-15T17:14:03.219+0200] {logging_mixin.py:151} INFO - [2026-07-15T17:14:03.219+0200] {dag.py:2941} INFO - Sync 1 DAGs
[2026-07-15T17:14:03.238+0200] {logging_mixin.py:151} INFO - [2026-07-15T17:14:03.238+0200] {dag.py:3722} INFO - Setting next_dagrun for example_skip_dag to 2026-07-14T15:14:03.237932+00:00, run_after=2026-07-15T15:14:03.237932+00:00
[2026-07-15T17:14:03.311+0200] {processor.py:179} INFO - Processing /home/ai/.local/lib/python3.9/site-packages/airflow/example_dags/example_skip_dag.py took 0.124 seconds
[2026-07-15T17:15:34.607+0200] {processor.py:157} INFO - Started process (PID=3468765) to work on /home/ai/.local/lib/python3.9/site-packages/airflow/example_dags/example_skip_dag.py
[2026-07-15T17:15:34.608+0200] {processor.py:829} INFO - Processing file /home/ai/.local/lib/python3.9/site-packages/airflow/example_dags/example_skip_dag.py for tasks to queue
[2026-07-15T17:15:34.609+0200] {logging_mixin.py:151} INFO - [2026-07-15T17:15:34.609+0200] {dagbag.py:536} INFO - Filling up the DagBag from /home/ai/.local/lib/python3.9/site-packages/airflow/example_dags/example_skip_dag.py
[2026-07-15T17:15:34.617+0200] {processor.py:839} INFO - DAG(s) dict_keys(['example_skip_dag']) retrieved from /home/ai/.local/lib/python3.9/site-packages/airflow/example_dags/example_skip_dag.py
[2026-07-15T17:15:34.632+0200] {logging_mixin.py:151} INFO - [2026-07-15T17:15:34.632+0200] {dag.py:2941} INFO - Sync 1 DAGs
[2026-07-15T17:15:34.651+0200] {logging_mixin.py:151} INFO - [2026-07-15T17:15:34.651+0200] {dag.py:3722} INFO - Setting next_dagrun for example_skip_dag to 2026-07-14T15:15:34.650710+00:00, run_after=2026-07-15T15:15:34.650710+00:00
[2026-07-15T17:15:34.670+0200] {processor.py:179} INFO - Processing /home/ai/.local/lib/python3.9/site-packages/airflow/example_dags/example_skip_dag.py took 0.069 seconds
[2026-07-15T17:17:15.664+0200] {processor.py:157} INFO - Started process (PID=3470966) to work on /home/ai/.local/lib/python3.9/site-packages/airflow/example_dags/example_skip_dag.py
[2026-07-15T17:17:15.674+0200] {processor.py:829} INFO - Processing file /home/ai/.local/lib/python3.9/site-packages/airflow/example_dags/example_skip_dag.py for tasks to queue
[2026-07-15T17:17:15.675+0200] {logging_mixin.py:151} INFO - [2026-07-15T17:17:15.675+0200] {dagbag.py:536} INFO - Filling up the DagBag from /home/ai/.local/lib/python3.9/site-packages/airflow/example_dags/example_skip_dag.py
[2026-07-15T17:17:15.683+0200] {processor.py:839} INFO - DAG(s) dict_keys(['example_skip_dag']) retrieved from /home/ai/.local/lib/python3.9/site-packages/airflow/example_dags/example_skip_dag.py
[2026-07-15T17:17:15.699+0200] {logging_mixin.py:151} INFO - [2026-07-15T17:17:15.699+0200] {dag.py:2941} INFO - Sync 1 DAGs
[2026-07-15T17:17:15.717+0200] {logging_mixin.py:151} INFO - [2026-07-15T17:17:15.716+0200] {dag.py:3722} INFO - Setting next_dagrun for example_skip_dag to 2026-07-14T15:17:15.716658+00:00, run_after=2026-07-15T15:17:15.716658+00:00
[2026-07-15T17:17:15.815+0200] {processor.py:179} INFO - Processing /home/ai/.local/lib/python3.9/site-packages/airflow/example_dags/example_skip_dag.py took 0.155 seconds
[2026-07-15T17:19:26.791+0200] {processor.py:157} INFO - Started process (PID=3473622) to work on /home/ai/.local/lib/python3.9/site-packages/airflow/example_dags/example_skip_dag.py
[2026-07-15T17:19:26.793+0200] {processor.py:829} INFO - Processing file /home/ai/.local/lib/python3.9/site-packages/airflow/example_dags/example_skip_dag.py for tasks to queue
[2026-07-15T17:19:26.794+0200] {logging_mixin.py:151} INFO - [2026-07-15T17:19:26.793+0200] {dagbag.py:536} INFO - Filling up the DagBag from /home/ai/.local/lib/python3.9/site-packages/airflow/example_dags/example_skip_dag.py
[2026-07-15T17:19:26.802+0200] {processor.py:839} INFO - DAG(s) dict_keys(['example_skip_dag']) retrieved from /home/ai/.local/lib/python3.9/site-packages/airflow/example_dags/example_skip_dag.py
[2026-07-15T17:19:26.818+0200] {logging_mixin.py:151} INFO - [2026-07-15T17:19:26.818+0200] {dag.py:2941} INFO - Sync 1 DAGs
[2026-07-15T17:19:26.836+0200] {logging_mixin.py:151} INFO - [2026-07-15T17:19:26.835+0200] {dag.py:3722} INFO - Setting next_dagrun for example_skip_dag to 2026-07-14T15:19:26.835694+00:00, run_after=2026-07-15T15:19:26.835694+00:00
[2026-07-15T17:19:26.854+0200] {processor.py:179} INFO - Processing /home/ai/.local/lib/python3.9/site-packages/airflow/example_dags/example_skip_dag.py took 0.069 seconds
