[2026-07-15T16:15:19.180+0200] {processor.py:157} INFO - Started process (PID=3405823) to work on /home/ai/.local/lib/python3.9/site-packages/airflow/example_dags/example_task_group_decorator.py
[2026-07-15T16:15:19.180+0200] {processor.py:829} INFO - Processing file /home/ai/.local/lib/python3.9/site-packages/airflow/example_dags/example_task_group_decorator.py for tasks to queue
[2026-07-15T16:15:19.181+0200] {logging_mixin.py:151} INFO - [2026-07-15T16:15:19.181+0200] {dagbag.py:536} INFO - Filling up the DagBag from /home/ai/.local/lib/python3.9/site-packages/airflow/example_dags/example_task_group_decorator.py
[2026-07-15T16:15:19.195+0200] {processor.py:839} INFO - DAG(s) dict_keys(['example_task_group_decorator']) retrieved from /home/ai/.local/lib/python3.9/site-packages/airflow/example_dags/example_task_group_decorator.py
[2026-07-15T16:15:19.220+0200] {logging_mixin.py:151} INFO - [2026-07-15T16:15:19.220+0200] {dag.py:2941} INFO - Sync 1 DAGs
[2026-07-15T16:15:19.238+0200] {logging_mixin.py:151} INFO - [2026-07-15T16:15:19.238+0200] {dag.py:3722} INFO - Setting next_dagrun for example_task_group_decorator to 2026-07-14T14:15:19.238432+00:00, run_after=2026-07-15T14:15:19.238432+00:00
[2026-07-15T16:15:19.256+0200] {processor.py:179} INFO - Processing /home/ai/.local/lib/python3.9/site-packages/airflow/example_dags/example_task_group_decorator.py took 0.081 seconds
[2026-07-15T16:16:38.083+0200] {processor.py:157} INFO - Started process (PID=3406999) to work on /home/ai/.local/lib/python3.9/site-packages/airflow/example_dags/example_task_group_decorator.py
[2026-07-15T16:16:38.084+0200] {processor.py:829} INFO - Processing file /home/ai/.local/lib/python3.9/site-packages/airflow/example_dags/example_task_group_decorator.py for tasks to queue
[2026-07-15T16:16:38.085+0200] {logging_mixin.py:151} INFO - [2026-07-15T16:16:38.085+0200] {dagbag.py:536} INFO - Filling up the DagBag from /home/ai/.local/lib/python3.9/site-packages/airflow/example_dags/example_task_group_decorator.py
[2026-07-15T16:16:38.101+0200] {processor.py:839} INFO - DAG(s) dict_keys(['example_task_group_decorator']) retrieved from /home/ai/.local/lib/python3.9/site-packages/airflow/example_dags/example_task_group_decorator.py
[2026-07-15T16:16:38.120+0200] {logging_mixin.py:151} INFO - [2026-07-15T16:16:38.120+0200] {dag.py:2941} INFO - Sync 1 DAGs
[2026-07-15T16:16:38.139+0200] {logging_mixin.py:151} INFO - [2026-07-15T16:16:38.139+0200] {dag.py:3722} INFO - Setting next_dagrun for example_task_group_decorator to 2026-07-14T14:16:38.138992+00:00, run_after=2026-07-15T14:16:38.138992+00:00
[2026-07-15T16:16:38.158+0200] {processor.py:179} INFO - Processing /home/ai/.local/lib/python3.9/site-packages/airflow/example_dags/example_task_group_decorator.py took 0.079 seconds
[2026-07-15T16:18:09.974+0200] {processor.py:157} INFO - Started process (PID=3408673) to work on /home/ai/.local/lib/python3.9/site-packages/airflow/example_dags/example_task_group_decorator.py
[2026-07-15T16:18:09.976+0200] {processor.py:829} INFO - Processing file /home/ai/.local/lib/python3.9/site-packages/airflow/example_dags/example_task_group_decorator.py for tasks to queue
[2026-07-15T16:18:09.977+0200] {logging_mixin.py:151} INFO - [2026-07-15T16:18:09.976+0200] {dagbag.py:536} INFO - Filling up the DagBag from /home/ai/.local/lib/python3.9/site-packages/airflow/example_dags/example_task_group_decorator.py
[2026-07-15T16:18:09.992+0200] {processor.py:839} INFO - DAG(s) dict_keys(['example_task_group_decorator']) retrieved from /home/ai/.local/lib/python3.9/site-packages/airflow/example_dags/example_task_group_decorator.py
[2026-07-15T16:18:10.012+0200] {logging_mixin.py:151} INFO - [2026-07-15T16:18:10.012+0200] {dag.py:2941} INFO - Sync 1 DAGs
[2026-07-15T16:18:10.030+0200] {logging_mixin.py:151} INFO - [2026-07-15T16:18:10.029+0200] {dag.py:3722} INFO - Setting next_dagrun for example_task_group_decorator to 2026-07-14T14:18:10.029655+00:00, run_after=2026-07-15T14:18:10.029655+00:00
[2026-07-15T16:18:10.048+0200] {processor.py:179} INFO - Processing /home/ai/.local/lib/python3.9/site-packages/airflow/example_dags/example_task_group_decorator.py took 0.079 seconds
[2026-07-15T16:19:39.018+0200] {processor.py:157} INFO - Started process (PID=3410198) to work on /home/ai/.local/lib/python3.9/site-packages/airflow/example_dags/example_task_group_decorator.py
[2026-07-15T16:19:39.019+0200] {processor.py:829} INFO - Processing file /home/ai/.local/lib/python3.9/site-packages/airflow/example_dags/example_task_group_decorator.py for tasks to queue
[2026-07-15T16:19:39.020+0200] {logging_mixin.py:151} INFO - [2026-07-15T16:19:39.020+0200] {dagbag.py:536} INFO - Filling up the DagBag from /home/ai/.local/lib/python3.9/site-packages/airflow/example_dags/example_task_group_decorator.py
[2026-07-15T16:19:39.036+0200] {processor.py:839} INFO - DAG(s) dict_keys(['example_task_group_decorator']) retrieved from /home/ai/.local/lib/python3.9/site-packages/airflow/example_dags/example_task_group_decorator.py
[2026-07-15T16:19:39.053+0200] {logging_mixin.py:151} INFO - [2026-07-15T16:19:39.053+0200] {dag.py:2941} INFO - Sync 1 DAGs
[2026-07-15T16:19:39.071+0200] {logging_mixin.py:151} INFO - [2026-07-15T16:19:39.071+0200] {dag.py:3722} INFO - Setting next_dagrun for example_task_group_decorator to 2026-07-14T14:19:39.070949+00:00, run_after=2026-07-15T14:19:39.070949+00:00
[2026-07-15T16:19:42.110+0200] {processor.py:179} INFO - Processing /home/ai/.local/lib/python3.9/site-packages/airflow/example_dags/example_task_group_decorator.py took 3.096 seconds
[2026-07-15T16:20:37.069+0200] {processor.py:157} INFO - Started process (PID=3411166) to work on /home/ai/.local/lib/python3.9/site-packages/airflow/example_dags/example_task_group_decorator.py
[2026-07-15T16:20:37.071+0200] {processor.py:829} INFO - Processing file /home/ai/.local/lib/python3.9/site-packages/airflow/example_dags/example_task_group_decorator.py for tasks to queue
[2026-07-15T16:20:37.072+0200] {logging_mixin.py:151} INFO - [2026-07-15T16:20:37.072+0200] {dagbag.py:536} INFO - Filling up the DagBag from /home/ai/.local/lib/python3.9/site-packages/airflow/example_dags/example_task_group_decorator.py
[2026-07-15T16:20:37.088+0200] {processor.py:839} INFO - DAG(s) dict_keys(['example_task_group_decorator']) retrieved from /home/ai/.local/lib/python3.9/site-packages/airflow/example_dags/example_task_group_decorator.py
[2026-07-15T16:20:37.107+0200] {logging_mixin.py:151} INFO - [2026-07-15T16:20:37.107+0200] {dag.py:2941} INFO - Sync 1 DAGs
[2026-07-15T16:20:37.125+0200] {logging_mixin.py:151} INFO - [2026-07-15T16:20:37.124+0200] {dag.py:3722} INFO - Setting next_dagrun for example_task_group_decorator to 2026-07-14T14:20:37.124629+00:00, run_after=2026-07-15T14:20:37.124629+00:00
[2026-07-15T16:20:37.394+0200] {processor.py:179} INFO - Processing /home/ai/.local/lib/python3.9/site-packages/airflow/example_dags/example_task_group_decorator.py took 0.329 seconds
[2026-07-15T16:22:05.607+0200] {processor.py:157} INFO - Started process (PID=3412732) to work on /home/ai/.local/lib/python3.9/site-packages/airflow/example_dags/example_task_group_decorator.py
[2026-07-15T16:22:05.609+0200] {processor.py:829} INFO - Processing file /home/ai/.local/lib/python3.9/site-packages/airflow/example_dags/example_task_group_decorator.py for tasks to queue
[2026-07-15T16:22:05.609+0200] {logging_mixin.py:151} INFO - [2026-07-15T16:22:05.609+0200] {dagbag.py:536} INFO - Filling up the DagBag from /home/ai/.local/lib/python3.9/site-packages/airflow/example_dags/example_task_group_decorator.py
[2026-07-15T16:22:05.624+0200] {processor.py:839} INFO - DAG(s) dict_keys(['example_task_group_decorator']) retrieved from /home/ai/.local/lib/python3.9/site-packages/airflow/example_dags/example_task_group_decorator.py
[2026-07-15T16:22:05.642+0200] {logging_mixin.py:151} INFO - [2026-07-15T16:22:05.642+0200] {dag.py:2941} INFO - Sync 1 DAGs
[2026-07-15T16:22:05.659+0200] {logging_mixin.py:151} INFO - [2026-07-15T16:22:05.659+0200] {dag.py:3722} INFO - Setting next_dagrun for example_task_group_decorator to 2026-07-14T14:22:05.658969+00:00, run_after=2026-07-15T14:22:05.658969+00:00
[2026-07-15T16:22:05.678+0200] {processor.py:179} INFO - Processing /home/ai/.local/lib/python3.9/site-packages/airflow/example_dags/example_task_group_decorator.py took 0.074 seconds
[2026-07-15T16:23:35.059+0200] {processor.py:157} INFO - Started process (PID=3414281) to work on /home/ai/.local/lib/python3.9/site-packages/airflow/example_dags/example_task_group_decorator.py
[2026-07-15T16:23:35.061+0200] {processor.py:829} INFO - Processing file /home/ai/.local/lib/python3.9/site-packages/airflow/example_dags/example_task_group_decorator.py for tasks to queue
[2026-07-15T16:23:35.062+0200] {logging_mixin.py:151} INFO - [2026-07-15T16:23:35.062+0200] {dagbag.py:536} INFO - Filling up the DagBag from /home/ai/.local/lib/python3.9/site-packages/airflow/example_dags/example_task_group_decorator.py
[2026-07-15T16:23:35.081+0200] {processor.py:839} INFO - DAG(s) dict_keys(['example_task_group_decorator']) retrieved from /home/ai/.local/lib/python3.9/site-packages/airflow/example_dags/example_task_group_decorator.py
[2026-07-15T16:23:35.101+0200] {logging_mixin.py:151} INFO - [2026-07-15T16:23:35.101+0200] {dag.py:2941} INFO - Sync 1 DAGs
[2026-07-15T16:23:35.118+0200] {logging_mixin.py:151} INFO - [2026-07-15T16:23:35.118+0200] {dag.py:3722} INFO - Setting next_dagrun for example_task_group_decorator to 2026-07-14T14:23:35.118135+00:00, run_after=2026-07-15T14:23:35.118135+00:00
[2026-07-15T16:23:35.292+0200] {processor.py:179} INFO - Processing /home/ai/.local/lib/python3.9/site-packages/airflow/example_dags/example_task_group_decorator.py took 0.237 seconds
[2026-07-15T16:24:54.702+0200] {processor.py:157} INFO - Started process (PID=3415593) to work on /home/ai/.local/lib/python3.9/site-packages/airflow/example_dags/example_task_group_decorator.py
[2026-07-15T16:24:54.703+0200] {processor.py:829} INFO - Processing file /home/ai/.local/lib/python3.9/site-packages/airflow/example_dags/example_task_group_decorator.py for tasks to queue
[2026-07-15T16:24:54.704+0200] {logging_mixin.py:151} INFO - [2026-07-15T16:24:54.704+0200] {dagbag.py:536} INFO - Filling up the DagBag from /home/ai/.local/lib/python3.9/site-packages/airflow/example_dags/example_task_group_decorator.py
[2026-07-15T16:24:54.719+0200] {processor.py:839} INFO - DAG(s) dict_keys(['example_task_group_decorator']) retrieved from /home/ai/.local/lib/python3.9/site-packages/airflow/example_dags/example_task_group_decorator.py
[2026-07-15T16:24:54.735+0200] {logging_mixin.py:151} INFO - [2026-07-15T16:24:54.735+0200] {dag.py:2941} INFO - Sync 1 DAGs
[2026-07-15T16:24:54.752+0200] {logging_mixin.py:151} INFO - [2026-07-15T16:24:54.752+0200] {dag.py:3722} INFO - Setting next_dagrun for example_task_group_decorator to 2026-07-14T14:24:54.752458+00:00, run_after=2026-07-15T14:24:54.752458+00:00
[2026-07-15T16:24:54.772+0200] {processor.py:179} INFO - Processing /home/ai/.local/lib/python3.9/site-packages/airflow/example_dags/example_task_group_decorator.py took 0.075 seconds
[2026-07-15T16:26:23.346+0200] {processor.py:157} INFO - Started process (PID=3417121) to work on /home/ai/.local/lib/python3.9/site-packages/airflow/example_dags/example_task_group_decorator.py
[2026-07-15T16:26:23.347+0200] {processor.py:829} INFO - Processing file /home/ai/.local/lib/python3.9/site-packages/airflow/example_dags/example_task_group_decorator.py for tasks to queue
[2026-07-15T16:26:23.348+0200] {logging_mixin.py:151} INFO - [2026-07-15T16:26:23.347+0200] {dagbag.py:536} INFO - Filling up the DagBag from /home/ai/.local/lib/python3.9/site-packages/airflow/example_dags/example_task_group_decorator.py
[2026-07-15T16:26:23.363+0200] {processor.py:839} INFO - DAG(s) dict_keys(['example_task_group_decorator']) retrieved from /home/ai/.local/lib/python3.9/site-packages/airflow/example_dags/example_task_group_decorator.py
[2026-07-15T16:26:23.924+0200] {logging_mixin.py:151} INFO - [2026-07-15T16:26:23.924+0200] {dag.py:2941} INFO - Sync 1 DAGs
[2026-07-15T16:26:23.942+0200] {logging_mixin.py:151} INFO - [2026-07-15T16:26:23.941+0200] {dag.py:3722} INFO - Setting next_dagrun for example_task_group_decorator to 2026-07-14T14:26:23.941641+00:00, run_after=2026-07-15T14:26:23.941641+00:00
[2026-07-15T16:26:23.987+0200] {processor.py:179} INFO - Processing /home/ai/.local/lib/python3.9/site-packages/airflow/example_dags/example_task_group_decorator.py took 0.647 seconds
[2026-07-15T16:27:19.679+0200] {processor.py:157} INFO - Started process (PID=3418107) to work on /home/ai/.local/lib/python3.9/site-packages/airflow/example_dags/example_task_group_decorator.py
[2026-07-15T16:27:19.681+0200] {processor.py:829} INFO - Processing file /home/ai/.local/lib/python3.9/site-packages/airflow/example_dags/example_task_group_decorator.py for tasks to queue
[2026-07-15T16:27:19.682+0200] {logging_mixin.py:151} INFO - [2026-07-15T16:27:19.681+0200] {dagbag.py:536} INFO - Filling up the DagBag from /home/ai/.local/lib/python3.9/site-packages/airflow/example_dags/example_task_group_decorator.py
[2026-07-15T16:27:19.697+0200] {processor.py:839} INFO - DAG(s) dict_keys(['example_task_group_decorator']) retrieved from /home/ai/.local/lib/python3.9/site-packages/airflow/example_dags/example_task_group_decorator.py
[2026-07-15T16:27:19.715+0200] {logging_mixin.py:151} INFO - [2026-07-15T16:27:19.715+0200] {dag.py:2941} INFO - Sync 1 DAGs
[2026-07-15T16:27:19.734+0200] {logging_mixin.py:151} INFO - [2026-07-15T16:27:19.734+0200] {dag.py:3722} INFO - Setting next_dagrun for example_task_group_decorator to 2026-07-14T14:27:19.734201+00:00, run_after=2026-07-15T14:27:19.734201+00:00
[2026-07-15T16:27:19.755+0200] {processor.py:179} INFO - Processing /home/ai/.local/lib/python3.9/site-packages/airflow/example_dags/example_task_group_decorator.py took 0.081 seconds
[2026-07-15T16:28:20.048+0200] {processor.py:157} INFO - Started process (PID=3419134) to work on /home/ai/.local/lib/python3.9/site-packages/airflow/example_dags/example_task_group_decorator.py
[2026-07-15T16:28:20.049+0200] {processor.py:829} INFO - Processing file /home/ai/.local/lib/python3.9/site-packages/airflow/example_dags/example_task_group_decorator.py for tasks to queue
[2026-07-15T16:28:20.050+0200] {logging_mixin.py:151} INFO - [2026-07-15T16:28:20.050+0200] {dagbag.py:536} INFO - Filling up the DagBag from /home/ai/.local/lib/python3.9/site-packages/airflow/example_dags/example_task_group_decorator.py
[2026-07-15T16:28:20.065+0200] {processor.py:839} INFO - DAG(s) dict_keys(['example_task_group_decorator']) retrieved from /home/ai/.local/lib/python3.9/site-packages/airflow/example_dags/example_task_group_decorator.py
[2026-07-15T16:28:20.085+0200] {logging_mixin.py:151} INFO - [2026-07-15T16:28:20.085+0200] {dag.py:2941} INFO - Sync 1 DAGs
[2026-07-15T16:28:20.102+0200] {logging_mixin.py:151} INFO - [2026-07-15T16:28:20.102+0200] {dag.py:3722} INFO - Setting next_dagrun for example_task_group_decorator to 2026-07-14T14:28:20.102294+00:00, run_after=2026-07-15T14:28:20.102294+00:00
[2026-07-15T16:28:20.125+0200] {processor.py:179} INFO - Processing /home/ai/.local/lib/python3.9/site-packages/airflow/example_dags/example_task_group_decorator.py took 0.083 seconds
[2026-07-15T16:29:38.153+0200] {processor.py:157} INFO - Started process (PID=3420395) to work on /home/ai/.local/lib/python3.9/site-packages/airflow/example_dags/example_task_group_decorator.py
[2026-07-15T16:29:38.155+0200] {processor.py:829} INFO - Processing file /home/ai/.local/lib/python3.9/site-packages/airflow/example_dags/example_task_group_decorator.py for tasks to queue
[2026-07-15T16:29:38.156+0200] {logging_mixin.py:151} INFO - [2026-07-15T16:29:38.155+0200] {dagbag.py:536} INFO - Filling up the DagBag from /home/ai/.local/lib/python3.9/site-packages/airflow/example_dags/example_task_group_decorator.py
[2026-07-15T16:29:38.171+0200] {processor.py:839} INFO - DAG(s) dict_keys(['example_task_group_decorator']) retrieved from /home/ai/.local/lib/python3.9/site-packages/airflow/example_dags/example_task_group_decorator.py
[2026-07-15T16:29:38.189+0200] {logging_mixin.py:151} INFO - [2026-07-15T16:29:38.189+0200] {dag.py:2941} INFO - Sync 1 DAGs
[2026-07-15T16:29:38.206+0200] {logging_mixin.py:151} INFO - [2026-07-15T16:29:38.206+0200] {dag.py:3722} INFO - Setting next_dagrun for example_task_group_decorator to 2026-07-14T14:29:38.206196+00:00, run_after=2026-07-15T14:29:38.206196+00:00
[2026-07-15T16:29:39.110+0200] {processor.py:179} INFO - Processing /home/ai/.local/lib/python3.9/site-packages/airflow/example_dags/example_task_group_decorator.py took 0.960 seconds
[2026-07-15T16:30:37.575+0200] {processor.py:157} INFO - Started process (PID=3421393) to work on /home/ai/.local/lib/python3.9/site-packages/airflow/example_dags/example_task_group_decorator.py
[2026-07-15T16:30:37.576+0200] {processor.py:829} INFO - Processing file /home/ai/.local/lib/python3.9/site-packages/airflow/example_dags/example_task_group_decorator.py for tasks to queue
[2026-07-15T16:30:37.577+0200] {logging_mixin.py:151} INFO - [2026-07-15T16:30:37.577+0200] {dagbag.py:536} INFO - Filling up the DagBag from /home/ai/.local/lib/python3.9/site-packages/airflow/example_dags/example_task_group_decorator.py
[2026-07-15T16:30:37.596+0200] {processor.py:839} INFO - DAG(s) dict_keys(['example_task_group_decorator']) retrieved from /home/ai/.local/lib/python3.9/site-packages/airflow/example_dags/example_task_group_decorator.py
[2026-07-15T16:30:37.615+0200] {logging_mixin.py:151} INFO - [2026-07-15T16:30:37.615+0200] {dag.py:2941} INFO - Sync 1 DAGs
[2026-07-15T16:30:37.634+0200] {logging_mixin.py:151} INFO - [2026-07-15T16:30:37.634+0200] {dag.py:3722} INFO - Setting next_dagrun for example_task_group_decorator to 2026-07-14T14:30:37.634030+00:00, run_after=2026-07-15T14:30:37.634030+00:00
[2026-07-15T16:30:37.741+0200] {processor.py:179} INFO - Processing /home/ai/.local/lib/python3.9/site-packages/airflow/example_dags/example_task_group_decorator.py took 0.172 seconds
[2026-07-15T16:31:33.483+0200] {processor.py:157} INFO - Started process (PID=3422306) to work on /home/ai/.local/lib/python3.9/site-packages/airflow/example_dags/example_task_group_decorator.py
[2026-07-15T16:31:33.486+0200] {processor.py:829} INFO - Processing file /home/ai/.local/lib/python3.9/site-packages/airflow/example_dags/example_task_group_decorator.py for tasks to queue
[2026-07-15T16:31:33.488+0200] {logging_mixin.py:151} INFO - [2026-07-15T16:31:33.487+0200] {dagbag.py:536} INFO - Filling up the DagBag from /home/ai/.local/lib/python3.9/site-packages/airflow/example_dags/example_task_group_decorator.py
[2026-07-15T16:31:33.505+0200] {processor.py:839} INFO - DAG(s) dict_keys(['example_task_group_decorator']) retrieved from /home/ai/.local/lib/python3.9/site-packages/airflow/example_dags/example_task_group_decorator.py
[2026-07-15T16:31:33.523+0200] {logging_mixin.py:151} INFO - [2026-07-15T16:31:33.522+0200] {dag.py:2941} INFO - Sync 1 DAGs
[2026-07-15T16:31:33.540+0200] {logging_mixin.py:151} INFO - [2026-07-15T16:31:33.540+0200] {dag.py:3722} INFO - Setting next_dagrun for example_task_group_decorator to 2026-07-14T14:31:33.540253+00:00, run_after=2026-07-15T14:31:33.540253+00:00
[2026-07-15T16:31:33.558+0200] {processor.py:179} INFO - Processing /home/ai/.local/lib/python3.9/site-packages/airflow/example_dags/example_task_group_decorator.py took 0.083 seconds
[2026-07-15T16:32:55.359+0200] {processor.py:157} INFO - Started process (PID=3423736) to work on /home/ai/.local/lib/python3.9/site-packages/airflow/example_dags/example_task_group_decorator.py
[2026-07-15T16:32:55.360+0200] {processor.py:829} INFO - Processing file /home/ai/.local/lib/python3.9/site-packages/airflow/example_dags/example_task_group_decorator.py for tasks to queue
[2026-07-15T16:32:55.361+0200] {logging_mixin.py:151} INFO - [2026-07-15T16:32:55.361+0200] {dagbag.py:536} INFO - Filling up the DagBag from /home/ai/.local/lib/python3.9/site-packages/airflow/example_dags/example_task_group_decorator.py
[2026-07-15T16:32:55.377+0200] {processor.py:839} INFO - DAG(s) dict_keys(['example_task_group_decorator']) retrieved from /home/ai/.local/lib/python3.9/site-packages/airflow/example_dags/example_task_group_decorator.py
[2026-07-15T16:32:55.395+0200] {logging_mixin.py:151} INFO - [2026-07-15T16:32:55.395+0200] {dag.py:2941} INFO - Sync 1 DAGs
[2026-07-15T16:32:55.413+0200] {logging_mixin.py:151} INFO - [2026-07-15T16:32:55.413+0200] {dag.py:3722} INFO - Setting next_dagrun for example_task_group_decorator to 2026-07-14T14:32:55.412853+00:00, run_after=2026-07-15T14:32:55.412853+00:00
[2026-07-15T16:32:56.080+0200] {processor.py:179} INFO - Processing /home/ai/.local/lib/python3.9/site-packages/airflow/example_dags/example_task_group_decorator.py took 0.727 seconds
[2026-07-15T16:34:23.222+0200] {processor.py:157} INFO - Started process (PID=3425242) to work on /home/ai/.local/lib/python3.9/site-packages/airflow/example_dags/example_task_group_decorator.py
[2026-07-15T16:34:23.224+0200] {processor.py:829} INFO - Processing file /home/ai/.local/lib/python3.9/site-packages/airflow/example_dags/example_task_group_decorator.py for tasks to queue
[2026-07-15T16:34:23.225+0200] {logging_mixin.py:151} INFO - [2026-07-15T16:34:23.225+0200] {dagbag.py:536} INFO - Filling up the DagBag from /home/ai/.local/lib/python3.9/site-packages/airflow/example_dags/example_task_group_decorator.py
[2026-07-15T16:34:23.242+0200] {processor.py:839} INFO - DAG(s) dict_keys(['example_task_group_decorator']) retrieved from /home/ai/.local/lib/python3.9/site-packages/airflow/example_dags/example_task_group_decorator.py
[2026-07-15T16:34:23.261+0200] {logging_mixin.py:151} INFO - [2026-07-15T16:34:23.261+0200] {dag.py:2941} INFO - Sync 1 DAGs
[2026-07-15T16:34:23.279+0200] {logging_mixin.py:151} INFO - [2026-07-15T16:34:23.279+0200] {dag.py:3722} INFO - Setting next_dagrun for example_task_group_decorator to 2026-07-14T14:34:23.278954+00:00, run_after=2026-07-15T14:34:23.278954+00:00
[2026-07-15T16:34:24.855+0200] {processor.py:179} INFO - Processing /home/ai/.local/lib/python3.9/site-packages/airflow/example_dags/example_task_group_decorator.py took 1.641 seconds
[2026-07-15T16:35:58.963+0200] {processor.py:157} INFO - Started process (PID=3426936) to work on /home/ai/.local/lib/python3.9/site-packages/airflow/example_dags/example_task_group_decorator.py
[2026-07-15T16:35:58.965+0200] {processor.py:829} INFO - Processing file /home/ai/.local/lib/python3.9/site-packages/airflow/example_dags/example_task_group_decorator.py for tasks to queue
[2026-07-15T16:35:58.966+0200] {logging_mixin.py:151} INFO - [2026-07-15T16:35:58.966+0200] {dagbag.py:536} INFO - Filling up the DagBag from /home/ai/.local/lib/python3.9/site-packages/airflow/example_dags/example_task_group_decorator.py
[2026-07-15T16:35:58.981+0200] {processor.py:839} INFO - DAG(s) dict_keys(['example_task_group_decorator']) retrieved from /home/ai/.local/lib/python3.9/site-packages/airflow/example_dags/example_task_group_decorator.py
[2026-07-15T16:35:59.000+0200] {logging_mixin.py:151} INFO - [2026-07-15T16:35:59.000+0200] {dag.py:2941} INFO - Sync 1 DAGs
[2026-07-15T16:35:59.018+0200] {logging_mixin.py:151} INFO - [2026-07-15T16:35:59.018+0200] {dag.py:3722} INFO - Setting next_dagrun for example_task_group_decorator to 2026-07-14T14:35:59.018478+00:00, run_after=2026-07-15T14:35:59.018478+00:00
[2026-07-15T16:35:59.295+0200] {processor.py:179} INFO - Processing /home/ai/.local/lib/python3.9/site-packages/airflow/example_dags/example_task_group_decorator.py took 0.337 seconds
[2026-07-15T16:37:34.537+0200] {processor.py:157} INFO - Started process (PID=3428964) to work on /home/ai/.local/lib/python3.9/site-packages/airflow/example_dags/example_task_group_decorator.py
[2026-07-15T16:37:34.539+0200] {processor.py:829} INFO - Processing file /home/ai/.local/lib/python3.9/site-packages/airflow/example_dags/example_task_group_decorator.py for tasks to queue
[2026-07-15T16:37:34.541+0200] {logging_mixin.py:151} INFO - [2026-07-15T16:37:34.540+0200] {dagbag.py:536} INFO - Filling up the DagBag from /home/ai/.local/lib/python3.9/site-packages/airflow/example_dags/example_task_group_decorator.py
[2026-07-15T16:37:34.561+0200] {processor.py:839} INFO - DAG(s) dict_keys(['example_task_group_decorator']) retrieved from /home/ai/.local/lib/python3.9/site-packages/airflow/example_dags/example_task_group_decorator.py
[2026-07-15T16:37:34.580+0200] {logging_mixin.py:151} INFO - [2026-07-15T16:37:34.580+0200] {dag.py:2941} INFO - Sync 1 DAGs
[2026-07-15T16:37:34.599+0200] {logging_mixin.py:151} INFO - [2026-07-15T16:37:34.599+0200] {dag.py:3722} INFO - Setting next_dagrun for example_task_group_decorator to 2026-07-14T14:37:34.599183+00:00, run_after=2026-07-15T14:37:34.599183+00:00
[2026-07-15T16:37:34.618+0200] {processor.py:179} INFO - Processing /home/ai/.local/lib/python3.9/site-packages/airflow/example_dags/example_task_group_decorator.py took 0.088 seconds
[2026-07-15T16:38:34.788+0200] {processor.py:157} INFO - Started process (PID=3430137) to work on /home/ai/.local/lib/python3.9/site-packages/airflow/example_dags/example_task_group_decorator.py
[2026-07-15T16:38:34.790+0200] {processor.py:829} INFO - Processing file /home/ai/.local/lib/python3.9/site-packages/airflow/example_dags/example_task_group_decorator.py for tasks to queue
[2026-07-15T16:38:34.791+0200] {logging_mixin.py:151} INFO - [2026-07-15T16:38:34.790+0200] {dagbag.py:536} INFO - Filling up the DagBag from /home/ai/.local/lib/python3.9/site-packages/airflow/example_dags/example_task_group_decorator.py
[2026-07-15T16:38:34.805+0200] {processor.py:839} INFO - DAG(s) dict_keys(['example_task_group_decorator']) retrieved from /home/ai/.local/lib/python3.9/site-packages/airflow/example_dags/example_task_group_decorator.py
[2026-07-15T16:38:34.823+0200] {logging_mixin.py:151} INFO - [2026-07-15T16:38:34.823+0200] {dag.py:2941} INFO - Sync 1 DAGs
[2026-07-15T16:38:34.840+0200] {logging_mixin.py:151} INFO - [2026-07-15T16:38:34.840+0200] {dag.py:3722} INFO - Setting next_dagrun for example_task_group_decorator to 2026-07-14T14:38:34.839955+00:00, run_after=2026-07-15T14:38:34.839955+00:00
[2026-07-15T16:38:36.552+0200] {processor.py:179} INFO - Processing /home/ai/.local/lib/python3.9/site-packages/airflow/example_dags/example_task_group_decorator.py took 1.769 seconds
[2026-07-15T16:40:17.799+0200] {processor.py:157} INFO - Started process (PID=3431994) to work on /home/ai/.local/lib/python3.9/site-packages/airflow/example_dags/example_task_group_decorator.py
[2026-07-15T16:40:17.801+0200] {processor.py:829} INFO - Processing file /home/ai/.local/lib/python3.9/site-packages/airflow/example_dags/example_task_group_decorator.py for tasks to queue
[2026-07-15T16:40:17.803+0200] {logging_mixin.py:151} INFO - [2026-07-15T16:40:17.802+0200] {dagbag.py:536} INFO - Filling up the DagBag from /home/ai/.local/lib/python3.9/site-packages/airflow/example_dags/example_task_group_decorator.py
[2026-07-15T16:40:17.819+0200] {processor.py:839} INFO - DAG(s) dict_keys(['example_task_group_decorator']) retrieved from /home/ai/.local/lib/python3.9/site-packages/airflow/example_dags/example_task_group_decorator.py
[2026-07-15T16:40:17.838+0200] {logging_mixin.py:151} INFO - [2026-07-15T16:40:17.838+0200] {dag.py:2941} INFO - Sync 1 DAGs
[2026-07-15T16:40:17.855+0200] {logging_mixin.py:151} INFO - [2026-07-15T16:40:17.855+0200] {dag.py:3722} INFO - Setting next_dagrun for example_task_group_decorator to 2026-07-14T14:40:17.855273+00:00, run_after=2026-07-15T14:40:17.855273+00:00
[2026-07-15T16:40:17.874+0200] {processor.py:179} INFO - Processing /home/ai/.local/lib/python3.9/site-packages/airflow/example_dags/example_task_group_decorator.py took 0.081 seconds
[2026-07-15T16:41:21.884+0200] {processor.py:157} INFO - Started process (PID=3433171) to work on /home/ai/.local/lib/python3.9/site-packages/airflow/example_dags/example_task_group_decorator.py
[2026-07-15T16:41:21.885+0200] {processor.py:829} INFO - Processing file /home/ai/.local/lib/python3.9/site-packages/airflow/example_dags/example_task_group_decorator.py for tasks to queue
[2026-07-15T16:41:21.886+0200] {logging_mixin.py:151} INFO - [2026-07-15T16:41:21.885+0200] {dagbag.py:536} INFO - Filling up the DagBag from /home/ai/.local/lib/python3.9/site-packages/airflow/example_dags/example_task_group_decorator.py
[2026-07-15T16:41:21.901+0200] {processor.py:839} INFO - DAG(s) dict_keys(['example_task_group_decorator']) retrieved from /home/ai/.local/lib/python3.9/site-packages/airflow/example_dags/example_task_group_decorator.py
[2026-07-15T16:41:21.919+0200] {logging_mixin.py:151} INFO - [2026-07-15T16:41:21.919+0200] {dag.py:2941} INFO - Sync 1 DAGs
[2026-07-15T16:41:21.938+0200] {logging_mixin.py:151} INFO - [2026-07-15T16:41:21.938+0200] {dag.py:3722} INFO - Setting next_dagrun for example_task_group_decorator to 2026-07-14T14:41:21.938100+00:00, run_after=2026-07-15T14:41:21.938100+00:00
[2026-07-15T16:41:22.019+0200] {processor.py:179} INFO - Processing /home/ai/.local/lib/python3.9/site-packages/airflow/example_dags/example_task_group_decorator.py took 0.142 seconds
[2026-07-15T16:42:58.608+0200] {processor.py:157} INFO - Started process (PID=3434934) to work on /home/ai/.local/lib/python3.9/site-packages/airflow/example_dags/example_task_group_decorator.py
[2026-07-15T16:42:58.609+0200] {processor.py:829} INFO - Processing file /home/ai/.local/lib/python3.9/site-packages/airflow/example_dags/example_task_group_decorator.py for tasks to queue
[2026-07-15T16:42:58.610+0200] {logging_mixin.py:151} INFO - [2026-07-15T16:42:58.610+0200] {dagbag.py:536} INFO - Filling up the DagBag from /home/ai/.local/lib/python3.9/site-packages/airflow/example_dags/example_task_group_decorator.py
[2026-07-15T16:42:58.625+0200] {processor.py:839} INFO - DAG(s) dict_keys(['example_task_group_decorator']) retrieved from /home/ai/.local/lib/python3.9/site-packages/airflow/example_dags/example_task_group_decorator.py
[2026-07-15T16:42:58.644+0200] {logging_mixin.py:151} INFO - [2026-07-15T16:42:58.644+0200] {dag.py:2941} INFO - Sync 1 DAGs
[2026-07-15T16:42:58.662+0200] {logging_mixin.py:151} INFO - [2026-07-15T16:42:58.662+0200] {dag.py:3722} INFO - Setting next_dagrun for example_task_group_decorator to 2026-07-14T14:42:58.662071+00:00, run_after=2026-07-15T14:42:58.662071+00:00
[2026-07-15T16:42:59.241+0200] {processor.py:179} INFO - Processing /home/ai/.local/lib/python3.9/site-packages/airflow/example_dags/example_task_group_decorator.py took 0.639 seconds
[2026-07-15T16:44:30.754+0200] {processor.py:157} INFO - Started process (PID=3436551) to work on /home/ai/.local/lib/python3.9/site-packages/airflow/example_dags/example_task_group_decorator.py
[2026-07-15T16:44:30.756+0200] {processor.py:829} INFO - Processing file /home/ai/.local/lib/python3.9/site-packages/airflow/example_dags/example_task_group_decorator.py for tasks to queue
[2026-07-15T16:44:30.757+0200] {logging_mixin.py:151} INFO - [2026-07-15T16:44:30.757+0200] {dagbag.py:536} INFO - Filling up the DagBag from /home/ai/.local/lib/python3.9/site-packages/airflow/example_dags/example_task_group_decorator.py
[2026-07-15T16:44:30.773+0200] {processor.py:839} INFO - DAG(s) dict_keys(['example_task_group_decorator']) retrieved from /home/ai/.local/lib/python3.9/site-packages/airflow/example_dags/example_task_group_decorator.py
[2026-07-15T16:44:30.791+0200] {logging_mixin.py:151} INFO - [2026-07-15T16:44:30.791+0200] {dag.py:2941} INFO - Sync 1 DAGs
[2026-07-15T16:44:30.810+0200] {logging_mixin.py:151} INFO - [2026-07-15T16:44:30.809+0200] {dag.py:3722} INFO - Setting next_dagrun for example_task_group_decorator to 2026-07-14T14:44:30.809612+00:00, run_after=2026-07-15T14:44:30.809612+00:00
[2026-07-15T16:44:30.827+0200] {processor.py:179} INFO - Processing /home/ai/.local/lib/python3.9/site-packages/airflow/example_dags/example_task_group_decorator.py took 0.079 seconds
[2026-07-15T16:46:27.359+0200] {processor.py:157} INFO - Started process (PID=3438514) to work on /home/ai/.local/lib/python3.9/site-packages/airflow/example_dags/example_task_group_decorator.py
[2026-07-15T16:46:27.361+0200] {processor.py:829} INFO - Processing file /home/ai/.local/lib/python3.9/site-packages/airflow/example_dags/example_task_group_decorator.py for tasks to queue
[2026-07-15T16:46:27.361+0200] {logging_mixin.py:151} INFO - [2026-07-15T16:46:27.361+0200] {dagbag.py:536} INFO - Filling up the DagBag from /home/ai/.local/lib/python3.9/site-packages/airflow/example_dags/example_task_group_decorator.py
[2026-07-15T16:46:27.378+0200] {processor.py:839} INFO - DAG(s) dict_keys(['example_task_group_decorator']) retrieved from /home/ai/.local/lib/python3.9/site-packages/airflow/example_dags/example_task_group_decorator.py
[2026-07-15T16:46:27.398+0200] {logging_mixin.py:151} INFO - [2026-07-15T16:46:27.398+0200] {dag.py:2941} INFO - Sync 1 DAGs
[2026-07-15T16:46:27.425+0200] {logging_mixin.py:151} INFO - [2026-07-15T16:46:27.425+0200] {dag.py:3722} INFO - Setting next_dagrun for example_task_group_decorator to 2026-07-14T14:46:27.425257+00:00, run_after=2026-07-15T14:46:27.425257+00:00
[2026-07-15T16:46:27.444+0200] {processor.py:179} INFO - Processing /home/ai/.local/lib/python3.9/site-packages/airflow/example_dags/example_task_group_decorator.py took 0.089 seconds
[2026-07-15T16:47:20.978+0200] {processor.py:157} INFO - Started process (PID=3439425) to work on /home/ai/.local/lib/python3.9/site-packages/airflow/example_dags/example_task_group_decorator.py
[2026-07-15T16:47:20.979+0200] {processor.py:829} INFO - Processing file /home/ai/.local/lib/python3.9/site-packages/airflow/example_dags/example_task_group_decorator.py for tasks to queue
[2026-07-15T16:47:20.980+0200] {logging_mixin.py:151} INFO - [2026-07-15T16:47:20.980+0200] {dagbag.py:536} INFO - Filling up the DagBag from /home/ai/.local/lib/python3.9/site-packages/airflow/example_dags/example_task_group_decorator.py
[2026-07-15T16:47:20.996+0200] {processor.py:839} INFO - DAG(s) dict_keys(['example_task_group_decorator']) retrieved from /home/ai/.local/lib/python3.9/site-packages/airflow/example_dags/example_task_group_decorator.py
[2026-07-15T16:47:21.023+0200] {logging_mixin.py:151} INFO - [2026-07-15T16:47:21.023+0200] {dag.py:2941} INFO - Sync 1 DAGs
[2026-07-15T16:47:21.039+0200] {logging_mixin.py:151} INFO - [2026-07-15T16:47:21.039+0200] {dag.py:3722} INFO - Setting next_dagrun for example_task_group_decorator to 2026-07-14T14:47:21.039249+00:00, run_after=2026-07-15T14:47:21.039249+00:00
[2026-07-15T16:47:23.260+0200] {processor.py:179} INFO - Processing /home/ai/.local/lib/python3.9/site-packages/airflow/example_dags/example_task_group_decorator.py took 2.289 seconds
[2026-07-15T16:48:20.016+0200] {processor.py:157} INFO - Started process (PID=3440471) to work on /home/ai/.local/lib/python3.9/site-packages/airflow/example_dags/example_task_group_decorator.py
[2026-07-15T16:48:20.018+0200] {processor.py:829} INFO - Processing file /home/ai/.local/lib/python3.9/site-packages/airflow/example_dags/example_task_group_decorator.py for tasks to queue
[2026-07-15T16:48:20.019+0200] {logging_mixin.py:151} INFO - [2026-07-15T16:48:20.018+0200] {dagbag.py:536} INFO - Filling up the DagBag from /home/ai/.local/lib/python3.9/site-packages/airflow/example_dags/example_task_group_decorator.py
[2026-07-15T16:48:20.034+0200] {processor.py:839} INFO - DAG(s) dict_keys(['example_task_group_decorator']) retrieved from /home/ai/.local/lib/python3.9/site-packages/airflow/example_dags/example_task_group_decorator.py
[2026-07-15T16:48:20.054+0200] {logging_mixin.py:151} INFO - [2026-07-15T16:48:20.054+0200] {dag.py:2941} INFO - Sync 1 DAGs
[2026-07-15T16:48:20.074+0200] {logging_mixin.py:151} INFO - [2026-07-15T16:48:20.074+0200] {dag.py:3722} INFO - Setting next_dagrun for example_task_group_decorator to 2026-07-14T14:48:20.074340+00:00, run_after=2026-07-15T14:48:20.074340+00:00
[2026-07-15T16:48:20.095+0200] {processor.py:179} INFO - Processing /home/ai/.local/lib/python3.9/site-packages/airflow/example_dags/example_task_group_decorator.py took 0.085 seconds
[2026-07-15T16:49:23.373+0200] {processor.py:157} INFO - Started process (PID=3441554) to work on /home/ai/.local/lib/python3.9/site-packages/airflow/example_dags/example_task_group_decorator.py
[2026-07-15T16:49:23.374+0200] {processor.py:829} INFO - Processing file /home/ai/.local/lib/python3.9/site-packages/airflow/example_dags/example_task_group_decorator.py for tasks to queue
[2026-07-15T16:49:23.375+0200] {logging_mixin.py:151} INFO - [2026-07-15T16:49:23.375+0200] {dagbag.py:536} INFO - Filling up the DagBag from /home/ai/.local/lib/python3.9/site-packages/airflow/example_dags/example_task_group_decorator.py
[2026-07-15T16:49:23.392+0200] {processor.py:839} INFO - DAG(s) dict_keys(['example_task_group_decorator']) retrieved from /home/ai/.local/lib/python3.9/site-packages/airflow/example_dags/example_task_group_decorator.py
[2026-07-15T16:49:23.414+0200] {logging_mixin.py:151} INFO - [2026-07-15T16:49:23.414+0200] {dag.py:2941} INFO - Sync 1 DAGs
[2026-07-15T16:49:23.433+0200] {logging_mixin.py:151} INFO - [2026-07-15T16:49:23.433+0200] {dag.py:3722} INFO - Setting next_dagrun for example_task_group_decorator to 2026-07-14T14:49:23.432832+00:00, run_after=2026-07-15T14:49:23.432832+00:00
[2026-07-15T16:49:23.987+0200] {processor.py:179} INFO - Processing /home/ai/.local/lib/python3.9/site-packages/airflow/example_dags/example_task_group_decorator.py took 0.618 seconds
[2026-07-15T16:51:15.275+0200] {processor.py:157} INFO - Started process (PID=3443441) to work on /home/ai/.local/lib/python3.9/site-packages/airflow/example_dags/example_task_group_decorator.py
[2026-07-15T16:51:15.277+0200] {processor.py:829} INFO - Processing file /home/ai/.local/lib/python3.9/site-packages/airflow/example_dags/example_task_group_decorator.py for tasks to queue
[2026-07-15T16:51:15.278+0200] {logging_mixin.py:151} INFO - [2026-07-15T16:51:15.278+0200] {dagbag.py:536} INFO - Filling up the DagBag from /home/ai/.local/lib/python3.9/site-packages/airflow/example_dags/example_task_group_decorator.py
[2026-07-15T16:51:15.294+0200] {processor.py:839} INFO - DAG(s) dict_keys(['example_task_group_decorator']) retrieved from /home/ai/.local/lib/python3.9/site-packages/airflow/example_dags/example_task_group_decorator.py
[2026-07-15T16:51:15.313+0200] {logging_mixin.py:151} INFO - [2026-07-15T16:51:15.313+0200] {dag.py:2941} INFO - Sync 1 DAGs
[2026-07-15T16:51:15.332+0200] {logging_mixin.py:151} INFO - [2026-07-15T16:51:15.331+0200] {dag.py:3722} INFO - Setting next_dagrun for example_task_group_decorator to 2026-07-14T14:51:15.331624+00:00, run_after=2026-07-15T14:51:15.331624+00:00
[2026-07-15T16:51:15.458+0200] {processor.py:179} INFO - Processing /home/ai/.local/lib/python3.9/site-packages/airflow/example_dags/example_task_group_decorator.py took 0.187 seconds
[2026-07-15T16:52:15.240+0200] {processor.py:157} INFO - Started process (PID=3444427) to work on /home/ai/.local/lib/python3.9/site-packages/airflow/example_dags/example_task_group_decorator.py
[2026-07-15T16:52:15.242+0200] {processor.py:829} INFO - Processing file /home/ai/.local/lib/python3.9/site-packages/airflow/example_dags/example_task_group_decorator.py for tasks to queue
[2026-07-15T16:52:15.243+0200] {logging_mixin.py:151} INFO - [2026-07-15T16:52:15.242+0200] {dagbag.py:536} INFO - Filling up the DagBag from /home/ai/.local/lib/python3.9/site-packages/airflow/example_dags/example_task_group_decorator.py
[2026-07-15T16:52:15.258+0200] {processor.py:839} INFO - DAG(s) dict_keys(['example_task_group_decorator']) retrieved from /home/ai/.local/lib/python3.9/site-packages/airflow/example_dags/example_task_group_decorator.py
[2026-07-15T16:52:15.277+0200] {logging_mixin.py:151} INFO - [2026-07-15T16:52:15.277+0200] {dag.py:2941} INFO - Sync 1 DAGs
[2026-07-15T16:52:15.301+0200] {logging_mixin.py:151} INFO - [2026-07-15T16:52:15.300+0200] {dag.py:3722} INFO - Setting next_dagrun for example_task_group_decorator to 2026-07-14T14:52:15.299313+00:00, run_after=2026-07-15T14:52:15.299313+00:00
[2026-07-15T16:52:16.394+0200] {processor.py:179} INFO - Processing /home/ai/.local/lib/python3.9/site-packages/airflow/example_dags/example_task_group_decorator.py took 1.160 seconds
[2026-07-15T16:53:20.956+0200] {processor.py:157} INFO - Started process (PID=3445597) to work on /home/ai/.local/lib/python3.9/site-packages/airflow/example_dags/example_task_group_decorator.py
[2026-07-15T16:53:20.957+0200] {processor.py:829} INFO - Processing file /home/ai/.local/lib/python3.9/site-packages/airflow/example_dags/example_task_group_decorator.py for tasks to queue
[2026-07-15T16:53:20.958+0200] {logging_mixin.py:151} INFO - [2026-07-15T16:53:20.958+0200] {dagbag.py:536} INFO - Filling up the DagBag from /home/ai/.local/lib/python3.9/site-packages/airflow/example_dags/example_task_group_decorator.py
[2026-07-15T16:53:20.974+0200] {processor.py:839} INFO - DAG(s) dict_keys(['example_task_group_decorator']) retrieved from /home/ai/.local/lib/python3.9/site-packages/airflow/example_dags/example_task_group_decorator.py
[2026-07-15T16:53:20.993+0200] {logging_mixin.py:151} INFO - [2026-07-15T16:53:20.993+0200] {dag.py:2941} INFO - Sync 1 DAGs
[2026-07-15T16:53:21.011+0200] {logging_mixin.py:151} INFO - [2026-07-15T16:53:21.011+0200] {dag.py:3722} INFO - Setting next_dagrun for example_task_group_decorator to 2026-07-14T14:53:21.010975+00:00, run_after=2026-07-15T14:53:21.010975+00:00
[2026-07-15T16:53:22.461+0200] {processor.py:179} INFO - Processing /home/ai/.local/lib/python3.9/site-packages/airflow/example_dags/example_task_group_decorator.py took 1.511 seconds
[2026-07-15T16:54:28.557+0200] {processor.py:157} INFO - Started process (PID=3446727) to work on /home/ai/.local/lib/python3.9/site-packages/airflow/example_dags/example_task_group_decorator.py
[2026-07-15T16:54:28.579+0200] {processor.py:829} INFO - Processing file /home/ai/.local/lib/python3.9/site-packages/airflow/example_dags/example_task_group_decorator.py for tasks to queue
[2026-07-15T16:54:28.581+0200] {logging_mixin.py:151} INFO - [2026-07-15T16:54:28.581+0200] {dagbag.py:536} INFO - Filling up the DagBag from /home/ai/.local/lib/python3.9/site-packages/airflow/example_dags/example_task_group_decorator.py
[2026-07-15T16:54:28.602+0200] {processor.py:839} INFO - DAG(s) dict_keys(['example_task_group_decorator']) retrieved from /home/ai/.local/lib/python3.9/site-packages/airflow/example_dags/example_task_group_decorator.py
[2026-07-15T16:54:28.621+0200] {logging_mixin.py:151} INFO - [2026-07-15T16:54:28.620+0200] {dag.py:2941} INFO - Sync 1 DAGs
[2026-07-15T16:54:28.638+0200] {logging_mixin.py:151} INFO - [2026-07-15T16:54:28.638+0200] {dag.py:3722} INFO - Setting next_dagrun for example_task_group_decorator to 2026-07-14T14:54:28.637929+00:00, run_after=2026-07-15T14:54:28.637929+00:00
[2026-07-15T16:54:29.376+0200] {processor.py:179} INFO - Processing /home/ai/.local/lib/python3.9/site-packages/airflow/example_dags/example_task_group_decorator.py took 0.823 seconds
[2026-07-15T16:55:35.899+0200] {processor.py:157} INFO - Started process (PID=3447820) to work on /home/ai/.local/lib/python3.9/site-packages/airflow/example_dags/example_task_group_decorator.py
[2026-07-15T16:55:35.931+0200] {processor.py:829} INFO - Processing file /home/ai/.local/lib/python3.9/site-packages/airflow/example_dags/example_task_group_decorator.py for tasks to queue
[2026-07-15T16:55:35.932+0200] {logging_mixin.py:151} INFO - [2026-07-15T16:55:35.931+0200] {dagbag.py:536} INFO - Filling up the DagBag from /home/ai/.local/lib/python3.9/site-packages/airflow/example_dags/example_task_group_decorator.py
[2026-07-15T16:55:35.950+0200] {processor.py:839} INFO - DAG(s) dict_keys(['example_task_group_decorator']) retrieved from /home/ai/.local/lib/python3.9/site-packages/airflow/example_dags/example_task_group_decorator.py
[2026-07-15T16:55:35.979+0200] {logging_mixin.py:151} INFO - [2026-07-15T16:55:35.979+0200] {dag.py:2941} INFO - Sync 1 DAGs
[2026-07-15T16:55:35.996+0200] {logging_mixin.py:151} INFO - [2026-07-15T16:55:35.996+0200] {dag.py:3722} INFO - Setting next_dagrun for example_task_group_decorator to 2026-07-14T14:55:35.996172+00:00, run_after=2026-07-15T14:55:35.996172+00:00
[2026-07-15T16:55:36.690+0200] {processor.py:179} INFO - Processing /home/ai/.local/lib/python3.9/site-packages/airflow/example_dags/example_task_group_decorator.py took 0.795 seconds
[2026-07-15T16:57:45.951+0200] {processor.py:157} INFO - Started process (PID=3450051) to work on /home/ai/.local/lib/python3.9/site-packages/airflow/example_dags/example_task_group_decorator.py
[2026-07-15T16:57:45.953+0200] {processor.py:829} INFO - Processing file /home/ai/.local/lib/python3.9/site-packages/airflow/example_dags/example_task_group_decorator.py for tasks to queue
[2026-07-15T16:57:45.954+0200] {logging_mixin.py:151} INFO - [2026-07-15T16:57:45.954+0200] {dagbag.py:536} INFO - Filling up the DagBag from /home/ai/.local/lib/python3.9/site-packages/airflow/example_dags/example_task_group_decorator.py
[2026-07-15T16:57:45.968+0200] {processor.py:839} INFO - DAG(s) dict_keys(['example_task_group_decorator']) retrieved from /home/ai/.local/lib/python3.9/site-packages/airflow/example_dags/example_task_group_decorator.py
[2026-07-15T16:57:45.985+0200] {logging_mixin.py:151} INFO - [2026-07-15T16:57:45.985+0200] {dag.py:2941} INFO - Sync 1 DAGs
[2026-07-15T16:57:46.003+0200] {logging_mixin.py:151} INFO - [2026-07-15T16:57:46.003+0200] {dag.py:3722} INFO - Setting next_dagrun for example_task_group_decorator to 2026-07-14T14:57:46.003280+00:00, run_after=2026-07-15T14:57:46.003280+00:00
[2026-07-15T16:57:46.024+0200] {processor.py:179} INFO - Processing /home/ai/.local/lib/python3.9/site-packages/airflow/example_dags/example_task_group_decorator.py took 0.078 seconds
[2026-07-15T16:59:21.957+0200] {processor.py:157} INFO - Started process (PID=3451789) to work on /home/ai/.local/lib/python3.9/site-packages/airflow/example_dags/example_task_group_decorator.py
[2026-07-15T16:59:21.958+0200] {processor.py:829} INFO - Processing file /home/ai/.local/lib/python3.9/site-packages/airflow/example_dags/example_task_group_decorator.py for tasks to queue
[2026-07-15T16:59:21.959+0200] {logging_mixin.py:151} INFO - [2026-07-15T16:59:21.959+0200] {dagbag.py:536} INFO - Filling up the DagBag from /home/ai/.local/lib/python3.9/site-packages/airflow/example_dags/example_task_group_decorator.py
[2026-07-15T16:59:21.975+0200] {processor.py:839} INFO - DAG(s) dict_keys(['example_task_group_decorator']) retrieved from /home/ai/.local/lib/python3.9/site-packages/airflow/example_dags/example_task_group_decorator.py
[2026-07-15T16:59:21.994+0200] {logging_mixin.py:151} INFO - [2026-07-15T16:59:21.994+0200] {dag.py:2941} INFO - Sync 1 DAGs
[2026-07-15T16:59:22.014+0200] {logging_mixin.py:151} INFO - [2026-07-15T16:59:22.014+0200] {dag.py:3722} INFO - Setting next_dagrun for example_task_group_decorator to 2026-07-14T14:59:22.013829+00:00, run_after=2026-07-15T14:59:22.013829+00:00
[2026-07-15T16:59:22.145+0200] {processor.py:179} INFO - Processing /home/ai/.local/lib/python3.9/site-packages/airflow/example_dags/example_task_group_decorator.py took 0.192 seconds
[2026-07-15T17:01:00.280+0200] {processor.py:157} INFO - Started process (PID=3453499) to work on /home/ai/.local/lib/python3.9/site-packages/airflow/example_dags/example_task_group_decorator.py
[2026-07-15T17:01:00.281+0200] {processor.py:829} INFO - Processing file /home/ai/.local/lib/python3.9/site-packages/airflow/example_dags/example_task_group_decorator.py for tasks to queue
[2026-07-15T17:01:00.283+0200] {logging_mixin.py:151} INFO - [2026-07-15T17:01:00.282+0200] {dagbag.py:536} INFO - Filling up the DagBag from /home/ai/.local/lib/python3.9/site-packages/airflow/example_dags/example_task_group_decorator.py
[2026-07-15T17:01:00.297+0200] {processor.py:839} INFO - DAG(s) dict_keys(['example_task_group_decorator']) retrieved from /home/ai/.local/lib/python3.9/site-packages/airflow/example_dags/example_task_group_decorator.py
[2026-07-15T17:01:00.314+0200] {logging_mixin.py:151} INFO - [2026-07-15T17:01:00.314+0200] {dag.py:2941} INFO - Sync 1 DAGs
[2026-07-15T17:01:00.331+0200] {logging_mixin.py:151} INFO - [2026-07-15T17:01:00.331+0200] {dag.py:3722} INFO - Setting next_dagrun for example_task_group_decorator to 2026-07-14T15:01:00.331208+00:00, run_after=2026-07-15T15:01:00.331208+00:00
[2026-07-15T17:01:01.853+0200] {processor.py:179} INFO - Processing /home/ai/.local/lib/python3.9/site-packages/airflow/example_dags/example_task_group_decorator.py took 1.578 seconds
[2026-07-15T17:03:09.051+0200] {processor.py:157} INFO - Started process (PID=3455759) to work on /home/ai/.local/lib/python3.9/site-packages/airflow/example_dags/example_task_group_decorator.py
[2026-07-15T17:03:09.155+0200] {processor.py:829} INFO - Processing file /home/ai/.local/lib/python3.9/site-packages/airflow/example_dags/example_task_group_decorator.py for tasks to queue
[2026-07-15T17:03:09.158+0200] {logging_mixin.py:151} INFO - [2026-07-15T17:03:09.157+0200] {dagbag.py:536} INFO - Filling up the DagBag from /home/ai/.local/lib/python3.9/site-packages/airflow/example_dags/example_task_group_decorator.py
[2026-07-15T17:03:09.178+0200] {processor.py:839} INFO - DAG(s) dict_keys(['example_task_group_decorator']) retrieved from /home/ai/.local/lib/python3.9/site-packages/airflow/example_dags/example_task_group_decorator.py
[2026-07-15T17:03:09.195+0200] {logging_mixin.py:151} INFO - [2026-07-15T17:03:09.195+0200] {dag.py:2941} INFO - Sync 1 DAGs
[2026-07-15T17:03:09.214+0200] {logging_mixin.py:151} INFO - [2026-07-15T17:03:09.214+0200] {dag.py:3722} INFO - Setting next_dagrun for example_task_group_decorator to 2026-07-14T15:03:09.213948+00:00, run_after=2026-07-15T15:03:09.213948+00:00
[2026-07-15T17:03:10.080+0200] {processor.py:179} INFO - Processing /home/ai/.local/lib/python3.9/site-packages/airflow/example_dags/example_task_group_decorator.py took 1.034 seconds
[2026-07-15T17:04:23.075+0200] {processor.py:157} INFO - Started process (PID=3457077) to work on /home/ai/.local/lib/python3.9/site-packages/airflow/example_dags/example_task_group_decorator.py
[2026-07-15T17:04:23.076+0200] {processor.py:829} INFO - Processing file /home/ai/.local/lib/python3.9/site-packages/airflow/example_dags/example_task_group_decorator.py for tasks to queue
[2026-07-15T17:04:23.077+0200] {logging_mixin.py:151} INFO - [2026-07-15T17:04:23.077+0200] {dagbag.py:536} INFO - Filling up the DagBag from /home/ai/.local/lib/python3.9/site-packages/airflow/example_dags/example_task_group_decorator.py
[2026-07-15T17:04:23.093+0200] {processor.py:839} INFO - DAG(s) dict_keys(['example_task_group_decorator']) retrieved from /home/ai/.local/lib/python3.9/site-packages/airflow/example_dags/example_task_group_decorator.py
[2026-07-15T17:04:23.112+0200] {logging_mixin.py:151} INFO - [2026-07-15T17:04:23.112+0200] {dag.py:2941} INFO - Sync 1 DAGs
[2026-07-15T17:04:23.131+0200] {logging_mixin.py:151} INFO - [2026-07-15T17:04:23.131+0200] {dag.py:3722} INFO - Setting next_dagrun for example_task_group_decorator to 2026-07-14T15:04:23.131401+00:00, run_after=2026-07-15T15:04:23.131401+00:00
[2026-07-15T17:04:23.525+0200] {processor.py:179} INFO - Processing /home/ai/.local/lib/python3.9/site-packages/airflow/example_dags/example_task_group_decorator.py took 0.455 seconds
[2026-07-15T17:05:22.373+0200] {processor.py:157} INFO - Started process (PID=3458046) to work on /home/ai/.local/lib/python3.9/site-packages/airflow/example_dags/example_task_group_decorator.py
[2026-07-15T17:05:22.376+0200] {processor.py:829} INFO - Processing file /home/ai/.local/lib/python3.9/site-packages/airflow/example_dags/example_task_group_decorator.py for tasks to queue
[2026-07-15T17:05:22.377+0200] {logging_mixin.py:151} INFO - [2026-07-15T17:05:22.376+0200] {dagbag.py:536} INFO - Filling up the DagBag from /home/ai/.local/lib/python3.9/site-packages/airflow/example_dags/example_task_group_decorator.py
[2026-07-15T17:05:22.393+0200] {processor.py:839} INFO - DAG(s) dict_keys(['example_task_group_decorator']) retrieved from /home/ai/.local/lib/python3.9/site-packages/airflow/example_dags/example_task_group_decorator.py
[2026-07-15T17:05:22.412+0200] {logging_mixin.py:151} INFO - [2026-07-15T17:05:22.411+0200] {dag.py:2941} INFO - Sync 1 DAGs
[2026-07-15T17:05:22.430+0200] {logging_mixin.py:151} INFO - [2026-07-15T17:05:22.430+0200] {dag.py:3722} INFO - Setting next_dagrun for example_task_group_decorator to 2026-07-14T15:05:22.430007+00:00, run_after=2026-07-15T15:05:22.430007+00:00
[2026-07-15T17:05:23.073+0200] {processor.py:179} INFO - Processing /home/ai/.local/lib/python3.9/site-packages/airflow/example_dags/example_task_group_decorator.py took 0.710 seconds
[2026-07-15T17:06:34.532+0200] {processor.py:157} INFO - Started process (PID=3459227) to work on /home/ai/.local/lib/python3.9/site-packages/airflow/example_dags/example_task_group_decorator.py
[2026-07-15T17:06:35.532+0200] {processor.py:829} INFO - Processing file /home/ai/.local/lib/python3.9/site-packages/airflow/example_dags/example_task_group_decorator.py for tasks to queue
[2026-07-15T17:06:35.535+0200] {logging_mixin.py:151} INFO - [2026-07-15T17:06:35.534+0200] {dagbag.py:536} INFO - Filling up the DagBag from /home/ai/.local/lib/python3.9/site-packages/airflow/example_dags/example_task_group_decorator.py
[2026-07-15T17:06:35.557+0200] {processor.py:839} INFO - DAG(s) dict_keys(['example_task_group_decorator']) retrieved from /home/ai/.local/lib/python3.9/site-packages/airflow/example_dags/example_task_group_decorator.py
[2026-07-15T17:06:35.580+0200] {logging_mixin.py:151} INFO - [2026-07-15T17:06:35.580+0200] {dag.py:2941} INFO - Sync 1 DAGs
[2026-07-15T17:06:35.600+0200] {logging_mixin.py:151} INFO - [2026-07-15T17:06:35.600+0200] {dag.py:3722} INFO - Setting next_dagrun for example_task_group_decorator to 2026-07-14T15:06:35.599768+00:00, run_after=2026-07-15T15:06:35.599768+00:00
[2026-07-15T17:06:35.684+0200] {processor.py:179} INFO - Processing /home/ai/.local/lib/python3.9/site-packages/airflow/example_dags/example_task_group_decorator.py took 1.159 seconds
[2026-07-15T17:07:46.722+0200] {processor.py:157} INFO - Started process (PID=3460501) to work on /home/ai/.local/lib/python3.9/site-packages/airflow/example_dags/example_task_group_decorator.py
[2026-07-15T17:07:46.875+0200] {processor.py:829} INFO - Processing file /home/ai/.local/lib/python3.9/site-packages/airflow/example_dags/example_task_group_decorator.py for tasks to queue
[2026-07-15T17:07:46.878+0200] {logging_mixin.py:151} INFO - [2026-07-15T17:07:46.877+0200] {dagbag.py:536} INFO - Filling up the DagBag from /home/ai/.local/lib/python3.9/site-packages/airflow/example_dags/example_task_group_decorator.py
[2026-07-15T17:07:46.899+0200] {processor.py:839} INFO - DAG(s) dict_keys(['example_task_group_decorator']) retrieved from /home/ai/.local/lib/python3.9/site-packages/airflow/example_dags/example_task_group_decorator.py
[2026-07-15T17:07:46.917+0200] {logging_mixin.py:151} INFO - [2026-07-15T17:07:46.917+0200] {dag.py:2941} INFO - Sync 1 DAGs
[2026-07-15T17:07:46.936+0200] {logging_mixin.py:151} INFO - [2026-07-15T17:07:46.935+0200] {dag.py:3722} INFO - Setting next_dagrun for example_task_group_decorator to 2026-07-14T15:07:46.935748+00:00, run_after=2026-07-15T15:07:46.935748+00:00
[2026-07-15T17:07:48.354+0200] {processor.py:179} INFO - Processing /home/ai/.local/lib/python3.9/site-packages/airflow/example_dags/example_task_group_decorator.py took 1.636 seconds
[2026-07-15T17:09:12.363+0200] {processor.py:157} INFO - Started process (PID=3461891) to work on /home/ai/.local/lib/python3.9/site-packages/airflow/example_dags/example_task_group_decorator.py
[2026-07-15T17:09:12.364+0200] {processor.py:829} INFO - Processing file /home/ai/.local/lib/python3.9/site-packages/airflow/example_dags/example_task_group_decorator.py for tasks to queue
[2026-07-15T17:09:12.365+0200] {logging_mixin.py:151} INFO - [2026-07-15T17:09:12.365+0200] {dagbag.py:536} INFO - Filling up the DagBag from /home/ai/.local/lib/python3.9/site-packages/airflow/example_dags/example_task_group_decorator.py
[2026-07-15T17:09:12.380+0200] {processor.py:839} INFO - DAG(s) dict_keys(['example_task_group_decorator']) retrieved from /home/ai/.local/lib/python3.9/site-packages/airflow/example_dags/example_task_group_decorator.py
[2026-07-15T17:09:12.397+0200] {logging_mixin.py:151} INFO - [2026-07-15T17:09:12.397+0200] {dag.py:2941} INFO - Sync 1 DAGs
[2026-07-15T17:09:12.418+0200] {logging_mixin.py:151} INFO - [2026-07-15T17:09:12.418+0200] {dag.py:3722} INFO - Setting next_dagrun for example_task_group_decorator to 2026-07-14T15:09:12.417931+00:00, run_after=2026-07-15T15:09:12.417931+00:00
[2026-07-15T17:09:15.415+0200] {processor.py:179} INFO - Processing /home/ai/.local/lib/python3.9/site-packages/airflow/example_dags/example_task_group_decorator.py took 3.059 seconds
[2026-07-15T17:11:04.380+0200] {processor.py:157} INFO - Started process (PID=3463798) to work on /home/ai/.local/lib/python3.9/site-packages/airflow/example_dags/example_task_group_decorator.py
[2026-07-15T17:11:04.481+0200] {processor.py:829} INFO - Processing file /home/ai/.local/lib/python3.9/site-packages/airflow/example_dags/example_task_group_decorator.py for tasks to queue
[2026-07-15T17:11:04.483+0200] {logging_mixin.py:151} INFO - [2026-07-15T17:11:04.482+0200] {dagbag.py:536} INFO - Filling up the DagBag from /home/ai/.local/lib/python3.9/site-packages/airflow/example_dags/example_task_group_decorator.py
[2026-07-15T17:11:04.504+0200] {processor.py:839} INFO - DAG(s) dict_keys(['example_task_group_decorator']) retrieved from /home/ai/.local/lib/python3.9/site-packages/airflow/example_dags/example_task_group_decorator.py
[2026-07-15T17:11:04.523+0200] {logging_mixin.py:151} INFO - [2026-07-15T17:11:04.522+0200] {dag.py:2941} INFO - Sync 1 DAGs
[2026-07-15T17:11:04.540+0200] {logging_mixin.py:151} INFO - [2026-07-15T17:11:04.540+0200] {dag.py:3722} INFO - Setting next_dagrun for example_task_group_decorator to 2026-07-14T15:11:04.540090+00:00, run_after=2026-07-15T15:11:04.540090+00:00
[2026-07-15T17:11:04.978+0200] {processor.py:179} INFO - Processing /home/ai/.local/lib/python3.9/site-packages/airflow/example_dags/example_task_group_decorator.py took 0.604 seconds
[2026-07-15T17:12:14.640+0200] {processor.py:157} INFO - Started process (PID=3464937) to work on /home/ai/.local/lib/python3.9/site-packages/airflow/example_dags/example_task_group_decorator.py
[2026-07-15T17:12:14.641+0200] {processor.py:829} INFO - Processing file /home/ai/.local/lib/python3.9/site-packages/airflow/example_dags/example_task_group_decorator.py for tasks to queue
[2026-07-15T17:12:14.642+0200] {logging_mixin.py:151} INFO - [2026-07-15T17:12:14.642+0200] {dagbag.py:536} INFO - Filling up the DagBag from /home/ai/.local/lib/python3.9/site-packages/airflow/example_dags/example_task_group_decorator.py
[2026-07-15T17:12:14.657+0200] {processor.py:839} INFO - DAG(s) dict_keys(['example_task_group_decorator']) retrieved from /home/ai/.local/lib/python3.9/site-packages/airflow/example_dags/example_task_group_decorator.py
[2026-07-15T17:12:14.675+0200] {logging_mixin.py:151} INFO - [2026-07-15T17:12:14.675+0200] {dag.py:2941} INFO - Sync 1 DAGs
[2026-07-15T17:12:14.692+0200] {logging_mixin.py:151} INFO - [2026-07-15T17:12:14.692+0200] {dag.py:3722} INFO - Setting next_dagrun for example_task_group_decorator to 2026-07-14T15:12:14.692645+00:00, run_after=2026-07-15T15:12:14.692645+00:00
[2026-07-15T17:12:14.710+0200] {processor.py:179} INFO - Processing /home/ai/.local/lib/python3.9/site-packages/airflow/example_dags/example_task_group_decorator.py took 0.075 seconds
[2026-07-15T17:13:52.657+0200] {processor.py:157} INFO - Started process (PID=3466832) to work on /home/ai/.local/lib/python3.9/site-packages/airflow/example_dags/example_task_group_decorator.py
[2026-07-15T17:13:52.658+0200] {processor.py:829} INFO - Processing file /home/ai/.local/lib/python3.9/site-packages/airflow/example_dags/example_task_group_decorator.py for tasks to queue
[2026-07-15T17:13:52.659+0200] {logging_mixin.py:151} INFO - [2026-07-15T17:13:52.659+0200] {dagbag.py:536} INFO - Filling up the DagBag from /home/ai/.local/lib/python3.9/site-packages/airflow/example_dags/example_task_group_decorator.py
[2026-07-15T17:13:52.675+0200] {processor.py:839} INFO - DAG(s) dict_keys(['example_task_group_decorator']) retrieved from /home/ai/.local/lib/python3.9/site-packages/airflow/example_dags/example_task_group_decorator.py
[2026-07-15T17:13:52.702+0200] {logging_mixin.py:151} INFO - [2026-07-15T17:13:52.701+0200] {dag.py:2941} INFO - Sync 1 DAGs
[2026-07-15T17:13:52.722+0200] {logging_mixin.py:151} INFO - [2026-07-15T17:13:52.722+0200] {dag.py:3722} INFO - Setting next_dagrun for example_task_group_decorator to 2026-07-14T15:13:52.722520+00:00, run_after=2026-07-15T15:13:52.722520+00:00
[2026-07-15T17:13:53.438+0200] {processor.py:179} INFO - Processing /home/ai/.local/lib/python3.9/site-packages/airflow/example_dags/example_task_group_decorator.py took 0.785 seconds
[2026-07-15T17:15:20.269+0200] {processor.py:157} INFO - Started process (PID=3468448) to work on /home/ai/.local/lib/python3.9/site-packages/airflow/example_dags/example_task_group_decorator.py
[2026-07-15T17:15:20.271+0200] {processor.py:829} INFO - Processing file /home/ai/.local/lib/python3.9/site-packages/airflow/example_dags/example_task_group_decorator.py for tasks to queue
[2026-07-15T17:15:20.272+0200] {logging_mixin.py:151} INFO - [2026-07-15T17:15:20.271+0200] {dagbag.py:536} INFO - Filling up the DagBag from /home/ai/.local/lib/python3.9/site-packages/airflow/example_dags/example_task_group_decorator.py
[2026-07-15T17:15:20.289+0200] {processor.py:839} INFO - DAG(s) dict_keys(['example_task_group_decorator']) retrieved from /home/ai/.local/lib/python3.9/site-packages/airflow/example_dags/example_task_group_decorator.py
[2026-07-15T17:15:20.503+0200] {logging_mixin.py:151} INFO - [2026-07-15T17:15:20.503+0200] {dag.py:2941} INFO - Sync 1 DAGs
[2026-07-15T17:15:20.524+0200] {logging_mixin.py:151} INFO - [2026-07-15T17:15:20.524+0200] {dag.py:3722} INFO - Setting next_dagrun for example_task_group_decorator to 2026-07-14T15:15:20.524329+00:00, run_after=2026-07-15T15:15:20.524329+00:00
[2026-07-15T17:15:20.552+0200] {processor.py:179} INFO - Processing /home/ai/.local/lib/python3.9/site-packages/airflow/example_dags/example_task_group_decorator.py took 0.289 seconds
[2026-07-15T17:17:01.623+0200] {processor.py:157} INFO - Started process (PID=3470624) to work on /home/ai/.local/lib/python3.9/site-packages/airflow/example_dags/example_task_group_decorator.py
[2026-07-15T17:17:02.605+0200] {processor.py:829} INFO - Processing file /home/ai/.local/lib/python3.9/site-packages/airflow/example_dags/example_task_group_decorator.py for tasks to queue
[2026-07-15T17:17:02.606+0200] {logging_mixin.py:151} INFO - [2026-07-15T17:17:02.606+0200] {dagbag.py:536} INFO - Filling up the DagBag from /home/ai/.local/lib/python3.9/site-packages/airflow/example_dags/example_task_group_decorator.py
[2026-07-15T17:17:02.623+0200] {processor.py:839} INFO - DAG(s) dict_keys(['example_task_group_decorator']) retrieved from /home/ai/.local/lib/python3.9/site-packages/airflow/example_dags/example_task_group_decorator.py
[2026-07-15T17:17:02.642+0200] {logging_mixin.py:151} INFO - [2026-07-15T17:17:02.642+0200] {dag.py:2941} INFO - Sync 1 DAGs
[2026-07-15T17:17:02.660+0200] {logging_mixin.py:151} INFO - [2026-07-15T17:17:02.660+0200] {dag.py:3722} INFO - Setting next_dagrun for example_task_group_decorator to 2026-07-14T15:17:02.659837+00:00, run_after=2026-07-15T15:17:02.659837+00:00
[2026-07-15T17:17:02.688+0200] {processor.py:179} INFO - Processing /home/ai/.local/lib/python3.9/site-packages/airflow/example_dags/example_task_group_decorator.py took 1.072 seconds
[2026-07-15T17:19:10.529+0200] {processor.py:157} INFO - Started process (PID=3473305) to work on /home/ai/.local/lib/python3.9/site-packages/airflow/example_dags/example_task_group_decorator.py
[2026-07-15T17:19:10.531+0200] {processor.py:829} INFO - Processing file /home/ai/.local/lib/python3.9/site-packages/airflow/example_dags/example_task_group_decorator.py for tasks to queue
[2026-07-15T17:19:10.532+0200] {logging_mixin.py:151} INFO - [2026-07-15T17:19:10.531+0200] {dagbag.py:536} INFO - Filling up the DagBag from /home/ai/.local/lib/python3.9/site-packages/airflow/example_dags/example_task_group_decorator.py
[2026-07-15T17:19:10.546+0200] {processor.py:839} INFO - DAG(s) dict_keys(['example_task_group_decorator']) retrieved from /home/ai/.local/lib/python3.9/site-packages/airflow/example_dags/example_task_group_decorator.py
[2026-07-15T17:19:10.564+0200] {logging_mixin.py:151} INFO - [2026-07-15T17:19:10.564+0200] {dag.py:2941} INFO - Sync 1 DAGs
[2026-07-15T17:19:10.583+0200] {logging_mixin.py:151} INFO - [2026-07-15T17:19:10.582+0200] {dag.py:3722} INFO - Setting next_dagrun for example_task_group_decorator to 2026-07-14T15:19:10.582598+00:00, run_after=2026-07-15T15:19:10.582598+00:00
[2026-07-15T17:19:11.269+0200] {processor.py:179} INFO - Processing /home/ai/.local/lib/python3.9/site-packages/airflow/example_dags/example_task_group_decorator.py took 0.747 seconds
