[2026-07-15T16:15:43.382+0200] {processor.py:157} INFO - Started process (PID=3406124) to work on /home/ai/.local/lib/python3.9/site-packages/airflow/example_dags/example_latest_only_with_trigger.py
[2026-07-15T16:15:43.383+0200] {processor.py:829} INFO - Processing file /home/ai/.local/lib/python3.9/site-packages/airflow/example_dags/example_latest_only_with_trigger.py for tasks to queue
[2026-07-15T16:15:43.384+0200] {logging_mixin.py:151} INFO - [2026-07-15T16:15:43.384+0200] {dagbag.py:536} INFO - Filling up the DagBag from /home/ai/.local/lib/python3.9/site-packages/airflow/example_dags/example_latest_only_with_trigger.py
[2026-07-15T16:15:43.391+0200] {processor.py:839} INFO - DAG(s) dict_keys(['latest_only_with_trigger']) retrieved from /home/ai/.local/lib/python3.9/site-packages/airflow/example_dags/example_latest_only_with_trigger.py
[2026-07-15T16:15:43.409+0200] {logging_mixin.py:151} INFO - [2026-07-15T16:15:43.409+0200] {dag.py:2941} INFO - Sync 1 DAGs
[2026-07-15T16:15:43.427+0200] {logging_mixin.py:151} INFO - [2026-07-15T16:15:43.426+0200] {dag.py:3722} INFO - Setting next_dagrun for latest_only_with_trigger to 2026-07-15T10:15:43.426714+00:00, run_after=2026-07-15T14:15:43.426714+00:00
[2026-07-15T16:15:43.446+0200] {processor.py:179} INFO - Processing /home/ai/.local/lib/python3.9/site-packages/airflow/example_dags/example_latest_only_with_trigger.py took 0.067 seconds
[2026-07-15T16:17:16.280+0200] {processor.py:157} INFO - Started process (PID=3407720) to work on /home/ai/.local/lib/python3.9/site-packages/airflow/example_dags/example_latest_only_with_trigger.py
[2026-07-15T16:17:16.282+0200] {processor.py:829} INFO - Processing file /home/ai/.local/lib/python3.9/site-packages/airflow/example_dags/example_latest_only_with_trigger.py for tasks to queue
[2026-07-15T16:17:16.283+0200] {logging_mixin.py:151} INFO - [2026-07-15T16:17:16.282+0200] {dagbag.py:536} INFO - Filling up the DagBag from /home/ai/.local/lib/python3.9/site-packages/airflow/example_dags/example_latest_only_with_trigger.py
[2026-07-15T16:17:16.289+0200] {processor.py:839} INFO - DAG(s) dict_keys(['latest_only_with_trigger']) retrieved from /home/ai/.local/lib/python3.9/site-packages/airflow/example_dags/example_latest_only_with_trigger.py
[2026-07-15T16:17:16.305+0200] {logging_mixin.py:151} INFO - [2026-07-15T16:17:16.305+0200] {dag.py:2941} INFO - Sync 1 DAGs
[2026-07-15T16:17:16.323+0200] {logging_mixin.py:151} INFO - [2026-07-15T16:17:16.323+0200] {dag.py:3722} INFO - Setting next_dagrun for latest_only_with_trigger to 2026-07-15T10:17:16.323114+00:00, run_after=2026-07-15T14:17:16.323114+00:00
[2026-07-15T16:17:16.342+0200] {processor.py:179} INFO - Processing /home/ai/.local/lib/python3.9/site-packages/airflow/example_dags/example_latest_only_with_trigger.py took 0.065 seconds
[2026-07-15T16:18:31.670+0200] {processor.py:157} INFO - Started process (PID=3409024) to work on /home/ai/.local/lib/python3.9/site-packages/airflow/example_dags/example_latest_only_with_trigger.py
[2026-07-15T16:18:31.672+0200] {processor.py:829} INFO - Processing file /home/ai/.local/lib/python3.9/site-packages/airflow/example_dags/example_latest_only_with_trigger.py for tasks to queue
[2026-07-15T16:18:31.673+0200] {logging_mixin.py:151} INFO - [2026-07-15T16:18:31.672+0200] {dagbag.py:536} INFO - Filling up the DagBag from /home/ai/.local/lib/python3.9/site-packages/airflow/example_dags/example_latest_only_with_trigger.py
[2026-07-15T16:18:31.679+0200] {processor.py:839} INFO - DAG(s) dict_keys(['latest_only_with_trigger']) retrieved from /home/ai/.local/lib/python3.9/site-packages/airflow/example_dags/example_latest_only_with_trigger.py
[2026-07-15T16:18:31.697+0200] {logging_mixin.py:151} INFO - [2026-07-15T16:18:31.696+0200] {dag.py:2941} INFO - Sync 1 DAGs
[2026-07-15T16:18:31.715+0200] {logging_mixin.py:151} INFO - [2026-07-15T16:18:31.715+0200] {dag.py:3722} INFO - Setting next_dagrun for latest_only_with_trigger to 2026-07-15T10:18:31.715081+00:00, run_after=2026-07-15T14:18:31.715081+00:00
[2026-07-15T16:18:31.741+0200] {processor.py:179} INFO - Processing /home/ai/.local/lib/python3.9/site-packages/airflow/example_dags/example_latest_only_with_trigger.py took 0.077 seconds
[2026-07-15T16:20:10.578+0200] {processor.py:157} INFO - Started process (PID=3410744) to work on /home/ai/.local/lib/python3.9/site-packages/airflow/example_dags/example_latest_only_with_trigger.py
[2026-07-15T16:20:10.580+0200] {processor.py:829} INFO - Processing file /home/ai/.local/lib/python3.9/site-packages/airflow/example_dags/example_latest_only_with_trigger.py for tasks to queue
[2026-07-15T16:20:10.580+0200] {logging_mixin.py:151} INFO - [2026-07-15T16:20:10.580+0200] {dagbag.py:536} INFO - Filling up the DagBag from /home/ai/.local/lib/python3.9/site-packages/airflow/example_dags/example_latest_only_with_trigger.py
[2026-07-15T16:20:10.587+0200] {processor.py:839} INFO - DAG(s) dict_keys(['latest_only_with_trigger']) retrieved from /home/ai/.local/lib/python3.9/site-packages/airflow/example_dags/example_latest_only_with_trigger.py
[2026-07-15T16:20:10.603+0200] {logging_mixin.py:151} INFO - [2026-07-15T16:20:10.603+0200] {dag.py:2941} INFO - Sync 1 DAGs
[2026-07-15T16:20:10.621+0200] {logging_mixin.py:151} INFO - [2026-07-15T16:20:10.621+0200] {dag.py:3722} INFO - Setting next_dagrun for latest_only_with_trigger to 2026-07-15T10:20:10.620770+00:00, run_after=2026-07-15T14:20:10.620770+00:00
[2026-07-15T16:20:10.660+0200] {processor.py:179} INFO - Processing /home/ai/.local/lib/python3.9/site-packages/airflow/example_dags/example_latest_only_with_trigger.py took 0.086 seconds
[2026-07-15T16:21:43.188+0200] {processor.py:157} INFO - Started process (PID=3412249) to work on /home/ai/.local/lib/python3.9/site-packages/airflow/example_dags/example_latest_only_with_trigger.py
[2026-07-15T16:21:43.190+0200] {processor.py:829} INFO - Processing file /home/ai/.local/lib/python3.9/site-packages/airflow/example_dags/example_latest_only_with_trigger.py for tasks to queue
[2026-07-15T16:21:43.191+0200] {logging_mixin.py:151} INFO - [2026-07-15T16:21:43.190+0200] {dagbag.py:536} INFO - Filling up the DagBag from /home/ai/.local/lib/python3.9/site-packages/airflow/example_dags/example_latest_only_with_trigger.py
[2026-07-15T16:21:43.197+0200] {processor.py:839} INFO - DAG(s) dict_keys(['latest_only_with_trigger']) retrieved from /home/ai/.local/lib/python3.9/site-packages/airflow/example_dags/example_latest_only_with_trigger.py
[2026-07-15T16:21:43.213+0200] {logging_mixin.py:151} INFO - [2026-07-15T16:21:43.213+0200] {dag.py:2941} INFO - Sync 1 DAGs
[2026-07-15T16:21:43.230+0200] {logging_mixin.py:151} INFO - [2026-07-15T16:21:43.230+0200] {dag.py:3722} INFO - Setting next_dagrun for latest_only_with_trigger to 2026-07-15T10:21:43.229964+00:00, run_after=2026-07-15T14:21:43.229964+00:00
[2026-07-15T16:21:43.266+0200] {processor.py:179} INFO - Processing /home/ai/.local/lib/python3.9/site-packages/airflow/example_dags/example_latest_only_with_trigger.py took 0.081 seconds
[2026-07-15T16:23:12.973+0200] {processor.py:157} INFO - Started process (PID=3413885) to work on /home/ai/.local/lib/python3.9/site-packages/airflow/example_dags/example_latest_only_with_trigger.py
[2026-07-15T16:23:12.975+0200] {processor.py:829} INFO - Processing file /home/ai/.local/lib/python3.9/site-packages/airflow/example_dags/example_latest_only_with_trigger.py for tasks to queue
[2026-07-15T16:23:12.976+0200] {logging_mixin.py:151} INFO - [2026-07-15T16:23:12.975+0200] {dagbag.py:536} INFO - Filling up the DagBag from /home/ai/.local/lib/python3.9/site-packages/airflow/example_dags/example_latest_only_with_trigger.py
[2026-07-15T16:23:12.982+0200] {processor.py:839} INFO - DAG(s) dict_keys(['latest_only_with_trigger']) retrieved from /home/ai/.local/lib/python3.9/site-packages/airflow/example_dags/example_latest_only_with_trigger.py
[2026-07-15T16:23:12.997+0200] {logging_mixin.py:151} INFO - [2026-07-15T16:23:12.997+0200] {dag.py:2941} INFO - Sync 1 DAGs
[2026-07-15T16:23:13.016+0200] {logging_mixin.py:151} INFO - [2026-07-15T16:23:13.016+0200] {dag.py:3722} INFO - Setting next_dagrun for latest_only_with_trigger to 2026-07-15T10:23:13.016334+00:00, run_after=2026-07-15T14:23:13.016334+00:00
[2026-07-15T16:23:13.035+0200] {processor.py:179} INFO - Processing /home/ai/.local/lib/python3.9/site-packages/airflow/example_dags/example_latest_only_with_trigger.py took 0.066 seconds
[2026-07-15T16:24:35.155+0200] {processor.py:157} INFO - Started process (PID=3415212) to work on /home/ai/.local/lib/python3.9/site-packages/airflow/example_dags/example_latest_only_with_trigger.py
[2026-07-15T16:24:35.157+0200] {processor.py:829} INFO - Processing file /home/ai/.local/lib/python3.9/site-packages/airflow/example_dags/example_latest_only_with_trigger.py for tasks to queue
[2026-07-15T16:24:35.158+0200] {logging_mixin.py:151} INFO - [2026-07-15T16:24:35.157+0200] {dagbag.py:536} INFO - Filling up the DagBag from /home/ai/.local/lib/python3.9/site-packages/airflow/example_dags/example_latest_only_with_trigger.py
[2026-07-15T16:24:35.164+0200] {processor.py:839} INFO - DAG(s) dict_keys(['latest_only_with_trigger']) retrieved from /home/ai/.local/lib/python3.9/site-packages/airflow/example_dags/example_latest_only_with_trigger.py
[2026-07-15T16:24:35.180+0200] {logging_mixin.py:151} INFO - [2026-07-15T16:24:35.180+0200] {dag.py:2941} INFO - Sync 1 DAGs
[2026-07-15T16:24:35.199+0200] {logging_mixin.py:151} INFO - [2026-07-15T16:24:35.199+0200] {dag.py:3722} INFO - Setting next_dagrun for latest_only_with_trigger to 2026-07-15T10:24:35.199558+00:00, run_after=2026-07-15T14:24:35.199558+00:00
[2026-07-15T16:24:35.283+0200] {processor.py:179} INFO - Processing /home/ai/.local/lib/python3.9/site-packages/airflow/example_dags/example_latest_only_with_trigger.py took 0.134 seconds
[2026-07-15T16:25:51.926+0200] {processor.py:157} INFO - Started process (PID=3416573) to work on /home/ai/.local/lib/python3.9/site-packages/airflow/example_dags/example_latest_only_with_trigger.py
[2026-07-15T16:25:51.928+0200] {processor.py:829} INFO - Processing file /home/ai/.local/lib/python3.9/site-packages/airflow/example_dags/example_latest_only_with_trigger.py for tasks to queue
[2026-07-15T16:25:51.929+0200] {logging_mixin.py:151} INFO - [2026-07-15T16:25:51.928+0200] {dagbag.py:536} INFO - Filling up the DagBag from /home/ai/.local/lib/python3.9/site-packages/airflow/example_dags/example_latest_only_with_trigger.py
[2026-07-15T16:25:51.935+0200] {processor.py:839} INFO - DAG(s) dict_keys(['latest_only_with_trigger']) retrieved from /home/ai/.local/lib/python3.9/site-packages/airflow/example_dags/example_latest_only_with_trigger.py
[2026-07-15T16:25:51.952+0200] {logging_mixin.py:151} INFO - [2026-07-15T16:25:51.952+0200] {dag.py:2941} INFO - Sync 1 DAGs
[2026-07-15T16:25:51.969+0200] {logging_mixin.py:151} INFO - [2026-07-15T16:25:51.969+0200] {dag.py:3722} INFO - Setting next_dagrun for latest_only_with_trigger to 2026-07-15T10:25:51.969440+00:00, run_after=2026-07-15T14:25:51.969440+00:00
[2026-07-15T16:25:52.914+0200] {processor.py:179} INFO - Processing /home/ai/.local/lib/python3.9/site-packages/airflow/example_dags/example_latest_only_with_trigger.py took 0.992 seconds
[2026-07-15T16:27:50.759+0200] {processor.py:157} INFO - Started process (PID=3418645) to work on /home/ai/.local/lib/python3.9/site-packages/airflow/example_dags/example_latest_only_with_trigger.py
[2026-07-15T16:27:50.761+0200] {processor.py:829} INFO - Processing file /home/ai/.local/lib/python3.9/site-packages/airflow/example_dags/example_latest_only_with_trigger.py for tasks to queue
[2026-07-15T16:27:50.762+0200] {logging_mixin.py:151} INFO - [2026-07-15T16:27:50.761+0200] {dagbag.py:536} INFO - Filling up the DagBag from /home/ai/.local/lib/python3.9/site-packages/airflow/example_dags/example_latest_only_with_trigger.py
[2026-07-15T16:27:50.769+0200] {processor.py:839} INFO - DAG(s) dict_keys(['latest_only_with_trigger']) retrieved from /home/ai/.local/lib/python3.9/site-packages/airflow/example_dags/example_latest_only_with_trigger.py
[2026-07-15T16:27:50.785+0200] {logging_mixin.py:151} INFO - [2026-07-15T16:27:50.784+0200] {dag.py:2941} INFO - Sync 1 DAGs
[2026-07-15T16:27:50.802+0200] {logging_mixin.py:151} INFO - [2026-07-15T16:27:50.802+0200] {dag.py:3722} INFO - Setting next_dagrun for latest_only_with_trigger to 2026-07-15T10:27:50.802103+00:00, run_after=2026-07-15T14:27:50.802103+00:00
[2026-07-15T16:27:51.083+0200] {processor.py:179} INFO - Processing /home/ai/.local/lib/python3.9/site-packages/airflow/example_dags/example_latest_only_with_trigger.py took 0.327 seconds
[2026-07-15T16:29:21.811+0200] {processor.py:157} INFO - Started process (PID=3420142) to work on /home/ai/.local/lib/python3.9/site-packages/airflow/example_dags/example_latest_only_with_trigger.py
[2026-07-15T16:29:21.813+0200] {processor.py:829} INFO - Processing file /home/ai/.local/lib/python3.9/site-packages/airflow/example_dags/example_latest_only_with_trigger.py for tasks to queue
[2026-07-15T16:29:21.813+0200] {logging_mixin.py:151} INFO - [2026-07-15T16:29:21.813+0200] {dagbag.py:536} INFO - Filling up the DagBag from /home/ai/.local/lib/python3.9/site-packages/airflow/example_dags/example_latest_only_with_trigger.py
[2026-07-15T16:29:21.820+0200] {processor.py:839} INFO - DAG(s) dict_keys(['latest_only_with_trigger']) retrieved from /home/ai/.local/lib/python3.9/site-packages/airflow/example_dags/example_latest_only_with_trigger.py
[2026-07-15T16:29:21.836+0200] {logging_mixin.py:151} INFO - [2026-07-15T16:29:21.836+0200] {dag.py:2941} INFO - Sync 1 DAGs
[2026-07-15T16:29:21.853+0200] {logging_mixin.py:151} INFO - [2026-07-15T16:29:21.853+0200] {dag.py:3722} INFO - Setting next_dagrun for latest_only_with_trigger to 2026-07-15T10:29:21.853400+00:00, run_after=2026-07-15T14:29:21.853400+00:00
[2026-07-15T16:29:21.903+0200] {processor.py:179} INFO - Processing /home/ai/.local/lib/python3.9/site-packages/airflow/example_dags/example_latest_only_with_trigger.py took 0.097 seconds
[2026-07-15T16:31:05.630+0200] {processor.py:157} INFO - Started process (PID=3421831) to work on /home/ai/.local/lib/python3.9/site-packages/airflow/example_dags/example_latest_only_with_trigger.py
[2026-07-15T16:31:05.632+0200] {processor.py:829} INFO - Processing file /home/ai/.local/lib/python3.9/site-packages/airflow/example_dags/example_latest_only_with_trigger.py for tasks to queue
[2026-07-15T16:31:05.632+0200] {logging_mixin.py:151} INFO - [2026-07-15T16:31:05.632+0200] {dagbag.py:536} INFO - Filling up the DagBag from /home/ai/.local/lib/python3.9/site-packages/airflow/example_dags/example_latest_only_with_trigger.py
[2026-07-15T16:31:05.639+0200] {processor.py:839} INFO - DAG(s) dict_keys(['latest_only_with_trigger']) retrieved from /home/ai/.local/lib/python3.9/site-packages/airflow/example_dags/example_latest_only_with_trigger.py
[2026-07-15T16:31:05.654+0200] {logging_mixin.py:151} INFO - [2026-07-15T16:31:05.654+0200] {dag.py:2941} INFO - Sync 1 DAGs
[2026-07-15T16:31:05.671+0200] {logging_mixin.py:151} INFO - [2026-07-15T16:31:05.671+0200] {dag.py:3722} INFO - Setting next_dagrun for latest_only_with_trigger to 2026-07-15T10:31:05.670989+00:00, run_after=2026-07-15T14:31:05.670989+00:00
[2026-07-15T16:31:05.695+0200] {processor.py:179} INFO - Processing /home/ai/.local/lib/python3.9/site-packages/airflow/example_dags/example_latest_only_with_trigger.py took 0.070 seconds
[2026-07-15T16:32:34.069+0200] {processor.py:157} INFO - Started process (PID=3423344) to work on /home/ai/.local/lib/python3.9/site-packages/airflow/example_dags/example_latest_only_with_trigger.py
[2026-07-15T16:32:34.071+0200] {processor.py:829} INFO - Processing file /home/ai/.local/lib/python3.9/site-packages/airflow/example_dags/example_latest_only_with_trigger.py for tasks to queue
[2026-07-15T16:32:34.072+0200] {logging_mixin.py:151} INFO - [2026-07-15T16:32:34.071+0200] {dagbag.py:536} INFO - Filling up the DagBag from /home/ai/.local/lib/python3.9/site-packages/airflow/example_dags/example_latest_only_with_trigger.py
[2026-07-15T16:32:34.078+0200] {processor.py:839} INFO - DAG(s) dict_keys(['latest_only_with_trigger']) retrieved from /home/ai/.local/lib/python3.9/site-packages/airflow/example_dags/example_latest_only_with_trigger.py
[2026-07-15T16:32:34.093+0200] {logging_mixin.py:151} INFO - [2026-07-15T16:32:34.093+0200] {dag.py:2941} INFO - Sync 1 DAGs
[2026-07-15T16:32:34.111+0200] {logging_mixin.py:151} INFO - [2026-07-15T16:32:34.110+0200] {dag.py:3722} INFO - Setting next_dagrun for latest_only_with_trigger to 2026-07-15T10:32:34.110596+00:00, run_after=2026-07-15T14:32:34.110596+00:00
[2026-07-15T16:32:34.129+0200] {processor.py:179} INFO - Processing /home/ai/.local/lib/python3.9/site-packages/airflow/example_dags/example_latest_only_with_trigger.py took 0.066 seconds
[2026-07-15T16:34:07.276+0200] {processor.py:157} INFO - Started process (PID=3424995) to work on /home/ai/.local/lib/python3.9/site-packages/airflow/example_dags/example_latest_only_with_trigger.py
[2026-07-15T16:34:07.278+0200] {processor.py:829} INFO - Processing file /home/ai/.local/lib/python3.9/site-packages/airflow/example_dags/example_latest_only_with_trigger.py for tasks to queue
[2026-07-15T16:34:07.279+0200] {logging_mixin.py:151} INFO - [2026-07-15T16:34:07.278+0200] {dagbag.py:536} INFO - Filling up the DagBag from /home/ai/.local/lib/python3.9/site-packages/airflow/example_dags/example_latest_only_with_trigger.py
[2026-07-15T16:34:07.286+0200] {processor.py:839} INFO - DAG(s) dict_keys(['latest_only_with_trigger']) retrieved from /home/ai/.local/lib/python3.9/site-packages/airflow/example_dags/example_latest_only_with_trigger.py
[2026-07-15T16:34:07.301+0200] {logging_mixin.py:151} INFO - [2026-07-15T16:34:07.301+0200] {dag.py:2941} INFO - Sync 1 DAGs
[2026-07-15T16:34:07.319+0200] {logging_mixin.py:151} INFO - [2026-07-15T16:34:07.319+0200] {dag.py:3722} INFO - Setting next_dagrun for latest_only_with_trigger to 2026-07-15T10:34:07.319406+00:00, run_after=2026-07-15T14:34:07.319406+00:00
[2026-07-15T16:34:07.426+0200] {processor.py:179} INFO - Processing /home/ai/.local/lib/python3.9/site-packages/airflow/example_dags/example_latest_only_with_trigger.py took 0.154 seconds
[2026-07-15T16:35:35.163+0200] {processor.py:157} INFO - Started process (PID=3426467) to work on /home/ai/.local/lib/python3.9/site-packages/airflow/example_dags/example_latest_only_with_trigger.py
[2026-07-15T16:35:35.164+0200] {processor.py:829} INFO - Processing file /home/ai/.local/lib/python3.9/site-packages/airflow/example_dags/example_latest_only_with_trigger.py for tasks to queue
[2026-07-15T16:35:35.165+0200] {logging_mixin.py:151} INFO - [2026-07-15T16:35:35.165+0200] {dagbag.py:536} INFO - Filling up the DagBag from /home/ai/.local/lib/python3.9/site-packages/airflow/example_dags/example_latest_only_with_trigger.py
[2026-07-15T16:35:35.172+0200] {processor.py:839} INFO - DAG(s) dict_keys(['latest_only_with_trigger']) retrieved from /home/ai/.local/lib/python3.9/site-packages/airflow/example_dags/example_latest_only_with_trigger.py
[2026-07-15T16:35:35.188+0200] {logging_mixin.py:151} INFO - [2026-07-15T16:35:35.187+0200] {dag.py:2941} INFO - Sync 1 DAGs
[2026-07-15T16:35:35.205+0200] {logging_mixin.py:151} INFO - [2026-07-15T16:35:35.205+0200] {dag.py:3722} INFO - Setting next_dagrun for latest_only_with_trigger to 2026-07-15T10:35:35.205314+00:00, run_after=2026-07-15T14:35:35.205314+00:00
[2026-07-15T16:35:36.226+0200] {processor.py:179} INFO - Processing /home/ai/.local/lib/python3.9/site-packages/airflow/example_dags/example_latest_only_with_trigger.py took 1.069 seconds
[2026-07-15T16:37:10.324+0200] {processor.py:157} INFO - Started process (PID=3428563) to work on /home/ai/.local/lib/python3.9/site-packages/airflow/example_dags/example_latest_only_with_trigger.py
[2026-07-15T16:37:10.325+0200] {processor.py:829} INFO - Processing file /home/ai/.local/lib/python3.9/site-packages/airflow/example_dags/example_latest_only_with_trigger.py for tasks to queue
[2026-07-15T16:37:10.326+0200] {logging_mixin.py:151} INFO - [2026-07-15T16:37:10.326+0200] {dagbag.py:536} INFO - Filling up the DagBag from /home/ai/.local/lib/python3.9/site-packages/airflow/example_dags/example_latest_only_with_trigger.py
[2026-07-15T16:37:10.333+0200] {processor.py:839} INFO - DAG(s) dict_keys(['latest_only_with_trigger']) retrieved from /home/ai/.local/lib/python3.9/site-packages/airflow/example_dags/example_latest_only_with_trigger.py
[2026-07-15T16:37:10.350+0200] {logging_mixin.py:151} INFO - [2026-07-15T16:37:10.350+0200] {dag.py:2941} INFO - Sync 1 DAGs
[2026-07-15T16:37:10.371+0200] {logging_mixin.py:151} INFO - [2026-07-15T16:37:10.371+0200] {dag.py:3722} INFO - Setting next_dagrun for latest_only_with_trigger to 2026-07-15T10:37:10.371177+00:00, run_after=2026-07-15T14:37:10.371177+00:00
[2026-07-15T16:37:10.530+0200] {processor.py:179} INFO - Processing /home/ai/.local/lib/python3.9/site-packages/airflow/example_dags/example_latest_only_with_trigger.py took 0.213 seconds
[2026-07-15T16:38:56.659+0200] {processor.py:157} INFO - Started process (PID=3430549) to work on /home/ai/.local/lib/python3.9/site-packages/airflow/example_dags/example_latest_only_with_trigger.py
[2026-07-15T16:38:56.660+0200] {processor.py:829} INFO - Processing file /home/ai/.local/lib/python3.9/site-packages/airflow/example_dags/example_latest_only_with_trigger.py for tasks to queue
[2026-07-15T16:38:56.661+0200] {logging_mixin.py:151} INFO - [2026-07-15T16:38:56.661+0200] {dagbag.py:536} INFO - Filling up the DagBag from /home/ai/.local/lib/python3.9/site-packages/airflow/example_dags/example_latest_only_with_trigger.py
[2026-07-15T16:38:56.668+0200] {processor.py:839} INFO - DAG(s) dict_keys(['latest_only_with_trigger']) retrieved from /home/ai/.local/lib/python3.9/site-packages/airflow/example_dags/example_latest_only_with_trigger.py
[2026-07-15T16:38:56.684+0200] {logging_mixin.py:151} INFO - [2026-07-15T16:38:56.684+0200] {dag.py:2941} INFO - Sync 1 DAGs
[2026-07-15T16:38:56.701+0200] {logging_mixin.py:151} INFO - [2026-07-15T16:38:56.701+0200] {dag.py:3722} INFO - Setting next_dagrun for latest_only_with_trigger to 2026-07-15T10:38:56.701309+00:00, run_after=2026-07-15T14:38:56.701309+00:00
[2026-07-15T16:38:56.721+0200] {processor.py:179} INFO - Processing /home/ai/.local/lib/python3.9/site-packages/airflow/example_dags/example_latest_only_with_trigger.py took 0.067 seconds
[2026-07-15T16:40:41.541+0200] {processor.py:157} INFO - Started process (PID=3432392) to work on /home/ai/.local/lib/python3.9/site-packages/airflow/example_dags/example_latest_only_with_trigger.py
[2026-07-15T16:40:41.543+0200] {processor.py:829} INFO - Processing file /home/ai/.local/lib/python3.9/site-packages/airflow/example_dags/example_latest_only_with_trigger.py for tasks to queue
[2026-07-15T16:40:41.544+0200] {logging_mixin.py:151} INFO - [2026-07-15T16:40:41.543+0200] {dagbag.py:536} INFO - Filling up the DagBag from /home/ai/.local/lib/python3.9/site-packages/airflow/example_dags/example_latest_only_with_trigger.py
[2026-07-15T16:40:41.550+0200] {processor.py:839} INFO - DAG(s) dict_keys(['latest_only_with_trigger']) retrieved from /home/ai/.local/lib/python3.9/site-packages/airflow/example_dags/example_latest_only_with_trigger.py
[2026-07-15T16:40:41.566+0200] {logging_mixin.py:151} INFO - [2026-07-15T16:40:41.566+0200] {dag.py:2941} INFO - Sync 1 DAGs
[2026-07-15T16:40:41.583+0200] {logging_mixin.py:151} INFO - [2026-07-15T16:40:41.583+0200] {dag.py:3722} INFO - Setting next_dagrun for latest_only_with_trigger to 2026-07-15T10:40:41.583317+00:00, run_after=2026-07-15T14:40:41.583317+00:00
[2026-07-15T16:40:41.602+0200] {processor.py:179} INFO - Processing /home/ai/.local/lib/python3.9/site-packages/airflow/example_dags/example_latest_only_with_trigger.py took 0.067 seconds
[2026-07-15T16:42:20.667+0200] {processor.py:157} INFO - Started process (PID=3434266) to work on /home/ai/.local/lib/python3.9/site-packages/airflow/example_dags/example_latest_only_with_trigger.py
[2026-07-15T16:42:20.668+0200] {processor.py:829} INFO - Processing file /home/ai/.local/lib/python3.9/site-packages/airflow/example_dags/example_latest_only_with_trigger.py for tasks to queue
[2026-07-15T16:42:20.669+0200] {logging_mixin.py:151} INFO - [2026-07-15T16:42:20.669+0200] {dagbag.py:536} INFO - Filling up the DagBag from /home/ai/.local/lib/python3.9/site-packages/airflow/example_dags/example_latest_only_with_trigger.py
[2026-07-15T16:42:20.675+0200] {processor.py:839} INFO - DAG(s) dict_keys(['latest_only_with_trigger']) retrieved from /home/ai/.local/lib/python3.9/site-packages/airflow/example_dags/example_latest_only_with_trigger.py
[2026-07-15T16:42:20.690+0200] {logging_mixin.py:151} INFO - [2026-07-15T16:42:20.690+0200] {dag.py:2941} INFO - Sync 1 DAGs
[2026-07-15T16:42:20.708+0200] {logging_mixin.py:151} INFO - [2026-07-15T16:42:20.708+0200] {dag.py:3722} INFO - Setting next_dagrun for latest_only_with_trigger to 2026-07-15T10:42:20.708375+00:00, run_after=2026-07-15T14:42:20.708375+00:00
[2026-07-15T16:42:23.353+0200] {processor.py:179} INFO - Processing /home/ai/.local/lib/python3.9/site-packages/airflow/example_dags/example_latest_only_with_trigger.py took 2.690 seconds
[2026-07-15T16:43:58.242+0200] {processor.py:157} INFO - Started process (PID=3435971) to work on /home/ai/.local/lib/python3.9/site-packages/airflow/example_dags/example_latest_only_with_trigger.py
[2026-07-15T16:43:58.244+0200] {processor.py:829} INFO - Processing file /home/ai/.local/lib/python3.9/site-packages/airflow/example_dags/example_latest_only_with_trigger.py for tasks to queue
[2026-07-15T16:43:58.245+0200] {logging_mixin.py:151} INFO - [2026-07-15T16:43:58.244+0200] {dagbag.py:536} INFO - Filling up the DagBag from /home/ai/.local/lib/python3.9/site-packages/airflow/example_dags/example_latest_only_with_trigger.py
[2026-07-15T16:43:58.251+0200] {processor.py:839} INFO - DAG(s) dict_keys(['latest_only_with_trigger']) retrieved from /home/ai/.local/lib/python3.9/site-packages/airflow/example_dags/example_latest_only_with_trigger.py
[2026-07-15T16:43:58.267+0200] {logging_mixin.py:151} INFO - [2026-07-15T16:43:58.266+0200] {dag.py:2941} INFO - Sync 1 DAGs
[2026-07-15T16:43:58.286+0200] {logging_mixin.py:151} INFO - [2026-07-15T16:43:58.286+0200] {dag.py:3722} INFO - Setting next_dagrun for latest_only_with_trigger to 2026-07-15T10:43:58.286496+00:00, run_after=2026-07-15T14:43:58.286496+00:00
[2026-07-15T16:43:58.305+0200] {processor.py:179} INFO - Processing /home/ai/.local/lib/python3.9/site-packages/airflow/example_dags/example_latest_only_with_trigger.py took 0.069 seconds
[2026-07-15T16:45:44.483+0200] {processor.py:157} INFO - Started process (PID=3437769) to work on /home/ai/.local/lib/python3.9/site-packages/airflow/example_dags/example_latest_only_with_trigger.py
[2026-07-15T16:45:44.484+0200] {processor.py:829} INFO - Processing file /home/ai/.local/lib/python3.9/site-packages/airflow/example_dags/example_latest_only_with_trigger.py for tasks to queue
[2026-07-15T16:45:44.485+0200] {logging_mixin.py:151} INFO - [2026-07-15T16:45:44.485+0200] {dagbag.py:536} INFO - Filling up the DagBag from /home/ai/.local/lib/python3.9/site-packages/airflow/example_dags/example_latest_only_with_trigger.py
[2026-07-15T16:45:44.492+0200] {processor.py:839} INFO - DAG(s) dict_keys(['latest_only_with_trigger']) retrieved from /home/ai/.local/lib/python3.9/site-packages/airflow/example_dags/example_latest_only_with_trigger.py
[2026-07-15T16:45:44.507+0200] {logging_mixin.py:151} INFO - [2026-07-15T16:45:44.507+0200] {dag.py:2941} INFO - Sync 1 DAGs
[2026-07-15T16:45:44.525+0200] {logging_mixin.py:151} INFO - [2026-07-15T16:45:44.525+0200] {dag.py:3722} INFO - Setting next_dagrun for latest_only_with_trigger to 2026-07-15T10:45:44.525135+00:00, run_after=2026-07-15T14:45:44.525135+00:00
[2026-07-15T16:45:46.435+0200] {processor.py:179} INFO - Processing /home/ai/.local/lib/python3.9/site-packages/airflow/example_dags/example_latest_only_with_trigger.py took 1.958 seconds
[2026-07-15T16:47:40.799+0200] {processor.py:157} INFO - Started process (PID=3439820) to work on /home/ai/.local/lib/python3.9/site-packages/airflow/example_dags/example_latest_only_with_trigger.py
[2026-07-15T16:47:40.800+0200] {processor.py:829} INFO - Processing file /home/ai/.local/lib/python3.9/site-packages/airflow/example_dags/example_latest_only_with_trigger.py for tasks to queue
[2026-07-15T16:47:40.801+0200] {logging_mixin.py:151} INFO - [2026-07-15T16:47:40.801+0200] {dagbag.py:536} INFO - Filling up the DagBag from /home/ai/.local/lib/python3.9/site-packages/airflow/example_dags/example_latest_only_with_trigger.py
[2026-07-15T16:47:40.809+0200] {processor.py:839} INFO - DAG(s) dict_keys(['latest_only_with_trigger']) retrieved from /home/ai/.local/lib/python3.9/site-packages/airflow/example_dags/example_latest_only_with_trigger.py
[2026-07-15T16:47:40.828+0200] {logging_mixin.py:151} INFO - [2026-07-15T16:47:40.828+0200] {dag.py:2941} INFO - Sync 1 DAGs
[2026-07-15T16:47:40.848+0200] {logging_mixin.py:151} INFO - [2026-07-15T16:47:40.848+0200] {dag.py:3722} INFO - Setting next_dagrun for latest_only_with_trigger to 2026-07-15T10:47:40.848120+00:00, run_after=2026-07-15T14:47:40.848120+00:00
[2026-07-15T16:47:40.923+0200] {processor.py:179} INFO - Processing /home/ai/.local/lib/python3.9/site-packages/airflow/example_dags/example_latest_only_with_trigger.py took 0.128 seconds
[2026-07-15T16:49:38.534+0200] {processor.py:157} INFO - Started process (PID=3441783) to work on /home/ai/.local/lib/python3.9/site-packages/airflow/example_dags/example_latest_only_with_trigger.py
[2026-07-15T16:49:38.535+0200] {processor.py:829} INFO - Processing file /home/ai/.local/lib/python3.9/site-packages/airflow/example_dags/example_latest_only_with_trigger.py for tasks to queue
[2026-07-15T16:49:38.536+0200] {logging_mixin.py:151} INFO - [2026-07-15T16:49:38.536+0200] {dagbag.py:536} INFO - Filling up the DagBag from /home/ai/.local/lib/python3.9/site-packages/airflow/example_dags/example_latest_only_with_trigger.py
[2026-07-15T16:49:38.543+0200] {processor.py:839} INFO - DAG(s) dict_keys(['latest_only_with_trigger']) retrieved from /home/ai/.local/lib/python3.9/site-packages/airflow/example_dags/example_latest_only_with_trigger.py
[2026-07-15T16:49:38.560+0200] {logging_mixin.py:151} INFO - [2026-07-15T16:49:38.559+0200] {dag.py:2941} INFO - Sync 1 DAGs
[2026-07-15T16:49:38.578+0200] {logging_mixin.py:151} INFO - [2026-07-15T16:49:38.578+0200] {dag.py:3722} INFO - Setting next_dagrun for latest_only_with_trigger to 2026-07-15T10:49:38.578176+00:00, run_after=2026-07-15T14:49:38.578176+00:00
[2026-07-15T16:49:39.198+0200] {processor.py:179} INFO - Processing /home/ai/.local/lib/python3.9/site-packages/airflow/example_dags/example_latest_only_with_trigger.py took 0.670 seconds
[2026-07-15T16:51:34.783+0200] {processor.py:157} INFO - Started process (PID=3443727) to work on /home/ai/.local/lib/python3.9/site-packages/airflow/example_dags/example_latest_only_with_trigger.py
[2026-07-15T16:51:34.791+0200] {processor.py:829} INFO - Processing file /home/ai/.local/lib/python3.9/site-packages/airflow/example_dags/example_latest_only_with_trigger.py for tasks to queue
[2026-07-15T16:51:34.792+0200] {logging_mixin.py:151} INFO - [2026-07-15T16:51:34.792+0200] {dagbag.py:536} INFO - Filling up the DagBag from /home/ai/.local/lib/python3.9/site-packages/airflow/example_dags/example_latest_only_with_trigger.py
[2026-07-15T16:51:34.800+0200] {processor.py:839} INFO - DAG(s) dict_keys(['latest_only_with_trigger']) retrieved from /home/ai/.local/lib/python3.9/site-packages/airflow/example_dags/example_latest_only_with_trigger.py
[2026-07-15T16:51:34.815+0200] {logging_mixin.py:151} INFO - [2026-07-15T16:51:34.815+0200] {dag.py:2941} INFO - Sync 1 DAGs
[2026-07-15T16:51:34.834+0200] {logging_mixin.py:151} INFO - [2026-07-15T16:51:34.834+0200] {dag.py:3722} INFO - Setting next_dagrun for latest_only_with_trigger to 2026-07-15T10:51:34.833845+00:00, run_after=2026-07-15T14:51:34.833845+00:00
[2026-07-15T16:51:35.182+0200] {processor.py:179} INFO - Processing /home/ai/.local/lib/python3.9/site-packages/airflow/example_dags/example_latest_only_with_trigger.py took 0.404 seconds
[2026-07-15T16:53:45.682+0200] {processor.py:157} INFO - Started process (PID=3445927) to work on /home/ai/.local/lib/python3.9/site-packages/airflow/example_dags/example_latest_only_with_trigger.py
[2026-07-15T16:53:45.684+0200] {processor.py:829} INFO - Processing file /home/ai/.local/lib/python3.9/site-packages/airflow/example_dags/example_latest_only_with_trigger.py for tasks to queue
[2026-07-15T16:53:45.685+0200] {logging_mixin.py:151} INFO - [2026-07-15T16:53:45.684+0200] {dagbag.py:536} INFO - Filling up the DagBag from /home/ai/.local/lib/python3.9/site-packages/airflow/example_dags/example_latest_only_with_trigger.py
[2026-07-15T16:53:45.693+0200] {processor.py:839} INFO - DAG(s) dict_keys(['latest_only_with_trigger']) retrieved from /home/ai/.local/lib/python3.9/site-packages/airflow/example_dags/example_latest_only_with_trigger.py
[2026-07-15T16:53:45.710+0200] {logging_mixin.py:151} INFO - [2026-07-15T16:53:45.710+0200] {dag.py:2941} INFO - Sync 1 DAGs
[2026-07-15T16:53:45.728+0200] {logging_mixin.py:151} INFO - [2026-07-15T16:53:45.728+0200] {dag.py:3722} INFO - Setting next_dagrun for latest_only_with_trigger to 2026-07-15T10:53:45.727987+00:00, run_after=2026-07-15T14:53:45.727987+00:00
[2026-07-15T16:53:45.777+0200] {processor.py:179} INFO - Processing /home/ai/.local/lib/python3.9/site-packages/airflow/example_dags/example_latest_only_with_trigger.py took 0.101 seconds
[2026-07-15T16:55:55.212+0200] {processor.py:157} INFO - Started process (PID=3448127) to work on /home/ai/.local/lib/python3.9/site-packages/airflow/example_dags/example_latest_only_with_trigger.py
[2026-07-15T16:55:55.828+0200] {processor.py:829} INFO - Processing file /home/ai/.local/lib/python3.9/site-packages/airflow/example_dags/example_latest_only_with_trigger.py for tasks to queue
[2026-07-15T16:55:55.829+0200] {logging_mixin.py:151} INFO - [2026-07-15T16:55:55.828+0200] {dagbag.py:536} INFO - Filling up the DagBag from /home/ai/.local/lib/python3.9/site-packages/airflow/example_dags/example_latest_only_with_trigger.py
[2026-07-15T16:55:55.835+0200] {processor.py:839} INFO - DAG(s) dict_keys(['latest_only_with_trigger']) retrieved from /home/ai/.local/lib/python3.9/site-packages/airflow/example_dags/example_latest_only_with_trigger.py
[2026-07-15T16:55:55.852+0200] {logging_mixin.py:151} INFO - [2026-07-15T16:55:55.851+0200] {dag.py:2941} INFO - Sync 1 DAGs
[2026-07-15T16:55:55.870+0200] {logging_mixin.py:151} INFO - [2026-07-15T16:55:55.870+0200] {dag.py:3722} INFO - Setting next_dagrun for latest_only_with_trigger to 2026-07-15T10:55:55.870232+00:00, run_after=2026-07-15T14:55:55.870232+00:00
[2026-07-15T16:55:56.876+0200] {processor.py:179} INFO - Processing /home/ai/.local/lib/python3.9/site-packages/airflow/example_dags/example_latest_only_with_trigger.py took 1.669 seconds
[2026-07-15T16:58:13.992+0200] {processor.py:157} INFO - Started process (PID=3450533) to work on /home/ai/.local/lib/python3.9/site-packages/airflow/example_dags/example_latest_only_with_trigger.py
[2026-07-15T16:58:13.993+0200] {processor.py:829} INFO - Processing file /home/ai/.local/lib/python3.9/site-packages/airflow/example_dags/example_latest_only_with_trigger.py for tasks to queue
[2026-07-15T16:58:13.994+0200] {logging_mixin.py:151} INFO - [2026-07-15T16:58:13.994+0200] {dagbag.py:536} INFO - Filling up the DagBag from /home/ai/.local/lib/python3.9/site-packages/airflow/example_dags/example_latest_only_with_trigger.py
[2026-07-15T16:58:14.004+0200] {processor.py:839} INFO - DAG(s) dict_keys(['latest_only_with_trigger']) retrieved from /home/ai/.local/lib/python3.9/site-packages/airflow/example_dags/example_latest_only_with_trigger.py
[2026-07-15T16:58:14.026+0200] {logging_mixin.py:151} INFO - [2026-07-15T16:58:14.025+0200] {dag.py:2941} INFO - Sync 1 DAGs
[2026-07-15T16:58:14.043+0200] {logging_mixin.py:151} INFO - [2026-07-15T16:58:14.043+0200] {dag.py:3722} INFO - Setting next_dagrun for latest_only_with_trigger to 2026-07-15T10:58:14.043265+00:00, run_after=2026-07-15T14:58:14.043265+00:00
[2026-07-15T16:58:14.920+0200] {processor.py:179} INFO - Processing /home/ai/.local/lib/python3.9/site-packages/airflow/example_dags/example_latest_only_with_trigger.py took 0.934 seconds
[2026-07-15T17:01:49.489+0200] {processor.py:157} INFO - Started process (PID=3454318) to work on /home/ai/.local/lib/python3.9/site-packages/airflow/example_dags/example_latest_only_with_trigger.py
[2026-07-15T17:01:49.492+0200] {processor.py:829} INFO - Processing file /home/ai/.local/lib/python3.9/site-packages/airflow/example_dags/example_latest_only_with_trigger.py for tasks to queue
[2026-07-15T17:01:49.493+0200] {logging_mixin.py:151} INFO - [2026-07-15T17:01:49.492+0200] {dagbag.py:536} INFO - Filling up the DagBag from /home/ai/.local/lib/python3.9/site-packages/airflow/example_dags/example_latest_only_with_trigger.py
[2026-07-15T17:01:49.499+0200] {processor.py:839} INFO - DAG(s) dict_keys(['latest_only_with_trigger']) retrieved from /home/ai/.local/lib/python3.9/site-packages/airflow/example_dags/example_latest_only_with_trigger.py
[2026-07-15T17:01:53.458+0200] {logging_mixin.py:151} INFO - [2026-07-15T17:01:53.457+0200] {dag.py:2941} INFO - Sync 1 DAGs
[2026-07-15T17:01:53.477+0200] {logging_mixin.py:151} INFO - [2026-07-15T17:01:53.477+0200] {dag.py:3722} INFO - Setting next_dagrun for latest_only_with_trigger to 2026-07-15T11:01:53.477321+00:00, run_after=2026-07-15T15:01:53.477321+00:00
[2026-07-15T17:01:53.686+0200] {processor.py:179} INFO - Processing /home/ai/.local/lib/python3.9/site-packages/airflow/example_dags/example_latest_only_with_trigger.py took 4.202 seconds
[2026-07-15T17:04:43.746+0200] {processor.py:157} INFO - Started process (PID=3457358) to work on /home/ai/.local/lib/python3.9/site-packages/airflow/example_dags/example_latest_only_with_trigger.py
[2026-07-15T17:04:43.748+0200] {processor.py:829} INFO - Processing file /home/ai/.local/lib/python3.9/site-packages/airflow/example_dags/example_latest_only_with_trigger.py for tasks to queue
[2026-07-15T17:04:43.748+0200] {logging_mixin.py:151} INFO - [2026-07-15T17:04:43.748+0200] {dagbag.py:536} INFO - Filling up the DagBag from /home/ai/.local/lib/python3.9/site-packages/airflow/example_dags/example_latest_only_with_trigger.py
[2026-07-15T17:04:43.754+0200] {processor.py:839} INFO - DAG(s) dict_keys(['latest_only_with_trigger']) retrieved from /home/ai/.local/lib/python3.9/site-packages/airflow/example_dags/example_latest_only_with_trigger.py
[2026-07-15T17:04:43.769+0200] {logging_mixin.py:151} INFO - [2026-07-15T17:04:43.769+0200] {dag.py:2941} INFO - Sync 1 DAGs
[2026-07-15T17:04:43.786+0200] {logging_mixin.py:151} INFO - [2026-07-15T17:04:43.786+0200] {dag.py:3722} INFO - Setting next_dagrun for latest_only_with_trigger to 2026-07-15T11:04:43.785909+00:00, run_after=2026-07-15T15:04:43.785909+00:00
[2026-07-15T17:04:43.874+0200] {processor.py:179} INFO - Processing /home/ai/.local/lib/python3.9/site-packages/airflow/example_dags/example_latest_only_with_trigger.py took 0.134 seconds
[2026-07-15T17:06:49.865+0200] {processor.py:157} INFO - Started process (PID=3459439) to work on /home/ai/.local/lib/python3.9/site-packages/airflow/example_dags/example_latest_only_with_trigger.py
[2026-07-15T17:06:50.994+0200] {processor.py:829} INFO - Processing file /home/ai/.local/lib/python3.9/site-packages/airflow/example_dags/example_latest_only_with_trigger.py for tasks to queue
[2026-07-15T17:06:50.997+0200] {logging_mixin.py:151} INFO - [2026-07-15T17:06:50.996+0200] {dagbag.py:536} INFO - Filling up the DagBag from /home/ai/.local/lib/python3.9/site-packages/airflow/example_dags/example_latest_only_with_trigger.py
[2026-07-15T17:06:51.007+0200] {processor.py:839} INFO - DAG(s) dict_keys(['latest_only_with_trigger']) retrieved from /home/ai/.local/lib/python3.9/site-packages/airflow/example_dags/example_latest_only_with_trigger.py
[2026-07-15T17:06:51.023+0200] {logging_mixin.py:151} INFO - [2026-07-15T17:06:51.023+0200] {dag.py:2941} INFO - Sync 1 DAGs
[2026-07-15T17:06:51.041+0200] {logging_mixin.py:151} INFO - [2026-07-15T17:06:51.040+0200] {dag.py:3722} INFO - Setting next_dagrun for latest_only_with_trigger to 2026-07-15T11:06:51.040737+00:00, run_after=2026-07-15T15:06:51.040737+00:00
[2026-07-15T17:06:51.068+0200] {processor.py:179} INFO - Processing /home/ai/.local/lib/python3.9/site-packages/airflow/example_dags/example_latest_only_with_trigger.py took 1.207 seconds
[2026-07-15T17:09:57.653+0200] {processor.py:157} INFO - Started process (PID=3462673) to work on /home/ai/.local/lib/python3.9/site-packages/airflow/example_dags/example_latest_only_with_trigger.py
[2026-07-15T17:09:57.655+0200] {processor.py:829} INFO - Processing file /home/ai/.local/lib/python3.9/site-packages/airflow/example_dags/example_latest_only_with_trigger.py for tasks to queue
[2026-07-15T17:09:57.656+0200] {logging_mixin.py:151} INFO - [2026-07-15T17:09:57.656+0200] {dagbag.py:536} INFO - Filling up the DagBag from /home/ai/.local/lib/python3.9/site-packages/airflow/example_dags/example_latest_only_with_trigger.py
[2026-07-15T17:09:57.663+0200] {processor.py:839} INFO - DAG(s) dict_keys(['latest_only_with_trigger']) retrieved from /home/ai/.local/lib/python3.9/site-packages/airflow/example_dags/example_latest_only_with_trigger.py
[2026-07-15T17:09:57.681+0200] {logging_mixin.py:151} INFO - [2026-07-15T17:09:57.681+0200] {dag.py:2941} INFO - Sync 1 DAGs
[2026-07-15T17:09:57.699+0200] {logging_mixin.py:151} INFO - [2026-07-15T17:09:57.699+0200] {dag.py:3722} INFO - Setting next_dagrun for latest_only_with_trigger to 2026-07-15T11:09:57.699484+00:00, run_after=2026-07-15T15:09:57.699484+00:00
[2026-07-15T17:09:57.717+0200] {processor.py:179} INFO - Processing /home/ai/.local/lib/python3.9/site-packages/airflow/example_dags/example_latest_only_with_trigger.py took 0.070 seconds
[2026-07-15T17:14:18.358+0200] {processor.py:157} INFO - Started process (PID=3467245) to work on /home/ai/.local/lib/python3.9/site-packages/airflow/example_dags/example_latest_only_with_trigger.py
[2026-07-15T17:14:18.360+0200] {processor.py:829} INFO - Processing file /home/ai/.local/lib/python3.9/site-packages/airflow/example_dags/example_latest_only_with_trigger.py for tasks to queue
[2026-07-15T17:14:18.361+0200] {logging_mixin.py:151} INFO - [2026-07-15T17:14:18.360+0200] {dagbag.py:536} INFO - Filling up the DagBag from /home/ai/.local/lib/python3.9/site-packages/airflow/example_dags/example_latest_only_with_trigger.py
[2026-07-15T17:14:18.368+0200] {processor.py:839} INFO - DAG(s) dict_keys(['latest_only_with_trigger']) retrieved from /home/ai/.local/lib/python3.9/site-packages/airflow/example_dags/example_latest_only_with_trigger.py
[2026-07-15T17:14:18.388+0200] {logging_mixin.py:151} INFO - [2026-07-15T17:14:18.388+0200] {dag.py:2941} INFO - Sync 1 DAGs
[2026-07-15T17:14:18.417+0200] {logging_mixin.py:151} INFO - [2026-07-15T17:14:18.417+0200] {dag.py:3722} INFO - Setting next_dagrun for latest_only_with_trigger to 2026-07-15T11:14:18.417174+00:00, run_after=2026-07-15T15:14:18.417174+00:00
[2026-07-15T17:14:18.445+0200] {processor.py:179} INFO - Processing /home/ai/.local/lib/python3.9/site-packages/airflow/example_dags/example_latest_only_with_trigger.py took 0.092 seconds
[2026-07-15T17:15:47.445+0200] {processor.py:157} INFO - Started process (PID=3469035) to work on /home/ai/.local/lib/python3.9/site-packages/airflow/example_dags/example_latest_only_with_trigger.py
[2026-07-15T17:15:47.447+0200] {processor.py:829} INFO - Processing file /home/ai/.local/lib/python3.9/site-packages/airflow/example_dags/example_latest_only_with_trigger.py for tasks to queue
[2026-07-15T17:15:47.448+0200] {logging_mixin.py:151} INFO - [2026-07-15T17:15:47.448+0200] {dagbag.py:536} INFO - Filling up the DagBag from /home/ai/.local/lib/python3.9/site-packages/airflow/example_dags/example_latest_only_with_trigger.py
[2026-07-15T17:15:47.455+0200] {processor.py:839} INFO - DAG(s) dict_keys(['latest_only_with_trigger']) retrieved from /home/ai/.local/lib/python3.9/site-packages/airflow/example_dags/example_latest_only_with_trigger.py
[2026-07-15T17:15:47.470+0200] {logging_mixin.py:151} INFO - [2026-07-15T17:15:47.470+0200] {dag.py:2941} INFO - Sync 1 DAGs
[2026-07-15T17:15:47.488+0200] {logging_mixin.py:151} INFO - [2026-07-15T17:15:47.488+0200] {dag.py:3722} INFO - Setting next_dagrun for latest_only_with_trigger to 2026-07-15T11:15:47.487863+00:00, run_after=2026-07-15T15:15:47.487863+00:00
[2026-07-15T17:15:47.574+0200] {processor.py:179} INFO - Processing /home/ai/.local/lib/python3.9/site-packages/airflow/example_dags/example_latest_only_with_trigger.py took 0.133 seconds
[2026-07-15T17:17:28.966+0200] {processor.py:157} INFO - Started process (PID=3471229) to work on /home/ai/.local/lib/python3.9/site-packages/airflow/example_dags/example_latest_only_with_trigger.py
[2026-07-15T17:17:28.968+0200] {processor.py:829} INFO - Processing file /home/ai/.local/lib/python3.9/site-packages/airflow/example_dags/example_latest_only_with_trigger.py for tasks to queue
[2026-07-15T17:17:28.968+0200] {logging_mixin.py:151} INFO - [2026-07-15T17:17:28.968+0200] {dagbag.py:536} INFO - Filling up the DagBag from /home/ai/.local/lib/python3.9/site-packages/airflow/example_dags/example_latest_only_with_trigger.py
[2026-07-15T17:17:28.975+0200] {processor.py:839} INFO - DAG(s) dict_keys(['latest_only_with_trigger']) retrieved from /home/ai/.local/lib/python3.9/site-packages/airflow/example_dags/example_latest_only_with_trigger.py
[2026-07-15T17:17:28.991+0200] {logging_mixin.py:151} INFO - [2026-07-15T17:17:28.991+0200] {dag.py:2941} INFO - Sync 1 DAGs
[2026-07-15T17:17:29.013+0200] {logging_mixin.py:151} INFO - [2026-07-15T17:17:29.013+0200] {dag.py:3722} INFO - Setting next_dagrun for latest_only_with_trigger to 2026-07-15T11:17:29.013448+00:00, run_after=2026-07-15T15:17:29.013448+00:00
[2026-07-15T17:17:29.091+0200] {processor.py:179} INFO - Processing /home/ai/.local/lib/python3.9/site-packages/airflow/example_dags/example_latest_only_with_trigger.py took 0.128 seconds
[2026-07-15T17:19:39.615+0200] {processor.py:157} INFO - Started process (PID=3473861) to work on /home/ai/.local/lib/python3.9/site-packages/airflow/example_dags/example_latest_only_with_trigger.py
[2026-07-15T17:19:39.644+0200] {processor.py:829} INFO - Processing file /home/ai/.local/lib/python3.9/site-packages/airflow/example_dags/example_latest_only_with_trigger.py for tasks to queue
[2026-07-15T17:19:39.645+0200] {logging_mixin.py:151} INFO - [2026-07-15T17:19:39.645+0200] {dagbag.py:536} INFO - Filling up the DagBag from /home/ai/.local/lib/python3.9/site-packages/airflow/example_dags/example_latest_only_with_trigger.py
[2026-07-15T17:19:39.654+0200] {processor.py:839} INFO - DAG(s) dict_keys(['latest_only_with_trigger']) retrieved from /home/ai/.local/lib/python3.9/site-packages/airflow/example_dags/example_latest_only_with_trigger.py
[2026-07-15T17:19:39.670+0200] {logging_mixin.py:151} INFO - [2026-07-15T17:19:39.670+0200] {dag.py:2941} INFO - Sync 1 DAGs
[2026-07-15T17:19:39.686+0200] {logging_mixin.py:151} INFO - [2026-07-15T17:19:39.686+0200] {dag.py:3722} INFO - Setting next_dagrun for latest_only_with_trigger to 2026-07-15T11:19:39.686227+00:00, run_after=2026-07-15T15:19:39.686227+00:00
[2026-07-15T17:19:43.122+0200] {processor.py:179} INFO - Processing /home/ai/.local/lib/python3.9/site-packages/airflow/example_dags/example_latest_only_with_trigger.py took 3.512 seconds
