[2026-07-15T16:15:56.492+0200] {processor.py:157} INFO - Started process (PID=3406435) to work on /home/ai/.local/lib/python3.9/site-packages/airflow/example_dags/example_kubernetes_executor.py
[2026-07-15T16:15:56.493+0200] {processor.py:829} INFO - Processing file /home/ai/.local/lib/python3.9/site-packages/airflow/example_dags/example_kubernetes_executor.py for tasks to queue
[2026-07-15T16:15:56.494+0200] {logging_mixin.py:151} INFO - [2026-07-15T16:15:56.494+0200] {dagbag.py:536} INFO - Filling up the DagBag from /home/ai/.local/lib/python3.9/site-packages/airflow/example_dags/example_kubernetes_executor.py
[2026-07-15T16:15:56.497+0200] {logging_mixin.py:151} INFO - [2026-07-15T16:15:56.497+0200] {example_kubernetes_executor.py:38} WARNING - The example_kubernetes_executor example DAG requires the kubernetes provider. Please install it with: pip install apache-airflow[cncf.kubernetes]
[2026-07-15T16:15:56.498+0200] {processor.py:841} WARNING - No viable dags retrieved from /home/ai/.local/lib/python3.9/site-packages/airflow/example_dags/example_kubernetes_executor.py
[2026-07-15T16:15:56.507+0200] {processor.py:179} INFO - Processing /home/ai/.local/lib/python3.9/site-packages/airflow/example_dags/example_kubernetes_executor.py took 0.020 seconds
[2026-07-15T16:17:34.138+0200] {processor.py:157} INFO - Started process (PID=3408029) to work on /home/ai/.local/lib/python3.9/site-packages/airflow/example_dags/example_kubernetes_executor.py
[2026-07-15T16:17:34.140+0200] {processor.py:829} INFO - Processing file /home/ai/.local/lib/python3.9/site-packages/airflow/example_dags/example_kubernetes_executor.py for tasks to queue
[2026-07-15T16:17:34.141+0200] {logging_mixin.py:151} INFO - [2026-07-15T16:17:34.140+0200] {dagbag.py:536} INFO - Filling up the DagBag from /home/ai/.local/lib/python3.9/site-packages/airflow/example_dags/example_kubernetes_executor.py
[2026-07-15T16:17:34.144+0200] {logging_mixin.py:151} INFO - [2026-07-15T16:17:34.144+0200] {example_kubernetes_executor.py:38} WARNING - The example_kubernetes_executor example DAG requires the kubernetes provider. Please install it with: pip install apache-airflow[cncf.kubernetes]
[2026-07-15T16:17:34.144+0200] {processor.py:841} WARNING - No viable dags retrieved from /home/ai/.local/lib/python3.9/site-packages/airflow/example_dags/example_kubernetes_executor.py
[2026-07-15T16:17:34.155+0200] {processor.py:179} INFO - Processing /home/ai/.local/lib/python3.9/site-packages/airflow/example_dags/example_kubernetes_executor.py took 0.023 seconds
[2026-07-15T16:19:04.857+0200] {processor.py:157} INFO - Started process (PID=3409676) to work on /home/ai/.local/lib/python3.9/site-packages/airflow/example_dags/example_kubernetes_executor.py
[2026-07-15T16:19:04.858+0200] {processor.py:829} INFO - Processing file /home/ai/.local/lib/python3.9/site-packages/airflow/example_dags/example_kubernetes_executor.py for tasks to queue
[2026-07-15T16:19:04.859+0200] {logging_mixin.py:151} INFO - [2026-07-15T16:19:04.859+0200] {dagbag.py:536} INFO - Filling up the DagBag from /home/ai/.local/lib/python3.9/site-packages/airflow/example_dags/example_kubernetes_executor.py
[2026-07-15T16:19:04.862+0200] {logging_mixin.py:151} INFO - [2026-07-15T16:19:04.862+0200] {example_kubernetes_executor.py:38} WARNING - The example_kubernetes_executor example DAG requires the kubernetes provider. Please install it with: pip install apache-airflow[cncf.kubernetes]
[2026-07-15T16:19:04.863+0200] {processor.py:841} WARNING - No viable dags retrieved from /home/ai/.local/lib/python3.9/site-packages/airflow/example_dags/example_kubernetes_executor.py
[2026-07-15T16:19:04.872+0200] {processor.py:179} INFO - Processing /home/ai/.local/lib/python3.9/site-packages/airflow/example_dags/example_kubernetes_executor.py took 0.020 seconds
[2026-07-15T16:20:50.978+0200] {processor.py:157} INFO - Started process (PID=3411391) to work on /home/ai/.local/lib/python3.9/site-packages/airflow/example_dags/example_kubernetes_executor.py
[2026-07-15T16:20:50.979+0200] {processor.py:829} INFO - Processing file /home/ai/.local/lib/python3.9/site-packages/airflow/example_dags/example_kubernetes_executor.py for tasks to queue
[2026-07-15T16:20:50.980+0200] {logging_mixin.py:151} INFO - [2026-07-15T16:20:50.980+0200] {dagbag.py:536} INFO - Filling up the DagBag from /home/ai/.local/lib/python3.9/site-packages/airflow/example_dags/example_kubernetes_executor.py
[2026-07-15T16:20:50.984+0200] {logging_mixin.py:151} INFO - [2026-07-15T16:20:50.984+0200] {example_kubernetes_executor.py:38} WARNING - The example_kubernetes_executor example DAG requires the kubernetes provider. Please install it with: pip install apache-airflow[cncf.kubernetes]
[2026-07-15T16:20:50.984+0200] {processor.py:841} WARNING - No viable dags retrieved from /home/ai/.local/lib/python3.9/site-packages/airflow/example_dags/example_kubernetes_executor.py
[2026-07-15T16:20:50.994+0200] {processor.py:179} INFO - Processing /home/ai/.local/lib/python3.9/site-packages/airflow/example_dags/example_kubernetes_executor.py took 0.020 seconds
[2026-07-15T16:22:16.481+0200] {processor.py:157} INFO - Started process (PID=3412899) to work on /home/ai/.local/lib/python3.9/site-packages/airflow/example_dags/example_kubernetes_executor.py
[2026-07-15T16:22:16.483+0200] {processor.py:829} INFO - Processing file /home/ai/.local/lib/python3.9/site-packages/airflow/example_dags/example_kubernetes_executor.py for tasks to queue
[2026-07-15T16:22:16.484+0200] {logging_mixin.py:151} INFO - [2026-07-15T16:22:16.483+0200] {dagbag.py:536} INFO - Filling up the DagBag from /home/ai/.local/lib/python3.9/site-packages/airflow/example_dags/example_kubernetes_executor.py
[2026-07-15T16:22:16.487+0200] {logging_mixin.py:151} INFO - [2026-07-15T16:22:16.487+0200] {example_kubernetes_executor.py:38} WARNING - The example_kubernetes_executor example DAG requires the kubernetes provider. Please install it with: pip install apache-airflow[cncf.kubernetes]
[2026-07-15T16:22:16.487+0200] {processor.py:841} WARNING - No viable dags retrieved from /home/ai/.local/lib/python3.9/site-packages/airflow/example_dags/example_kubernetes_executor.py
[2026-07-15T16:22:16.496+0200] {processor.py:179} INFO - Processing /home/ai/.local/lib/python3.9/site-packages/airflow/example_dags/example_kubernetes_executor.py took 0.019 seconds
[2026-07-15T16:23:45.303+0200] {processor.py:157} INFO - Started process (PID=3414392) to work on /home/ai/.local/lib/python3.9/site-packages/airflow/example_dags/example_kubernetes_executor.py
[2026-07-15T16:23:45.304+0200] {processor.py:829} INFO - Processing file /home/ai/.local/lib/python3.9/site-packages/airflow/example_dags/example_kubernetes_executor.py for tasks to queue
[2026-07-15T16:23:45.305+0200] {logging_mixin.py:151} INFO - [2026-07-15T16:23:45.305+0200] {dagbag.py:536} INFO - Filling up the DagBag from /home/ai/.local/lib/python3.9/site-packages/airflow/example_dags/example_kubernetes_executor.py
[2026-07-15T16:23:45.309+0200] {logging_mixin.py:151} INFO - [2026-07-15T16:23:45.309+0200] {example_kubernetes_executor.py:38} WARNING - The example_kubernetes_executor example DAG requires the kubernetes provider. Please install it with: pip install apache-airflow[cncf.kubernetes]
[2026-07-15T16:23:45.309+0200] {processor.py:841} WARNING - No viable dags retrieved from /home/ai/.local/lib/python3.9/site-packages/airflow/example_dags/example_kubernetes_executor.py
[2026-07-15T16:23:45.320+0200] {processor.py:179} INFO - Processing /home/ai/.local/lib/python3.9/site-packages/airflow/example_dags/example_kubernetes_executor.py took 0.022 seconds
[2026-07-15T16:25:05.675+0200] {processor.py:157} INFO - Started process (PID=3415710) to work on /home/ai/.local/lib/python3.9/site-packages/airflow/example_dags/example_kubernetes_executor.py
[2026-07-15T16:25:05.678+0200] {processor.py:829} INFO - Processing file /home/ai/.local/lib/python3.9/site-packages/airflow/example_dags/example_kubernetes_executor.py for tasks to queue
[2026-07-15T16:25:05.680+0200] {logging_mixin.py:151} INFO - [2026-07-15T16:25:05.679+0200] {dagbag.py:536} INFO - Filling up the DagBag from /home/ai/.local/lib/python3.9/site-packages/airflow/example_dags/example_kubernetes_executor.py
[2026-07-15T16:25:05.683+0200] {logging_mixin.py:151} INFO - [2026-07-15T16:25:05.683+0200] {example_kubernetes_executor.py:38} WARNING - The example_kubernetes_executor example DAG requires the kubernetes provider. Please install it with: pip install apache-airflow[cncf.kubernetes]
[2026-07-15T16:25:05.684+0200] {processor.py:841} WARNING - No viable dags retrieved from /home/ai/.local/lib/python3.9/site-packages/airflow/example_dags/example_kubernetes_executor.py
[2026-07-15T16:25:05.693+0200] {processor.py:179} INFO - Processing /home/ai/.local/lib/python3.9/site-packages/airflow/example_dags/example_kubernetes_executor.py took 0.028 seconds
[2026-07-15T16:26:37.779+0200] {processor.py:157} INFO - Started process (PID=3417287) to work on /home/ai/.local/lib/python3.9/site-packages/airflow/example_dags/example_kubernetes_executor.py
[2026-07-15T16:26:37.780+0200] {processor.py:829} INFO - Processing file /home/ai/.local/lib/python3.9/site-packages/airflow/example_dags/example_kubernetes_executor.py for tasks to queue
[2026-07-15T16:26:37.781+0200] {logging_mixin.py:151} INFO - [2026-07-15T16:26:37.781+0200] {dagbag.py:536} INFO - Filling up the DagBag from /home/ai/.local/lib/python3.9/site-packages/airflow/example_dags/example_kubernetes_executor.py
[2026-07-15T16:26:37.784+0200] {logging_mixin.py:151} INFO - [2026-07-15T16:26:37.784+0200] {example_kubernetes_executor.py:38} WARNING - The example_kubernetes_executor example DAG requires the kubernetes provider. Please install it with: pip install apache-airflow[cncf.kubernetes]
[2026-07-15T16:26:37.784+0200] {processor.py:841} WARNING - No viable dags retrieved from /home/ai/.local/lib/python3.9/site-packages/airflow/example_dags/example_kubernetes_executor.py
[2026-07-15T16:26:37.794+0200] {processor.py:179} INFO - Processing /home/ai/.local/lib/python3.9/site-packages/airflow/example_dags/example_kubernetes_executor.py took 0.019 seconds
[2026-07-15T16:28:29.400+0200] {processor.py:157} INFO - Started process (PID=3419278) to work on /home/ai/.local/lib/python3.9/site-packages/airflow/example_dags/example_kubernetes_executor.py
[2026-07-15T16:28:29.401+0200] {processor.py:829} INFO - Processing file /home/ai/.local/lib/python3.9/site-packages/airflow/example_dags/example_kubernetes_executor.py for tasks to queue
[2026-07-15T16:28:29.403+0200] {logging_mixin.py:151} INFO - [2026-07-15T16:28:29.402+0200] {dagbag.py:536} INFO - Filling up the DagBag from /home/ai/.local/lib/python3.9/site-packages/airflow/example_dags/example_kubernetes_executor.py
[2026-07-15T16:28:29.407+0200] {logging_mixin.py:151} INFO - [2026-07-15T16:28:29.406+0200] {example_kubernetes_executor.py:38} WARNING - The example_kubernetes_executor example DAG requires the kubernetes provider. Please install it with: pip install apache-airflow[cncf.kubernetes]
[2026-07-15T16:28:29.407+0200] {processor.py:841} WARNING - No viable dags retrieved from /home/ai/.local/lib/python3.9/site-packages/airflow/example_dags/example_kubernetes_executor.py
[2026-07-15T16:28:29.417+0200] {processor.py:179} INFO - Processing /home/ai/.local/lib/python3.9/site-packages/airflow/example_dags/example_kubernetes_executor.py took 0.021 seconds
[2026-07-15T16:29:54.026+0200] {processor.py:157} INFO - Started process (PID=3420710) to work on /home/ai/.local/lib/python3.9/site-packages/airflow/example_dags/example_kubernetes_executor.py
[2026-07-15T16:29:54.028+0200] {processor.py:829} INFO - Processing file /home/ai/.local/lib/python3.9/site-packages/airflow/example_dags/example_kubernetes_executor.py for tasks to queue
[2026-07-15T16:29:54.030+0200] {logging_mixin.py:151} INFO - [2026-07-15T16:29:54.030+0200] {dagbag.py:536} INFO - Filling up the DagBag from /home/ai/.local/lib/python3.9/site-packages/airflow/example_dags/example_kubernetes_executor.py
[2026-07-15T16:29:54.034+0200] {logging_mixin.py:151} INFO - [2026-07-15T16:29:54.033+0200] {example_kubernetes_executor.py:38} WARNING - The example_kubernetes_executor example DAG requires the kubernetes provider. Please install it with: pip install apache-airflow[cncf.kubernetes]
[2026-07-15T16:29:54.034+0200] {processor.py:841} WARNING - No viable dags retrieved from /home/ai/.local/lib/python3.9/site-packages/airflow/example_dags/example_kubernetes_executor.py
[2026-07-15T16:29:54.044+0200] {processor.py:179} INFO - Processing /home/ai/.local/lib/python3.9/site-packages/airflow/example_dags/example_kubernetes_executor.py took 0.027 seconds
[2026-07-15T16:31:41.987+0200] {processor.py:157} INFO - Started process (PID=3422451) to work on /home/ai/.local/lib/python3.9/site-packages/airflow/example_dags/example_kubernetes_executor.py
[2026-07-15T16:31:41.989+0200] {processor.py:829} INFO - Processing file /home/ai/.local/lib/python3.9/site-packages/airflow/example_dags/example_kubernetes_executor.py for tasks to queue
[2026-07-15T16:31:41.990+0200] {logging_mixin.py:151} INFO - [2026-07-15T16:31:41.989+0200] {dagbag.py:536} INFO - Filling up the DagBag from /home/ai/.local/lib/python3.9/site-packages/airflow/example_dags/example_kubernetes_executor.py
[2026-07-15T16:31:41.993+0200] {logging_mixin.py:151} INFO - [2026-07-15T16:31:41.993+0200] {example_kubernetes_executor.py:38} WARNING - The example_kubernetes_executor example DAG requires the kubernetes provider. Please install it with: pip install apache-airflow[cncf.kubernetes]
[2026-07-15T16:31:41.994+0200] {processor.py:841} WARNING - No viable dags retrieved from /home/ai/.local/lib/python3.9/site-packages/airflow/example_dags/example_kubernetes_executor.py
[2026-07-15T16:31:42.003+0200] {processor.py:179} INFO - Processing /home/ai/.local/lib/python3.9/site-packages/airflow/example_dags/example_kubernetes_executor.py took 0.021 seconds
[2026-07-15T16:33:09.284+0200] {processor.py:157} INFO - Started process (PID=3424024) to work on /home/ai/.local/lib/python3.9/site-packages/airflow/example_dags/example_kubernetes_executor.py
[2026-07-15T16:33:09.285+0200] {processor.py:829} INFO - Processing file /home/ai/.local/lib/python3.9/site-packages/airflow/example_dags/example_kubernetes_executor.py for tasks to queue
[2026-07-15T16:33:09.286+0200] {logging_mixin.py:151} INFO - [2026-07-15T16:33:09.286+0200] {dagbag.py:536} INFO - Filling up the DagBag from /home/ai/.local/lib/python3.9/site-packages/airflow/example_dags/example_kubernetes_executor.py
[2026-07-15T16:33:09.289+0200] {logging_mixin.py:151} INFO - [2026-07-15T16:33:09.289+0200] {example_kubernetes_executor.py:38} WARNING - The example_kubernetes_executor example DAG requires the kubernetes provider. Please install it with: pip install apache-airflow[cncf.kubernetes]
[2026-07-15T16:33:09.290+0200] {processor.py:841} WARNING - No viable dags retrieved from /home/ai/.local/lib/python3.9/site-packages/airflow/example_dags/example_kubernetes_executor.py
[2026-07-15T16:33:09.300+0200] {processor.py:179} INFO - Processing /home/ai/.local/lib/python3.9/site-packages/airflow/example_dags/example_kubernetes_executor.py took 0.020 seconds
[2026-07-15T16:34:35.858+0200] {processor.py:157} INFO - Started process (PID=3425467) to work on /home/ai/.local/lib/python3.9/site-packages/airflow/example_dags/example_kubernetes_executor.py
[2026-07-15T16:34:35.860+0200] {processor.py:829} INFO - Processing file /home/ai/.local/lib/python3.9/site-packages/airflow/example_dags/example_kubernetes_executor.py for tasks to queue
[2026-07-15T16:34:35.861+0200] {logging_mixin.py:151} INFO - [2026-07-15T16:34:35.860+0200] {dagbag.py:536} INFO - Filling up the DagBag from /home/ai/.local/lib/python3.9/site-packages/airflow/example_dags/example_kubernetes_executor.py
[2026-07-15T16:34:35.865+0200] {logging_mixin.py:151} INFO - [2026-07-15T16:34:35.865+0200] {example_kubernetes_executor.py:38} WARNING - The example_kubernetes_executor example DAG requires the kubernetes provider. Please install it with: pip install apache-airflow[cncf.kubernetes]
[2026-07-15T16:34:35.866+0200] {processor.py:841} WARNING - No viable dags retrieved from /home/ai/.local/lib/python3.9/site-packages/airflow/example_dags/example_kubernetes_executor.py
[2026-07-15T16:34:35.877+0200] {processor.py:179} INFO - Processing /home/ai/.local/lib/python3.9/site-packages/airflow/example_dags/example_kubernetes_executor.py took 0.023 seconds
[2026-07-15T16:36:07.706+0200] {processor.py:157} INFO - Started process (PID=3427136) to work on /home/ai/.local/lib/python3.9/site-packages/airflow/example_dags/example_kubernetes_executor.py
[2026-07-15T16:36:07.708+0200] {processor.py:829} INFO - Processing file /home/ai/.local/lib/python3.9/site-packages/airflow/example_dags/example_kubernetes_executor.py for tasks to queue
[2026-07-15T16:36:07.709+0200] {logging_mixin.py:151} INFO - [2026-07-15T16:36:07.708+0200] {dagbag.py:536} INFO - Filling up the DagBag from /home/ai/.local/lib/python3.9/site-packages/airflow/example_dags/example_kubernetes_executor.py
[2026-07-15T16:36:07.712+0200] {logging_mixin.py:151} INFO - [2026-07-15T16:36:07.712+0200] {example_kubernetes_executor.py:38} WARNING - The example_kubernetes_executor example DAG requires the kubernetes provider. Please install it with: pip install apache-airflow[cncf.kubernetes]
[2026-07-15T16:36:07.713+0200] {processor.py:841} WARNING - No viable dags retrieved from /home/ai/.local/lib/python3.9/site-packages/airflow/example_dags/example_kubernetes_executor.py
[2026-07-15T16:36:07.723+0200] {processor.py:179} INFO - Processing /home/ai/.local/lib/python3.9/site-packages/airflow/example_dags/example_kubernetes_executor.py took 0.021 seconds
[2026-07-15T16:37:55.588+0200] {processor.py:157} INFO - Started process (PID=3429402) to work on /home/ai/.local/lib/python3.9/site-packages/airflow/example_dags/example_kubernetes_executor.py
[2026-07-15T16:37:55.589+0200] {processor.py:829} INFO - Processing file /home/ai/.local/lib/python3.9/site-packages/airflow/example_dags/example_kubernetes_executor.py for tasks to queue
[2026-07-15T16:37:55.590+0200] {logging_mixin.py:151} INFO - [2026-07-15T16:37:55.590+0200] {dagbag.py:536} INFO - Filling up the DagBag from /home/ai/.local/lib/python3.9/site-packages/airflow/example_dags/example_kubernetes_executor.py
[2026-07-15T16:37:55.594+0200] {logging_mixin.py:151} INFO - [2026-07-15T16:37:55.593+0200] {example_kubernetes_executor.py:38} WARNING - The example_kubernetes_executor example DAG requires the kubernetes provider. Please install it with: pip install apache-airflow[cncf.kubernetes]
[2026-07-15T16:37:55.594+0200] {processor.py:841} WARNING - No viable dags retrieved from /home/ai/.local/lib/python3.9/site-packages/airflow/example_dags/example_kubernetes_executor.py
[2026-07-15T16:37:55.603+0200] {processor.py:179} INFO - Processing /home/ai/.local/lib/python3.9/site-packages/airflow/example_dags/example_kubernetes_executor.py took 0.019 seconds
[2026-07-15T16:39:26.807+0200] {processor.py:157} INFO - Started process (PID=3431132) to work on /home/ai/.local/lib/python3.9/site-packages/airflow/example_dags/example_kubernetes_executor.py
[2026-07-15T16:39:26.809+0200] {processor.py:829} INFO - Processing file /home/ai/.local/lib/python3.9/site-packages/airflow/example_dags/example_kubernetes_executor.py for tasks to queue
[2026-07-15T16:39:26.810+0200] {logging_mixin.py:151} INFO - [2026-07-15T16:39:26.809+0200] {dagbag.py:536} INFO - Filling up the DagBag from /home/ai/.local/lib/python3.9/site-packages/airflow/example_dags/example_kubernetes_executor.py
[2026-07-15T16:39:26.813+0200] {logging_mixin.py:151} INFO - [2026-07-15T16:39:26.813+0200] {example_kubernetes_executor.py:38} WARNING - The example_kubernetes_executor example DAG requires the kubernetes provider. Please install it with: pip install apache-airflow[cncf.kubernetes]
[2026-07-15T16:39:26.813+0200] {processor.py:841} WARNING - No viable dags retrieved from /home/ai/.local/lib/python3.9/site-packages/airflow/example_dags/example_kubernetes_executor.py
[2026-07-15T16:39:26.822+0200] {processor.py:179} INFO - Processing /home/ai/.local/lib/python3.9/site-packages/airflow/example_dags/example_kubernetes_executor.py took 0.020 seconds
[2026-07-15T16:41:28.191+0200] {processor.py:157} INFO - Started process (PID=3433273) to work on /home/ai/.local/lib/python3.9/site-packages/airflow/example_dags/example_kubernetes_executor.py
[2026-07-15T16:41:28.194+0200] {processor.py:829} INFO - Processing file /home/ai/.local/lib/python3.9/site-packages/airflow/example_dags/example_kubernetes_executor.py for tasks to queue
[2026-07-15T16:41:28.196+0200] {logging_mixin.py:151} INFO - [2026-07-15T16:41:28.195+0200] {dagbag.py:536} INFO - Filling up the DagBag from /home/ai/.local/lib/python3.9/site-packages/airflow/example_dags/example_kubernetes_executor.py
[2026-07-15T16:41:28.204+0200] {logging_mixin.py:151} INFO - [2026-07-15T16:41:28.204+0200] {example_kubernetes_executor.py:38} WARNING - The example_kubernetes_executor example DAG requires the kubernetes provider. Please install it with: pip install apache-airflow[cncf.kubernetes]
[2026-07-15T16:41:28.205+0200] {processor.py:841} WARNING - No viable dags retrieved from /home/ai/.local/lib/python3.9/site-packages/airflow/example_dags/example_kubernetes_executor.py
[2026-07-15T16:41:28.216+0200] {processor.py:179} INFO - Processing /home/ai/.local/lib/python3.9/site-packages/airflow/example_dags/example_kubernetes_executor.py took 0.029 seconds
[2026-07-15T16:43:10.305+0200] {processor.py:157} INFO - Started process (PID=3435087) to work on /home/ai/.local/lib/python3.9/site-packages/airflow/example_dags/example_kubernetes_executor.py
[2026-07-15T16:43:10.306+0200] {processor.py:829} INFO - Processing file /home/ai/.local/lib/python3.9/site-packages/airflow/example_dags/example_kubernetes_executor.py for tasks to queue
[2026-07-15T16:43:10.308+0200] {logging_mixin.py:151} INFO - [2026-07-15T16:43:10.307+0200] {dagbag.py:536} INFO - Filling up the DagBag from /home/ai/.local/lib/python3.9/site-packages/airflow/example_dags/example_kubernetes_executor.py
[2026-07-15T16:43:10.312+0200] {logging_mixin.py:151} INFO - [2026-07-15T16:43:10.311+0200] {example_kubernetes_executor.py:38} WARNING - The example_kubernetes_executor example DAG requires the kubernetes provider. Please install it with: pip install apache-airflow[cncf.kubernetes]
[2026-07-15T16:43:10.312+0200] {processor.py:841} WARNING - No viable dags retrieved from /home/ai/.local/lib/python3.9/site-packages/airflow/example_dags/example_kubernetes_executor.py
[2026-07-15T16:43:10.322+0200] {processor.py:179} INFO - Processing /home/ai/.local/lib/python3.9/site-packages/airflow/example_dags/example_kubernetes_executor.py took 0.021 seconds
[2026-07-15T16:44:38.281+0200] {processor.py:157} INFO - Started process (PID=3436637) to work on /home/ai/.local/lib/python3.9/site-packages/airflow/example_dags/example_kubernetes_executor.py
[2026-07-15T16:44:38.283+0200] {processor.py:829} INFO - Processing file /home/ai/.local/lib/python3.9/site-packages/airflow/example_dags/example_kubernetes_executor.py for tasks to queue
[2026-07-15T16:44:38.284+0200] {logging_mixin.py:151} INFO - [2026-07-15T16:44:38.283+0200] {dagbag.py:536} INFO - Filling up the DagBag from /home/ai/.local/lib/python3.9/site-packages/airflow/example_dags/example_kubernetes_executor.py
[2026-07-15T16:44:38.287+0200] {logging_mixin.py:151} INFO - [2026-07-15T16:44:38.287+0200] {example_kubernetes_executor.py:38} WARNING - The example_kubernetes_executor example DAG requires the kubernetes provider. Please install it with: pip install apache-airflow[cncf.kubernetes]
[2026-07-15T16:44:38.287+0200] {processor.py:841} WARNING - No viable dags retrieved from /home/ai/.local/lib/python3.9/site-packages/airflow/example_dags/example_kubernetes_executor.py
[2026-07-15T16:44:38.296+0200] {processor.py:179} INFO - Processing /home/ai/.local/lib/python3.9/site-packages/airflow/example_dags/example_kubernetes_executor.py took 0.019 seconds
[2026-07-15T16:46:45.022+0200] {processor.py:157} INFO - Started process (PID=3438805) to work on /home/ai/.local/lib/python3.9/site-packages/airflow/example_dags/example_kubernetes_executor.py
[2026-07-15T16:46:45.024+0200] {processor.py:829} INFO - Processing file /home/ai/.local/lib/python3.9/site-packages/airflow/example_dags/example_kubernetes_executor.py for tasks to queue
[2026-07-15T16:46:45.024+0200] {logging_mixin.py:151} INFO - [2026-07-15T16:46:45.024+0200] {dagbag.py:536} INFO - Filling up the DagBag from /home/ai/.local/lib/python3.9/site-packages/airflow/example_dags/example_kubernetes_executor.py
[2026-07-15T16:46:45.028+0200] {logging_mixin.py:151} INFO - [2026-07-15T16:46:45.028+0200] {example_kubernetes_executor.py:38} WARNING - The example_kubernetes_executor example DAG requires the kubernetes provider. Please install it with: pip install apache-airflow[cncf.kubernetes]
[2026-07-15T16:46:45.028+0200] {processor.py:841} WARNING - No viable dags retrieved from /home/ai/.local/lib/python3.9/site-packages/airflow/example_dags/example_kubernetes_executor.py
[2026-07-15T16:46:45.038+0200] {processor.py:179} INFO - Processing /home/ai/.local/lib/python3.9/site-packages/airflow/example_dags/example_kubernetes_executor.py took 0.021 seconds
[2026-07-15T16:48:38.418+0200] {processor.py:157} INFO - Started process (PID=3440817) to work on /home/ai/.local/lib/python3.9/site-packages/airflow/example_dags/example_kubernetes_executor.py
[2026-07-15T16:48:38.420+0200] {processor.py:829} INFO - Processing file /home/ai/.local/lib/python3.9/site-packages/airflow/example_dags/example_kubernetes_executor.py for tasks to queue
[2026-07-15T16:48:38.421+0200] {logging_mixin.py:151} INFO - [2026-07-15T16:48:38.420+0200] {dagbag.py:536} INFO - Filling up the DagBag from /home/ai/.local/lib/python3.9/site-packages/airflow/example_dags/example_kubernetes_executor.py
[2026-07-15T16:48:38.424+0200] {logging_mixin.py:151} INFO - [2026-07-15T16:48:38.424+0200] {example_kubernetes_executor.py:38} WARNING - The example_kubernetes_executor example DAG requires the kubernetes provider. Please install it with: pip install apache-airflow[cncf.kubernetes]
[2026-07-15T16:48:38.424+0200] {processor.py:841} WARNING - No viable dags retrieved from /home/ai/.local/lib/python3.9/site-packages/airflow/example_dags/example_kubernetes_executor.py
[2026-07-15T16:48:38.435+0200] {processor.py:179} INFO - Processing /home/ai/.local/lib/python3.9/site-packages/airflow/example_dags/example_kubernetes_executor.py took 0.021 seconds
[2026-07-15T16:50:30.192+0200] {processor.py:157} INFO - Started process (PID=3442692) to work on /home/ai/.local/lib/python3.9/site-packages/airflow/example_dags/example_kubernetes_executor.py
[2026-07-15T16:50:30.193+0200] {processor.py:829} INFO - Processing file /home/ai/.local/lib/python3.9/site-packages/airflow/example_dags/example_kubernetes_executor.py for tasks to queue
[2026-07-15T16:50:30.194+0200] {logging_mixin.py:151} INFO - [2026-07-15T16:50:30.193+0200] {dagbag.py:536} INFO - Filling up the DagBag from /home/ai/.local/lib/python3.9/site-packages/airflow/example_dags/example_kubernetes_executor.py
[2026-07-15T16:50:30.197+0200] {logging_mixin.py:151} INFO - [2026-07-15T16:50:30.197+0200] {example_kubernetes_executor.py:38} WARNING - The example_kubernetes_executor example DAG requires the kubernetes provider. Please install it with: pip install apache-airflow[cncf.kubernetes]
[2026-07-15T16:50:30.197+0200] {processor.py:841} WARNING - No viable dags retrieved from /home/ai/.local/lib/python3.9/site-packages/airflow/example_dags/example_kubernetes_executor.py
[2026-07-15T16:50:30.207+0200] {processor.py:179} INFO - Processing /home/ai/.local/lib/python3.9/site-packages/airflow/example_dags/example_kubernetes_executor.py took 0.022 seconds
[2026-07-15T16:52:33.615+0200] {processor.py:157} INFO - Started process (PID=3444749) to work on /home/ai/.local/lib/python3.9/site-packages/airflow/example_dags/example_kubernetes_executor.py
[2026-07-15T16:52:33.621+0200] {processor.py:829} INFO - Processing file /home/ai/.local/lib/python3.9/site-packages/airflow/example_dags/example_kubernetes_executor.py for tasks to queue
[2026-07-15T16:52:33.623+0200] {logging_mixin.py:151} INFO - [2026-07-15T16:52:33.622+0200] {dagbag.py:536} INFO - Filling up the DagBag from /home/ai/.local/lib/python3.9/site-packages/airflow/example_dags/example_kubernetes_executor.py
[2026-07-15T16:52:33.630+0200] {logging_mixin.py:151} INFO - [2026-07-15T16:52:33.630+0200] {example_kubernetes_executor.py:38} WARNING - The example_kubernetes_executor example DAG requires the kubernetes provider. Please install it with: pip install apache-airflow[cncf.kubernetes]
[2026-07-15T16:52:33.630+0200] {processor.py:841} WARNING - No viable dags retrieved from /home/ai/.local/lib/python3.9/site-packages/airflow/example_dags/example_kubernetes_executor.py
[2026-07-15T16:52:33.641+0200] {processor.py:179} INFO - Processing /home/ai/.local/lib/python3.9/site-packages/airflow/example_dags/example_kubernetes_executor.py took 0.033 seconds
[2026-07-15T16:54:50.428+0200] {processor.py:157} INFO - Started process (PID=3447013) to work on /home/ai/.local/lib/python3.9/site-packages/airflow/example_dags/example_kubernetes_executor.py
[2026-07-15T16:54:50.430+0200] {processor.py:829} INFO - Processing file /home/ai/.local/lib/python3.9/site-packages/airflow/example_dags/example_kubernetes_executor.py for tasks to queue
[2026-07-15T16:54:50.431+0200] {logging_mixin.py:151} INFO - [2026-07-15T16:54:50.430+0200] {dagbag.py:536} INFO - Filling up the DagBag from /home/ai/.local/lib/python3.9/site-packages/airflow/example_dags/example_kubernetes_executor.py
[2026-07-15T16:54:50.434+0200] {logging_mixin.py:151} INFO - [2026-07-15T16:54:50.434+0200] {example_kubernetes_executor.py:38} WARNING - The example_kubernetes_executor example DAG requires the kubernetes provider. Please install it with: pip install apache-airflow[cncf.kubernetes]
[2026-07-15T16:54:50.435+0200] {processor.py:841} WARNING - No viable dags retrieved from /home/ai/.local/lib/python3.9/site-packages/airflow/example_dags/example_kubernetes_executor.py
[2026-07-15T16:54:50.445+0200] {processor.py:179} INFO - Processing /home/ai/.local/lib/python3.9/site-packages/airflow/example_dags/example_kubernetes_executor.py took 0.020 seconds
[2026-07-15T16:56:57.712+0200] {processor.py:157} INFO - Started process (PID=3449156) to work on /home/ai/.local/lib/python3.9/site-packages/airflow/example_dags/example_kubernetes_executor.py
[2026-07-15T16:56:57.714+0200] {processor.py:829} INFO - Processing file /home/ai/.local/lib/python3.9/site-packages/airflow/example_dags/example_kubernetes_executor.py for tasks to queue
[2026-07-15T16:56:57.715+0200] {logging_mixin.py:151} INFO - [2026-07-15T16:56:57.715+0200] {dagbag.py:536} INFO - Filling up the DagBag from /home/ai/.local/lib/python3.9/site-packages/airflow/example_dags/example_kubernetes_executor.py
[2026-07-15T16:56:57.719+0200] {logging_mixin.py:151} INFO - [2026-07-15T16:56:57.719+0200] {example_kubernetes_executor.py:38} WARNING - The example_kubernetes_executor example DAG requires the kubernetes provider. Please install it with: pip install apache-airflow[cncf.kubernetes]
[2026-07-15T16:56:57.719+0200] {processor.py:841} WARNING - No viable dags retrieved from /home/ai/.local/lib/python3.9/site-packages/airflow/example_dags/example_kubernetes_executor.py
[2026-07-15T16:56:57.729+0200] {processor.py:179} INFO - Processing /home/ai/.local/lib/python3.9/site-packages/airflow/example_dags/example_kubernetes_executor.py took 0.023 seconds
[2026-07-15T16:59:59.230+0200] {processor.py:157} INFO - Started process (PID=3452423) to work on /home/ai/.local/lib/python3.9/site-packages/airflow/example_dags/example_kubernetes_executor.py
[2026-07-15T16:59:59.232+0200] {processor.py:829} INFO - Processing file /home/ai/.local/lib/python3.9/site-packages/airflow/example_dags/example_kubernetes_executor.py for tasks to queue
[2026-07-15T16:59:59.233+0200] {logging_mixin.py:151} INFO - [2026-07-15T16:59:59.233+0200] {dagbag.py:536} INFO - Filling up the DagBag from /home/ai/.local/lib/python3.9/site-packages/airflow/example_dags/example_kubernetes_executor.py
[2026-07-15T16:59:59.236+0200] {logging_mixin.py:151} INFO - [2026-07-15T16:59:59.236+0200] {example_kubernetes_executor.py:38} WARNING - The example_kubernetes_executor example DAG requires the kubernetes provider. Please install it with: pip install apache-airflow[cncf.kubernetes]
[2026-07-15T16:59:59.237+0200] {processor.py:841} WARNING - No viable dags retrieved from /home/ai/.local/lib/python3.9/site-packages/airflow/example_dags/example_kubernetes_executor.py
[2026-07-15T16:59:59.247+0200] {processor.py:179} INFO - Processing /home/ai/.local/lib/python3.9/site-packages/airflow/example_dags/example_kubernetes_executor.py took 0.023 seconds
[2026-07-15T17:03:32.261+0200] {processor.py:157} INFO - Started process (PID=3456194) to work on /home/ai/.local/lib/python3.9/site-packages/airflow/example_dags/example_kubernetes_executor.py
[2026-07-15T17:03:32.263+0200] {processor.py:829} INFO - Processing file /home/ai/.local/lib/python3.9/site-packages/airflow/example_dags/example_kubernetes_executor.py for tasks to queue
[2026-07-15T17:03:32.264+0200] {logging_mixin.py:151} INFO - [2026-07-15T17:03:32.264+0200] {dagbag.py:536} INFO - Filling up the DagBag from /home/ai/.local/lib/python3.9/site-packages/airflow/example_dags/example_kubernetes_executor.py
[2026-07-15T17:03:32.268+0200] {logging_mixin.py:151} INFO - [2026-07-15T17:03:32.267+0200] {example_kubernetes_executor.py:38} WARNING - The example_kubernetes_executor example DAG requires the kubernetes provider. Please install it with: pip install apache-airflow[cncf.kubernetes]
[2026-07-15T17:03:32.268+0200] {processor.py:841} WARNING - No viable dags retrieved from /home/ai/.local/lib/python3.9/site-packages/airflow/example_dags/example_kubernetes_executor.py
[2026-07-15T17:03:32.278+0200] {processor.py:179} INFO - Processing /home/ai/.local/lib/python3.9/site-packages/airflow/example_dags/example_kubernetes_executor.py took 0.022 seconds
[2026-07-15T17:05:48.588+0200] {processor.py:157} INFO - Started process (PID=3458480) to work on /home/ai/.local/lib/python3.9/site-packages/airflow/example_dags/example_kubernetes_executor.py
[2026-07-15T17:05:48.589+0200] {processor.py:829} INFO - Processing file /home/ai/.local/lib/python3.9/site-packages/airflow/example_dags/example_kubernetes_executor.py for tasks to queue
[2026-07-15T17:05:48.590+0200] {logging_mixin.py:151} INFO - [2026-07-15T17:05:48.589+0200] {dagbag.py:536} INFO - Filling up the DagBag from /home/ai/.local/lib/python3.9/site-packages/airflow/example_dags/example_kubernetes_executor.py
[2026-07-15T17:05:48.593+0200] {logging_mixin.py:151} INFO - [2026-07-15T17:05:48.593+0200] {example_kubernetes_executor.py:38} WARNING - The example_kubernetes_executor example DAG requires the kubernetes provider. Please install it with: pip install apache-airflow[cncf.kubernetes]
[2026-07-15T17:05:48.593+0200] {processor.py:841} WARNING - No viable dags retrieved from /home/ai/.local/lib/python3.9/site-packages/airflow/example_dags/example_kubernetes_executor.py
[2026-07-15T17:05:48.603+0200] {processor.py:179} INFO - Processing /home/ai/.local/lib/python3.9/site-packages/airflow/example_dags/example_kubernetes_executor.py took 0.023 seconds
[2026-07-15T17:08:11.306+0200] {processor.py:157} INFO - Started process (PID=3460879) to work on /home/ai/.local/lib/python3.9/site-packages/airflow/example_dags/example_kubernetes_executor.py
[2026-07-15T17:08:11.307+0200] {processor.py:829} INFO - Processing file /home/ai/.local/lib/python3.9/site-packages/airflow/example_dags/example_kubernetes_executor.py for tasks to queue
[2026-07-15T17:08:11.308+0200] {logging_mixin.py:151} INFO - [2026-07-15T17:08:11.308+0200] {dagbag.py:536} INFO - Filling up the DagBag from /home/ai/.local/lib/python3.9/site-packages/airflow/example_dags/example_kubernetes_executor.py
[2026-07-15T17:08:11.312+0200] {logging_mixin.py:151} INFO - [2026-07-15T17:08:11.312+0200] {example_kubernetes_executor.py:38} WARNING - The example_kubernetes_executor example DAG requires the kubernetes provider. Please install it with: pip install apache-airflow[cncf.kubernetes]
[2026-07-15T17:08:11.312+0200] {processor.py:841} WARNING - No viable dags retrieved from /home/ai/.local/lib/python3.9/site-packages/airflow/example_dags/example_kubernetes_executor.py
[2026-07-15T17:08:11.325+0200] {processor.py:179} INFO - Processing /home/ai/.local/lib/python3.9/site-packages/airflow/example_dags/example_kubernetes_executor.py took 0.026 seconds
[2026-07-15T17:11:32.300+0200] {processor.py:157} INFO - Started process (PID=3464257) to work on /home/ai/.local/lib/python3.9/site-packages/airflow/example_dags/example_kubernetes_executor.py
[2026-07-15T17:11:33.553+0200] {processor.py:829} INFO - Processing file /home/ai/.local/lib/python3.9/site-packages/airflow/example_dags/example_kubernetes_executor.py for tasks to queue
[2026-07-15T17:11:33.555+0200] {logging_mixin.py:151} INFO - [2026-07-15T17:11:33.554+0200] {dagbag.py:536} INFO - Filling up the DagBag from /home/ai/.local/lib/python3.9/site-packages/airflow/example_dags/example_kubernetes_executor.py
[2026-07-15T17:11:33.563+0200] {logging_mixin.py:151} INFO - [2026-07-15T17:11:33.563+0200] {example_kubernetes_executor.py:38} WARNING - The example_kubernetes_executor example DAG requires the kubernetes provider. Please install it with: pip install apache-airflow[cncf.kubernetes]
[2026-07-15T17:11:33.563+0200] {processor.py:841} WARNING - No viable dags retrieved from /home/ai/.local/lib/python3.9/site-packages/airflow/example_dags/example_kubernetes_executor.py
[2026-07-15T17:11:33.573+0200] {processor.py:179} INFO - Processing /home/ai/.local/lib/python3.9/site-packages/airflow/example_dags/example_kubernetes_executor.py took 1.277 seconds
[2026-07-15T17:14:29.290+0200] {processor.py:157} INFO - Started process (PID=3467395) to work on /home/ai/.local/lib/python3.9/site-packages/airflow/example_dags/example_kubernetes_executor.py
[2026-07-15T17:14:29.292+0200] {processor.py:829} INFO - Processing file /home/ai/.local/lib/python3.9/site-packages/airflow/example_dags/example_kubernetes_executor.py for tasks to queue
[2026-07-15T17:14:29.293+0200] {logging_mixin.py:151} INFO - [2026-07-15T17:14:29.292+0200] {dagbag.py:536} INFO - Filling up the DagBag from /home/ai/.local/lib/python3.9/site-packages/airflow/example_dags/example_kubernetes_executor.py
[2026-07-15T17:14:29.297+0200] {logging_mixin.py:151} INFO - [2026-07-15T17:14:29.296+0200] {example_kubernetes_executor.py:38} WARNING - The example_kubernetes_executor example DAG requires the kubernetes provider. Please install it with: pip install apache-airflow[cncf.kubernetes]
[2026-07-15T17:14:29.297+0200] {processor.py:841} WARNING - No viable dags retrieved from /home/ai/.local/lib/python3.9/site-packages/airflow/example_dags/example_kubernetes_executor.py
[2026-07-15T17:14:29.307+0200] {processor.py:179} INFO - Processing /home/ai/.local/lib/python3.9/site-packages/airflow/example_dags/example_kubernetes_executor.py took 0.020 seconds
[2026-07-15T17:16:29.909+0200] {processor.py:157} INFO - Started process (PID=3469885) to work on /home/ai/.local/lib/python3.9/site-packages/airflow/example_dags/example_kubernetes_executor.py
[2026-07-15T17:16:29.911+0200] {processor.py:829} INFO - Processing file /home/ai/.local/lib/python3.9/site-packages/airflow/example_dags/example_kubernetes_executor.py for tasks to queue
[2026-07-15T17:16:29.912+0200] {logging_mixin.py:151} INFO - [2026-07-15T17:16:29.911+0200] {dagbag.py:536} INFO - Filling up the DagBag from /home/ai/.local/lib/python3.9/site-packages/airflow/example_dags/example_kubernetes_executor.py
[2026-07-15T17:16:29.915+0200] {logging_mixin.py:151} INFO - [2026-07-15T17:16:29.915+0200] {example_kubernetes_executor.py:38} WARNING - The example_kubernetes_executor example DAG requires the kubernetes provider. Please install it with: pip install apache-airflow[cncf.kubernetes]
[2026-07-15T17:16:29.915+0200] {processor.py:841} WARNING - No viable dags retrieved from /home/ai/.local/lib/python3.9/site-packages/airflow/example_dags/example_kubernetes_executor.py
[2026-07-15T17:16:29.927+0200] {processor.py:179} INFO - Processing /home/ai/.local/lib/python3.9/site-packages/airflow/example_dags/example_kubernetes_executor.py took 0.023 seconds
[2026-07-15T17:18:20.421+0200] {processor.py:157} INFO - Started process (PID=3472330) to work on /home/ai/.local/lib/python3.9/site-packages/airflow/example_dags/example_kubernetes_executor.py
[2026-07-15T17:18:20.423+0200] {processor.py:829} INFO - Processing file /home/ai/.local/lib/python3.9/site-packages/airflow/example_dags/example_kubernetes_executor.py for tasks to queue
[2026-07-15T17:18:20.424+0200] {logging_mixin.py:151} INFO - [2026-07-15T17:18:20.424+0200] {dagbag.py:536} INFO - Filling up the DagBag from /home/ai/.local/lib/python3.9/site-packages/airflow/example_dags/example_kubernetes_executor.py
[2026-07-15T17:18:20.430+0200] {logging_mixin.py:151} INFO - [2026-07-15T17:18:20.429+0200] {example_kubernetes_executor.py:38} WARNING - The example_kubernetes_executor example DAG requires the kubernetes provider. Please install it with: pip install apache-airflow[cncf.kubernetes]
[2026-07-15T17:18:20.430+0200] {processor.py:841} WARNING - No viable dags retrieved from /home/ai/.local/lib/python3.9/site-packages/airflow/example_dags/example_kubernetes_executor.py
[2026-07-15T17:18:20.466+0200] {processor.py:179} INFO - Processing /home/ai/.local/lib/python3.9/site-packages/airflow/example_dags/example_kubernetes_executor.py took 0.053 seconds
