[2026-07-15T16:15:24.736+0200] {processor.py:157} INFO - Started process (PID=3405899) to work on /home/ai/.local/lib/python3.9/site-packages/airflow/example_dags/example_setup_teardown_taskflow.py
[2026-07-15T16:15:24.737+0200] {processor.py:829} INFO - Processing file /home/ai/.local/lib/python3.9/site-packages/airflow/example_dags/example_setup_teardown_taskflow.py for tasks to queue
[2026-07-15T16:15:24.738+0200] {logging_mixin.py:151} INFO - [2026-07-15T16:15:24.737+0200] {dagbag.py:536} INFO - Filling up the DagBag from /home/ai/.local/lib/python3.9/site-packages/airflow/example_dags/example_setup_teardown_taskflow.py
[2026-07-15T16:15:24.749+0200] {processor.py:839} INFO - DAG(s) dict_keys(['example_setup_teardown_taskflow']) retrieved from /home/ai/.local/lib/python3.9/site-packages/airflow/example_dags/example_setup_teardown_taskflow.py
[2026-07-15T16:15:24.768+0200] {logging_mixin.py:151} INFO - [2026-07-15T16:15:24.768+0200] {dag.py:2941} INFO - Sync 1 DAGs
[2026-07-15T16:15:24.789+0200] {logging_mixin.py:151} INFO - [2026-07-15T16:15:24.789+0200] {dag.py:3722} INFO - Setting next_dagrun for example_setup_teardown_taskflow to 2026-07-14T14:15:24.789162+00:00, run_after=2026-07-15T14:15:24.789162+00:00
[2026-07-15T16:15:24.810+0200] {processor.py:179} INFO - Processing /home/ai/.local/lib/python3.9/site-packages/airflow/example_dags/example_setup_teardown_taskflow.py took 0.078 seconds
[2026-07-15T16:16:46.218+0200] {processor.py:157} INFO - Started process (PID=3407186) to work on /home/ai/.local/lib/python3.9/site-packages/airflow/example_dags/example_setup_teardown_taskflow.py
[2026-07-15T16:16:46.219+0200] {processor.py:829} INFO - Processing file /home/ai/.local/lib/python3.9/site-packages/airflow/example_dags/example_setup_teardown_taskflow.py for tasks to queue
[2026-07-15T16:16:46.220+0200] {logging_mixin.py:151} INFO - [2026-07-15T16:16:46.220+0200] {dagbag.py:536} INFO - Filling up the DagBag from /home/ai/.local/lib/python3.9/site-packages/airflow/example_dags/example_setup_teardown_taskflow.py
[2026-07-15T16:16:46.230+0200] {processor.py:839} INFO - DAG(s) dict_keys(['example_setup_teardown_taskflow']) retrieved from /home/ai/.local/lib/python3.9/site-packages/airflow/example_dags/example_setup_teardown_taskflow.py
[2026-07-15T16:16:46.246+0200] {logging_mixin.py:151} INFO - [2026-07-15T16:16:46.246+0200] {dag.py:2941} INFO - Sync 1 DAGs
[2026-07-15T16:16:46.265+0200] {logging_mixin.py:151} INFO - [2026-07-15T16:16:46.264+0200] {dag.py:3722} INFO - Setting next_dagrun for example_setup_teardown_taskflow to 2026-07-14T14:16:46.264664+00:00, run_after=2026-07-15T14:16:46.264664+00:00
[2026-07-15T16:16:46.283+0200] {processor.py:179} INFO - Processing /home/ai/.local/lib/python3.9/site-packages/airflow/example_dags/example_setup_teardown_taskflow.py took 0.072 seconds
[2026-07-15T16:18:13.974+0200] {processor.py:157} INFO - Started process (PID=3408714) to work on /home/ai/.local/lib/python3.9/site-packages/airflow/example_dags/example_setup_teardown_taskflow.py
[2026-07-15T16:18:13.976+0200] {processor.py:829} INFO - Processing file /home/ai/.local/lib/python3.9/site-packages/airflow/example_dags/example_setup_teardown_taskflow.py for tasks to queue
[2026-07-15T16:18:13.977+0200] {logging_mixin.py:151} INFO - [2026-07-15T16:18:13.977+0200] {dagbag.py:536} INFO - Filling up the DagBag from /home/ai/.local/lib/python3.9/site-packages/airflow/example_dags/example_setup_teardown_taskflow.py
[2026-07-15T16:18:13.987+0200] {processor.py:839} INFO - DAG(s) dict_keys(['example_setup_teardown_taskflow']) retrieved from /home/ai/.local/lib/python3.9/site-packages/airflow/example_dags/example_setup_teardown_taskflow.py
[2026-07-15T16:18:14.005+0200] {logging_mixin.py:151} INFO - [2026-07-15T16:18:14.005+0200] {dag.py:2941} INFO - Sync 1 DAGs
[2026-07-15T16:18:14.025+0200] {logging_mixin.py:151} INFO - [2026-07-15T16:18:14.025+0200] {dag.py:3722} INFO - Setting next_dagrun for example_setup_teardown_taskflow to 2026-07-14T14:18:14.025557+00:00, run_after=2026-07-15T14:18:14.025557+00:00
[2026-07-15T16:18:14.379+0200] {processor.py:179} INFO - Processing /home/ai/.local/lib/python3.9/site-packages/airflow/example_dags/example_setup_teardown_taskflow.py took 0.410 seconds
[2026-07-15T16:19:48.367+0200] {processor.py:157} INFO - Started process (PID=3410357) to work on /home/ai/.local/lib/python3.9/site-packages/airflow/example_dags/example_setup_teardown_taskflow.py
[2026-07-15T16:19:48.369+0200] {processor.py:829} INFO - Processing file /home/ai/.local/lib/python3.9/site-packages/airflow/example_dags/example_setup_teardown_taskflow.py for tasks to queue
[2026-07-15T16:19:48.370+0200] {logging_mixin.py:151} INFO - [2026-07-15T16:19:48.369+0200] {dagbag.py:536} INFO - Filling up the DagBag from /home/ai/.local/lib/python3.9/site-packages/airflow/example_dags/example_setup_teardown_taskflow.py
[2026-07-15T16:19:48.380+0200] {processor.py:839} INFO - DAG(s) dict_keys(['example_setup_teardown_taskflow']) retrieved from /home/ai/.local/lib/python3.9/site-packages/airflow/example_dags/example_setup_teardown_taskflow.py
[2026-07-15T16:19:48.397+0200] {logging_mixin.py:151} INFO - [2026-07-15T16:19:48.397+0200] {dag.py:2941} INFO - Sync 1 DAGs
[2026-07-15T16:19:48.416+0200] {logging_mixin.py:151} INFO - [2026-07-15T16:19:48.416+0200] {dag.py:3722} INFO - Setting next_dagrun for example_setup_teardown_taskflow to 2026-07-14T14:19:48.415915+00:00, run_after=2026-07-15T14:19:48.415915+00:00
[2026-07-15T16:19:49.837+0200] {processor.py:179} INFO - Processing /home/ai/.local/lib/python3.9/site-packages/airflow/example_dags/example_setup_teardown_taskflow.py took 1.476 seconds
[2026-07-15T16:21:24.571+0200] {processor.py:157} INFO - Started process (PID=3411999) to work on /home/ai/.local/lib/python3.9/site-packages/airflow/example_dags/example_setup_teardown_taskflow.py
[2026-07-15T16:21:24.573+0200] {processor.py:829} INFO - Processing file /home/ai/.local/lib/python3.9/site-packages/airflow/example_dags/example_setup_teardown_taskflow.py for tasks to queue
[2026-07-15T16:21:24.574+0200] {logging_mixin.py:151} INFO - [2026-07-15T16:21:24.573+0200] {dagbag.py:536} INFO - Filling up the DagBag from /home/ai/.local/lib/python3.9/site-packages/airflow/example_dags/example_setup_teardown_taskflow.py
[2026-07-15T16:21:24.584+0200] {processor.py:839} INFO - DAG(s) dict_keys(['example_setup_teardown_taskflow']) retrieved from /home/ai/.local/lib/python3.9/site-packages/airflow/example_dags/example_setup_teardown_taskflow.py
[2026-07-15T16:21:24.601+0200] {logging_mixin.py:151} INFO - [2026-07-15T16:21:24.601+0200] {dag.py:2941} INFO - Sync 1 DAGs
[2026-07-15T16:21:24.621+0200] {logging_mixin.py:151} INFO - [2026-07-15T16:21:24.621+0200] {dag.py:3722} INFO - Setting next_dagrun for example_setup_teardown_taskflow to 2026-07-14T14:21:24.621452+00:00, run_after=2026-07-15T14:21:24.621452+00:00
[2026-07-15T16:21:24.641+0200] {processor.py:179} INFO - Processing /home/ai/.local/lib/python3.9/site-packages/airflow/example_dags/example_setup_teardown_taskflow.py took 0.074 seconds
[2026-07-15T16:22:53.646+0200] {processor.py:157} INFO - Started process (PID=3413543) to work on /home/ai/.local/lib/python3.9/site-packages/airflow/example_dags/example_setup_teardown_taskflow.py
[2026-07-15T16:22:53.648+0200] {processor.py:829} INFO - Processing file /home/ai/.local/lib/python3.9/site-packages/airflow/example_dags/example_setup_teardown_taskflow.py for tasks to queue
[2026-07-15T16:22:53.649+0200] {logging_mixin.py:151} INFO - [2026-07-15T16:22:53.648+0200] {dagbag.py:536} INFO - Filling up the DagBag from /home/ai/.local/lib/python3.9/site-packages/airflow/example_dags/example_setup_teardown_taskflow.py
[2026-07-15T16:22:53.658+0200] {processor.py:839} INFO - DAG(s) dict_keys(['example_setup_teardown_taskflow']) retrieved from /home/ai/.local/lib/python3.9/site-packages/airflow/example_dags/example_setup_teardown_taskflow.py
[2026-07-15T16:22:53.684+0200] {logging_mixin.py:151} INFO - [2026-07-15T16:22:53.684+0200] {dag.py:2941} INFO - Sync 1 DAGs
[2026-07-15T16:22:53.701+0200] {logging_mixin.py:151} INFO - [2026-07-15T16:22:53.701+0200] {dag.py:3722} INFO - Setting next_dagrun for example_setup_teardown_taskflow to 2026-07-14T14:22:53.700827+00:00, run_after=2026-07-15T14:22:53.700827+00:00
[2026-07-15T16:22:55.073+0200] {processor.py:179} INFO - Processing /home/ai/.local/lib/python3.9/site-packages/airflow/example_dags/example_setup_teardown_taskflow.py took 1.433 seconds
[2026-07-15T16:24:16.427+0200] {processor.py:157} INFO - Started process (PID=3414948) to work on /home/ai/.local/lib/python3.9/site-packages/airflow/example_dags/example_setup_teardown_taskflow.py
[2026-07-15T16:24:16.429+0200] {processor.py:829} INFO - Processing file /home/ai/.local/lib/python3.9/site-packages/airflow/example_dags/example_setup_teardown_taskflow.py for tasks to queue
[2026-07-15T16:24:16.430+0200] {logging_mixin.py:151} INFO - [2026-07-15T16:24:16.429+0200] {dagbag.py:536} INFO - Filling up the DagBag from /home/ai/.local/lib/python3.9/site-packages/airflow/example_dags/example_setup_teardown_taskflow.py
[2026-07-15T16:24:16.440+0200] {processor.py:839} INFO - DAG(s) dict_keys(['example_setup_teardown_taskflow']) retrieved from /home/ai/.local/lib/python3.9/site-packages/airflow/example_dags/example_setup_teardown_taskflow.py
[2026-07-15T16:24:16.456+0200] {logging_mixin.py:151} INFO - [2026-07-15T16:24:16.456+0200] {dag.py:2941} INFO - Sync 1 DAGs
[2026-07-15T16:24:16.473+0200] {logging_mixin.py:151} INFO - [2026-07-15T16:24:16.473+0200] {dag.py:3722} INFO - Setting next_dagrun for example_setup_teardown_taskflow to 2026-07-14T14:24:16.473508+00:00, run_after=2026-07-15T14:24:16.473508+00:00
[2026-07-15T16:24:16.705+0200] {processor.py:179} INFO - Processing /home/ai/.local/lib/python3.9/site-packages/airflow/example_dags/example_setup_teardown_taskflow.py took 0.282 seconds
[2026-07-15T16:25:35.905+0200] {processor.py:157} INFO - Started process (PID=3416242) to work on /home/ai/.local/lib/python3.9/site-packages/airflow/example_dags/example_setup_teardown_taskflow.py
[2026-07-15T16:25:35.907+0200] {processor.py:829} INFO - Processing file /home/ai/.local/lib/python3.9/site-packages/airflow/example_dags/example_setup_teardown_taskflow.py for tasks to queue
[2026-07-15T16:25:35.908+0200] {logging_mixin.py:151} INFO - [2026-07-15T16:25:35.907+0200] {dagbag.py:536} INFO - Filling up the DagBag from /home/ai/.local/lib/python3.9/site-packages/airflow/example_dags/example_setup_teardown_taskflow.py
[2026-07-15T16:25:35.918+0200] {processor.py:839} INFO - DAG(s) dict_keys(['example_setup_teardown_taskflow']) retrieved from /home/ai/.local/lib/python3.9/site-packages/airflow/example_dags/example_setup_teardown_taskflow.py
[2026-07-15T16:25:35.933+0200] {logging_mixin.py:151} INFO - [2026-07-15T16:25:35.933+0200] {dag.py:2941} INFO - Sync 1 DAGs
[2026-07-15T16:25:35.951+0200] {logging_mixin.py:151} INFO - [2026-07-15T16:25:35.951+0200] {dag.py:3722} INFO - Setting next_dagrun for example_setup_teardown_taskflow to 2026-07-14T14:25:35.951192+00:00, run_after=2026-07-15T14:25:35.951192+00:00
[2026-07-15T16:25:36.800+0200] {processor.py:179} INFO - Processing /home/ai/.local/lib/python3.9/site-packages/airflow/example_dags/example_setup_teardown_taskflow.py took 0.899 seconds
[2026-07-15T16:27:30.754+0200] {processor.py:157} INFO - Started process (PID=3418298) to work on /home/ai/.local/lib/python3.9/site-packages/airflow/example_dags/example_setup_teardown_taskflow.py
[2026-07-15T16:27:30.755+0200] {processor.py:829} INFO - Processing file /home/ai/.local/lib/python3.9/site-packages/airflow/example_dags/example_setup_teardown_taskflow.py for tasks to queue
[2026-07-15T16:27:30.756+0200] {logging_mixin.py:151} INFO - [2026-07-15T16:27:30.756+0200] {dagbag.py:536} INFO - Filling up the DagBag from /home/ai/.local/lib/python3.9/site-packages/airflow/example_dags/example_setup_teardown_taskflow.py
[2026-07-15T16:27:30.765+0200] {processor.py:839} INFO - DAG(s) dict_keys(['example_setup_teardown_taskflow']) retrieved from /home/ai/.local/lib/python3.9/site-packages/airflow/example_dags/example_setup_teardown_taskflow.py
[2026-07-15T16:27:30.781+0200] {logging_mixin.py:151} INFO - [2026-07-15T16:27:30.781+0200] {dag.py:2941} INFO - Sync 1 DAGs
[2026-07-15T16:27:30.798+0200] {logging_mixin.py:151} INFO - [2026-07-15T16:27:30.798+0200] {dag.py:3722} INFO - Setting next_dagrun for example_setup_teardown_taskflow to 2026-07-14T14:27:30.798255+00:00, run_after=2026-07-15T14:27:30.798255+00:00
[2026-07-15T16:27:32.010+0200] {processor.py:179} INFO - Processing /home/ai/.local/lib/python3.9/site-packages/airflow/example_dags/example_setup_teardown_taskflow.py took 1.261 seconds
[2026-07-15T16:29:06.441+0200] {processor.py:157} INFO - Started process (PID=3419855) to work on /home/ai/.local/lib/python3.9/site-packages/airflow/example_dags/example_setup_teardown_taskflow.py
[2026-07-15T16:29:06.443+0200] {processor.py:829} INFO - Processing file /home/ai/.local/lib/python3.9/site-packages/airflow/example_dags/example_setup_teardown_taskflow.py for tasks to queue
[2026-07-15T16:29:06.444+0200] {logging_mixin.py:151} INFO - [2026-07-15T16:29:06.444+0200] {dagbag.py:536} INFO - Filling up the DagBag from /home/ai/.local/lib/python3.9/site-packages/airflow/example_dags/example_setup_teardown_taskflow.py
[2026-07-15T16:29:06.455+0200] {processor.py:839} INFO - DAG(s) dict_keys(['example_setup_teardown_taskflow']) retrieved from /home/ai/.local/lib/python3.9/site-packages/airflow/example_dags/example_setup_teardown_taskflow.py
[2026-07-15T16:29:06.470+0200] {logging_mixin.py:151} INFO - [2026-07-15T16:29:06.470+0200] {dag.py:2941} INFO - Sync 1 DAGs
[2026-07-15T16:29:06.488+0200] {logging_mixin.py:151} INFO - [2026-07-15T16:29:06.488+0200] {dag.py:3722} INFO - Setting next_dagrun for example_setup_teardown_taskflow to 2026-07-14T14:29:06.487824+00:00, run_after=2026-07-15T14:29:06.487824+00:00
[2026-07-15T16:29:06.506+0200] {processor.py:179} INFO - Processing /home/ai/.local/lib/python3.9/site-packages/airflow/example_dags/example_setup_teardown_taskflow.py took 0.071 seconds
[2026-07-15T16:30:45.217+0200] {processor.py:157} INFO - Started process (PID=3421496) to work on /home/ai/.local/lib/python3.9/site-packages/airflow/example_dags/example_setup_teardown_taskflow.py
[2026-07-15T16:30:45.219+0200] {processor.py:829} INFO - Processing file /home/ai/.local/lib/python3.9/site-packages/airflow/example_dags/example_setup_teardown_taskflow.py for tasks to queue
[2026-07-15T16:30:45.220+0200] {logging_mixin.py:151} INFO - [2026-07-15T16:30:45.219+0200] {dagbag.py:536} INFO - Filling up the DagBag from /home/ai/.local/lib/python3.9/site-packages/airflow/example_dags/example_setup_teardown_taskflow.py
[2026-07-15T16:30:45.229+0200] {processor.py:839} INFO - DAG(s) dict_keys(['example_setup_teardown_taskflow']) retrieved from /home/ai/.local/lib/python3.9/site-packages/airflow/example_dags/example_setup_teardown_taskflow.py
[2026-07-15T16:30:45.245+0200] {logging_mixin.py:151} INFO - [2026-07-15T16:30:45.245+0200] {dag.py:2941} INFO - Sync 1 DAGs
[2026-07-15T16:30:45.263+0200] {logging_mixin.py:151} INFO - [2026-07-15T16:30:45.263+0200] {dag.py:3722} INFO - Setting next_dagrun for example_setup_teardown_taskflow to 2026-07-14T14:30:45.262890+00:00, run_after=2026-07-15T14:30:45.262890+00:00
[2026-07-15T16:30:45.292+0200] {processor.py:179} INFO - Processing /home/ai/.local/lib/python3.9/site-packages/airflow/example_dags/example_setup_teardown_taskflow.py took 0.080 seconds
[2026-07-15T16:32:19.565+0200] {processor.py:157} INFO - Started process (PID=3423064) to work on /home/ai/.local/lib/python3.9/site-packages/airflow/example_dags/example_setup_teardown_taskflow.py
[2026-07-15T16:32:19.567+0200] {processor.py:829} INFO - Processing file /home/ai/.local/lib/python3.9/site-packages/airflow/example_dags/example_setup_teardown_taskflow.py for tasks to queue
[2026-07-15T16:32:19.568+0200] {logging_mixin.py:151} INFO - [2026-07-15T16:32:19.568+0200] {dagbag.py:536} INFO - Filling up the DagBag from /home/ai/.local/lib/python3.9/site-packages/airflow/example_dags/example_setup_teardown_taskflow.py
[2026-07-15T16:32:19.578+0200] {processor.py:839} INFO - DAG(s) dict_keys(['example_setup_teardown_taskflow']) retrieved from /home/ai/.local/lib/python3.9/site-packages/airflow/example_dags/example_setup_teardown_taskflow.py
[2026-07-15T16:32:19.596+0200] {logging_mixin.py:151} INFO - [2026-07-15T16:32:19.596+0200] {dag.py:2941} INFO - Sync 1 DAGs
[2026-07-15T16:32:19.615+0200] {logging_mixin.py:151} INFO - [2026-07-15T16:32:19.614+0200] {dag.py:3722} INFO - Setting next_dagrun for example_setup_teardown_taskflow to 2026-07-14T14:32:19.614692+00:00, run_after=2026-07-15T14:32:19.614692+00:00
[2026-07-15T16:32:19.632+0200] {processor.py:179} INFO - Processing /home/ai/.local/lib/python3.9/site-packages/airflow/example_dags/example_setup_teardown_taskflow.py took 0.073 seconds
[2026-07-15T16:33:47.630+0200] {processor.py:157} INFO - Started process (PID=3424677) to work on /home/ai/.local/lib/python3.9/site-packages/airflow/example_dags/example_setup_teardown_taskflow.py
[2026-07-15T16:33:47.631+0200] {processor.py:829} INFO - Processing file /home/ai/.local/lib/python3.9/site-packages/airflow/example_dags/example_setup_teardown_taskflow.py for tasks to queue
[2026-07-15T16:33:47.632+0200] {logging_mixin.py:151} INFO - [2026-07-15T16:33:47.632+0200] {dagbag.py:536} INFO - Filling up the DagBag from /home/ai/.local/lib/python3.9/site-packages/airflow/example_dags/example_setup_teardown_taskflow.py
[2026-07-15T16:33:47.643+0200] {processor.py:839} INFO - DAG(s) dict_keys(['example_setup_teardown_taskflow']) retrieved from /home/ai/.local/lib/python3.9/site-packages/airflow/example_dags/example_setup_teardown_taskflow.py
[2026-07-15T16:33:47.659+0200] {logging_mixin.py:151} INFO - [2026-07-15T16:33:47.659+0200] {dag.py:2941} INFO - Sync 1 DAGs
[2026-07-15T16:33:47.676+0200] {logging_mixin.py:151} INFO - [2026-07-15T16:33:47.676+0200] {dag.py:3722} INFO - Setting next_dagrun for example_setup_teardown_taskflow to 2026-07-14T14:33:47.676267+00:00, run_after=2026-07-15T14:33:47.676267+00:00
[2026-07-15T16:33:49.735+0200] {processor.py:179} INFO - Processing /home/ai/.local/lib/python3.9/site-packages/airflow/example_dags/example_setup_teardown_taskflow.py took 2.110 seconds
[2026-07-15T16:35:15.903+0200] {processor.py:157} INFO - Started process (PID=3426124) to work on /home/ai/.local/lib/python3.9/site-packages/airflow/example_dags/example_setup_teardown_taskflow.py
[2026-07-15T16:35:15.904+0200] {processor.py:829} INFO - Processing file /home/ai/.local/lib/python3.9/site-packages/airflow/example_dags/example_setup_teardown_taskflow.py for tasks to queue
[2026-07-15T16:35:15.905+0200] {logging_mixin.py:151} INFO - [2026-07-15T16:35:15.905+0200] {dagbag.py:536} INFO - Filling up the DagBag from /home/ai/.local/lib/python3.9/site-packages/airflow/example_dags/example_setup_teardown_taskflow.py
[2026-07-15T16:35:15.915+0200] {processor.py:839} INFO - DAG(s) dict_keys(['example_setup_teardown_taskflow']) retrieved from /home/ai/.local/lib/python3.9/site-packages/airflow/example_dags/example_setup_teardown_taskflow.py
[2026-07-15T16:35:15.932+0200] {logging_mixin.py:151} INFO - [2026-07-15T16:35:15.932+0200] {dag.py:2941} INFO - Sync 1 DAGs
[2026-07-15T16:35:15.949+0200] {logging_mixin.py:151} INFO - [2026-07-15T16:35:15.949+0200] {dag.py:3722} INFO - Setting next_dagrun for example_setup_teardown_taskflow to 2026-07-14T14:35:15.949221+00:00, run_after=2026-07-15T14:35:15.949221+00:00
[2026-07-15T16:35:17.465+0200] {processor.py:179} INFO - Processing /home/ai/.local/lib/python3.9/site-packages/airflow/example_dags/example_setup_teardown_taskflow.py took 1.568 seconds
[2026-07-15T16:36:44.644+0200] {processor.py:157} INFO - Started process (PID=3427988) to work on /home/ai/.local/lib/python3.9/site-packages/airflow/example_dags/example_setup_teardown_taskflow.py
[2026-07-15T16:36:44.646+0200] {processor.py:829} INFO - Processing file /home/ai/.local/lib/python3.9/site-packages/airflow/example_dags/example_setup_teardown_taskflow.py for tasks to queue
[2026-07-15T16:36:44.647+0200] {logging_mixin.py:151} INFO - [2026-07-15T16:36:44.646+0200] {dagbag.py:536} INFO - Filling up the DagBag from /home/ai/.local/lib/python3.9/site-packages/airflow/example_dags/example_setup_teardown_taskflow.py
[2026-07-15T16:36:44.659+0200] {processor.py:839} INFO - DAG(s) dict_keys(['example_setup_teardown_taskflow']) retrieved from /home/ai/.local/lib/python3.9/site-packages/airflow/example_dags/example_setup_teardown_taskflow.py
[2026-07-15T16:36:44.677+0200] {logging_mixin.py:151} INFO - [2026-07-15T16:36:44.677+0200] {dag.py:2941} INFO - Sync 1 DAGs
[2026-07-15T16:36:44.701+0200] {logging_mixin.py:151} INFO - [2026-07-15T16:36:44.701+0200] {dag.py:3722} INFO - Setting next_dagrun for example_setup_teardown_taskflow to 2026-07-14T14:36:44.701011+00:00, run_after=2026-07-15T14:36:44.701011+00:00
[2026-07-15T16:36:44.789+0200] {processor.py:179} INFO - Processing /home/ai/.local/lib/python3.9/site-packages/airflow/example_dags/example_setup_teardown_taskflow.py took 0.154 seconds
[2026-07-15T16:38:41.043+0200] {processor.py:157} INFO - Started process (PID=3430205) to work on /home/ai/.local/lib/python3.9/site-packages/airflow/example_dags/example_setup_teardown_taskflow.py
[2026-07-15T16:38:41.045+0200] {processor.py:829} INFO - Processing file /home/ai/.local/lib/python3.9/site-packages/airflow/example_dags/example_setup_teardown_taskflow.py for tasks to queue
[2026-07-15T16:38:41.046+0200] {logging_mixin.py:151} INFO - [2026-07-15T16:38:41.045+0200] {dagbag.py:536} INFO - Filling up the DagBag from /home/ai/.local/lib/python3.9/site-packages/airflow/example_dags/example_setup_teardown_taskflow.py
[2026-07-15T16:38:41.057+0200] {processor.py:839} INFO - DAG(s) dict_keys(['example_setup_teardown_taskflow']) retrieved from /home/ai/.local/lib/python3.9/site-packages/airflow/example_dags/example_setup_teardown_taskflow.py
[2026-07-15T16:38:41.073+0200] {logging_mixin.py:151} INFO - [2026-07-15T16:38:41.073+0200] {dag.py:2941} INFO - Sync 1 DAGs
[2026-07-15T16:38:41.092+0200] {logging_mixin.py:151} INFO - [2026-07-15T16:38:41.092+0200] {dag.py:3722} INFO - Setting next_dagrun for example_setup_teardown_taskflow to 2026-07-14T14:38:41.092221+00:00, run_after=2026-07-15T14:38:41.092221+00:00
[2026-07-15T16:38:42.304+0200] {processor.py:179} INFO - Processing /home/ai/.local/lib/python3.9/site-packages/airflow/example_dags/example_setup_teardown_taskflow.py took 1.265 seconds
[2026-07-15T16:40:21.461+0200] {processor.py:157} INFO - Started process (PID=3432048) to work on /home/ai/.local/lib/python3.9/site-packages/airflow/example_dags/example_setup_teardown_taskflow.py
[2026-07-15T16:40:21.462+0200] {processor.py:829} INFO - Processing file /home/ai/.local/lib/python3.9/site-packages/airflow/example_dags/example_setup_teardown_taskflow.py for tasks to queue
[2026-07-15T16:40:21.462+0200] {logging_mixin.py:151} INFO - [2026-07-15T16:40:21.462+0200] {dagbag.py:536} INFO - Filling up the DagBag from /home/ai/.local/lib/python3.9/site-packages/airflow/example_dags/example_setup_teardown_taskflow.py
[2026-07-15T16:40:21.472+0200] {processor.py:839} INFO - DAG(s) dict_keys(['example_setup_teardown_taskflow']) retrieved from /home/ai/.local/lib/python3.9/site-packages/airflow/example_dags/example_setup_teardown_taskflow.py
[2026-07-15T16:40:21.488+0200] {logging_mixin.py:151} INFO - [2026-07-15T16:40:21.488+0200] {dag.py:2941} INFO - Sync 1 DAGs
[2026-07-15T16:40:21.504+0200] {logging_mixin.py:151} INFO - [2026-07-15T16:40:21.504+0200] {dag.py:3722} INFO - Setting next_dagrun for example_setup_teardown_taskflow to 2026-07-14T14:40:21.504052+00:00, run_after=2026-07-15T14:40:21.504052+00:00
[2026-07-15T16:40:21.522+0200] {processor.py:179} INFO - Processing /home/ai/.local/lib/python3.9/site-packages/airflow/example_dags/example_setup_teardown_taskflow.py took 0.068 seconds
[2026-07-15T16:41:25.891+0200] {processor.py:157} INFO - Started process (PID=3433237) to work on /home/ai/.local/lib/python3.9/site-packages/airflow/example_dags/example_setup_teardown_taskflow.py
[2026-07-15T16:41:25.894+0200] {processor.py:829} INFO - Processing file /home/ai/.local/lib/python3.9/site-packages/airflow/example_dags/example_setup_teardown_taskflow.py for tasks to queue
[2026-07-15T16:41:25.895+0200] {logging_mixin.py:151} INFO - [2026-07-15T16:41:25.894+0200] {dagbag.py:536} INFO - Filling up the DagBag from /home/ai/.local/lib/python3.9/site-packages/airflow/example_dags/example_setup_teardown_taskflow.py
[2026-07-15T16:41:25.907+0200] {processor.py:839} INFO - DAG(s) dict_keys(['example_setup_teardown_taskflow']) retrieved from /home/ai/.local/lib/python3.9/site-packages/airflow/example_dags/example_setup_teardown_taskflow.py
[2026-07-15T16:41:25.922+0200] {logging_mixin.py:151} INFO - [2026-07-15T16:41:25.922+0200] {dag.py:2941} INFO - Sync 1 DAGs
[2026-07-15T16:41:25.938+0200] {logging_mixin.py:151} INFO - [2026-07-15T16:41:25.938+0200] {dag.py:3722} INFO - Setting next_dagrun for example_setup_teardown_taskflow to 2026-07-14T14:41:25.938216+00:00, run_after=2026-07-15T14:41:25.938216+00:00
[2026-07-15T16:41:25.957+0200] {processor.py:179} INFO - Processing /home/ai/.local/lib/python3.9/site-packages/airflow/example_dags/example_setup_teardown_taskflow.py took 0.073 seconds
[2026-07-15T16:43:05.579+0200] {processor.py:157} INFO - Started process (PID=3434986) to work on /home/ai/.local/lib/python3.9/site-packages/airflow/example_dags/example_setup_teardown_taskflow.py
[2026-07-15T16:43:05.580+0200] {processor.py:829} INFO - Processing file /home/ai/.local/lib/python3.9/site-packages/airflow/example_dags/example_setup_teardown_taskflow.py for tasks to queue
[2026-07-15T16:43:05.581+0200] {logging_mixin.py:151} INFO - [2026-07-15T16:43:05.581+0200] {dagbag.py:536} INFO - Filling up the DagBag from /home/ai/.local/lib/python3.9/site-packages/airflow/example_dags/example_setup_teardown_taskflow.py
[2026-07-15T16:43:05.591+0200] {processor.py:839} INFO - DAG(s) dict_keys(['example_setup_teardown_taskflow']) retrieved from /home/ai/.local/lib/python3.9/site-packages/airflow/example_dags/example_setup_teardown_taskflow.py
[2026-07-15T16:43:05.608+0200] {logging_mixin.py:151} INFO - [2026-07-15T16:43:05.607+0200] {dag.py:2941} INFO - Sync 1 DAGs
[2026-07-15T16:43:05.627+0200] {logging_mixin.py:151} INFO - [2026-07-15T16:43:05.627+0200] {dag.py:3722} INFO - Setting next_dagrun for example_setup_teardown_taskflow to 2026-07-14T14:43:05.627194+00:00, run_after=2026-07-15T14:43:05.627194+00:00
[2026-07-15T16:43:07.297+0200] {processor.py:179} INFO - Processing /home/ai/.local/lib/python3.9/site-packages/airflow/example_dags/example_setup_teardown_taskflow.py took 1.723 seconds
[2026-07-15T16:44:34.769+0200] {processor.py:157} INFO - Started process (PID=3436595) to work on /home/ai/.local/lib/python3.9/site-packages/airflow/example_dags/example_setup_teardown_taskflow.py
[2026-07-15T16:44:34.771+0200] {processor.py:829} INFO - Processing file /home/ai/.local/lib/python3.9/site-packages/airflow/example_dags/example_setup_teardown_taskflow.py for tasks to queue
[2026-07-15T16:44:34.772+0200] {logging_mixin.py:151} INFO - [2026-07-15T16:44:34.772+0200] {dagbag.py:536} INFO - Filling up the DagBag from /home/ai/.local/lib/python3.9/site-packages/airflow/example_dags/example_setup_teardown_taskflow.py
[2026-07-15T16:44:34.782+0200] {processor.py:839} INFO - DAG(s) dict_keys(['example_setup_teardown_taskflow']) retrieved from /home/ai/.local/lib/python3.9/site-packages/airflow/example_dags/example_setup_teardown_taskflow.py
[2026-07-15T16:44:34.799+0200] {logging_mixin.py:151} INFO - [2026-07-15T16:44:34.799+0200] {dag.py:2941} INFO - Sync 1 DAGs
[2026-07-15T16:44:34.816+0200] {logging_mixin.py:151} INFO - [2026-07-15T16:44:34.816+0200] {dag.py:3722} INFO - Setting next_dagrun for example_setup_teardown_taskflow to 2026-07-14T14:44:34.816196+00:00, run_after=2026-07-15T14:44:34.816196+00:00
[2026-07-15T16:44:35.543+0200] {processor.py:179} INFO - Processing /home/ai/.local/lib/python3.9/site-packages/airflow/example_dags/example_setup_teardown_taskflow.py took 0.777 seconds
[2026-07-15T16:46:33.266+0200] {processor.py:157} INFO - Started process (PID=3438679) to work on /home/ai/.local/lib/python3.9/site-packages/airflow/example_dags/example_setup_teardown_taskflow.py
[2026-07-15T16:46:33.269+0200] {processor.py:829} INFO - Processing file /home/ai/.local/lib/python3.9/site-packages/airflow/example_dags/example_setup_teardown_taskflow.py for tasks to queue
[2026-07-15T16:46:33.270+0200] {logging_mixin.py:151} INFO - [2026-07-15T16:46:33.269+0200] {dagbag.py:536} INFO - Filling up the DagBag from /home/ai/.local/lib/python3.9/site-packages/airflow/example_dags/example_setup_teardown_taskflow.py
[2026-07-15T16:46:33.281+0200] {processor.py:839} INFO - DAG(s) dict_keys(['example_setup_teardown_taskflow']) retrieved from /home/ai/.local/lib/python3.9/site-packages/airflow/example_dags/example_setup_teardown_taskflow.py
[2026-07-15T16:46:33.298+0200] {logging_mixin.py:151} INFO - [2026-07-15T16:46:33.298+0200] {dag.py:2941} INFO - Sync 1 DAGs
[2026-07-15T16:46:33.316+0200] {logging_mixin.py:151} INFO - [2026-07-15T16:46:33.316+0200] {dag.py:3722} INFO - Setting next_dagrun for example_setup_teardown_taskflow to 2026-07-14T14:46:33.316188+00:00, run_after=2026-07-15T14:46:33.316188+00:00
[2026-07-15T16:46:35.800+0200] {processor.py:179} INFO - Processing /home/ai/.local/lib/python3.9/site-packages/airflow/example_dags/example_setup_teardown_taskflow.py took 2.539 seconds
[2026-07-15T16:48:27.682+0200] {processor.py:157} INFO - Started process (PID=3440574) to work on /home/ai/.local/lib/python3.9/site-packages/airflow/example_dags/example_setup_teardown_taskflow.py
[2026-07-15T16:48:27.831+0200] {processor.py:829} INFO - Processing file /home/ai/.local/lib/python3.9/site-packages/airflow/example_dags/example_setup_teardown_taskflow.py for tasks to queue
[2026-07-15T16:48:27.833+0200] {logging_mixin.py:151} INFO - [2026-07-15T16:48:27.832+0200] {dagbag.py:536} INFO - Filling up the DagBag from /home/ai/.local/lib/python3.9/site-packages/airflow/example_dags/example_setup_teardown_taskflow.py
[2026-07-15T16:48:27.851+0200] {processor.py:839} INFO - DAG(s) dict_keys(['example_setup_teardown_taskflow']) retrieved from /home/ai/.local/lib/python3.9/site-packages/airflow/example_dags/example_setup_teardown_taskflow.py
[2026-07-15T16:48:27.868+0200] {logging_mixin.py:151} INFO - [2026-07-15T16:48:27.867+0200] {dag.py:2941} INFO - Sync 1 DAGs
[2026-07-15T16:48:27.886+0200] {logging_mixin.py:151} INFO - [2026-07-15T16:48:27.885+0200] {dag.py:3722} INFO - Setting next_dagrun for example_setup_teardown_taskflow to 2026-07-14T14:48:27.885742+00:00, run_after=2026-07-15T14:48:27.885742+00:00
[2026-07-15T16:48:28.058+0200] {processor.py:179} INFO - Processing /home/ai/.local/lib/python3.9/site-packages/airflow/example_dags/example_setup_teardown_taskflow.py took 0.383 seconds
[2026-07-15T16:50:21.128+0200] {processor.py:157} INFO - Started process (PID=3442532) to work on /home/ai/.local/lib/python3.9/site-packages/airflow/example_dags/example_setup_teardown_taskflow.py
[2026-07-15T16:50:21.129+0200] {processor.py:829} INFO - Processing file /home/ai/.local/lib/python3.9/site-packages/airflow/example_dags/example_setup_teardown_taskflow.py for tasks to queue
[2026-07-15T16:50:21.130+0200] {logging_mixin.py:151} INFO - [2026-07-15T16:50:21.130+0200] {dagbag.py:536} INFO - Filling up the DagBag from /home/ai/.local/lib/python3.9/site-packages/airflow/example_dags/example_setup_teardown_taskflow.py
[2026-07-15T16:50:21.142+0200] {processor.py:839} INFO - DAG(s) dict_keys(['example_setup_teardown_taskflow']) retrieved from /home/ai/.local/lib/python3.9/site-packages/airflow/example_dags/example_setup_teardown_taskflow.py
[2026-07-15T16:50:21.167+0200] {logging_mixin.py:151} INFO - [2026-07-15T16:50:21.166+0200] {dag.py:2941} INFO - Sync 1 DAGs
[2026-07-15T16:50:21.184+0200] {logging_mixin.py:151} INFO - [2026-07-15T16:50:21.184+0200] {dag.py:3722} INFO - Setting next_dagrun for example_setup_teardown_taskflow to 2026-07-14T14:50:21.183972+00:00, run_after=2026-07-15T14:50:21.183972+00:00
[2026-07-15T16:50:21.205+0200] {processor.py:179} INFO - Processing /home/ai/.local/lib/python3.9/site-packages/airflow/example_dags/example_setup_teardown_taskflow.py took 0.084 seconds
[2026-07-15T16:52:20.676+0200] {processor.py:157} INFO - Started process (PID=3444548) to work on /home/ai/.local/lib/python3.9/site-packages/airflow/example_dags/example_setup_teardown_taskflow.py
[2026-07-15T16:52:20.678+0200] {processor.py:829} INFO - Processing file /home/ai/.local/lib/python3.9/site-packages/airflow/example_dags/example_setup_teardown_taskflow.py for tasks to queue
[2026-07-15T16:52:20.679+0200] {logging_mixin.py:151} INFO - [2026-07-15T16:52:20.678+0200] {dagbag.py:536} INFO - Filling up the DagBag from /home/ai/.local/lib/python3.9/site-packages/airflow/example_dags/example_setup_teardown_taskflow.py
[2026-07-15T16:52:20.689+0200] {processor.py:839} INFO - DAG(s) dict_keys(['example_setup_teardown_taskflow']) retrieved from /home/ai/.local/lib/python3.9/site-packages/airflow/example_dags/example_setup_teardown_taskflow.py
[2026-07-15T16:52:20.704+0200] {logging_mixin.py:151} INFO - [2026-07-15T16:52:20.704+0200] {dag.py:2941} INFO - Sync 1 DAGs
[2026-07-15T16:52:20.721+0200] {logging_mixin.py:151} INFO - [2026-07-15T16:52:20.721+0200] {dag.py:3722} INFO - Setting next_dagrun for example_setup_teardown_taskflow to 2026-07-14T14:52:20.721248+00:00, run_after=2026-07-15T14:52:20.721248+00:00
[2026-07-15T16:52:20.740+0200] {processor.py:179} INFO - Processing /home/ai/.local/lib/python3.9/site-packages/airflow/example_dags/example_setup_teardown_taskflow.py took 0.069 seconds
[2026-07-15T16:54:36.434+0200] {processor.py:157} INFO - Started process (PID=3446822) to work on /home/ai/.local/lib/python3.9/site-packages/airflow/example_dags/example_setup_teardown_taskflow.py
[2026-07-15T16:54:36.520+0200] {processor.py:829} INFO - Processing file /home/ai/.local/lib/python3.9/site-packages/airflow/example_dags/example_setup_teardown_taskflow.py for tasks to queue
[2026-07-15T16:54:36.522+0200] {logging_mixin.py:151} INFO - [2026-07-15T16:54:36.521+0200] {dagbag.py:536} INFO - Filling up the DagBag from /home/ai/.local/lib/python3.9/site-packages/airflow/example_dags/example_setup_teardown_taskflow.py
[2026-07-15T16:54:36.538+0200] {processor.py:839} INFO - DAG(s) dict_keys(['example_setup_teardown_taskflow']) retrieved from /home/ai/.local/lib/python3.9/site-packages/airflow/example_dags/example_setup_teardown_taskflow.py
[2026-07-15T16:54:36.559+0200] {logging_mixin.py:151} INFO - [2026-07-15T16:54:36.559+0200] {dag.py:2941} INFO - Sync 1 DAGs
[2026-07-15T16:54:36.578+0200] {logging_mixin.py:151} INFO - [2026-07-15T16:54:36.577+0200] {dag.py:3722} INFO - Setting next_dagrun for example_setup_teardown_taskflow to 2026-07-14T14:54:36.577703+00:00, run_after=2026-07-15T14:54:36.577703+00:00
[2026-07-15T16:54:38.240+0200] {processor.py:179} INFO - Processing /home/ai/.local/lib/python3.9/site-packages/airflow/example_dags/example_setup_teardown_taskflow.py took 1.812 seconds
[2026-07-15T16:56:40.146+0200] {processor.py:157} INFO - Started process (PID=3448882) to work on /home/ai/.local/lib/python3.9/site-packages/airflow/example_dags/example_setup_teardown_taskflow.py
[2026-07-15T16:56:40.148+0200] {processor.py:829} INFO - Processing file /home/ai/.local/lib/python3.9/site-packages/airflow/example_dags/example_setup_teardown_taskflow.py for tasks to queue
[2026-07-15T16:56:40.149+0200] {logging_mixin.py:151} INFO - [2026-07-15T16:56:40.149+0200] {dagbag.py:536} INFO - Filling up the DagBag from /home/ai/.local/lib/python3.9/site-packages/airflow/example_dags/example_setup_teardown_taskflow.py
[2026-07-15T16:56:40.159+0200] {processor.py:839} INFO - DAG(s) dict_keys(['example_setup_teardown_taskflow']) retrieved from /home/ai/.local/lib/python3.9/site-packages/airflow/example_dags/example_setup_teardown_taskflow.py
[2026-07-15T16:56:40.175+0200] {logging_mixin.py:151} INFO - [2026-07-15T16:56:40.175+0200] {dag.py:2941} INFO - Sync 1 DAGs
[2026-07-15T16:56:40.192+0200] {logging_mixin.py:151} INFO - [2026-07-15T16:56:40.192+0200] {dag.py:3722} INFO - Setting next_dagrun for example_setup_teardown_taskflow to 2026-07-14T14:56:40.192428+00:00, run_after=2026-07-15T14:56:40.192428+00:00
[2026-07-15T16:56:40.211+0200] {processor.py:179} INFO - Processing /home/ai/.local/lib/python3.9/site-packages/airflow/example_dags/example_setup_teardown_taskflow.py took 0.070 seconds
[2026-07-15T16:57:54.464+0200] {processor.py:157} INFO - Started process (PID=3450192) to work on /home/ai/.local/lib/python3.9/site-packages/airflow/example_dags/example_setup_teardown_taskflow.py
[2026-07-15T16:57:54.466+0200] {processor.py:829} INFO - Processing file /home/ai/.local/lib/python3.9/site-packages/airflow/example_dags/example_setup_teardown_taskflow.py for tasks to queue
[2026-07-15T16:57:54.467+0200] {logging_mixin.py:151} INFO - [2026-07-15T16:57:54.466+0200] {dagbag.py:536} INFO - Filling up the DagBag from /home/ai/.local/lib/python3.9/site-packages/airflow/example_dags/example_setup_teardown_taskflow.py
[2026-07-15T16:57:54.479+0200] {processor.py:839} INFO - DAG(s) dict_keys(['example_setup_teardown_taskflow']) retrieved from /home/ai/.local/lib/python3.9/site-packages/airflow/example_dags/example_setup_teardown_taskflow.py
[2026-07-15T16:57:54.499+0200] {logging_mixin.py:151} INFO - [2026-07-15T16:57:54.499+0200] {dag.py:2941} INFO - Sync 1 DAGs
[2026-07-15T16:57:54.519+0200] {logging_mixin.py:151} INFO - [2026-07-15T16:57:54.518+0200] {dag.py:3722} INFO - Setting next_dagrun for example_setup_teardown_taskflow to 2026-07-14T14:57:54.518697+00:00, run_after=2026-07-15T14:57:54.518697+00:00
[2026-07-15T16:57:55.882+0200] {processor.py:179} INFO - Processing /home/ai/.local/lib/python3.9/site-packages/airflow/example_dags/example_setup_teardown_taskflow.py took 1.422 seconds
[2026-07-15T16:59:34.504+0200] {processor.py:157} INFO - Started process (PID=3452057) to work on /home/ai/.local/lib/python3.9/site-packages/airflow/example_dags/example_setup_teardown_taskflow.py
[2026-07-15T16:59:35.874+0200] {processor.py:829} INFO - Processing file /home/ai/.local/lib/python3.9/site-packages/airflow/example_dags/example_setup_teardown_taskflow.py for tasks to queue
[2026-07-15T16:59:35.876+0200] {logging_mixin.py:151} INFO - [2026-07-15T16:59:35.875+0200] {dagbag.py:536} INFO - Filling up the DagBag from /home/ai/.local/lib/python3.9/site-packages/airflow/example_dags/example_setup_teardown_taskflow.py
[2026-07-15T16:59:35.891+0200] {processor.py:839} INFO - DAG(s) dict_keys(['example_setup_teardown_taskflow']) retrieved from /home/ai/.local/lib/python3.9/site-packages/airflow/example_dags/example_setup_teardown_taskflow.py
[2026-07-15T16:59:35.908+0200] {logging_mixin.py:151} INFO - [2026-07-15T16:59:35.907+0200] {dag.py:2941} INFO - Sync 1 DAGs
[2026-07-15T16:59:35.925+0200] {logging_mixin.py:151} INFO - [2026-07-15T16:59:35.925+0200] {dag.py:3722} INFO - Setting next_dagrun for example_setup_teardown_taskflow to 2026-07-14T14:59:35.925196+00:00, run_after=2026-07-15T14:59:35.925196+00:00
[2026-07-15T16:59:36.548+0200] {processor.py:179} INFO - Processing /home/ai/.local/lib/python3.9/site-packages/airflow/example_dags/example_setup_teardown_taskflow.py took 2.047 seconds
[2026-07-15T17:01:11.728+0200] {processor.py:157} INFO - Started process (PID=3453760) to work on /home/ai/.local/lib/python3.9/site-packages/airflow/example_dags/example_setup_teardown_taskflow.py
[2026-07-15T17:01:11.730+0200] {processor.py:829} INFO - Processing file /home/ai/.local/lib/python3.9/site-packages/airflow/example_dags/example_setup_teardown_taskflow.py for tasks to queue
[2026-07-15T17:01:11.731+0200] {logging_mixin.py:151} INFO - [2026-07-15T17:01:11.731+0200] {dagbag.py:536} INFO - Filling up the DagBag from /home/ai/.local/lib/python3.9/site-packages/airflow/example_dags/example_setup_teardown_taskflow.py
[2026-07-15T17:01:11.741+0200] {processor.py:839} INFO - DAG(s) dict_keys(['example_setup_teardown_taskflow']) retrieved from /home/ai/.local/lib/python3.9/site-packages/airflow/example_dags/example_setup_teardown_taskflow.py
[2026-07-15T17:01:11.757+0200] {logging_mixin.py:151} INFO - [2026-07-15T17:01:11.757+0200] {dag.py:2941} INFO - Sync 1 DAGs
[2026-07-15T17:01:11.776+0200] {logging_mixin.py:151} INFO - [2026-07-15T17:01:11.775+0200] {dag.py:3722} INFO - Setting next_dagrun for example_setup_teardown_taskflow to 2026-07-14T15:01:11.775670+00:00, run_after=2026-07-15T15:01:11.775670+00:00
[2026-07-15T17:01:12.475+0200] {processor.py:179} INFO - Processing /home/ai/.local/lib/python3.9/site-packages/airflow/example_dags/example_setup_teardown_taskflow.py took 0.753 seconds
[2026-07-15T17:03:15.273+0200] {processor.py:157} INFO - Started process (PID=3455898) to work on /home/ai/.local/lib/python3.9/site-packages/airflow/example_dags/example_setup_teardown_taskflow.py
[2026-07-15T17:03:15.275+0200] {processor.py:829} INFO - Processing file /home/ai/.local/lib/python3.9/site-packages/airflow/example_dags/example_setup_teardown_taskflow.py for tasks to queue
[2026-07-15T17:03:15.276+0200] {logging_mixin.py:151} INFO - [2026-07-15T17:03:15.276+0200] {dagbag.py:536} INFO - Filling up the DagBag from /home/ai/.local/lib/python3.9/site-packages/airflow/example_dags/example_setup_teardown_taskflow.py
[2026-07-15T17:03:15.287+0200] {processor.py:839} INFO - DAG(s) dict_keys(['example_setup_teardown_taskflow']) retrieved from /home/ai/.local/lib/python3.9/site-packages/airflow/example_dags/example_setup_teardown_taskflow.py
[2026-07-15T17:03:15.304+0200] {logging_mixin.py:151} INFO - [2026-07-15T17:03:15.303+0200] {dag.py:2941} INFO - Sync 1 DAGs
[2026-07-15T17:03:15.329+0200] {logging_mixin.py:151} INFO - [2026-07-15T17:03:15.329+0200] {dag.py:3722} INFO - Setting next_dagrun for example_setup_teardown_taskflow to 2026-07-14T15:03:15.328374+00:00, run_after=2026-07-15T15:03:15.328374+00:00
[2026-07-15T17:03:15.545+0200] {processor.py:179} INFO - Processing /home/ai/.local/lib/python3.9/site-packages/airflow/example_dags/example_setup_teardown_taskflow.py took 0.276 seconds
[2026-07-15T17:04:28.906+0200] {processor.py:157} INFO - Started process (PID=3457201) to work on /home/ai/.local/lib/python3.9/site-packages/airflow/example_dags/example_setup_teardown_taskflow.py
[2026-07-15T17:04:28.908+0200] {processor.py:829} INFO - Processing file /home/ai/.local/lib/python3.9/site-packages/airflow/example_dags/example_setup_teardown_taskflow.py for tasks to queue
[2026-07-15T17:04:28.908+0200] {logging_mixin.py:151} INFO - [2026-07-15T17:04:28.908+0200] {dagbag.py:536} INFO - Filling up the DagBag from /home/ai/.local/lib/python3.9/site-packages/airflow/example_dags/example_setup_teardown_taskflow.py
[2026-07-15T17:04:28.919+0200] {processor.py:839} INFO - DAG(s) dict_keys(['example_setup_teardown_taskflow']) retrieved from /home/ai/.local/lib/python3.9/site-packages/airflow/example_dags/example_setup_teardown_taskflow.py
[2026-07-15T17:04:28.935+0200] {logging_mixin.py:151} INFO - [2026-07-15T17:04:28.935+0200] {dag.py:2941} INFO - Sync 1 DAGs
[2026-07-15T17:04:28.952+0200] {logging_mixin.py:151} INFO - [2026-07-15T17:04:28.952+0200] {dag.py:3722} INFO - Setting next_dagrun for example_setup_teardown_taskflow to 2026-07-14T15:04:28.952495+00:00, run_after=2026-07-15T15:04:28.952495+00:00
[2026-07-15T17:04:29.869+0200] {processor.py:179} INFO - Processing /home/ai/.local/lib/python3.9/site-packages/airflow/example_dags/example_setup_teardown_taskflow.py took 0.966 seconds
[2026-07-15T17:06:41.148+0200] {processor.py:157} INFO - Started process (PID=3459332) to work on /home/ai/.local/lib/python3.9/site-packages/airflow/example_dags/example_setup_teardown_taskflow.py
[2026-07-15T17:06:41.150+0200] {processor.py:829} INFO - Processing file /home/ai/.local/lib/python3.9/site-packages/airflow/example_dags/example_setup_teardown_taskflow.py for tasks to queue
[2026-07-15T17:06:41.150+0200] {logging_mixin.py:151} INFO - [2026-07-15T17:06:41.150+0200] {dagbag.py:536} INFO - Filling up the DagBag from /home/ai/.local/lib/python3.9/site-packages/airflow/example_dags/example_setup_teardown_taskflow.py
[2026-07-15T17:06:41.167+0200] {processor.py:839} INFO - DAG(s) dict_keys(['example_setup_teardown_taskflow']) retrieved from /home/ai/.local/lib/python3.9/site-packages/airflow/example_dags/example_setup_teardown_taskflow.py
[2026-07-15T17:06:41.183+0200] {logging_mixin.py:151} INFO - [2026-07-15T17:06:41.183+0200] {dag.py:2941} INFO - Sync 1 DAGs
[2026-07-15T17:06:41.200+0200] {logging_mixin.py:151} INFO - [2026-07-15T17:06:41.200+0200] {dag.py:3722} INFO - Setting next_dagrun for example_setup_teardown_taskflow to 2026-07-14T15:06:41.199940+00:00, run_after=2026-07-15T15:06:41.199940+00:00
[2026-07-15T17:06:42.251+0200] {processor.py:179} INFO - Processing /home/ai/.local/lib/python3.9/site-packages/airflow/example_dags/example_setup_teardown_taskflow.py took 1.109 seconds
[2026-07-15T17:09:25.466+0200] {processor.py:157} INFO - Started process (PID=3462071) to work on /home/ai/.local/lib/python3.9/site-packages/airflow/example_dags/example_setup_teardown_taskflow.py
[2026-07-15T17:09:25.605+0200] {processor.py:829} INFO - Processing file /home/ai/.local/lib/python3.9/site-packages/airflow/example_dags/example_setup_teardown_taskflow.py for tasks to queue
[2026-07-15T17:09:25.608+0200] {logging_mixin.py:151} INFO - [2026-07-15T17:09:25.607+0200] {dagbag.py:536} INFO - Filling up the DagBag from /home/ai/.local/lib/python3.9/site-packages/airflow/example_dags/example_setup_teardown_taskflow.py
[2026-07-15T17:09:25.622+0200] {processor.py:839} INFO - DAG(s) dict_keys(['example_setup_teardown_taskflow']) retrieved from /home/ai/.local/lib/python3.9/site-packages/airflow/example_dags/example_setup_teardown_taskflow.py
[2026-07-15T17:09:26.078+0200] {logging_mixin.py:151} INFO - [2026-07-15T17:09:26.078+0200] {dag.py:2941} INFO - Sync 1 DAGs
[2026-07-15T17:09:26.096+0200] {logging_mixin.py:151} INFO - [2026-07-15T17:09:26.096+0200] {dag.py:3722} INFO - Setting next_dagrun for example_setup_teardown_taskflow to 2026-07-14T15:09:26.095791+00:00, run_after=2026-07-15T15:09:26.095791+00:00
[2026-07-15T17:09:28.924+0200] {processor.py:179} INFO - Processing /home/ai/.local/lib/python3.9/site-packages/airflow/example_dags/example_setup_teardown_taskflow.py took 3.463 seconds
[2026-07-15T17:11:13.666+0200] {processor.py:157} INFO - Started process (PID=3463922) to work on /home/ai/.local/lib/python3.9/site-packages/airflow/example_dags/example_setup_teardown_taskflow.py
[2026-07-15T17:11:13.841+0200] {processor.py:829} INFO - Processing file /home/ai/.local/lib/python3.9/site-packages/airflow/example_dags/example_setup_teardown_taskflow.py for tasks to queue
[2026-07-15T17:11:13.844+0200] {logging_mixin.py:151} INFO - [2026-07-15T17:11:13.843+0200] {dagbag.py:536} INFO - Filling up the DagBag from /home/ai/.local/lib/python3.9/site-packages/airflow/example_dags/example_setup_teardown_taskflow.py
[2026-07-15T17:11:13.860+0200] {processor.py:839} INFO - DAG(s) dict_keys(['example_setup_teardown_taskflow']) retrieved from /home/ai/.local/lib/python3.9/site-packages/airflow/example_dags/example_setup_teardown_taskflow.py
[2026-07-15T17:11:14.915+0200] {logging_mixin.py:151} INFO - [2026-07-15T17:11:14.915+0200] {dag.py:2941} INFO - Sync 1 DAGs
[2026-07-15T17:11:14.933+0200] {logging_mixin.py:151} INFO - [2026-07-15T17:11:14.933+0200] {dag.py:3722} INFO - Setting next_dagrun for example_setup_teardown_taskflow to 2026-07-14T15:11:14.933283+00:00, run_after=2026-07-15T15:11:14.933283+00:00
[2026-07-15T17:11:16.142+0200] {processor.py:179} INFO - Processing /home/ai/.local/lib/python3.9/site-packages/airflow/example_dags/example_setup_teardown_taskflow.py took 2.481 seconds
[2026-07-15T17:12:21.231+0200] {processor.py:157} INFO - Started process (PID=3465064) to work on /home/ai/.local/lib/python3.9/site-packages/airflow/example_dags/example_setup_teardown_taskflow.py
[2026-07-15T17:12:21.233+0200] {processor.py:829} INFO - Processing file /home/ai/.local/lib/python3.9/site-packages/airflow/example_dags/example_setup_teardown_taskflow.py for tasks to queue
[2026-07-15T17:12:21.234+0200] {logging_mixin.py:151} INFO - [2026-07-15T17:12:21.233+0200] {dagbag.py:536} INFO - Filling up the DagBag from /home/ai/.local/lib/python3.9/site-packages/airflow/example_dags/example_setup_teardown_taskflow.py
[2026-07-15T17:12:21.244+0200] {processor.py:839} INFO - DAG(s) dict_keys(['example_setup_teardown_taskflow']) retrieved from /home/ai/.local/lib/python3.9/site-packages/airflow/example_dags/example_setup_teardown_taskflow.py
[2026-07-15T17:12:21.262+0200] {logging_mixin.py:151} INFO - [2026-07-15T17:12:21.261+0200] {dag.py:2941} INFO - Sync 1 DAGs
[2026-07-15T17:12:21.280+0200] {logging_mixin.py:151} INFO - [2026-07-15T17:12:21.280+0200] {dag.py:3722} INFO - Setting next_dagrun for example_setup_teardown_taskflow to 2026-07-14T15:12:21.279752+00:00, run_after=2026-07-15T15:12:21.279752+00:00
[2026-07-15T17:12:24.243+0200] {processor.py:179} INFO - Processing /home/ai/.local/lib/python3.9/site-packages/airflow/example_dags/example_setup_teardown_taskflow.py took 3.017 seconds
[2026-07-15T17:13:58.127+0200] {processor.py:157} INFO - Started process (PID=3466919) to work on /home/ai/.local/lib/python3.9/site-packages/airflow/example_dags/example_setup_teardown_taskflow.py
[2026-07-15T17:13:58.128+0200] {processor.py:829} INFO - Processing file /home/ai/.local/lib/python3.9/site-packages/airflow/example_dags/example_setup_teardown_taskflow.py for tasks to queue
[2026-07-15T17:13:58.129+0200] {logging_mixin.py:151} INFO - [2026-07-15T17:13:58.129+0200] {dagbag.py:536} INFO - Filling up the DagBag from /home/ai/.local/lib/python3.9/site-packages/airflow/example_dags/example_setup_teardown_taskflow.py
[2026-07-15T17:13:58.140+0200] {processor.py:839} INFO - DAG(s) dict_keys(['example_setup_teardown_taskflow']) retrieved from /home/ai/.local/lib/python3.9/site-packages/airflow/example_dags/example_setup_teardown_taskflow.py
[2026-07-15T17:13:58.159+0200] {logging_mixin.py:151} INFO - [2026-07-15T17:13:58.159+0200] {dag.py:2941} INFO - Sync 1 DAGs
[2026-07-15T17:13:58.177+0200] {logging_mixin.py:151} INFO - [2026-07-15T17:13:58.177+0200] {dag.py:3722} INFO - Setting next_dagrun for example_setup_teardown_taskflow to 2026-07-14T15:13:58.177524+00:00, run_after=2026-07-15T15:13:58.177524+00:00
[2026-07-15T17:13:58.407+0200] {processor.py:179} INFO - Processing /home/ai/.local/lib/python3.9/site-packages/airflow/example_dags/example_setup_teardown_taskflow.py took 0.285 seconds
[2026-07-15T17:15:27.491+0200] {processor.py:157} INFO - Started process (PID=3468587) to work on /home/ai/.local/lib/python3.9/site-packages/airflow/example_dags/example_setup_teardown_taskflow.py
[2026-07-15T17:15:27.492+0200] {processor.py:829} INFO - Processing file /home/ai/.local/lib/python3.9/site-packages/airflow/example_dags/example_setup_teardown_taskflow.py for tasks to queue
[2026-07-15T17:15:27.494+0200] {logging_mixin.py:151} INFO - [2026-07-15T17:15:27.494+0200] {dagbag.py:536} INFO - Filling up the DagBag from /home/ai/.local/lib/python3.9/site-packages/airflow/example_dags/example_setup_teardown_taskflow.py
[2026-07-15T17:15:27.507+0200] {processor.py:839} INFO - DAG(s) dict_keys(['example_setup_teardown_taskflow']) retrieved from /home/ai/.local/lib/python3.9/site-packages/airflow/example_dags/example_setup_teardown_taskflow.py
[2026-07-15T17:15:27.525+0200] {logging_mixin.py:151} INFO - [2026-07-15T17:15:27.524+0200] {dag.py:2941} INFO - Sync 1 DAGs
[2026-07-15T17:15:27.543+0200] {logging_mixin.py:151} INFO - [2026-07-15T17:15:27.543+0200] {dag.py:3722} INFO - Setting next_dagrun for example_setup_teardown_taskflow to 2026-07-14T15:15:27.543362+00:00, run_after=2026-07-15T15:15:27.543362+00:00
[2026-07-15T17:15:29.451+0200] {processor.py:179} INFO - Processing /home/ai/.local/lib/python3.9/site-packages/airflow/example_dags/example_setup_teardown_taskflow.py took 1.967 seconds
[2026-07-15T17:17:09.809+0200] {processor.py:157} INFO - Started process (PID=3470839) to work on /home/ai/.local/lib/python3.9/site-packages/airflow/example_dags/example_setup_teardown_taskflow.py
[2026-07-15T17:17:09.811+0200] {processor.py:829} INFO - Processing file /home/ai/.local/lib/python3.9/site-packages/airflow/example_dags/example_setup_teardown_taskflow.py for tasks to queue
[2026-07-15T17:17:09.812+0200] {logging_mixin.py:151} INFO - [2026-07-15T17:17:09.812+0200] {dagbag.py:536} INFO - Filling up the DagBag from /home/ai/.local/lib/python3.9/site-packages/airflow/example_dags/example_setup_teardown_taskflow.py
[2026-07-15T17:17:09.823+0200] {processor.py:839} INFO - DAG(s) dict_keys(['example_setup_teardown_taskflow']) retrieved from /home/ai/.local/lib/python3.9/site-packages/airflow/example_dags/example_setup_teardown_taskflow.py
[2026-07-15T17:17:09.840+0200] {logging_mixin.py:151} INFO - [2026-07-15T17:17:09.840+0200] {dag.py:2941} INFO - Sync 1 DAGs
[2026-07-15T17:17:09.858+0200] {logging_mixin.py:151} INFO - [2026-07-15T17:17:09.857+0200] {dag.py:3722} INFO - Setting next_dagrun for example_setup_teardown_taskflow to 2026-07-14T15:17:09.857672+00:00, run_after=2026-07-15T15:17:09.857672+00:00
[2026-07-15T17:17:10.194+0200] {processor.py:179} INFO - Processing /home/ai/.local/lib/python3.9/site-packages/airflow/example_dags/example_setup_teardown_taskflow.py took 0.389 seconds
[2026-07-15T17:19:20.194+0200] {processor.py:157} INFO - Started process (PID=3473486) to work on /home/ai/.local/lib/python3.9/site-packages/airflow/example_dags/example_setup_teardown_taskflow.py
[2026-07-15T17:19:20.196+0200] {processor.py:829} INFO - Processing file /home/ai/.local/lib/python3.9/site-packages/airflow/example_dags/example_setup_teardown_taskflow.py for tasks to queue
[2026-07-15T17:19:20.197+0200] {logging_mixin.py:151} INFO - [2026-07-15T17:19:20.196+0200] {dagbag.py:536} INFO - Filling up the DagBag from /home/ai/.local/lib/python3.9/site-packages/airflow/example_dags/example_setup_teardown_taskflow.py
[2026-07-15T17:19:20.207+0200] {processor.py:839} INFO - DAG(s) dict_keys(['example_setup_teardown_taskflow']) retrieved from /home/ai/.local/lib/python3.9/site-packages/airflow/example_dags/example_setup_teardown_taskflow.py
[2026-07-15T17:19:20.225+0200] {logging_mixin.py:151} INFO - [2026-07-15T17:19:20.224+0200] {dag.py:2941} INFO - Sync 1 DAGs
[2026-07-15T17:19:20.242+0200] {logging_mixin.py:151} INFO - [2026-07-15T17:19:20.242+0200] {dag.py:3722} INFO - Setting next_dagrun for example_setup_teardown_taskflow to 2026-07-14T15:19:20.242212+00:00, run_after=2026-07-15T15:19:20.242212+00:00
[2026-07-15T17:19:21.175+0200] {processor.py:179} INFO - Processing /home/ai/.local/lib/python3.9/site-packages/airflow/example_dags/example_setup_teardown_taskflow.py took 0.984 seconds
