[2026-07-15T16:15:53.700+0200] {processor.py:157} INFO - Started process (PID=3406395) to work on /home/ai/.local/lib/python3.9/site-packages/airflow/example_dags/example_dynamic_task_mapping_with_no_taskflow_operators.py
[2026-07-15T16:15:53.701+0200] {processor.py:829} INFO - Processing file /home/ai/.local/lib/python3.9/site-packages/airflow/example_dags/example_dynamic_task_mapping_with_no_taskflow_operators.py for tasks to queue
[2026-07-15T16:15:53.702+0200] {logging_mixin.py:151} INFO - [2026-07-15T16:15:53.702+0200] {dagbag.py:536} INFO - Filling up the DagBag from /home/ai/.local/lib/python3.9/site-packages/airflow/example_dags/example_dynamic_task_mapping_with_no_taskflow_operators.py
[2026-07-15T16:15:53.711+0200] {processor.py:839} INFO - DAG(s) dict_keys(['example_dynamic_task_mapping_with_no_taskflow_operators']) retrieved from /home/ai/.local/lib/python3.9/site-packages/airflow/example_dags/example_dynamic_task_mapping_with_no_taskflow_operators.py
[2026-07-15T16:15:53.729+0200] {logging_mixin.py:151} INFO - [2026-07-15T16:15:53.728+0200] {dag.py:2941} INFO - Sync 1 DAGs
[2026-07-15T16:15:53.747+0200] {logging_mixin.py:151} INFO - [2026-07-15T16:15:53.747+0200] {dag.py:3722} INFO - Setting next_dagrun for example_dynamic_task_mapping_with_no_taskflow_operators to 2026-07-14T14:15:53.746904+00:00, run_after=2026-07-15T14:15:53.746904+00:00
[2026-07-15T16:15:55.098+0200] {processor.py:179} INFO - Processing /home/ai/.local/lib/python3.9/site-packages/airflow/example_dags/example_dynamic_task_mapping_with_no_taskflow_operators.py took 1.402 seconds
[2026-07-15T16:17:31.833+0200] {processor.py:157} INFO - Started process (PID=3407995) to work on /home/ai/.local/lib/python3.9/site-packages/airflow/example_dags/example_dynamic_task_mapping_with_no_taskflow_operators.py
[2026-07-15T16:17:31.836+0200] {processor.py:829} INFO - Processing file /home/ai/.local/lib/python3.9/site-packages/airflow/example_dags/example_dynamic_task_mapping_with_no_taskflow_operators.py for tasks to queue
[2026-07-15T16:17:31.838+0200] {logging_mixin.py:151} INFO - [2026-07-15T16:17:31.837+0200] {dagbag.py:536} INFO - Filling up the DagBag from /home/ai/.local/lib/python3.9/site-packages/airflow/example_dags/example_dynamic_task_mapping_with_no_taskflow_operators.py
[2026-07-15T16:17:31.847+0200] {processor.py:839} INFO - DAG(s) dict_keys(['example_dynamic_task_mapping_with_no_taskflow_operators']) retrieved from /home/ai/.local/lib/python3.9/site-packages/airflow/example_dags/example_dynamic_task_mapping_with_no_taskflow_operators.py
[2026-07-15T16:17:31.862+0200] {logging_mixin.py:151} INFO - [2026-07-15T16:17:31.862+0200] {dag.py:2941} INFO - Sync 1 DAGs
[2026-07-15T16:17:31.880+0200] {logging_mixin.py:151} INFO - [2026-07-15T16:17:31.880+0200] {dag.py:3722} INFO - Setting next_dagrun for example_dynamic_task_mapping_with_no_taskflow_operators to 2026-07-14T14:17:31.880502+00:00, run_after=2026-07-15T14:17:31.880502+00:00
[2026-07-15T16:17:31.900+0200] {processor.py:179} INFO - Processing /home/ai/.local/lib/python3.9/site-packages/airflow/example_dags/example_dynamic_task_mapping_with_no_taskflow_operators.py took 0.075 seconds
[2026-07-15T16:18:57.052+0200] {processor.py:157} INFO - Started process (PID=3409568) to work on /home/ai/.local/lib/python3.9/site-packages/airflow/example_dags/example_dynamic_task_mapping_with_no_taskflow_operators.py
[2026-07-15T16:18:57.054+0200] {processor.py:829} INFO - Processing file /home/ai/.local/lib/python3.9/site-packages/airflow/example_dags/example_dynamic_task_mapping_with_no_taskflow_operators.py for tasks to queue
[2026-07-15T16:18:57.055+0200] {logging_mixin.py:151} INFO - [2026-07-15T16:18:57.054+0200] {dagbag.py:536} INFO - Filling up the DagBag from /home/ai/.local/lib/python3.9/site-packages/airflow/example_dags/example_dynamic_task_mapping_with_no_taskflow_operators.py
[2026-07-15T16:18:57.062+0200] {processor.py:839} INFO - DAG(s) dict_keys(['example_dynamic_task_mapping_with_no_taskflow_operators']) retrieved from /home/ai/.local/lib/python3.9/site-packages/airflow/example_dags/example_dynamic_task_mapping_with_no_taskflow_operators.py
[2026-07-15T16:18:57.076+0200] {logging_mixin.py:151} INFO - [2026-07-15T16:18:57.076+0200] {dag.py:2941} INFO - Sync 1 DAGs
[2026-07-15T16:18:57.103+0200] {logging_mixin.py:151} INFO - [2026-07-15T16:18:57.103+0200] {dag.py:3722} INFO - Setting next_dagrun for example_dynamic_task_mapping_with_no_taskflow_operators to 2026-07-14T14:18:57.102828+00:00, run_after=2026-07-15T14:18:57.102828+00:00
[2026-07-15T16:18:59.808+0200] {processor.py:179} INFO - Processing /home/ai/.local/lib/python3.9/site-packages/airflow/example_dags/example_dynamic_task_mapping_with_no_taskflow_operators.py took 2.759 seconds
[2026-07-15T16:20:46.976+0200] {processor.py:157} INFO - Started process (PID=3411332) to work on /home/ai/.local/lib/python3.9/site-packages/airflow/example_dags/example_dynamic_task_mapping_with_no_taskflow_operators.py
[2026-07-15T16:20:46.978+0200] {processor.py:829} INFO - Processing file /home/ai/.local/lib/python3.9/site-packages/airflow/example_dags/example_dynamic_task_mapping_with_no_taskflow_operators.py for tasks to queue
[2026-07-15T16:20:46.979+0200] {logging_mixin.py:151} INFO - [2026-07-15T16:20:46.978+0200] {dagbag.py:536} INFO - Filling up the DagBag from /home/ai/.local/lib/python3.9/site-packages/airflow/example_dags/example_dynamic_task_mapping_with_no_taskflow_operators.py
[2026-07-15T16:20:46.986+0200] {processor.py:839} INFO - DAG(s) dict_keys(['example_dynamic_task_mapping_with_no_taskflow_operators']) retrieved from /home/ai/.local/lib/python3.9/site-packages/airflow/example_dags/example_dynamic_task_mapping_with_no_taskflow_operators.py
[2026-07-15T16:20:47.001+0200] {logging_mixin.py:151} INFO - [2026-07-15T16:20:47.001+0200] {dag.py:2941} INFO - Sync 1 DAGs
[2026-07-15T16:20:47.021+0200] {logging_mixin.py:151} INFO - [2026-07-15T16:20:47.021+0200] {dag.py:3722} INFO - Setting next_dagrun for example_dynamic_task_mapping_with_no_taskflow_operators to 2026-07-14T14:20:47.020814+00:00, run_after=2026-07-15T14:20:47.020814+00:00
[2026-07-15T16:20:47.039+0200] {processor.py:179} INFO - Processing /home/ai/.local/lib/python3.9/site-packages/airflow/example_dags/example_dynamic_task_mapping_with_no_taskflow_operators.py took 0.068 seconds
[2026-07-15T16:22:12.480+0200] {processor.py:157} INFO - Started process (PID=3412830) to work on /home/ai/.local/lib/python3.9/site-packages/airflow/example_dags/example_dynamic_task_mapping_with_no_taskflow_operators.py
[2026-07-15T16:22:12.482+0200] {processor.py:829} INFO - Processing file /home/ai/.local/lib/python3.9/site-packages/airflow/example_dags/example_dynamic_task_mapping_with_no_taskflow_operators.py for tasks to queue
[2026-07-15T16:22:12.483+0200] {logging_mixin.py:151} INFO - [2026-07-15T16:22:12.482+0200] {dagbag.py:536} INFO - Filling up the DagBag from /home/ai/.local/lib/python3.9/site-packages/airflow/example_dags/example_dynamic_task_mapping_with_no_taskflow_operators.py
[2026-07-15T16:22:12.490+0200] {processor.py:839} INFO - DAG(s) dict_keys(['example_dynamic_task_mapping_with_no_taskflow_operators']) retrieved from /home/ai/.local/lib/python3.9/site-packages/airflow/example_dags/example_dynamic_task_mapping_with_no_taskflow_operators.py
[2026-07-15T16:22:12.504+0200] {logging_mixin.py:151} INFO - [2026-07-15T16:22:12.504+0200] {dag.py:2941} INFO - Sync 1 DAGs
[2026-07-15T16:22:12.522+0200] {logging_mixin.py:151} INFO - [2026-07-15T16:22:12.522+0200] {dag.py:3722} INFO - Setting next_dagrun for example_dynamic_task_mapping_with_no_taskflow_operators to 2026-07-14T14:22:12.522506+00:00, run_after=2026-07-15T14:22:12.522506+00:00
[2026-07-15T16:22:13.710+0200] {processor.py:179} INFO - Processing /home/ai/.local/lib/python3.9/site-packages/airflow/example_dags/example_dynamic_task_mapping_with_no_taskflow_operators.py took 1.236 seconds
[2026-07-15T16:23:43.240+0200] {processor.py:157} INFO - Started process (PID=3414380) to work on /home/ai/.local/lib/python3.9/site-packages/airflow/example_dags/example_dynamic_task_mapping_with_no_taskflow_operators.py
[2026-07-15T16:23:43.244+0200] {processor.py:829} INFO - Processing file /home/ai/.local/lib/python3.9/site-packages/airflow/example_dags/example_dynamic_task_mapping_with_no_taskflow_operators.py for tasks to queue
[2026-07-15T16:23:43.246+0200] {logging_mixin.py:151} INFO - [2026-07-15T16:23:43.245+0200] {dagbag.py:536} INFO - Filling up the DagBag from /home/ai/.local/lib/python3.9/site-packages/airflow/example_dags/example_dynamic_task_mapping_with_no_taskflow_operators.py
[2026-07-15T16:23:43.258+0200] {processor.py:839} INFO - DAG(s) dict_keys(['example_dynamic_task_mapping_with_no_taskflow_operators']) retrieved from /home/ai/.local/lib/python3.9/site-packages/airflow/example_dags/example_dynamic_task_mapping_with_no_taskflow_operators.py
[2026-07-15T16:23:43.273+0200] {logging_mixin.py:151} INFO - [2026-07-15T16:23:43.273+0200] {dag.py:2941} INFO - Sync 1 DAGs
[2026-07-15T16:23:43.300+0200] {logging_mixin.py:151} INFO - [2026-07-15T16:23:43.300+0200] {dag.py:3722} INFO - Setting next_dagrun for example_dynamic_task_mapping_with_no_taskflow_operators to 2026-07-14T14:23:43.300089+00:00, run_after=2026-07-15T14:23:43.300089+00:00
[2026-07-15T16:23:43.515+0200] {processor.py:179} INFO - Processing /home/ai/.local/lib/python3.9/site-packages/airflow/example_dags/example_dynamic_task_mapping_with_no_taskflow_operators.py took 0.281 seconds
[2026-07-15T16:25:01.018+0200] {processor.py:157} INFO - Started process (PID=3415676) to work on /home/ai/.local/lib/python3.9/site-packages/airflow/example_dags/example_dynamic_task_mapping_with_no_taskflow_operators.py
[2026-07-15T16:25:01.020+0200] {processor.py:829} INFO - Processing file /home/ai/.local/lib/python3.9/site-packages/airflow/example_dags/example_dynamic_task_mapping_with_no_taskflow_operators.py for tasks to queue
[2026-07-15T16:25:01.022+0200] {logging_mixin.py:151} INFO - [2026-07-15T16:25:01.021+0200] {dagbag.py:536} INFO - Filling up the DagBag from /home/ai/.local/lib/python3.9/site-packages/airflow/example_dags/example_dynamic_task_mapping_with_no_taskflow_operators.py
[2026-07-15T16:25:01.030+0200] {processor.py:839} INFO - DAG(s) dict_keys(['example_dynamic_task_mapping_with_no_taskflow_operators']) retrieved from /home/ai/.local/lib/python3.9/site-packages/airflow/example_dags/example_dynamic_task_mapping_with_no_taskflow_operators.py
[2026-07-15T16:25:01.045+0200] {logging_mixin.py:151} INFO - [2026-07-15T16:25:01.045+0200] {dag.py:2941} INFO - Sync 1 DAGs
[2026-07-15T16:25:01.063+0200] {logging_mixin.py:151} INFO - [2026-07-15T16:25:01.063+0200] {dag.py:3722} INFO - Setting next_dagrun for example_dynamic_task_mapping_with_no_taskflow_operators to 2026-07-14T14:25:01.063218+00:00, run_after=2026-07-15T14:25:01.063218+00:00
[2026-07-15T16:25:02.407+0200] {processor.py:179} INFO - Processing /home/ai/.local/lib/python3.9/site-packages/airflow/example_dags/example_dynamic_task_mapping_with_no_taskflow_operators.py took 1.394 seconds
[2026-07-15T16:26:32.712+0200] {processor.py:157} INFO - Started process (PID=3417241) to work on /home/ai/.local/lib/python3.9/site-packages/airflow/example_dags/example_dynamic_task_mapping_with_no_taskflow_operators.py
[2026-07-15T16:26:32.713+0200] {processor.py:829} INFO - Processing file /home/ai/.local/lib/python3.9/site-packages/airflow/example_dags/example_dynamic_task_mapping_with_no_taskflow_operators.py for tasks to queue
[2026-07-15T16:26:32.714+0200] {logging_mixin.py:151} INFO - [2026-07-15T16:26:32.714+0200] {dagbag.py:536} INFO - Filling up the DagBag from /home/ai/.local/lib/python3.9/site-packages/airflow/example_dags/example_dynamic_task_mapping_with_no_taskflow_operators.py
[2026-07-15T16:26:32.721+0200] {processor.py:839} INFO - DAG(s) dict_keys(['example_dynamic_task_mapping_with_no_taskflow_operators']) retrieved from /home/ai/.local/lib/python3.9/site-packages/airflow/example_dags/example_dynamic_task_mapping_with_no_taskflow_operators.py
[2026-07-15T16:26:32.737+0200] {logging_mixin.py:151} INFO - [2026-07-15T16:26:32.737+0200] {dag.py:2941} INFO - Sync 1 DAGs
[2026-07-15T16:26:32.756+0200] {logging_mixin.py:151} INFO - [2026-07-15T16:26:32.756+0200] {dag.py:3722} INFO - Setting next_dagrun for example_dynamic_task_mapping_with_no_taskflow_operators to 2026-07-14T14:26:32.755923+00:00, run_after=2026-07-15T14:26:32.755923+00:00
[2026-07-15T16:26:33.244+0200] {processor.py:179} INFO - Processing /home/ai/.local/lib/python3.9/site-packages/airflow/example_dags/example_dynamic_task_mapping_with_no_taskflow_operators.py took 0.538 seconds
[2026-07-15T16:28:26.584+0200] {processor.py:157} INFO - Started process (PID=3419209) to work on /home/ai/.local/lib/python3.9/site-packages/airflow/example_dags/example_dynamic_task_mapping_with_no_taskflow_operators.py
[2026-07-15T16:28:26.585+0200] {processor.py:829} INFO - Processing file /home/ai/.local/lib/python3.9/site-packages/airflow/example_dags/example_dynamic_task_mapping_with_no_taskflow_operators.py for tasks to queue
[2026-07-15T16:28:26.586+0200] {logging_mixin.py:151} INFO - [2026-07-15T16:28:26.586+0200] {dagbag.py:536} INFO - Filling up the DagBag from /home/ai/.local/lib/python3.9/site-packages/airflow/example_dags/example_dynamic_task_mapping_with_no_taskflow_operators.py
[2026-07-15T16:28:26.594+0200] {processor.py:839} INFO - DAG(s) dict_keys(['example_dynamic_task_mapping_with_no_taskflow_operators']) retrieved from /home/ai/.local/lib/python3.9/site-packages/airflow/example_dags/example_dynamic_task_mapping_with_no_taskflow_operators.py
[2026-07-15T16:28:26.608+0200] {logging_mixin.py:151} INFO - [2026-07-15T16:28:26.608+0200] {dag.py:2941} INFO - Sync 1 DAGs
[2026-07-15T16:28:26.625+0200] {logging_mixin.py:151} INFO - [2026-07-15T16:28:26.625+0200] {dag.py:3722} INFO - Setting next_dagrun for example_dynamic_task_mapping_with_no_taskflow_operators to 2026-07-14T14:28:26.625515+00:00, run_after=2026-07-15T14:28:26.625515+00:00
[2026-07-15T16:28:26.643+0200] {processor.py:179} INFO - Processing /home/ai/.local/lib/python3.9/site-packages/airflow/example_dags/example_dynamic_task_mapping_with_no_taskflow_operators.py took 0.063 seconds
[2026-07-15T16:29:52.218+0200] {processor.py:157} INFO - Started process (PID=3420683) to work on /home/ai/.local/lib/python3.9/site-packages/airflow/example_dags/example_dynamic_task_mapping_with_no_taskflow_operators.py
[2026-07-15T16:29:52.220+0200] {processor.py:829} INFO - Processing file /home/ai/.local/lib/python3.9/site-packages/airflow/example_dags/example_dynamic_task_mapping_with_no_taskflow_operators.py for tasks to queue
[2026-07-15T16:29:52.221+0200] {logging_mixin.py:151} INFO - [2026-07-15T16:29:52.220+0200] {dagbag.py:536} INFO - Filling up the DagBag from /home/ai/.local/lib/python3.9/site-packages/airflow/example_dags/example_dynamic_task_mapping_with_no_taskflow_operators.py
[2026-07-15T16:29:52.228+0200] {processor.py:839} INFO - DAG(s) dict_keys(['example_dynamic_task_mapping_with_no_taskflow_operators']) retrieved from /home/ai/.local/lib/python3.9/site-packages/airflow/example_dags/example_dynamic_task_mapping_with_no_taskflow_operators.py
[2026-07-15T16:29:52.243+0200] {logging_mixin.py:151} INFO - [2026-07-15T16:29:52.243+0200] {dag.py:2941} INFO - Sync 1 DAGs
[2026-07-15T16:29:52.261+0200] {logging_mixin.py:151} INFO - [2026-07-15T16:29:52.261+0200] {dag.py:3722} INFO - Setting next_dagrun for example_dynamic_task_mapping_with_no_taskflow_operators to 2026-07-14T14:29:52.261566+00:00, run_after=2026-07-15T14:29:52.261566+00:00
[2026-07-15T16:29:52.279+0200] {processor.py:179} INFO - Processing /home/ai/.local/lib/python3.9/site-packages/airflow/example_dags/example_dynamic_task_mapping_with_no_taskflow_operators.py took 0.068 seconds
[2026-07-15T16:31:39.078+0200] {processor.py:157} INFO - Started process (PID=3422400) to work on /home/ai/.local/lib/python3.9/site-packages/airflow/example_dags/example_dynamic_task_mapping_with_no_taskflow_operators.py
[2026-07-15T16:31:39.079+0200] {processor.py:829} INFO - Processing file /home/ai/.local/lib/python3.9/site-packages/airflow/example_dags/example_dynamic_task_mapping_with_no_taskflow_operators.py for tasks to queue
[2026-07-15T16:31:39.080+0200] {logging_mixin.py:151} INFO - [2026-07-15T16:31:39.079+0200] {dagbag.py:536} INFO - Filling up the DagBag from /home/ai/.local/lib/python3.9/site-packages/airflow/example_dags/example_dynamic_task_mapping_with_no_taskflow_operators.py
[2026-07-15T16:31:39.087+0200] {processor.py:839} INFO - DAG(s) dict_keys(['example_dynamic_task_mapping_with_no_taskflow_operators']) retrieved from /home/ai/.local/lib/python3.9/site-packages/airflow/example_dags/example_dynamic_task_mapping_with_no_taskflow_operators.py
[2026-07-15T16:31:39.102+0200] {logging_mixin.py:151} INFO - [2026-07-15T16:31:39.102+0200] {dag.py:2941} INFO - Sync 1 DAGs
[2026-07-15T16:31:39.120+0200] {logging_mixin.py:151} INFO - [2026-07-15T16:31:39.120+0200] {dag.py:3722} INFO - Setting next_dagrun for example_dynamic_task_mapping_with_no_taskflow_operators to 2026-07-14T14:31:39.120101+00:00, run_after=2026-07-15T14:31:39.120101+00:00
[2026-07-15T16:31:39.141+0200] {processor.py:179} INFO - Processing /home/ai/.local/lib/python3.9/site-packages/airflow/example_dags/example_dynamic_task_mapping_with_no_taskflow_operators.py took 0.070 seconds
[2026-07-15T16:33:05.848+0200] {processor.py:157} INFO - Started process (PID=3423989) to work on /home/ai/.local/lib/python3.9/site-packages/airflow/example_dags/example_dynamic_task_mapping_with_no_taskflow_operators.py
[2026-07-15T16:33:05.849+0200] {processor.py:829} INFO - Processing file /home/ai/.local/lib/python3.9/site-packages/airflow/example_dags/example_dynamic_task_mapping_with_no_taskflow_operators.py for tasks to queue
[2026-07-15T16:33:05.850+0200] {logging_mixin.py:151} INFO - [2026-07-15T16:33:05.850+0200] {dagbag.py:536} INFO - Filling up the DagBag from /home/ai/.local/lib/python3.9/site-packages/airflow/example_dags/example_dynamic_task_mapping_with_no_taskflow_operators.py
[2026-07-15T16:33:05.858+0200] {processor.py:839} INFO - DAG(s) dict_keys(['example_dynamic_task_mapping_with_no_taskflow_operators']) retrieved from /home/ai/.local/lib/python3.9/site-packages/airflow/example_dags/example_dynamic_task_mapping_with_no_taskflow_operators.py
[2026-07-15T16:33:05.872+0200] {logging_mixin.py:151} INFO - [2026-07-15T16:33:05.872+0200] {dag.py:2941} INFO - Sync 1 DAGs
[2026-07-15T16:33:05.890+0200] {logging_mixin.py:151} INFO - [2026-07-15T16:33:05.890+0200] {dag.py:3722} INFO - Setting next_dagrun for example_dynamic_task_mapping_with_no_taskflow_operators to 2026-07-14T14:33:05.890440+00:00, run_after=2026-07-15T14:33:05.890440+00:00
[2026-07-15T16:33:06.802+0200] {processor.py:179} INFO - Processing /home/ai/.local/lib/python3.9/site-packages/airflow/example_dags/example_dynamic_task_mapping_with_no_taskflow_operators.py took 0.959 seconds
[2026-07-15T16:34:34.246+0200] {processor.py:157} INFO - Started process (PID=3425441) to work on /home/ai/.local/lib/python3.9/site-packages/airflow/example_dags/example_dynamic_task_mapping_with_no_taskflow_operators.py
[2026-07-15T16:34:34.247+0200] {processor.py:829} INFO - Processing file /home/ai/.local/lib/python3.9/site-packages/airflow/example_dags/example_dynamic_task_mapping_with_no_taskflow_operators.py for tasks to queue
[2026-07-15T16:34:34.248+0200] {logging_mixin.py:151} INFO - [2026-07-15T16:34:34.248+0200] {dagbag.py:536} INFO - Filling up the DagBag from /home/ai/.local/lib/python3.9/site-packages/airflow/example_dags/example_dynamic_task_mapping_with_no_taskflow_operators.py
[2026-07-15T16:34:34.256+0200] {processor.py:839} INFO - DAG(s) dict_keys(['example_dynamic_task_mapping_with_no_taskflow_operators']) retrieved from /home/ai/.local/lib/python3.9/site-packages/airflow/example_dags/example_dynamic_task_mapping_with_no_taskflow_operators.py
[2026-07-15T16:34:34.271+0200] {logging_mixin.py:151} INFO - [2026-07-15T16:34:34.271+0200] {dag.py:2941} INFO - Sync 1 DAGs
[2026-07-15T16:34:34.290+0200] {logging_mixin.py:151} INFO - [2026-07-15T16:34:34.290+0200] {dag.py:3722} INFO - Setting next_dagrun for example_dynamic_task_mapping_with_no_taskflow_operators to 2026-07-14T14:34:34.290045+00:00, run_after=2026-07-15T14:34:34.290045+00:00
[2026-07-15T16:34:34.309+0200] {processor.py:179} INFO - Processing /home/ai/.local/lib/python3.9/site-packages/airflow/example_dags/example_dynamic_task_mapping_with_no_taskflow_operators.py took 0.068 seconds
[2026-07-15T16:36:05.543+0200] {processor.py:157} INFO - Started process (PID=3427056) to work on /home/ai/.local/lib/python3.9/site-packages/airflow/example_dags/example_dynamic_task_mapping_with_no_taskflow_operators.py
[2026-07-15T16:36:05.545+0200] {processor.py:829} INFO - Processing file /home/ai/.local/lib/python3.9/site-packages/airflow/example_dags/example_dynamic_task_mapping_with_no_taskflow_operators.py for tasks to queue
[2026-07-15T16:36:05.546+0200] {logging_mixin.py:151} INFO - [2026-07-15T16:36:05.545+0200] {dagbag.py:536} INFO - Filling up the DagBag from /home/ai/.local/lib/python3.9/site-packages/airflow/example_dags/example_dynamic_task_mapping_with_no_taskflow_operators.py
[2026-07-15T16:36:05.554+0200] {processor.py:839} INFO - DAG(s) dict_keys(['example_dynamic_task_mapping_with_no_taskflow_operators']) retrieved from /home/ai/.local/lib/python3.9/site-packages/airflow/example_dags/example_dynamic_task_mapping_with_no_taskflow_operators.py
[2026-07-15T16:36:05.568+0200] {logging_mixin.py:151} INFO - [2026-07-15T16:36:05.567+0200] {dag.py:2941} INFO - Sync 1 DAGs
[2026-07-15T16:36:05.586+0200] {logging_mixin.py:151} INFO - [2026-07-15T16:36:05.586+0200] {dag.py:3722} INFO - Setting next_dagrun for example_dynamic_task_mapping_with_no_taskflow_operators to 2026-07-14T14:36:05.585854+00:00, run_after=2026-07-15T14:36:05.585854+00:00
[2026-07-15T16:36:05.627+0200] {processor.py:179} INFO - Processing /home/ai/.local/lib/python3.9/site-packages/airflow/example_dags/example_dynamic_task_mapping_with_no_taskflow_operators.py took 0.088 seconds
[2026-07-15T16:37:49.443+0200] {processor.py:157} INFO - Started process (PID=3429292) to work on /home/ai/.local/lib/python3.9/site-packages/airflow/example_dags/example_dynamic_task_mapping_with_no_taskflow_operators.py
[2026-07-15T16:37:49.445+0200] {processor.py:829} INFO - Processing file /home/ai/.local/lib/python3.9/site-packages/airflow/example_dags/example_dynamic_task_mapping_with_no_taskflow_operators.py for tasks to queue
[2026-07-15T16:37:49.446+0200] {logging_mixin.py:151} INFO - [2026-07-15T16:37:49.445+0200] {dagbag.py:536} INFO - Filling up the DagBag from /home/ai/.local/lib/python3.9/site-packages/airflow/example_dags/example_dynamic_task_mapping_with_no_taskflow_operators.py
[2026-07-15T16:37:49.453+0200] {processor.py:839} INFO - DAG(s) dict_keys(['example_dynamic_task_mapping_with_no_taskflow_operators']) retrieved from /home/ai/.local/lib/python3.9/site-packages/airflow/example_dags/example_dynamic_task_mapping_with_no_taskflow_operators.py
[2026-07-15T16:37:49.469+0200] {logging_mixin.py:151} INFO - [2026-07-15T16:37:49.469+0200] {dag.py:2941} INFO - Sync 1 DAGs
[2026-07-15T16:37:49.496+0200] {logging_mixin.py:151} INFO - [2026-07-15T16:37:49.496+0200] {dag.py:3722} INFO - Setting next_dagrun for example_dynamic_task_mapping_with_no_taskflow_operators to 2026-07-14T14:37:49.496109+00:00, run_after=2026-07-15T14:37:49.496109+00:00
[2026-07-15T16:37:50.062+0200] {processor.py:179} INFO - Processing /home/ai/.local/lib/python3.9/site-packages/airflow/example_dags/example_dynamic_task_mapping_with_no_taskflow_operators.py took 0.625 seconds
[2026-07-15T16:39:20.453+0200] {processor.py:157} INFO - Started process (PID=3431046) to work on /home/ai/.local/lib/python3.9/site-packages/airflow/example_dags/example_dynamic_task_mapping_with_no_taskflow_operators.py
[2026-07-15T16:39:20.455+0200] {processor.py:829} INFO - Processing file /home/ai/.local/lib/python3.9/site-packages/airflow/example_dags/example_dynamic_task_mapping_with_no_taskflow_operators.py for tasks to queue
[2026-07-15T16:39:20.456+0200] {logging_mixin.py:151} INFO - [2026-07-15T16:39:20.456+0200] {dagbag.py:536} INFO - Filling up the DagBag from /home/ai/.local/lib/python3.9/site-packages/airflow/example_dags/example_dynamic_task_mapping_with_no_taskflow_operators.py
[2026-07-15T16:39:20.463+0200] {processor.py:839} INFO - DAG(s) dict_keys(['example_dynamic_task_mapping_with_no_taskflow_operators']) retrieved from /home/ai/.local/lib/python3.9/site-packages/airflow/example_dags/example_dynamic_task_mapping_with_no_taskflow_operators.py
[2026-07-15T16:39:20.478+0200] {logging_mixin.py:151} INFO - [2026-07-15T16:39:20.478+0200] {dag.py:2941} INFO - Sync 1 DAGs
[2026-07-15T16:39:20.497+0200] {logging_mixin.py:151} INFO - [2026-07-15T16:39:20.496+0200] {dag.py:3722} INFO - Setting next_dagrun for example_dynamic_task_mapping_with_no_taskflow_operators to 2026-07-14T14:39:20.496682+00:00, run_after=2026-07-15T14:39:20.496682+00:00
[2026-07-15T16:39:21.564+0200] {processor.py:179} INFO - Processing /home/ai/.local/lib/python3.9/site-packages/airflow/example_dags/example_dynamic_task_mapping_with_no_taskflow_operators.py took 1.117 seconds
[2026-07-15T16:40:50.678+0200] {processor.py:157} INFO - Started process (PID=3432584) to work on /home/ai/.local/lib/python3.9/site-packages/airflow/example_dags/example_dynamic_task_mapping_with_no_taskflow_operators.py
[2026-07-15T16:40:50.680+0200] {processor.py:829} INFO - Processing file /home/ai/.local/lib/python3.9/site-packages/airflow/example_dags/example_dynamic_task_mapping_with_no_taskflow_operators.py for tasks to queue
[2026-07-15T16:40:50.681+0200] {logging_mixin.py:151} INFO - [2026-07-15T16:40:50.681+0200] {dagbag.py:536} INFO - Filling up the DagBag from /home/ai/.local/lib/python3.9/site-packages/airflow/example_dags/example_dynamic_task_mapping_with_no_taskflow_operators.py
[2026-07-15T16:40:50.689+0200] {processor.py:839} INFO - DAG(s) dict_keys(['example_dynamic_task_mapping_with_no_taskflow_operators']) retrieved from /home/ai/.local/lib/python3.9/site-packages/airflow/example_dags/example_dynamic_task_mapping_with_no_taskflow_operators.py
[2026-07-15T16:40:50.702+0200] {logging_mixin.py:151} INFO - [2026-07-15T16:40:50.702+0200] {dag.py:2941} INFO - Sync 1 DAGs
[2026-07-15T16:40:50.720+0200] {logging_mixin.py:151} INFO - [2026-07-15T16:40:50.720+0200] {dag.py:3722} INFO - Setting next_dagrun for example_dynamic_task_mapping_with_no_taskflow_operators to 2026-07-14T14:40:50.719852+00:00, run_after=2026-07-15T14:40:50.719852+00:00
[2026-07-15T16:40:51.369+0200] {processor.py:179} INFO - Processing /home/ai/.local/lib/python3.9/site-packages/airflow/example_dags/example_dynamic_task_mapping_with_no_taskflow_operators.py took 0.695 seconds
[2026-07-15T16:42:32.249+0200] {processor.py:157} INFO - Started process (PID=3434424) to work on /home/ai/.local/lib/python3.9/site-packages/airflow/example_dags/example_dynamic_task_mapping_with_no_taskflow_operators.py
[2026-07-15T16:42:32.251+0200] {processor.py:829} INFO - Processing file /home/ai/.local/lib/python3.9/site-packages/airflow/example_dags/example_dynamic_task_mapping_with_no_taskflow_operators.py for tasks to queue
[2026-07-15T16:42:32.252+0200] {logging_mixin.py:151} INFO - [2026-07-15T16:42:32.251+0200] {dagbag.py:536} INFO - Filling up the DagBag from /home/ai/.local/lib/python3.9/site-packages/airflow/example_dags/example_dynamic_task_mapping_with_no_taskflow_operators.py
[2026-07-15T16:42:32.259+0200] {processor.py:839} INFO - DAG(s) dict_keys(['example_dynamic_task_mapping_with_no_taskflow_operators']) retrieved from /home/ai/.local/lib/python3.9/site-packages/airflow/example_dags/example_dynamic_task_mapping_with_no_taskflow_operators.py
[2026-07-15T16:42:32.273+0200] {logging_mixin.py:151} INFO - [2026-07-15T16:42:32.273+0200] {dag.py:2941} INFO - Sync 1 DAGs
[2026-07-15T16:42:32.290+0200] {logging_mixin.py:151} INFO - [2026-07-15T16:42:32.290+0200] {dag.py:3722} INFO - Setting next_dagrun for example_dynamic_task_mapping_with_no_taskflow_operators to 2026-07-14T14:42:32.290491+00:00, run_after=2026-07-15T14:42:32.290491+00:00
[2026-07-15T16:42:32.362+0200] {processor.py:179} INFO - Processing /home/ai/.local/lib/python3.9/site-packages/airflow/example_dags/example_dynamic_task_mapping_with_no_taskflow_operators.py took 0.120 seconds
[2026-07-15T16:44:11.952+0200] {processor.py:157} INFO - Started process (PID=3436103) to work on /home/ai/.local/lib/python3.9/site-packages/airflow/example_dags/example_dynamic_task_mapping_with_no_taskflow_operators.py
[2026-07-15T16:44:11.953+0200] {processor.py:829} INFO - Processing file /home/ai/.local/lib/python3.9/site-packages/airflow/example_dags/example_dynamic_task_mapping_with_no_taskflow_operators.py for tasks to queue
[2026-07-15T16:44:11.954+0200] {logging_mixin.py:151} INFO - [2026-07-15T16:44:11.954+0200] {dagbag.py:536} INFO - Filling up the DagBag from /home/ai/.local/lib/python3.9/site-packages/airflow/example_dags/example_dynamic_task_mapping_with_no_taskflow_operators.py
[2026-07-15T16:44:11.962+0200] {processor.py:839} INFO - DAG(s) dict_keys(['example_dynamic_task_mapping_with_no_taskflow_operators']) retrieved from /home/ai/.local/lib/python3.9/site-packages/airflow/example_dags/example_dynamic_task_mapping_with_no_taskflow_operators.py
[2026-07-15T16:44:11.976+0200] {logging_mixin.py:151} INFO - [2026-07-15T16:44:11.976+0200] {dag.py:2941} INFO - Sync 1 DAGs
[2026-07-15T16:44:11.995+0200] {logging_mixin.py:151} INFO - [2026-07-15T16:44:11.995+0200] {dag.py:3722} INFO - Setting next_dagrun for example_dynamic_task_mapping_with_no_taskflow_operators to 2026-07-14T14:44:11.995328+00:00, run_after=2026-07-15T14:44:11.995328+00:00
[2026-07-15T16:44:12.016+0200] {processor.py:179} INFO - Processing /home/ai/.local/lib/python3.9/site-packages/airflow/example_dags/example_dynamic_task_mapping_with_no_taskflow_operators.py took 0.069 seconds
[2026-07-15T16:45:56.797+0200] {processor.py:157} INFO - Started process (PID=3437977) to work on /home/ai/.local/lib/python3.9/site-packages/airflow/example_dags/example_dynamic_task_mapping_with_no_taskflow_operators.py
[2026-07-15T16:45:56.799+0200] {processor.py:829} INFO - Processing file /home/ai/.local/lib/python3.9/site-packages/airflow/example_dags/example_dynamic_task_mapping_with_no_taskflow_operators.py for tasks to queue
[2026-07-15T16:45:56.800+0200] {logging_mixin.py:151} INFO - [2026-07-15T16:45:56.799+0200] {dagbag.py:536} INFO - Filling up the DagBag from /home/ai/.local/lib/python3.9/site-packages/airflow/example_dags/example_dynamic_task_mapping_with_no_taskflow_operators.py
[2026-07-15T16:45:56.807+0200] {processor.py:839} INFO - DAG(s) dict_keys(['example_dynamic_task_mapping_with_no_taskflow_operators']) retrieved from /home/ai/.local/lib/python3.9/site-packages/airflow/example_dags/example_dynamic_task_mapping_with_no_taskflow_operators.py
[2026-07-15T16:45:56.821+0200] {logging_mixin.py:151} INFO - [2026-07-15T16:45:56.821+0200] {dag.py:2941} INFO - Sync 1 DAGs
[2026-07-15T16:45:56.838+0200] {logging_mixin.py:151} INFO - [2026-07-15T16:45:56.838+0200] {dag.py:3722} INFO - Setting next_dagrun for example_dynamic_task_mapping_with_no_taskflow_operators to 2026-07-14T14:45:56.837794+00:00, run_after=2026-07-15T14:45:56.837794+00:00
[2026-07-15T16:46:00.103+0200] {processor.py:179} INFO - Processing /home/ai/.local/lib/python3.9/site-packages/airflow/example_dags/example_dynamic_task_mapping_with_no_taskflow_operators.py took 3.311 seconds
[2026-07-15T16:47:53.603+0200] {processor.py:157} INFO - Started process (PID=3440005) to work on /home/ai/.local/lib/python3.9/site-packages/airflow/example_dags/example_dynamic_task_mapping_with_no_taskflow_operators.py
[2026-07-15T16:47:53.605+0200] {processor.py:829} INFO - Processing file /home/ai/.local/lib/python3.9/site-packages/airflow/example_dags/example_dynamic_task_mapping_with_no_taskflow_operators.py for tasks to queue
[2026-07-15T16:47:53.606+0200] {logging_mixin.py:151} INFO - [2026-07-15T16:47:53.605+0200] {dagbag.py:536} INFO - Filling up the DagBag from /home/ai/.local/lib/python3.9/site-packages/airflow/example_dags/example_dynamic_task_mapping_with_no_taskflow_operators.py
[2026-07-15T16:47:53.617+0200] {processor.py:839} INFO - DAG(s) dict_keys(['example_dynamic_task_mapping_with_no_taskflow_operators']) retrieved from /home/ai/.local/lib/python3.9/site-packages/airflow/example_dags/example_dynamic_task_mapping_with_no_taskflow_operators.py
[2026-07-15T16:47:54.062+0200] {logging_mixin.py:151} INFO - [2026-07-15T16:47:54.061+0200] {dag.py:2941} INFO - Sync 1 DAGs
[2026-07-15T16:47:54.097+0200] {logging_mixin.py:151} INFO - [2026-07-15T16:47:54.096+0200] {dag.py:3722} INFO - Setting next_dagrun for example_dynamic_task_mapping_with_no_taskflow_operators to 2026-07-14T14:47:54.096551+00:00, run_after=2026-07-15T14:47:54.096551+00:00
[2026-07-15T16:47:55.066+0200] {processor.py:179} INFO - Processing /home/ai/.local/lib/python3.9/site-packages/airflow/example_dags/example_dynamic_task_mapping_with_no_taskflow_operators.py took 1.468 seconds
[2026-07-15T16:49:50.846+0200] {processor.py:157} INFO - Started process (PID=3442003) to work on /home/ai/.local/lib/python3.9/site-packages/airflow/example_dags/example_dynamic_task_mapping_with_no_taskflow_operators.py
[2026-07-15T16:49:50.848+0200] {processor.py:829} INFO - Processing file /home/ai/.local/lib/python3.9/site-packages/airflow/example_dags/example_dynamic_task_mapping_with_no_taskflow_operators.py for tasks to queue
[2026-07-15T16:49:50.849+0200] {logging_mixin.py:151} INFO - [2026-07-15T16:49:50.848+0200] {dagbag.py:536} INFO - Filling up the DagBag from /home/ai/.local/lib/python3.9/site-packages/airflow/example_dags/example_dynamic_task_mapping_with_no_taskflow_operators.py
[2026-07-15T16:49:50.857+0200] {processor.py:839} INFO - DAG(s) dict_keys(['example_dynamic_task_mapping_with_no_taskflow_operators']) retrieved from /home/ai/.local/lib/python3.9/site-packages/airflow/example_dags/example_dynamic_task_mapping_with_no_taskflow_operators.py
[2026-07-15T16:49:50.873+0200] {logging_mixin.py:151} INFO - [2026-07-15T16:49:50.872+0200] {dag.py:2941} INFO - Sync 1 DAGs
[2026-07-15T16:49:50.891+0200] {logging_mixin.py:151} INFO - [2026-07-15T16:49:50.891+0200] {dag.py:3722} INFO - Setting next_dagrun for example_dynamic_task_mapping_with_no_taskflow_operators to 2026-07-14T14:49:50.891406+00:00, run_after=2026-07-15T14:49:50.891406+00:00
[2026-07-15T16:49:50.908+0200] {processor.py:179} INFO - Processing /home/ai/.local/lib/python3.9/site-packages/airflow/example_dags/example_dynamic_task_mapping_with_no_taskflow_operators.py took 0.068 seconds
[2026-07-15T16:51:46.263+0200] {processor.py:157} INFO - Started process (PID=3443979) to work on /home/ai/.local/lib/python3.9/site-packages/airflow/example_dags/example_dynamic_task_mapping_with_no_taskflow_operators.py
[2026-07-15T16:51:46.264+0200] {processor.py:829} INFO - Processing file /home/ai/.local/lib/python3.9/site-packages/airflow/example_dags/example_dynamic_task_mapping_with_no_taskflow_operators.py for tasks to queue
[2026-07-15T16:51:46.265+0200] {logging_mixin.py:151} INFO - [2026-07-15T16:51:46.265+0200] {dagbag.py:536} INFO - Filling up the DagBag from /home/ai/.local/lib/python3.9/site-packages/airflow/example_dags/example_dynamic_task_mapping_with_no_taskflow_operators.py
[2026-07-15T16:51:46.272+0200] {processor.py:839} INFO - DAG(s) dict_keys(['example_dynamic_task_mapping_with_no_taskflow_operators']) retrieved from /home/ai/.local/lib/python3.9/site-packages/airflow/example_dags/example_dynamic_task_mapping_with_no_taskflow_operators.py
[2026-07-15T16:51:46.287+0200] {logging_mixin.py:151} INFO - [2026-07-15T16:51:46.286+0200] {dag.py:2941} INFO - Sync 1 DAGs
[2026-07-15T16:51:46.308+0200] {logging_mixin.py:151} INFO - [2026-07-15T16:51:46.307+0200] {dag.py:3722} INFO - Setting next_dagrun for example_dynamic_task_mapping_with_no_taskflow_operators to 2026-07-14T14:51:46.307605+00:00, run_after=2026-07-15T14:51:46.307605+00:00
[2026-07-15T16:51:46.452+0200] {processor.py:179} INFO - Processing /home/ai/.local/lib/python3.9/site-packages/airflow/example_dags/example_dynamic_task_mapping_with_no_taskflow_operators.py took 0.194 seconds
[2026-07-15T16:53:54.941+0200] {processor.py:157} INFO - Started process (PID=3446177) to work on /home/ai/.local/lib/python3.9/site-packages/airflow/example_dags/example_dynamic_task_mapping_with_no_taskflow_operators.py
[2026-07-15T16:53:54.942+0200] {processor.py:829} INFO - Processing file /home/ai/.local/lib/python3.9/site-packages/airflow/example_dags/example_dynamic_task_mapping_with_no_taskflow_operators.py for tasks to queue
[2026-07-15T16:53:54.943+0200] {logging_mixin.py:151} INFO - [2026-07-15T16:53:54.943+0200] {dagbag.py:536} INFO - Filling up the DagBag from /home/ai/.local/lib/python3.9/site-packages/airflow/example_dags/example_dynamic_task_mapping_with_no_taskflow_operators.py
[2026-07-15T16:53:54.955+0200] {processor.py:839} INFO - DAG(s) dict_keys(['example_dynamic_task_mapping_with_no_taskflow_operators']) retrieved from /home/ai/.local/lib/python3.9/site-packages/airflow/example_dags/example_dynamic_task_mapping_with_no_taskflow_operators.py
[2026-07-15T16:53:54.973+0200] {logging_mixin.py:151} INFO - [2026-07-15T16:53:54.972+0200] {dag.py:2941} INFO - Sync 1 DAGs
[2026-07-15T16:53:54.998+0200] {logging_mixin.py:151} INFO - [2026-07-15T16:53:54.998+0200] {dag.py:3722} INFO - Setting next_dagrun for example_dynamic_task_mapping_with_no_taskflow_operators to 2026-07-14T14:53:54.997779+00:00, run_after=2026-07-15T14:53:54.997779+00:00
[2026-07-15T16:53:55.538+0200] {processor.py:179} INFO - Processing /home/ai/.local/lib/python3.9/site-packages/airflow/example_dags/example_dynamic_task_mapping_with_no_taskflow_operators.py took 0.603 seconds
[2026-07-15T16:56:05.521+0200] {processor.py:157} INFO - Started process (PID=3448336) to work on /home/ai/.local/lib/python3.9/site-packages/airflow/example_dags/example_dynamic_task_mapping_with_no_taskflow_operators.py
[2026-07-15T16:56:05.523+0200] {processor.py:829} INFO - Processing file /home/ai/.local/lib/python3.9/site-packages/airflow/example_dags/example_dynamic_task_mapping_with_no_taskflow_operators.py for tasks to queue
[2026-07-15T16:56:05.524+0200] {logging_mixin.py:151} INFO - [2026-07-15T16:56:05.523+0200] {dagbag.py:536} INFO - Filling up the DagBag from /home/ai/.local/lib/python3.9/site-packages/airflow/example_dags/example_dynamic_task_mapping_with_no_taskflow_operators.py
[2026-07-15T16:56:05.532+0200] {processor.py:839} INFO - DAG(s) dict_keys(['example_dynamic_task_mapping_with_no_taskflow_operators']) retrieved from /home/ai/.local/lib/python3.9/site-packages/airflow/example_dags/example_dynamic_task_mapping_with_no_taskflow_operators.py
[2026-07-15T16:56:05.547+0200] {logging_mixin.py:151} INFO - [2026-07-15T16:56:05.547+0200] {dag.py:2941} INFO - Sync 1 DAGs
[2026-07-15T16:56:05.566+0200] {logging_mixin.py:151} INFO - [2026-07-15T16:56:05.566+0200] {dag.py:3722} INFO - Setting next_dagrun for example_dynamic_task_mapping_with_no_taskflow_operators to 2026-07-14T14:56:05.565907+00:00, run_after=2026-07-15T14:56:05.565907+00:00
[2026-07-15T16:56:05.595+0200] {processor.py:179} INFO - Processing /home/ai/.local/lib/python3.9/site-packages/airflow/example_dags/example_dynamic_task_mapping_with_no_taskflow_operators.py took 0.080 seconds
[2026-07-15T16:58:27.049+0200] {processor.py:157} INFO - Started process (PID=3450885) to work on /home/ai/.local/lib/python3.9/site-packages/airflow/example_dags/example_dynamic_task_mapping_with_no_taskflow_operators.py
[2026-07-15T16:58:28.393+0200] {processor.py:829} INFO - Processing file /home/ai/.local/lib/python3.9/site-packages/airflow/example_dags/example_dynamic_task_mapping_with_no_taskflow_operators.py for tasks to queue
[2026-07-15T16:58:28.395+0200] {logging_mixin.py:151} INFO - [2026-07-15T16:58:28.394+0200] {dagbag.py:536} INFO - Filling up the DagBag from /home/ai/.local/lib/python3.9/site-packages/airflow/example_dags/example_dynamic_task_mapping_with_no_taskflow_operators.py
[2026-07-15T16:58:28.408+0200] {processor.py:839} INFO - DAG(s) dict_keys(['example_dynamic_task_mapping_with_no_taskflow_operators']) retrieved from /home/ai/.local/lib/python3.9/site-packages/airflow/example_dags/example_dynamic_task_mapping_with_no_taskflow_operators.py
[2026-07-15T16:58:28.423+0200] {logging_mixin.py:151} INFO - [2026-07-15T16:58:28.423+0200] {dag.py:2941} INFO - Sync 1 DAGs
[2026-07-15T16:58:28.439+0200] {logging_mixin.py:151} INFO - [2026-07-15T16:58:28.439+0200] {dag.py:3722} INFO - Setting next_dagrun for example_dynamic_task_mapping_with_no_taskflow_operators to 2026-07-14T14:58:28.439575+00:00, run_after=2026-07-15T14:58:28.439575+00:00
[2026-07-15T16:58:29.134+0200] {processor.py:179} INFO - Processing /home/ai/.local/lib/python3.9/site-packages/airflow/example_dags/example_dynamic_task_mapping_with_no_taskflow_operators.py took 2.089 seconds
[2026-07-15T17:02:15.205+0200] {processor.py:157} INFO - Started process (PID=3454811) to work on /home/ai/.local/lib/python3.9/site-packages/airflow/example_dags/example_dynamic_task_mapping_with_no_taskflow_operators.py
[2026-07-15T17:02:15.206+0200] {processor.py:829} INFO - Processing file /home/ai/.local/lib/python3.9/site-packages/airflow/example_dags/example_dynamic_task_mapping_with_no_taskflow_operators.py for tasks to queue
[2026-07-15T17:02:15.208+0200] {logging_mixin.py:151} INFO - [2026-07-15T17:02:15.207+0200] {dagbag.py:536} INFO - Filling up the DagBag from /home/ai/.local/lib/python3.9/site-packages/airflow/example_dags/example_dynamic_task_mapping_with_no_taskflow_operators.py
[2026-07-15T17:02:15.216+0200] {processor.py:839} INFO - DAG(s) dict_keys(['example_dynamic_task_mapping_with_no_taskflow_operators']) retrieved from /home/ai/.local/lib/python3.9/site-packages/airflow/example_dags/example_dynamic_task_mapping_with_no_taskflow_operators.py
[2026-07-15T17:02:15.232+0200] {logging_mixin.py:151} INFO - [2026-07-15T17:02:15.232+0200] {dag.py:2941} INFO - Sync 1 DAGs
[2026-07-15T17:02:15.251+0200] {logging_mixin.py:151} INFO - [2026-07-15T17:02:15.251+0200] {dag.py:3722} INFO - Setting next_dagrun for example_dynamic_task_mapping_with_no_taskflow_operators to 2026-07-14T15:02:15.251278+00:00, run_after=2026-07-15T15:02:15.251278+00:00
[2026-07-15T17:02:15.973+0200] {processor.py:179} INFO - Processing /home/ai/.local/lib/python3.9/site-packages/airflow/example_dags/example_dynamic_task_mapping_with_no_taskflow_operators.py took 0.772 seconds
[2026-07-15T17:04:50.794+0200] {processor.py:157} INFO - Started process (PID=3457532) to work on /home/ai/.local/lib/python3.9/site-packages/airflow/example_dags/example_dynamic_task_mapping_with_no_taskflow_operators.py
[2026-07-15T17:04:51.544+0200] {processor.py:829} INFO - Processing file /home/ai/.local/lib/python3.9/site-packages/airflow/example_dags/example_dynamic_task_mapping_with_no_taskflow_operators.py for tasks to queue
[2026-07-15T17:04:51.547+0200] {logging_mixin.py:151} INFO - [2026-07-15T17:04:51.546+0200] {dagbag.py:536} INFO - Filling up the DagBag from /home/ai/.local/lib/python3.9/site-packages/airflow/example_dags/example_dynamic_task_mapping_with_no_taskflow_operators.py
[2026-07-15T17:04:51.561+0200] {processor.py:839} INFO - DAG(s) dict_keys(['example_dynamic_task_mapping_with_no_taskflow_operators']) retrieved from /home/ai/.local/lib/python3.9/site-packages/airflow/example_dags/example_dynamic_task_mapping_with_no_taskflow_operators.py
[2026-07-15T17:04:51.577+0200] {logging_mixin.py:151} INFO - [2026-07-15T17:04:51.577+0200] {dag.py:2941} INFO - Sync 1 DAGs
[2026-07-15T17:04:51.595+0200] {logging_mixin.py:151} INFO - [2026-07-15T17:04:51.595+0200] {dag.py:3722} INFO - Setting next_dagrun for example_dynamic_task_mapping_with_no_taskflow_operators to 2026-07-14T15:04:51.595229+00:00, run_after=2026-07-15T15:04:51.595229+00:00
[2026-07-15T17:04:51.832+0200] {processor.py:179} INFO - Processing /home/ai/.local/lib/python3.9/site-packages/airflow/example_dags/example_dynamic_task_mapping_with_no_taskflow_operators.py took 1.044 seconds
[2026-07-15T17:06:59.211+0200] {processor.py:157} INFO - Started process (PID=3459662) to work on /home/ai/.local/lib/python3.9/site-packages/airflow/example_dags/example_dynamic_task_mapping_with_no_taskflow_operators.py
[2026-07-15T17:06:59.449+0200] {processor.py:829} INFO - Processing file /home/ai/.local/lib/python3.9/site-packages/airflow/example_dags/example_dynamic_task_mapping_with_no_taskflow_operators.py for tasks to queue
[2026-07-15T17:06:59.451+0200] {logging_mixin.py:151} INFO - [2026-07-15T17:06:59.450+0200] {dagbag.py:536} INFO - Filling up the DagBag from /home/ai/.local/lib/python3.9/site-packages/airflow/example_dags/example_dynamic_task_mapping_with_no_taskflow_operators.py
[2026-07-15T17:06:59.464+0200] {processor.py:839} INFO - DAG(s) dict_keys(['example_dynamic_task_mapping_with_no_taskflow_operators']) retrieved from /home/ai/.local/lib/python3.9/site-packages/airflow/example_dags/example_dynamic_task_mapping_with_no_taskflow_operators.py
[2026-07-15T17:06:59.478+0200] {logging_mixin.py:151} INFO - [2026-07-15T17:06:59.478+0200] {dag.py:2941} INFO - Sync 1 DAGs
[2026-07-15T17:06:59.495+0200] {logging_mixin.py:151} INFO - [2026-07-15T17:06:59.495+0200] {dag.py:3722} INFO - Setting next_dagrun for example_dynamic_task_mapping_with_no_taskflow_operators to 2026-07-14T15:06:59.494928+00:00, run_after=2026-07-15T15:06:59.494928+00:00
[2026-07-15T17:07:00.191+0200] {processor.py:179} INFO - Processing /home/ai/.local/lib/python3.9/site-packages/airflow/example_dags/example_dynamic_task_mapping_with_no_taskflow_operators.py took 0.987 seconds
[2026-07-15T17:10:13.612+0200] {processor.py:157} INFO - Started process (PID=3462943) to work on /home/ai/.local/lib/python3.9/site-packages/airflow/example_dags/example_dynamic_task_mapping_with_no_taskflow_operators.py
[2026-07-15T17:10:13.803+0200] {processor.py:829} INFO - Processing file /home/ai/.local/lib/python3.9/site-packages/airflow/example_dags/example_dynamic_task_mapping_with_no_taskflow_operators.py for tasks to queue
[2026-07-15T17:10:13.805+0200] {logging_mixin.py:151} INFO - [2026-07-15T17:10:13.804+0200] {dagbag.py:536} INFO - Filling up the DagBag from /home/ai/.local/lib/python3.9/site-packages/airflow/example_dags/example_dynamic_task_mapping_with_no_taskflow_operators.py
[2026-07-15T17:10:13.819+0200] {processor.py:839} INFO - DAG(s) dict_keys(['example_dynamic_task_mapping_with_no_taskflow_operators']) retrieved from /home/ai/.local/lib/python3.9/site-packages/airflow/example_dags/example_dynamic_task_mapping_with_no_taskflow_operators.py
[2026-07-15T17:10:13.833+0200] {logging_mixin.py:151} INFO - [2026-07-15T17:10:13.833+0200] {dag.py:2941} INFO - Sync 1 DAGs
[2026-07-15T17:10:13.851+0200] {logging_mixin.py:151} INFO - [2026-07-15T17:10:13.851+0200] {dag.py:3722} INFO - Setting next_dagrun for example_dynamic_task_mapping_with_no_taskflow_operators to 2026-07-14T15:10:13.851309+00:00, run_after=2026-07-15T15:10:13.851309+00:00
[2026-07-15T17:10:14.651+0200] {processor.py:179} INFO - Processing /home/ai/.local/lib/python3.9/site-packages/airflow/example_dags/example_dynamic_task_mapping_with_no_taskflow_operators.py took 1.047 seconds
[2026-07-15T17:14:26.532+0200] {processor.py:157} INFO - Started process (PID=3467364) to work on /home/ai/.local/lib/python3.9/site-packages/airflow/example_dags/example_dynamic_task_mapping_with_no_taskflow_operators.py
[2026-07-15T17:14:26.533+0200] {processor.py:829} INFO - Processing file /home/ai/.local/lib/python3.9/site-packages/airflow/example_dags/example_dynamic_task_mapping_with_no_taskflow_operators.py for tasks to queue
[2026-07-15T17:14:26.534+0200] {logging_mixin.py:151} INFO - [2026-07-15T17:14:26.534+0200] {dagbag.py:536} INFO - Filling up the DagBag from /home/ai/.local/lib/python3.9/site-packages/airflow/example_dags/example_dynamic_task_mapping_with_no_taskflow_operators.py
[2026-07-15T17:14:26.543+0200] {processor.py:839} INFO - DAG(s) dict_keys(['example_dynamic_task_mapping_with_no_taskflow_operators']) retrieved from /home/ai/.local/lib/python3.9/site-packages/airflow/example_dags/example_dynamic_task_mapping_with_no_taskflow_operators.py
[2026-07-15T17:14:26.561+0200] {logging_mixin.py:151} INFO - [2026-07-15T17:14:26.561+0200] {dag.py:2941} INFO - Sync 1 DAGs
[2026-07-15T17:14:26.580+0200] {logging_mixin.py:151} INFO - [2026-07-15T17:14:26.580+0200] {dag.py:3722} INFO - Setting next_dagrun for example_dynamic_task_mapping_with_no_taskflow_operators to 2026-07-14T15:14:26.579841+00:00, run_after=2026-07-15T15:14:26.579841+00:00
[2026-07-15T17:14:27.580+0200] {processor.py:179} INFO - Processing /home/ai/.local/lib/python3.9/site-packages/airflow/example_dags/example_dynamic_task_mapping_with_no_taskflow_operators.py took 1.052 seconds
[2026-07-15T17:16:25.632+0200] {processor.py:157} INFO - Started process (PID=3469838) to work on /home/ai/.local/lib/python3.9/site-packages/airflow/example_dags/example_dynamic_task_mapping_with_no_taskflow_operators.py
[2026-07-15T17:16:25.634+0200] {processor.py:829} INFO - Processing file /home/ai/.local/lib/python3.9/site-packages/airflow/example_dags/example_dynamic_task_mapping_with_no_taskflow_operators.py for tasks to queue
[2026-07-15T17:16:25.635+0200] {logging_mixin.py:151} INFO - [2026-07-15T17:16:25.634+0200] {dagbag.py:536} INFO - Filling up the DagBag from /home/ai/.local/lib/python3.9/site-packages/airflow/example_dags/example_dynamic_task_mapping_with_no_taskflow_operators.py
[2026-07-15T17:16:25.642+0200] {processor.py:839} INFO - DAG(s) dict_keys(['example_dynamic_task_mapping_with_no_taskflow_operators']) retrieved from /home/ai/.local/lib/python3.9/site-packages/airflow/example_dags/example_dynamic_task_mapping_with_no_taskflow_operators.py
[2026-07-15T17:16:25.656+0200] {logging_mixin.py:151} INFO - [2026-07-15T17:16:25.656+0200] {dag.py:2941} INFO - Sync 1 DAGs
[2026-07-15T17:16:25.674+0200] {logging_mixin.py:151} INFO - [2026-07-15T17:16:25.673+0200] {dag.py:3722} INFO - Setting next_dagrun for example_dynamic_task_mapping_with_no_taskflow_operators to 2026-07-14T15:16:25.673710+00:00, run_after=2026-07-15T15:16:25.673710+00:00
[2026-07-15T17:16:25.699+0200] {processor.py:179} INFO - Processing /home/ai/.local/lib/python3.9/site-packages/airflow/example_dags/example_dynamic_task_mapping_with_no_taskflow_operators.py took 0.071 seconds
[2026-07-15T17:18:16.475+0200] {processor.py:157} INFO - Started process (PID=3472217) to work on /home/ai/.local/lib/python3.9/site-packages/airflow/example_dags/example_dynamic_task_mapping_with_no_taskflow_operators.py
[2026-07-15T17:18:16.479+0200] {processor.py:829} INFO - Processing file /home/ai/.local/lib/python3.9/site-packages/airflow/example_dags/example_dynamic_task_mapping_with_no_taskflow_operators.py for tasks to queue
[2026-07-15T17:18:16.480+0200] {logging_mixin.py:151} INFO - [2026-07-15T17:18:16.480+0200] {dagbag.py:536} INFO - Filling up the DagBag from /home/ai/.local/lib/python3.9/site-packages/airflow/example_dags/example_dynamic_task_mapping_with_no_taskflow_operators.py
[2026-07-15T17:18:16.487+0200] {processor.py:839} INFO - DAG(s) dict_keys(['example_dynamic_task_mapping_with_no_taskflow_operators']) retrieved from /home/ai/.local/lib/python3.9/site-packages/airflow/example_dags/example_dynamic_task_mapping_with_no_taskflow_operators.py
[2026-07-15T17:18:16.501+0200] {logging_mixin.py:151} INFO - [2026-07-15T17:18:16.500+0200] {dag.py:2941} INFO - Sync 1 DAGs
[2026-07-15T17:18:16.517+0200] {logging_mixin.py:151} INFO - [2026-07-15T17:18:16.517+0200] {dag.py:3722} INFO - Setting next_dagrun for example_dynamic_task_mapping_with_no_taskflow_operators to 2026-07-14T15:18:16.517417+00:00, run_after=2026-07-15T15:18:16.517417+00:00
[2026-07-15T17:18:17.484+0200] {processor.py:179} INFO - Processing /home/ai/.local/lib/python3.9/site-packages/airflow/example_dags/example_dynamic_task_mapping_with_no_taskflow_operators.py took 1.014 seconds
