[2026-07-15T16:15:23.398+0200] {processor.py:157} INFO - Started process (PID=3405887) to work on /home/ai/.local/lib/python3.9/site-packages/airflow/example_dags/example_setup_teardown.py
[2026-07-15T16:15:23.399+0200] {processor.py:829} INFO - Processing file /home/ai/.local/lib/python3.9/site-packages/airflow/example_dags/example_setup_teardown.py for tasks to queue
[2026-07-15T16:15:23.400+0200] {logging_mixin.py:151} INFO - [2026-07-15T16:15:23.399+0200] {dagbag.py:536} INFO - Filling up the DagBag from /home/ai/.local/lib/python3.9/site-packages/airflow/example_dags/example_setup_teardown.py
[2026-07-15T16:15:23.407+0200] {processor.py:839} INFO - DAG(s) dict_keys(['example_setup_teardown']) retrieved from /home/ai/.local/lib/python3.9/site-packages/airflow/example_dags/example_setup_teardown.py
[2026-07-15T16:15:23.424+0200] {logging_mixin.py:151} INFO - [2026-07-15T16:15:23.424+0200] {dag.py:2941} INFO - Sync 1 DAGs
[2026-07-15T16:15:23.443+0200] {logging_mixin.py:151} INFO - [2026-07-15T16:15:23.443+0200] {dag.py:3722} INFO - Setting next_dagrun for example_setup_teardown to 2026-07-14T14:15:23.443136+00:00, run_after=2026-07-15T14:15:23.443136+00:00
[2026-07-15T16:15:23.677+0200] {processor.py:179} INFO - Processing /home/ai/.local/lib/python3.9/site-packages/airflow/example_dags/example_setup_teardown.py took 0.285 seconds
[2026-07-15T16:16:44.953+0200] {processor.py:157} INFO - Started process (PID=3407098) to work on /home/ai/.local/lib/python3.9/site-packages/airflow/example_dags/example_setup_teardown.py
[2026-07-15T16:16:44.954+0200] {processor.py:829} INFO - Processing file /home/ai/.local/lib/python3.9/site-packages/airflow/example_dags/example_setup_teardown.py for tasks to queue
[2026-07-15T16:16:44.955+0200] {logging_mixin.py:151} INFO - [2026-07-15T16:16:44.954+0200] {dagbag.py:536} INFO - Filling up the DagBag from /home/ai/.local/lib/python3.9/site-packages/airflow/example_dags/example_setup_teardown.py
[2026-07-15T16:16:44.963+0200] {processor.py:839} INFO - DAG(s) dict_keys(['example_setup_teardown']) retrieved from /home/ai/.local/lib/python3.9/site-packages/airflow/example_dags/example_setup_teardown.py
[2026-07-15T16:16:44.978+0200] {logging_mixin.py:151} INFO - [2026-07-15T16:16:44.978+0200] {dag.py:2941} INFO - Sync 1 DAGs
[2026-07-15T16:16:44.998+0200] {logging_mixin.py:151} INFO - [2026-07-15T16:16:44.998+0200] {dag.py:3722} INFO - Setting next_dagrun for example_setup_teardown to 2026-07-14T14:16:44.998223+00:00, run_after=2026-07-15T14:16:44.998223+00:00
[2026-07-15T16:16:45.079+0200] {processor.py:179} INFO - Processing /home/ai/.local/lib/python3.9/site-packages/airflow/example_dags/example_setup_teardown.py took 0.130 seconds
[2026-07-15T16:18:13.425+0200] {processor.py:157} INFO - Started process (PID=3408711) to work on /home/ai/.local/lib/python3.9/site-packages/airflow/example_dags/example_setup_teardown.py
[2026-07-15T16:18:13.427+0200] {processor.py:829} INFO - Processing file /home/ai/.local/lib/python3.9/site-packages/airflow/example_dags/example_setup_teardown.py for tasks to queue
[2026-07-15T16:18:13.428+0200] {logging_mixin.py:151} INFO - [2026-07-15T16:18:13.428+0200] {dagbag.py:536} INFO - Filling up the DagBag from /home/ai/.local/lib/python3.9/site-packages/airflow/example_dags/example_setup_teardown.py
[2026-07-15T16:18:13.436+0200] {processor.py:839} INFO - DAG(s) dict_keys(['example_setup_teardown']) retrieved from /home/ai/.local/lib/python3.9/site-packages/airflow/example_dags/example_setup_teardown.py
[2026-07-15T16:18:13.458+0200] {logging_mixin.py:151} INFO - [2026-07-15T16:18:13.458+0200] {dag.py:2941} INFO - Sync 1 DAGs
[2026-07-15T16:18:13.477+0200] {logging_mixin.py:151} INFO - [2026-07-15T16:18:13.477+0200] {dag.py:3722} INFO - Setting next_dagrun for example_setup_teardown to 2026-07-14T14:18:13.477188+00:00, run_after=2026-07-15T14:18:13.477188+00:00
[2026-07-15T16:18:13.495+0200] {processor.py:179} INFO - Processing /home/ai/.local/lib/python3.9/site-packages/airflow/example_dags/example_setup_teardown.py took 0.076 seconds
[2026-07-15T16:19:47.185+0200] {processor.py:157} INFO - Started process (PID=3410333) to work on /home/ai/.local/lib/python3.9/site-packages/airflow/example_dags/example_setup_teardown.py
[2026-07-15T16:19:47.187+0200] {processor.py:829} INFO - Processing file /home/ai/.local/lib/python3.9/site-packages/airflow/example_dags/example_setup_teardown.py for tasks to queue
[2026-07-15T16:19:47.187+0200] {logging_mixin.py:151} INFO - [2026-07-15T16:19:47.187+0200] {dagbag.py:536} INFO - Filling up the DagBag from /home/ai/.local/lib/python3.9/site-packages/airflow/example_dags/example_setup_teardown.py
[2026-07-15T16:19:47.195+0200] {processor.py:839} INFO - DAG(s) dict_keys(['example_setup_teardown']) retrieved from /home/ai/.local/lib/python3.9/site-packages/airflow/example_dags/example_setup_teardown.py
[2026-07-15T16:19:47.212+0200] {logging_mixin.py:151} INFO - [2026-07-15T16:19:47.212+0200] {dag.py:2941} INFO - Sync 1 DAGs
[2026-07-15T16:19:47.233+0200] {logging_mixin.py:151} INFO - [2026-07-15T16:19:47.233+0200] {dag.py:3722} INFO - Setting next_dagrun for example_setup_teardown to 2026-07-14T14:19:47.232827+00:00, run_after=2026-07-15T14:19:47.232827+00:00
[2026-07-15T16:19:47.258+0200] {processor.py:179} INFO - Processing /home/ai/.local/lib/python3.9/site-packages/airflow/example_dags/example_setup_teardown.py took 0.078 seconds
[2026-07-15T16:21:24.249+0200] {processor.py:157} INFO - Started process (PID=3411973) to work on /home/ai/.local/lib/python3.9/site-packages/airflow/example_dags/example_setup_teardown.py
[2026-07-15T16:21:24.251+0200] {processor.py:829} INFO - Processing file /home/ai/.local/lib/python3.9/site-packages/airflow/example_dags/example_setup_teardown.py for tasks to queue
[2026-07-15T16:21:24.252+0200] {logging_mixin.py:151} INFO - [2026-07-15T16:21:24.251+0200] {dagbag.py:536} INFO - Filling up the DagBag from /home/ai/.local/lib/python3.9/site-packages/airflow/example_dags/example_setup_teardown.py
[2026-07-15T16:21:24.260+0200] {processor.py:839} INFO - DAG(s) dict_keys(['example_setup_teardown']) retrieved from /home/ai/.local/lib/python3.9/site-packages/airflow/example_dags/example_setup_teardown.py
[2026-07-15T16:21:24.276+0200] {logging_mixin.py:151} INFO - [2026-07-15T16:21:24.276+0200] {dag.py:2941} INFO - Sync 1 DAGs
[2026-07-15T16:21:24.295+0200] {logging_mixin.py:151} INFO - [2026-07-15T16:21:24.294+0200] {dag.py:3722} INFO - Setting next_dagrun for example_setup_teardown to 2026-07-14T14:21:24.294771+00:00, run_after=2026-07-15T14:21:24.294771+00:00
[2026-07-15T16:21:24.313+0200] {processor.py:179} INFO - Processing /home/ai/.local/lib/python3.9/site-packages/airflow/example_dags/example_setup_teardown.py took 0.068 seconds
[2026-07-15T16:22:52.496+0200] {processor.py:157} INFO - Started process (PID=3413517) to work on /home/ai/.local/lib/python3.9/site-packages/airflow/example_dags/example_setup_teardown.py
[2026-07-15T16:22:52.498+0200] {processor.py:829} INFO - Processing file /home/ai/.local/lib/python3.9/site-packages/airflow/example_dags/example_setup_teardown.py for tasks to queue
[2026-07-15T16:22:52.499+0200] {logging_mixin.py:151} INFO - [2026-07-15T16:22:52.499+0200] {dagbag.py:536} INFO - Filling up the DagBag from /home/ai/.local/lib/python3.9/site-packages/airflow/example_dags/example_setup_teardown.py
[2026-07-15T16:22:52.506+0200] {processor.py:839} INFO - DAG(s) dict_keys(['example_setup_teardown']) retrieved from /home/ai/.local/lib/python3.9/site-packages/airflow/example_dags/example_setup_teardown.py
[2026-07-15T16:22:52.520+0200] {logging_mixin.py:151} INFO - [2026-07-15T16:22:52.520+0200] {dag.py:2941} INFO - Sync 1 DAGs
[2026-07-15T16:22:52.536+0200] {logging_mixin.py:151} INFO - [2026-07-15T16:22:52.536+0200] {dag.py:3722} INFO - Setting next_dagrun for example_setup_teardown to 2026-07-14T14:22:52.536338+00:00, run_after=2026-07-15T14:22:52.536338+00:00
[2026-07-15T16:22:52.558+0200] {processor.py:179} INFO - Processing /home/ai/.local/lib/python3.9/site-packages/airflow/example_dags/example_setup_teardown.py took 0.068 seconds
[2026-07-15T16:24:15.343+0200] {processor.py:157} INFO - Started process (PID=3414929) to work on /home/ai/.local/lib/python3.9/site-packages/airflow/example_dags/example_setup_teardown.py
[2026-07-15T16:24:15.345+0200] {processor.py:829} INFO - Processing file /home/ai/.local/lib/python3.9/site-packages/airflow/example_dags/example_setup_teardown.py for tasks to queue
[2026-07-15T16:24:15.346+0200] {logging_mixin.py:151} INFO - [2026-07-15T16:24:15.345+0200] {dagbag.py:536} INFO - Filling up the DagBag from /home/ai/.local/lib/python3.9/site-packages/airflow/example_dags/example_setup_teardown.py
[2026-07-15T16:24:15.353+0200] {processor.py:839} INFO - DAG(s) dict_keys(['example_setup_teardown']) retrieved from /home/ai/.local/lib/python3.9/site-packages/airflow/example_dags/example_setup_teardown.py
[2026-07-15T16:24:15.370+0200] {logging_mixin.py:151} INFO - [2026-07-15T16:24:15.369+0200] {dag.py:2941} INFO - Sync 1 DAGs
[2026-07-15T16:24:15.388+0200] {logging_mixin.py:151} INFO - [2026-07-15T16:24:15.387+0200] {dag.py:3722} INFO - Setting next_dagrun for example_setup_teardown to 2026-07-14T14:24:15.387687+00:00, run_after=2026-07-15T14:24:15.387687+00:00
[2026-07-15T16:24:15.837+0200] {processor.py:179} INFO - Processing /home/ai/.local/lib/python3.9/site-packages/airflow/example_dags/example_setup_teardown.py took 0.497 seconds
[2026-07-15T16:25:34.765+0200] {processor.py:157} INFO - Started process (PID=3416224) to work on /home/ai/.local/lib/python3.9/site-packages/airflow/example_dags/example_setup_teardown.py
[2026-07-15T16:25:34.766+0200] {processor.py:829} INFO - Processing file /home/ai/.local/lib/python3.9/site-packages/airflow/example_dags/example_setup_teardown.py for tasks to queue
[2026-07-15T16:25:34.767+0200] {logging_mixin.py:151} INFO - [2026-07-15T16:25:34.767+0200] {dagbag.py:536} INFO - Filling up the DagBag from /home/ai/.local/lib/python3.9/site-packages/airflow/example_dags/example_setup_teardown.py
[2026-07-15T16:25:34.775+0200] {processor.py:839} INFO - DAG(s) dict_keys(['example_setup_teardown']) retrieved from /home/ai/.local/lib/python3.9/site-packages/airflow/example_dags/example_setup_teardown.py
[2026-07-15T16:25:34.791+0200] {logging_mixin.py:151} INFO - [2026-07-15T16:25:34.791+0200] {dag.py:2941} INFO - Sync 1 DAGs
[2026-07-15T16:25:34.811+0200] {logging_mixin.py:151} INFO - [2026-07-15T16:25:34.810+0200] {dag.py:3722} INFO - Setting next_dagrun for example_setup_teardown to 2026-07-14T14:25:34.809396+00:00, run_after=2026-07-15T14:25:34.809396+00:00
[2026-07-15T16:25:34.847+0200] {processor.py:179} INFO - Processing /home/ai/.local/lib/python3.9/site-packages/airflow/example_dags/example_setup_teardown.py took 0.088 seconds
[2026-07-15T16:27:28.104+0200] {processor.py:157} INFO - Started process (PID=3418232) to work on /home/ai/.local/lib/python3.9/site-packages/airflow/example_dags/example_setup_teardown.py
[2026-07-15T16:27:28.105+0200] {processor.py:829} INFO - Processing file /home/ai/.local/lib/python3.9/site-packages/airflow/example_dags/example_setup_teardown.py for tasks to queue
[2026-07-15T16:27:28.106+0200] {logging_mixin.py:151} INFO - [2026-07-15T16:27:28.106+0200] {dagbag.py:536} INFO - Filling up the DagBag from /home/ai/.local/lib/python3.9/site-packages/airflow/example_dags/example_setup_teardown.py
[2026-07-15T16:27:28.116+0200] {processor.py:839} INFO - DAG(s) dict_keys(['example_setup_teardown']) retrieved from /home/ai/.local/lib/python3.9/site-packages/airflow/example_dags/example_setup_teardown.py
[2026-07-15T16:27:28.131+0200] {logging_mixin.py:151} INFO - [2026-07-15T16:27:28.131+0200] {dag.py:2941} INFO - Sync 1 DAGs
[2026-07-15T16:27:28.150+0200] {logging_mixin.py:151} INFO - [2026-07-15T16:27:28.150+0200] {dag.py:3722} INFO - Setting next_dagrun for example_setup_teardown to 2026-07-14T14:27:28.150220+00:00, run_after=2026-07-15T14:27:28.150220+00:00
[2026-07-15T16:27:30.187+0200] {processor.py:179} INFO - Processing /home/ai/.local/lib/python3.9/site-packages/airflow/example_dags/example_setup_teardown.py took 2.087 seconds
[2026-07-15T16:29:05.187+0200] {processor.py:157} INFO - Started process (PID=3419848) to work on /home/ai/.local/lib/python3.9/site-packages/airflow/example_dags/example_setup_teardown.py
[2026-07-15T16:29:05.189+0200] {processor.py:829} INFO - Processing file /home/ai/.local/lib/python3.9/site-packages/airflow/example_dags/example_setup_teardown.py for tasks to queue
[2026-07-15T16:29:05.190+0200] {logging_mixin.py:151} INFO - [2026-07-15T16:29:05.190+0200] {dagbag.py:536} INFO - Filling up the DagBag from /home/ai/.local/lib/python3.9/site-packages/airflow/example_dags/example_setup_teardown.py
[2026-07-15T16:29:05.198+0200] {processor.py:839} INFO - DAG(s) dict_keys(['example_setup_teardown']) retrieved from /home/ai/.local/lib/python3.9/site-packages/airflow/example_dags/example_setup_teardown.py
[2026-07-15T16:29:05.213+0200] {logging_mixin.py:151} INFO - [2026-07-15T16:29:05.213+0200] {dag.py:2941} INFO - Sync 1 DAGs
[2026-07-15T16:29:05.231+0200] {logging_mixin.py:151} INFO - [2026-07-15T16:29:05.231+0200] {dag.py:3722} INFO - Setting next_dagrun for example_setup_teardown to 2026-07-14T14:29:05.231357+00:00, run_after=2026-07-15T14:29:05.231357+00:00
[2026-07-15T16:29:05.281+0200] {processor.py:179} INFO - Processing /home/ai/.local/lib/python3.9/site-packages/airflow/example_dags/example_setup_teardown.py took 0.099 seconds
[2026-07-15T16:30:44.848+0200] {processor.py:157} INFO - Started process (PID=3421492) to work on /home/ai/.local/lib/python3.9/site-packages/airflow/example_dags/example_setup_teardown.py
[2026-07-15T16:30:44.850+0200] {processor.py:829} INFO - Processing file /home/ai/.local/lib/python3.9/site-packages/airflow/example_dags/example_setup_teardown.py for tasks to queue
[2026-07-15T16:30:44.851+0200] {logging_mixin.py:151} INFO - [2026-07-15T16:30:44.851+0200] {dagbag.py:536} INFO - Filling up the DagBag from /home/ai/.local/lib/python3.9/site-packages/airflow/example_dags/example_setup_teardown.py
[2026-07-15T16:30:44.859+0200] {processor.py:839} INFO - DAG(s) dict_keys(['example_setup_teardown']) retrieved from /home/ai/.local/lib/python3.9/site-packages/airflow/example_dags/example_setup_teardown.py
[2026-07-15T16:30:44.874+0200] {logging_mixin.py:151} INFO - [2026-07-15T16:30:44.874+0200] {dag.py:2941} INFO - Sync 1 DAGs
[2026-07-15T16:30:44.892+0200] {logging_mixin.py:151} INFO - [2026-07-15T16:30:44.892+0200] {dag.py:3722} INFO - Setting next_dagrun for example_setup_teardown to 2026-07-14T14:30:44.892243+00:00, run_after=2026-07-15T14:30:44.892243+00:00
[2026-07-15T16:30:44.915+0200] {processor.py:179} INFO - Processing /home/ai/.local/lib/python3.9/site-packages/airflow/example_dags/example_setup_teardown.py took 0.072 seconds
[2026-07-15T16:32:15.478+0200] {processor.py:157} INFO - Started process (PID=3423006) to work on /home/ai/.local/lib/python3.9/site-packages/airflow/example_dags/example_setup_teardown.py
[2026-07-15T16:32:15.480+0200] {processor.py:829} INFO - Processing file /home/ai/.local/lib/python3.9/site-packages/airflow/example_dags/example_setup_teardown.py for tasks to queue
[2026-07-15T16:32:15.481+0200] {logging_mixin.py:151} INFO - [2026-07-15T16:32:15.480+0200] {dagbag.py:536} INFO - Filling up the DagBag from /home/ai/.local/lib/python3.9/site-packages/airflow/example_dags/example_setup_teardown.py
[2026-07-15T16:32:15.489+0200] {processor.py:839} INFO - DAG(s) dict_keys(['example_setup_teardown']) retrieved from /home/ai/.local/lib/python3.9/site-packages/airflow/example_dags/example_setup_teardown.py
[2026-07-15T16:32:15.505+0200] {logging_mixin.py:151} INFO - [2026-07-15T16:32:15.505+0200] {dag.py:2941} INFO - Sync 1 DAGs
[2026-07-15T16:32:15.522+0200] {logging_mixin.py:151} INFO - [2026-07-15T16:32:15.522+0200] {dag.py:3722} INFO - Setting next_dagrun for example_setup_teardown to 2026-07-14T14:32:15.522558+00:00, run_after=2026-07-15T14:32:15.522558+00:00
[2026-07-15T16:32:15.966+0200] {processor.py:179} INFO - Processing /home/ai/.local/lib/python3.9/site-packages/airflow/example_dags/example_setup_teardown.py took 0.492 seconds
[2026-07-15T16:33:46.600+0200] {processor.py:157} INFO - Started process (PID=3424670) to work on /home/ai/.local/lib/python3.9/site-packages/airflow/example_dags/example_setup_teardown.py
[2026-07-15T16:33:46.601+0200] {processor.py:829} INFO - Processing file /home/ai/.local/lib/python3.9/site-packages/airflow/example_dags/example_setup_teardown.py for tasks to queue
[2026-07-15T16:33:46.602+0200] {logging_mixin.py:151} INFO - [2026-07-15T16:33:46.602+0200] {dagbag.py:536} INFO - Filling up the DagBag from /home/ai/.local/lib/python3.9/site-packages/airflow/example_dags/example_setup_teardown.py
[2026-07-15T16:33:46.610+0200] {processor.py:839} INFO - DAG(s) dict_keys(['example_setup_teardown']) retrieved from /home/ai/.local/lib/python3.9/site-packages/airflow/example_dags/example_setup_teardown.py
[2026-07-15T16:33:46.626+0200] {logging_mixin.py:151} INFO - [2026-07-15T16:33:46.626+0200] {dag.py:2941} INFO - Sync 1 DAGs
[2026-07-15T16:33:46.648+0200] {logging_mixin.py:151} INFO - [2026-07-15T16:33:46.648+0200] {dag.py:3722} INFO - Setting next_dagrun for example_setup_teardown to 2026-07-14T14:33:46.647679+00:00, run_after=2026-07-15T14:33:46.647679+00:00
[2026-07-15T16:33:46.755+0200] {processor.py:179} INFO - Processing /home/ai/.local/lib/python3.9/site-packages/airflow/example_dags/example_setup_teardown.py took 0.159 seconds
[2026-07-15T16:35:14.757+0200] {processor.py:157} INFO - Started process (PID=3426105) to work on /home/ai/.local/lib/python3.9/site-packages/airflow/example_dags/example_setup_teardown.py
[2026-07-15T16:35:14.758+0200] {processor.py:829} INFO - Processing file /home/ai/.local/lib/python3.9/site-packages/airflow/example_dags/example_setup_teardown.py for tasks to queue
[2026-07-15T16:35:14.759+0200] {logging_mixin.py:151} INFO - [2026-07-15T16:35:14.758+0200] {dagbag.py:536} INFO - Filling up the DagBag from /home/ai/.local/lib/python3.9/site-packages/airflow/example_dags/example_setup_teardown.py
[2026-07-15T16:35:14.767+0200] {processor.py:839} INFO - DAG(s) dict_keys(['example_setup_teardown']) retrieved from /home/ai/.local/lib/python3.9/site-packages/airflow/example_dags/example_setup_teardown.py
[2026-07-15T16:35:14.784+0200] {logging_mixin.py:151} INFO - [2026-07-15T16:35:14.784+0200] {dag.py:2941} INFO - Sync 1 DAGs
[2026-07-15T16:35:14.804+0200] {logging_mixin.py:151} INFO - [2026-07-15T16:35:14.803+0200] {dag.py:3722} INFO - Setting next_dagrun for example_setup_teardown to 2026-07-14T14:35:14.803605+00:00, run_after=2026-07-15T14:35:14.803605+00:00
[2026-07-15T16:35:14.830+0200] {processor.py:179} INFO - Processing /home/ai/.local/lib/python3.9/site-packages/airflow/example_dags/example_setup_teardown.py took 0.081 seconds
[2026-07-15T16:36:42.042+0200] {processor.py:157} INFO - Started process (PID=3427938) to work on /home/ai/.local/lib/python3.9/site-packages/airflow/example_dags/example_setup_teardown.py
[2026-07-15T16:36:42.043+0200] {processor.py:829} INFO - Processing file /home/ai/.local/lib/python3.9/site-packages/airflow/example_dags/example_setup_teardown.py for tasks to queue
[2026-07-15T16:36:42.045+0200] {logging_mixin.py:151} INFO - [2026-07-15T16:36:42.044+0200] {dagbag.py:536} INFO - Filling up the DagBag from /home/ai/.local/lib/python3.9/site-packages/airflow/example_dags/example_setup_teardown.py
[2026-07-15T16:36:42.055+0200] {processor.py:839} INFO - DAG(s) dict_keys(['example_setup_teardown']) retrieved from /home/ai/.local/lib/python3.9/site-packages/airflow/example_dags/example_setup_teardown.py
[2026-07-15T16:36:42.076+0200] {logging_mixin.py:151} INFO - [2026-07-15T16:36:42.076+0200] {dag.py:2941} INFO - Sync 1 DAGs
[2026-07-15T16:36:42.163+0200] {logging_mixin.py:151} INFO - [2026-07-15T16:36:42.162+0200] {dag.py:3722} INFO - Setting next_dagrun for example_setup_teardown to 2026-07-14T14:36:42.162035+00:00, run_after=2026-07-15T14:36:42.162035+00:00
[2026-07-15T16:36:43.531+0200] {processor.py:179} INFO - Processing /home/ai/.local/lib/python3.9/site-packages/airflow/example_dags/example_setup_teardown.py took 1.494 seconds
[2026-07-15T16:38:38.775+0200] {processor.py:157} INFO - Started process (PID=3430187) to work on /home/ai/.local/lib/python3.9/site-packages/airflow/example_dags/example_setup_teardown.py
[2026-07-15T16:38:38.777+0200] {processor.py:829} INFO - Processing file /home/ai/.local/lib/python3.9/site-packages/airflow/example_dags/example_setup_teardown.py for tasks to queue
[2026-07-15T16:38:38.778+0200] {logging_mixin.py:151} INFO - [2026-07-15T16:38:38.777+0200] {dagbag.py:536} INFO - Filling up the DagBag from /home/ai/.local/lib/python3.9/site-packages/airflow/example_dags/example_setup_teardown.py
[2026-07-15T16:38:38.786+0200] {processor.py:839} INFO - DAG(s) dict_keys(['example_setup_teardown']) retrieved from /home/ai/.local/lib/python3.9/site-packages/airflow/example_dags/example_setup_teardown.py
[2026-07-15T16:38:38.802+0200] {logging_mixin.py:151} INFO - [2026-07-15T16:38:38.802+0200] {dag.py:2941} INFO - Sync 1 DAGs
[2026-07-15T16:38:38.820+0200] {logging_mixin.py:151} INFO - [2026-07-15T16:38:38.819+0200] {dag.py:3722} INFO - Setting next_dagrun for example_setup_teardown to 2026-07-14T14:38:38.819637+00:00, run_after=2026-07-15T14:38:38.819637+00:00
[2026-07-15T16:38:39.960+0200] {processor.py:179} INFO - Processing /home/ai/.local/lib/python3.9/site-packages/airflow/example_dags/example_setup_teardown.py took 1.189 seconds
[2026-07-15T16:40:20.309+0200] {processor.py:157} INFO - Started process (PID=3432038) to work on /home/ai/.local/lib/python3.9/site-packages/airflow/example_dags/example_setup_teardown.py
[2026-07-15T16:40:20.310+0200] {processor.py:829} INFO - Processing file /home/ai/.local/lib/python3.9/site-packages/airflow/example_dags/example_setup_teardown.py for tasks to queue
[2026-07-15T16:40:20.311+0200] {logging_mixin.py:151} INFO - [2026-07-15T16:40:20.310+0200] {dagbag.py:536} INFO - Filling up the DagBag from /home/ai/.local/lib/python3.9/site-packages/airflow/example_dags/example_setup_teardown.py
[2026-07-15T16:40:20.319+0200] {processor.py:839} INFO - DAG(s) dict_keys(['example_setup_teardown']) retrieved from /home/ai/.local/lib/python3.9/site-packages/airflow/example_dags/example_setup_teardown.py
[2026-07-15T16:40:20.334+0200] {logging_mixin.py:151} INFO - [2026-07-15T16:40:20.334+0200] {dag.py:2941} INFO - Sync 1 DAGs
[2026-07-15T16:40:20.351+0200] {logging_mixin.py:151} INFO - [2026-07-15T16:40:20.351+0200] {dag.py:3722} INFO - Setting next_dagrun for example_setup_teardown to 2026-07-14T14:40:20.351273+00:00, run_after=2026-07-15T14:40:20.351273+00:00
[2026-07-15T16:40:20.369+0200] {processor.py:179} INFO - Processing /home/ai/.local/lib/python3.9/site-packages/airflow/example_dags/example_setup_teardown.py took 0.065 seconds
[2026-07-15T16:41:24.732+0200] {processor.py:157} INFO - Started process (PID=3433207) to work on /home/ai/.local/lib/python3.9/site-packages/airflow/example_dags/example_setup_teardown.py
[2026-07-15T16:41:24.734+0200] {processor.py:829} INFO - Processing file /home/ai/.local/lib/python3.9/site-packages/airflow/example_dags/example_setup_teardown.py for tasks to queue
[2026-07-15T16:41:24.736+0200] {logging_mixin.py:151} INFO - [2026-07-15T16:41:24.735+0200] {dagbag.py:536} INFO - Filling up the DagBag from /home/ai/.local/lib/python3.9/site-packages/airflow/example_dags/example_setup_teardown.py
[2026-07-15T16:41:24.743+0200] {processor.py:839} INFO - DAG(s) dict_keys(['example_setup_teardown']) retrieved from /home/ai/.local/lib/python3.9/site-packages/airflow/example_dags/example_setup_teardown.py
[2026-07-15T16:41:24.761+0200] {logging_mixin.py:151} INFO - [2026-07-15T16:41:24.761+0200] {dag.py:2941} INFO - Sync 1 DAGs
[2026-07-15T16:41:24.788+0200] {logging_mixin.py:151} INFO - [2026-07-15T16:41:24.788+0200] {dag.py:3722} INFO - Setting next_dagrun for example_setup_teardown to 2026-07-14T14:41:24.787763+00:00, run_after=2026-07-15T14:41:24.787763+00:00
[2026-07-15T16:41:24.806+0200] {processor.py:179} INFO - Processing /home/ai/.local/lib/python3.9/site-packages/airflow/example_dags/example_setup_teardown.py took 0.077 seconds
[2026-07-15T16:43:04.320+0200] {processor.py:157} INFO - Started process (PID=3434976) to work on /home/ai/.local/lib/python3.9/site-packages/airflow/example_dags/example_setup_teardown.py
[2026-07-15T16:43:04.321+0200] {processor.py:829} INFO - Processing file /home/ai/.local/lib/python3.9/site-packages/airflow/example_dags/example_setup_teardown.py for tasks to queue
[2026-07-15T16:43:04.322+0200] {logging_mixin.py:151} INFO - [2026-07-15T16:43:04.322+0200] {dagbag.py:536} INFO - Filling up the DagBag from /home/ai/.local/lib/python3.9/site-packages/airflow/example_dags/example_setup_teardown.py
[2026-07-15T16:43:04.330+0200] {processor.py:839} INFO - DAG(s) dict_keys(['example_setup_teardown']) retrieved from /home/ai/.local/lib/python3.9/site-packages/airflow/example_dags/example_setup_teardown.py
[2026-07-15T16:43:04.386+0200] {logging_mixin.py:151} INFO - [2026-07-15T16:43:04.386+0200] {dag.py:2941} INFO - Sync 1 DAGs
[2026-07-15T16:43:04.405+0200] {logging_mixin.py:151} INFO - [2026-07-15T16:43:04.404+0200] {dag.py:3722} INFO - Setting next_dagrun for example_setup_teardown to 2026-07-14T14:43:04.404742+00:00, run_after=2026-07-15T14:43:04.404742+00:00
[2026-07-15T16:43:04.424+0200] {processor.py:179} INFO - Processing /home/ai/.local/lib/python3.9/site-packages/airflow/example_dags/example_setup_teardown.py took 0.110 seconds
[2026-07-15T16:44:33.605+0200] {processor.py:157} INFO - Started process (PID=3436583) to work on /home/ai/.local/lib/python3.9/site-packages/airflow/example_dags/example_setup_teardown.py
[2026-07-15T16:44:33.606+0200] {processor.py:829} INFO - Processing file /home/ai/.local/lib/python3.9/site-packages/airflow/example_dags/example_setup_teardown.py for tasks to queue
[2026-07-15T16:44:33.607+0200] {logging_mixin.py:151} INFO - [2026-07-15T16:44:33.607+0200] {dagbag.py:536} INFO - Filling up the DagBag from /home/ai/.local/lib/python3.9/site-packages/airflow/example_dags/example_setup_teardown.py
[2026-07-15T16:44:33.615+0200] {processor.py:839} INFO - DAG(s) dict_keys(['example_setup_teardown']) retrieved from /home/ai/.local/lib/python3.9/site-packages/airflow/example_dags/example_setup_teardown.py
[2026-07-15T16:44:33.632+0200] {logging_mixin.py:151} INFO - [2026-07-15T16:44:33.631+0200] {dag.py:2941} INFO - Sync 1 DAGs
[2026-07-15T16:44:33.656+0200] {logging_mixin.py:151} INFO - [2026-07-15T16:44:33.655+0200] {dag.py:3722} INFO - Setting next_dagrun for example_setup_teardown to 2026-07-14T14:44:33.655609+00:00, run_after=2026-07-15T14:44:33.655609+00:00
[2026-07-15T16:44:33.673+0200] {processor.py:179} INFO - Processing /home/ai/.local/lib/python3.9/site-packages/airflow/example_dags/example_setup_teardown.py took 0.071 seconds
[2026-07-15T16:46:31.105+0200] {processor.py:157} INFO - Started process (PID=3438655) to work on /home/ai/.local/lib/python3.9/site-packages/airflow/example_dags/example_setup_teardown.py
[2026-07-15T16:46:31.106+0200] {processor.py:829} INFO - Processing file /home/ai/.local/lib/python3.9/site-packages/airflow/example_dags/example_setup_teardown.py for tasks to queue
[2026-07-15T16:46:31.108+0200] {logging_mixin.py:151} INFO - [2026-07-15T16:46:31.107+0200] {dagbag.py:536} INFO - Filling up the DagBag from /home/ai/.local/lib/python3.9/site-packages/airflow/example_dags/example_setup_teardown.py
[2026-07-15T16:46:31.116+0200] {processor.py:839} INFO - DAG(s) dict_keys(['example_setup_teardown']) retrieved from /home/ai/.local/lib/python3.9/site-packages/airflow/example_dags/example_setup_teardown.py
[2026-07-15T16:46:31.132+0200] {logging_mixin.py:151} INFO - [2026-07-15T16:46:31.131+0200] {dag.py:2941} INFO - Sync 1 DAGs
[2026-07-15T16:46:31.151+0200] {logging_mixin.py:151} INFO - [2026-07-15T16:46:31.151+0200] {dag.py:3722} INFO - Setting next_dagrun for example_setup_teardown to 2026-07-14T14:46:31.150888+00:00, run_after=2026-07-15T14:46:31.150888+00:00
[2026-07-15T16:46:32.182+0200] {processor.py:179} INFO - Processing /home/ai/.local/lib/python3.9/site-packages/airflow/example_dags/example_setup_teardown.py took 1.083 seconds
[2026-07-15T16:48:22.750+0200] {processor.py:157} INFO - Started process (PID=3440510) to work on /home/ai/.local/lib/python3.9/site-packages/airflow/example_dags/example_setup_teardown.py
[2026-07-15T16:48:22.751+0200] {processor.py:829} INFO - Processing file /home/ai/.local/lib/python3.9/site-packages/airflow/example_dags/example_setup_teardown.py for tasks to queue
[2026-07-15T16:48:22.753+0200] {logging_mixin.py:151} INFO - [2026-07-15T16:48:22.752+0200] {dagbag.py:536} INFO - Filling up the DagBag from /home/ai/.local/lib/python3.9/site-packages/airflow/example_dags/example_setup_teardown.py
[2026-07-15T16:48:22.760+0200] {processor.py:839} INFO - DAG(s) dict_keys(['example_setup_teardown']) retrieved from /home/ai/.local/lib/python3.9/site-packages/airflow/example_dags/example_setup_teardown.py
[2026-07-15T16:48:22.776+0200] {logging_mixin.py:151} INFO - [2026-07-15T16:48:22.776+0200] {dag.py:2941} INFO - Sync 1 DAGs
[2026-07-15T16:48:22.794+0200] {logging_mixin.py:151} INFO - [2026-07-15T16:48:22.794+0200] {dag.py:3722} INFO - Setting next_dagrun for example_setup_teardown to 2026-07-14T14:48:22.793798+00:00, run_after=2026-07-15T14:48:22.793798+00:00
[2026-07-15T16:48:24.619+0200] {processor.py:179} INFO - Processing /home/ai/.local/lib/python3.9/site-packages/airflow/example_dags/example_setup_teardown.py took 1.875 seconds
[2026-07-15T16:50:18.531+0200] {processor.py:157} INFO - Started process (PID=3442476) to work on /home/ai/.local/lib/python3.9/site-packages/airflow/example_dags/example_setup_teardown.py
[2026-07-15T16:50:18.533+0200] {processor.py:829} INFO - Processing file /home/ai/.local/lib/python3.9/site-packages/airflow/example_dags/example_setup_teardown.py for tasks to queue
[2026-07-15T16:50:18.534+0200] {logging_mixin.py:151} INFO - [2026-07-15T16:50:18.534+0200] {dagbag.py:536} INFO - Filling up the DagBag from /home/ai/.local/lib/python3.9/site-packages/airflow/example_dags/example_setup_teardown.py
[2026-07-15T16:50:18.542+0200] {processor.py:839} INFO - DAG(s) dict_keys(['example_setup_teardown']) retrieved from /home/ai/.local/lib/python3.9/site-packages/airflow/example_dags/example_setup_teardown.py
[2026-07-15T16:50:18.557+0200] {logging_mixin.py:151} INFO - [2026-07-15T16:50:18.557+0200] {dag.py:2941} INFO - Sync 1 DAGs
[2026-07-15T16:50:18.575+0200] {logging_mixin.py:151} INFO - [2026-07-15T16:50:18.574+0200] {dag.py:3722} INFO - Setting next_dagrun for example_setup_teardown to 2026-07-14T14:50:18.574640+00:00, run_after=2026-07-15T14:50:18.574640+00:00
[2026-07-15T16:50:20.147+0200] {processor.py:179} INFO - Processing /home/ai/.local/lib/python3.9/site-packages/airflow/example_dags/example_setup_teardown.py took 1.621 seconds
[2026-07-15T16:52:17.510+0200] {processor.py:157} INFO - Started process (PID=3444513) to work on /home/ai/.local/lib/python3.9/site-packages/airflow/example_dags/example_setup_teardown.py
[2026-07-15T16:52:17.868+0200] {processor.py:829} INFO - Processing file /home/ai/.local/lib/python3.9/site-packages/airflow/example_dags/example_setup_teardown.py for tasks to queue
[2026-07-15T16:52:17.869+0200] {logging_mixin.py:151} INFO - [2026-07-15T16:52:17.869+0200] {dagbag.py:536} INFO - Filling up the DagBag from /home/ai/.local/lib/python3.9/site-packages/airflow/example_dags/example_setup_teardown.py
[2026-07-15T16:52:17.879+0200] {processor.py:839} INFO - DAG(s) dict_keys(['example_setup_teardown']) retrieved from /home/ai/.local/lib/python3.9/site-packages/airflow/example_dags/example_setup_teardown.py
[2026-07-15T16:52:17.898+0200] {logging_mixin.py:151} INFO - [2026-07-15T16:52:17.897+0200] {dag.py:2941} INFO - Sync 1 DAGs
[2026-07-15T16:52:17.921+0200] {logging_mixin.py:151} INFO - [2026-07-15T16:52:17.920+0200] {dag.py:3722} INFO - Setting next_dagrun for example_setup_teardown to 2026-07-14T14:52:17.920421+00:00, run_after=2026-07-15T14:52:17.920421+00:00
[2026-07-15T16:52:19.594+0200] {processor.py:179} INFO - Processing /home/ai/.local/lib/python3.9/site-packages/airflow/example_dags/example_setup_teardown.py took 2.090 seconds
[2026-07-15T16:53:27.315+0200] {processor.py:157} INFO - Started process (PID=3445709) to work on /home/ai/.local/lib/python3.9/site-packages/airflow/example_dags/example_setup_teardown.py
[2026-07-15T16:53:27.317+0200] {processor.py:829} INFO - Processing file /home/ai/.local/lib/python3.9/site-packages/airflow/example_dags/example_setup_teardown.py for tasks to queue
[2026-07-15T16:53:27.318+0200] {logging_mixin.py:151} INFO - [2026-07-15T16:53:27.317+0200] {dagbag.py:536} INFO - Filling up the DagBag from /home/ai/.local/lib/python3.9/site-packages/airflow/example_dags/example_setup_teardown.py
[2026-07-15T16:53:27.325+0200] {processor.py:839} INFO - DAG(s) dict_keys(['example_setup_teardown']) retrieved from /home/ai/.local/lib/python3.9/site-packages/airflow/example_dags/example_setup_teardown.py
[2026-07-15T16:53:27.340+0200] {logging_mixin.py:151} INFO - [2026-07-15T16:53:27.340+0200] {dag.py:2941} INFO - Sync 1 DAGs
[2026-07-15T16:53:27.357+0200] {logging_mixin.py:151} INFO - [2026-07-15T16:53:27.357+0200] {dag.py:3722} INFO - Setting next_dagrun for example_setup_teardown to 2026-07-14T14:53:27.356958+00:00, run_after=2026-07-15T14:53:27.356958+00:00
[2026-07-15T16:53:30.549+0200] {processor.py:179} INFO - Processing /home/ai/.local/lib/python3.9/site-packages/airflow/example_dags/example_setup_teardown.py took 3.239 seconds
[2026-07-15T16:55:41.872+0200] {processor.py:157} INFO - Started process (PID=3447889) to work on /home/ai/.local/lib/python3.9/site-packages/airflow/example_dags/example_setup_teardown.py
[2026-07-15T16:55:41.873+0200] {processor.py:829} INFO - Processing file /home/ai/.local/lib/python3.9/site-packages/airflow/example_dags/example_setup_teardown.py for tasks to queue
[2026-07-15T16:55:41.874+0200] {logging_mixin.py:151} INFO - [2026-07-15T16:55:41.874+0200] {dagbag.py:536} INFO - Filling up the DagBag from /home/ai/.local/lib/python3.9/site-packages/airflow/example_dags/example_setup_teardown.py
[2026-07-15T16:55:41.883+0200] {processor.py:839} INFO - DAG(s) dict_keys(['example_setup_teardown']) retrieved from /home/ai/.local/lib/python3.9/site-packages/airflow/example_dags/example_setup_teardown.py
[2026-07-15T16:55:41.898+0200] {logging_mixin.py:151} INFO - [2026-07-15T16:55:41.898+0200] {dag.py:2941} INFO - Sync 1 DAGs
[2026-07-15T16:55:41.917+0200] {logging_mixin.py:151} INFO - [2026-07-15T16:55:41.917+0200] {dag.py:3722} INFO - Setting next_dagrun for example_setup_teardown to 2026-07-14T14:55:41.916979+00:00, run_after=2026-07-15T14:55:41.916979+00:00
[2026-07-15T16:55:45.089+0200] {processor.py:179} INFO - Processing /home/ai/.local/lib/python3.9/site-packages/airflow/example_dags/example_setup_teardown.py took 3.223 seconds
[2026-07-15T16:57:50.465+0200] {processor.py:157} INFO - Started process (PID=3450135) to work on /home/ai/.local/lib/python3.9/site-packages/airflow/example_dags/example_setup_teardown.py
[2026-07-15T16:57:50.467+0200] {processor.py:829} INFO - Processing file /home/ai/.local/lib/python3.9/site-packages/airflow/example_dags/example_setup_teardown.py for tasks to queue
[2026-07-15T16:57:50.468+0200] {logging_mixin.py:151} INFO - [2026-07-15T16:57:50.467+0200] {dagbag.py:536} INFO - Filling up the DagBag from /home/ai/.local/lib/python3.9/site-packages/airflow/example_dags/example_setup_teardown.py
[2026-07-15T16:57:50.476+0200] {processor.py:839} INFO - DAG(s) dict_keys(['example_setup_teardown']) retrieved from /home/ai/.local/lib/python3.9/site-packages/airflow/example_dags/example_setup_teardown.py
[2026-07-15T16:57:50.492+0200] {logging_mixin.py:151} INFO - [2026-07-15T16:57:50.492+0200] {dag.py:2941} INFO - Sync 1 DAGs
[2026-07-15T16:57:50.510+0200] {logging_mixin.py:151} INFO - [2026-07-15T16:57:50.510+0200] {dag.py:3722} INFO - Setting next_dagrun for example_setup_teardown to 2026-07-14T14:57:50.510363+00:00, run_after=2026-07-15T14:57:50.510363+00:00
[2026-07-15T16:57:53.445+0200] {processor.py:179} INFO - Processing /home/ai/.local/lib/python3.9/site-packages/airflow/example_dags/example_setup_teardown.py took 2.985 seconds
[2026-07-15T16:59:26.672+0200] {processor.py:157} INFO - Started process (PID=3451916) to work on /home/ai/.local/lib/python3.9/site-packages/airflow/example_dags/example_setup_teardown.py
[2026-07-15T16:59:26.674+0200] {processor.py:829} INFO - Processing file /home/ai/.local/lib/python3.9/site-packages/airflow/example_dags/example_setup_teardown.py for tasks to queue
[2026-07-15T16:59:26.675+0200] {logging_mixin.py:151} INFO - [2026-07-15T16:59:26.674+0200] {dagbag.py:536} INFO - Filling up the DagBag from /home/ai/.local/lib/python3.9/site-packages/airflow/example_dags/example_setup_teardown.py
[2026-07-15T16:59:26.682+0200] {processor.py:839} INFO - DAG(s) dict_keys(['example_setup_teardown']) retrieved from /home/ai/.local/lib/python3.9/site-packages/airflow/example_dags/example_setup_teardown.py
[2026-07-15T16:59:26.697+0200] {logging_mixin.py:151} INFO - [2026-07-15T16:59:26.697+0200] {dag.py:2941} INFO - Sync 1 DAGs
[2026-07-15T16:59:26.713+0200] {logging_mixin.py:151} INFO - [2026-07-15T16:59:26.713+0200] {dag.py:3722} INFO - Setting next_dagrun for example_setup_teardown to 2026-07-14T14:59:26.713626+00:00, run_after=2026-07-15T14:59:26.713626+00:00
[2026-07-15T16:59:27.916+0200] {processor.py:179} INFO - Processing /home/ai/.local/lib/python3.9/site-packages/airflow/example_dags/example_setup_teardown.py took 1.251 seconds
[2026-07-15T17:01:10.172+0200] {processor.py:157} INFO - Started process (PID=3453714) to work on /home/ai/.local/lib/python3.9/site-packages/airflow/example_dags/example_setup_teardown.py
[2026-07-15T17:01:10.173+0200] {processor.py:829} INFO - Processing file /home/ai/.local/lib/python3.9/site-packages/airflow/example_dags/example_setup_teardown.py for tasks to queue
[2026-07-15T17:01:10.174+0200] {logging_mixin.py:151} INFO - [2026-07-15T17:01:10.174+0200] {dagbag.py:536} INFO - Filling up the DagBag from /home/ai/.local/lib/python3.9/site-packages/airflow/example_dags/example_setup_teardown.py
[2026-07-15T17:01:10.182+0200] {processor.py:839} INFO - DAG(s) dict_keys(['example_setup_teardown']) retrieved from /home/ai/.local/lib/python3.9/site-packages/airflow/example_dags/example_setup_teardown.py
[2026-07-15T17:01:10.198+0200] {logging_mixin.py:151} INFO - [2026-07-15T17:01:10.198+0200] {dag.py:2941} INFO - Sync 1 DAGs
[2026-07-15T17:01:10.217+0200] {logging_mixin.py:151} INFO - [2026-07-15T17:01:10.216+0200] {dag.py:3722} INFO - Setting next_dagrun for example_setup_teardown to 2026-07-14T15:01:10.216673+00:00, run_after=2026-07-15T15:01:10.216673+00:00
[2026-07-15T17:01:10.562+0200] {processor.py:179} INFO - Processing /home/ai/.local/lib/python3.9/site-packages/airflow/example_dags/example_setup_teardown.py took 0.396 seconds
[2026-07-15T17:03:14.020+0200] {processor.py:157} INFO - Started process (PID=3455888) to work on /home/ai/.local/lib/python3.9/site-packages/airflow/example_dags/example_setup_teardown.py
[2026-07-15T17:03:14.022+0200] {processor.py:829} INFO - Processing file /home/ai/.local/lib/python3.9/site-packages/airflow/example_dags/example_setup_teardown.py for tasks to queue
[2026-07-15T17:03:14.023+0200] {logging_mixin.py:151} INFO - [2026-07-15T17:03:14.023+0200] {dagbag.py:536} INFO - Filling up the DagBag from /home/ai/.local/lib/python3.9/site-packages/airflow/example_dags/example_setup_teardown.py
[2026-07-15T17:03:14.035+0200] {processor.py:839} INFO - DAG(s) dict_keys(['example_setup_teardown']) retrieved from /home/ai/.local/lib/python3.9/site-packages/airflow/example_dags/example_setup_teardown.py
[2026-07-15T17:03:14.064+0200] {logging_mixin.py:151} INFO - [2026-07-15T17:03:14.064+0200] {dag.py:2941} INFO - Sync 1 DAGs
[2026-07-15T17:03:14.092+0200] {logging_mixin.py:151} INFO - [2026-07-15T17:03:14.092+0200] {dag.py:3722} INFO - Setting next_dagrun for example_setup_teardown to 2026-07-14T15:03:14.092475+00:00, run_after=2026-07-15T15:03:14.092475+00:00
[2026-07-15T17:03:14.112+0200] {processor.py:179} INFO - Processing /home/ai/.local/lib/python3.9/site-packages/airflow/example_dags/example_setup_teardown.py took 0.096 seconds
[2026-07-15T17:04:26.345+0200] {processor.py:157} INFO - Started process (PID=3457139) to work on /home/ai/.local/lib/python3.9/site-packages/airflow/example_dags/example_setup_teardown.py
[2026-07-15T17:04:26.347+0200] {processor.py:829} INFO - Processing file /home/ai/.local/lib/python3.9/site-packages/airflow/example_dags/example_setup_teardown.py for tasks to queue
[2026-07-15T17:04:26.348+0200] {logging_mixin.py:151} INFO - [2026-07-15T17:04:26.347+0200] {dagbag.py:536} INFO - Filling up the DagBag from /home/ai/.local/lib/python3.9/site-packages/airflow/example_dags/example_setup_teardown.py
[2026-07-15T17:04:26.356+0200] {processor.py:839} INFO - DAG(s) dict_keys(['example_setup_teardown']) retrieved from /home/ai/.local/lib/python3.9/site-packages/airflow/example_dags/example_setup_teardown.py
[2026-07-15T17:04:26.378+0200] {logging_mixin.py:151} INFO - [2026-07-15T17:04:26.378+0200] {dag.py:2941} INFO - Sync 1 DAGs
[2026-07-15T17:04:26.395+0200] {logging_mixin.py:151} INFO - [2026-07-15T17:04:26.395+0200] {dag.py:3722} INFO - Setting next_dagrun for example_setup_teardown to 2026-07-14T15:04:26.394778+00:00, run_after=2026-07-15T15:04:26.394778+00:00
[2026-07-15T17:04:27.816+0200] {processor.py:179} INFO - Processing /home/ai/.local/lib/python3.9/site-packages/airflow/example_dags/example_setup_teardown.py took 1.477 seconds
[2026-07-15T17:06:40.180+0200] {processor.py:157} INFO - Started process (PID=3459313) to work on /home/ai/.local/lib/python3.9/site-packages/airflow/example_dags/example_setup_teardown.py
[2026-07-15T17:06:40.182+0200] {processor.py:829} INFO - Processing file /home/ai/.local/lib/python3.9/site-packages/airflow/example_dags/example_setup_teardown.py for tasks to queue
[2026-07-15T17:06:40.183+0200] {logging_mixin.py:151} INFO - [2026-07-15T17:06:40.183+0200] {dagbag.py:536} INFO - Filling up the DagBag from /home/ai/.local/lib/python3.9/site-packages/airflow/example_dags/example_setup_teardown.py
[2026-07-15T17:06:40.191+0200] {processor.py:839} INFO - DAG(s) dict_keys(['example_setup_teardown']) retrieved from /home/ai/.local/lib/python3.9/site-packages/airflow/example_dags/example_setup_teardown.py
[2026-07-15T17:06:40.205+0200] {logging_mixin.py:151} INFO - [2026-07-15T17:06:40.205+0200] {dag.py:2941} INFO - Sync 1 DAGs
[2026-07-15T17:06:40.222+0200] {logging_mixin.py:151} INFO - [2026-07-15T17:06:40.222+0200] {dag.py:3722} INFO - Setting next_dagrun for example_setup_teardown to 2026-07-14T15:06:40.222164+00:00, run_after=2026-07-15T15:06:40.222164+00:00
[2026-07-15T17:06:40.784+0200] {processor.py:179} INFO - Processing /home/ai/.local/lib/python3.9/site-packages/airflow/example_dags/example_setup_teardown.py took 0.608 seconds
[2026-07-15T17:09:22.392+0200] {processor.py:157} INFO - Started process (PID=3462028) to work on /home/ai/.local/lib/python3.9/site-packages/airflow/example_dags/example_setup_teardown.py
[2026-07-15T17:09:22.886+0200] {processor.py:829} INFO - Processing file /home/ai/.local/lib/python3.9/site-packages/airflow/example_dags/example_setup_teardown.py for tasks to queue
[2026-07-15T17:09:22.889+0200] {logging_mixin.py:151} INFO - [2026-07-15T17:09:22.888+0200] {dagbag.py:536} INFO - Filling up the DagBag from /home/ai/.local/lib/python3.9/site-packages/airflow/example_dags/example_setup_teardown.py
[2026-07-15T17:09:22.903+0200] {processor.py:839} INFO - DAG(s) dict_keys(['example_setup_teardown']) retrieved from /home/ai/.local/lib/python3.9/site-packages/airflow/example_dags/example_setup_teardown.py
[2026-07-15T17:09:22.917+0200] {logging_mixin.py:151} INFO - [2026-07-15T17:09:22.917+0200] {dag.py:2941} INFO - Sync 1 DAGs
[2026-07-15T17:09:22.934+0200] {logging_mixin.py:151} INFO - [2026-07-15T17:09:22.934+0200] {dag.py:3722} INFO - Setting next_dagrun for example_setup_teardown to 2026-07-14T15:09:22.934241+00:00, run_after=2026-07-15T15:09:22.934241+00:00
[2026-07-15T17:09:24.371+0200] {processor.py:179} INFO - Processing /home/ai/.local/lib/python3.9/site-packages/airflow/example_dags/example_setup_teardown.py took 1.984 seconds
[2026-07-15T17:11:11.380+0200] {processor.py:157} INFO - Started process (PID=3463904) to work on /home/ai/.local/lib/python3.9/site-packages/airflow/example_dags/example_setup_teardown.py
[2026-07-15T17:11:11.481+0200] {processor.py:829} INFO - Processing file /home/ai/.local/lib/python3.9/site-packages/airflow/example_dags/example_setup_teardown.py for tasks to queue
[2026-07-15T17:11:11.484+0200] {logging_mixin.py:151} INFO - [2026-07-15T17:11:11.483+0200] {dagbag.py:536} INFO - Filling up the DagBag from /home/ai/.local/lib/python3.9/site-packages/airflow/example_dags/example_setup_teardown.py
[2026-07-15T17:11:11.498+0200] {processor.py:839} INFO - DAG(s) dict_keys(['example_setup_teardown']) retrieved from /home/ai/.local/lib/python3.9/site-packages/airflow/example_dags/example_setup_teardown.py
[2026-07-15T17:11:11.513+0200] {logging_mixin.py:151} INFO - [2026-07-15T17:11:11.513+0200] {dag.py:2941} INFO - Sync 1 DAGs
[2026-07-15T17:11:11.538+0200] {logging_mixin.py:151} INFO - [2026-07-15T17:11:11.538+0200] {dag.py:3722} INFO - Setting next_dagrun for example_setup_teardown to 2026-07-14T15:11:11.538053+00:00, run_after=2026-07-15T15:11:11.538053+00:00
[2026-07-15T17:11:11.971+0200] {processor.py:179} INFO - Processing /home/ai/.local/lib/python3.9/site-packages/airflow/example_dags/example_setup_teardown.py took 0.596 seconds
[2026-07-15T17:12:19.193+0200] {processor.py:157} INFO - Started process (PID=3465024) to work on /home/ai/.local/lib/python3.9/site-packages/airflow/example_dags/example_setup_teardown.py
[2026-07-15T17:12:19.195+0200] {processor.py:829} INFO - Processing file /home/ai/.local/lib/python3.9/site-packages/airflow/example_dags/example_setup_teardown.py for tasks to queue
[2026-07-15T17:12:19.196+0200] {logging_mixin.py:151} INFO - [2026-07-15T17:12:19.195+0200] {dagbag.py:536} INFO - Filling up the DagBag from /home/ai/.local/lib/python3.9/site-packages/airflow/example_dags/example_setup_teardown.py
[2026-07-15T17:12:19.204+0200] {processor.py:839} INFO - DAG(s) dict_keys(['example_setup_teardown']) retrieved from /home/ai/.local/lib/python3.9/site-packages/airflow/example_dags/example_setup_teardown.py
[2026-07-15T17:12:19.220+0200] {logging_mixin.py:151} INFO - [2026-07-15T17:12:19.220+0200] {dag.py:2941} INFO - Sync 1 DAGs
[2026-07-15T17:12:19.238+0200] {logging_mixin.py:151} INFO - [2026-07-15T17:12:19.238+0200] {dag.py:3722} INFO - Setting next_dagrun for example_setup_teardown to 2026-07-14T15:12:19.238269+00:00, run_after=2026-07-15T15:12:19.238269+00:00
[2026-07-15T17:12:19.688+0200] {processor.py:179} INFO - Processing /home/ai/.local/lib/python3.9/site-packages/airflow/example_dags/example_setup_teardown.py took 0.499 seconds
[2026-07-15T17:13:57.340+0200] {processor.py:157} INFO - Started process (PID=3466906) to work on /home/ai/.local/lib/python3.9/site-packages/airflow/example_dags/example_setup_teardown.py
[2026-07-15T17:13:57.342+0200] {processor.py:829} INFO - Processing file /home/ai/.local/lib/python3.9/site-packages/airflow/example_dags/example_setup_teardown.py for tasks to queue
[2026-07-15T17:13:57.343+0200] {logging_mixin.py:151} INFO - [2026-07-15T17:13:57.342+0200] {dagbag.py:536} INFO - Filling up the DagBag from /home/ai/.local/lib/python3.9/site-packages/airflow/example_dags/example_setup_teardown.py
[2026-07-15T17:13:57.350+0200] {processor.py:839} INFO - DAG(s) dict_keys(['example_setup_teardown']) retrieved from /home/ai/.local/lib/python3.9/site-packages/airflow/example_dags/example_setup_teardown.py
[2026-07-15T17:13:57.368+0200] {logging_mixin.py:151} INFO - [2026-07-15T17:13:57.368+0200] {dag.py:2941} INFO - Sync 1 DAGs
[2026-07-15T17:13:57.387+0200] {logging_mixin.py:151} INFO - [2026-07-15T17:13:57.386+0200] {dag.py:3722} INFO - Setting next_dagrun for example_setup_teardown to 2026-07-14T15:13:57.386730+00:00, run_after=2026-07-15T15:13:57.386730+00:00
[2026-07-15T17:13:57.543+0200] {processor.py:179} INFO - Processing /home/ai/.local/lib/python3.9/site-packages/airflow/example_dags/example_setup_teardown.py took 0.208 seconds
[2026-07-15T17:15:24.422+0200] {processor.py:157} INFO - Started process (PID=3468555) to work on /home/ai/.local/lib/python3.9/site-packages/airflow/example_dags/example_setup_teardown.py
[2026-07-15T17:15:24.423+0200] {processor.py:829} INFO - Processing file /home/ai/.local/lib/python3.9/site-packages/airflow/example_dags/example_setup_teardown.py for tasks to queue
[2026-07-15T17:15:24.424+0200] {logging_mixin.py:151} INFO - [2026-07-15T17:15:24.424+0200] {dagbag.py:536} INFO - Filling up the DagBag from /home/ai/.local/lib/python3.9/site-packages/airflow/example_dags/example_setup_teardown.py
[2026-07-15T17:15:24.432+0200] {processor.py:839} INFO - DAG(s) dict_keys(['example_setup_teardown']) retrieved from /home/ai/.local/lib/python3.9/site-packages/airflow/example_dags/example_setup_teardown.py
[2026-07-15T17:15:24.448+0200] {logging_mixin.py:151} INFO - [2026-07-15T17:15:24.448+0200] {dag.py:2941} INFO - Sync 1 DAGs
[2026-07-15T17:15:24.466+0200] {logging_mixin.py:151} INFO - [2026-07-15T17:15:24.465+0200] {dag.py:3722} INFO - Setting next_dagrun for example_setup_teardown to 2026-07-14T15:15:24.465788+00:00, run_after=2026-07-15T15:15:24.465788+00:00
[2026-07-15T17:15:26.937+0200] {processor.py:179} INFO - Processing /home/ai/.local/lib/python3.9/site-packages/airflow/example_dags/example_setup_teardown.py took 2.522 seconds
[2026-07-15T17:17:06.002+0200] {processor.py:157} INFO - Started process (PID=3470798) to work on /home/ai/.local/lib/python3.9/site-packages/airflow/example_dags/example_setup_teardown.py
[2026-07-15T17:17:06.894+0200] {processor.py:829} INFO - Processing file /home/ai/.local/lib/python3.9/site-packages/airflow/example_dags/example_setup_teardown.py for tasks to queue
[2026-07-15T17:17:06.897+0200] {logging_mixin.py:151} INFO - [2026-07-15T17:17:06.896+0200] {dagbag.py:536} INFO - Filling up the DagBag from /home/ai/.local/lib/python3.9/site-packages/airflow/example_dags/example_setup_teardown.py
[2026-07-15T17:17:06.919+0200] {processor.py:839} INFO - DAG(s) dict_keys(['example_setup_teardown']) retrieved from /home/ai/.local/lib/python3.9/site-packages/airflow/example_dags/example_setup_teardown.py
[2026-07-15T17:17:06.936+0200] {logging_mixin.py:151} INFO - [2026-07-15T17:17:06.936+0200] {dag.py:2941} INFO - Sync 1 DAGs
[2026-07-15T17:17:06.962+0200] {logging_mixin.py:151} INFO - [2026-07-15T17:17:06.962+0200] {dag.py:3722} INFO - Setting next_dagrun for example_setup_teardown to 2026-07-14T15:17:06.962170+00:00, run_after=2026-07-15T15:17:06.962170+00:00
[2026-07-15T17:17:08.678+0200] {processor.py:179} INFO - Processing /home/ai/.local/lib/python3.9/site-packages/airflow/example_dags/example_setup_teardown.py took 2.681 seconds
[2026-07-15T17:19:19.048+0200] {processor.py:157} INFO - Started process (PID=3473394) to work on /home/ai/.local/lib/python3.9/site-packages/airflow/example_dags/example_setup_teardown.py
[2026-07-15T17:19:19.049+0200] {processor.py:829} INFO - Processing file /home/ai/.local/lib/python3.9/site-packages/airflow/example_dags/example_setup_teardown.py for tasks to queue
[2026-07-15T17:19:19.050+0200] {logging_mixin.py:151} INFO - [2026-07-15T17:19:19.050+0200] {dagbag.py:536} INFO - Filling up the DagBag from /home/ai/.local/lib/python3.9/site-packages/airflow/example_dags/example_setup_teardown.py
[2026-07-15T17:19:19.058+0200] {processor.py:839} INFO - DAG(s) dict_keys(['example_setup_teardown']) retrieved from /home/ai/.local/lib/python3.9/site-packages/airflow/example_dags/example_setup_teardown.py
[2026-07-15T17:19:19.073+0200] {logging_mixin.py:151} INFO - [2026-07-15T17:19:19.073+0200] {dag.py:2941} INFO - Sync 1 DAGs
[2026-07-15T17:19:19.091+0200] {logging_mixin.py:151} INFO - [2026-07-15T17:19:19.091+0200] {dag.py:3722} INFO - Setting next_dagrun for example_setup_teardown to 2026-07-14T15:19:19.091364+00:00, run_after=2026-07-15T15:19:19.091364+00:00
[2026-07-15T17:19:19.110+0200] {processor.py:179} INFO - Processing /home/ai/.local/lib/python3.9/site-packages/airflow/example_dags/example_setup_teardown.py took 0.068 seconds
