[2026-07-15T16:15:55.319+0200] {processor.py:157} INFO - Started process (PID=3406424) to work on /home/ai/.local/lib/python3.9/site-packages/airflow/example_dags/example_external_task_marker_dag.py
[2026-07-15T16:15:55.320+0200] {processor.py:829} INFO - Processing file /home/ai/.local/lib/python3.9/site-packages/airflow/example_dags/example_external_task_marker_dag.py for tasks to queue
[2026-07-15T16:15:55.321+0200] {logging_mixin.py:151} INFO - [2026-07-15T16:15:55.321+0200] {dagbag.py:536} INFO - Filling up the DagBag from /home/ai/.local/lib/python3.9/site-packages/airflow/example_dags/example_external_task_marker_dag.py
[2026-07-15T16:15:55.330+0200] {processor.py:839} INFO - DAG(s) dict_keys(['example_external_task_marker_child', 'example_external_task_marker_parent']) retrieved from /home/ai/.local/lib/python3.9/site-packages/airflow/example_dags/example_external_task_marker_dag.py
[2026-07-15T16:15:55.350+0200] {logging_mixin.py:151} INFO - [2026-07-15T16:15:55.349+0200] {dag.py:2941} INFO - Sync 2 DAGs
[2026-07-15T16:15:55.361+0200] {logging_mixin.py:151} INFO - [2026-07-15T16:15:55.360+0200] {dag.py:3722} INFO - Setting next_dagrun for example_external_task_marker_child to None, run_after=None
[2026-07-15T16:15:55.363+0200] {logging_mixin.py:151} INFO - [2026-07-15T16:15:55.363+0200] {dag.py:3722} INFO - Setting next_dagrun for example_external_task_marker_parent to None, run_after=None
[2026-07-15T16:15:55.381+0200] {processor.py:179} INFO - Processing /home/ai/.local/lib/python3.9/site-packages/airflow/example_dags/example_external_task_marker_dag.py took 0.069 seconds
[2026-07-15T16:17:32.992+0200] {processor.py:157} INFO - Started process (PID=3408018) to work on /home/ai/.local/lib/python3.9/site-packages/airflow/example_dags/example_external_task_marker_dag.py
[2026-07-15T16:17:32.993+0200] {processor.py:829} INFO - Processing file /home/ai/.local/lib/python3.9/site-packages/airflow/example_dags/example_external_task_marker_dag.py for tasks to queue
[2026-07-15T16:17:32.994+0200] {logging_mixin.py:151} INFO - [2026-07-15T16:17:32.994+0200] {dagbag.py:536} INFO - Filling up the DagBag from /home/ai/.local/lib/python3.9/site-packages/airflow/example_dags/example_external_task_marker_dag.py
[2026-07-15T16:17:33.001+0200] {processor.py:839} INFO - DAG(s) dict_keys(['example_external_task_marker_parent', 'example_external_task_marker_child']) retrieved from /home/ai/.local/lib/python3.9/site-packages/airflow/example_dags/example_external_task_marker_dag.py
[2026-07-15T16:17:33.020+0200] {logging_mixin.py:151} INFO - [2026-07-15T16:17:33.020+0200] {dag.py:2941} INFO - Sync 2 DAGs
[2026-07-15T16:17:33.031+0200] {logging_mixin.py:151} INFO - [2026-07-15T16:17:33.031+0200] {dag.py:3722} INFO - Setting next_dagrun for example_external_task_marker_child to None, run_after=None
[2026-07-15T16:17:33.034+0200] {logging_mixin.py:151} INFO - [2026-07-15T16:17:33.033+0200] {dag.py:3722} INFO - Setting next_dagrun for example_external_task_marker_parent to None, run_after=None
[2026-07-15T16:17:33.052+0200] {processor.py:179} INFO - Processing /home/ai/.local/lib/python3.9/site-packages/airflow/example_dags/example_external_task_marker_dag.py took 0.066 seconds
[2026-07-15T16:19:03.592+0200] {processor.py:157} INFO - Started process (PID=3409664) to work on /home/ai/.local/lib/python3.9/site-packages/airflow/example_dags/example_external_task_marker_dag.py
[2026-07-15T16:19:03.593+0200] {processor.py:829} INFO - Processing file /home/ai/.local/lib/python3.9/site-packages/airflow/example_dags/example_external_task_marker_dag.py for tasks to queue
[2026-07-15T16:19:03.594+0200] {logging_mixin.py:151} INFO - [2026-07-15T16:19:03.594+0200] {dagbag.py:536} INFO - Filling up the DagBag from /home/ai/.local/lib/python3.9/site-packages/airflow/example_dags/example_external_task_marker_dag.py
[2026-07-15T16:19:03.601+0200] {processor.py:839} INFO - DAG(s) dict_keys(['example_external_task_marker_child', 'example_external_task_marker_parent']) retrieved from /home/ai/.local/lib/python3.9/site-packages/airflow/example_dags/example_external_task_marker_dag.py
[2026-07-15T16:19:03.619+0200] {logging_mixin.py:151} INFO - [2026-07-15T16:19:03.619+0200] {dag.py:2941} INFO - Sync 2 DAGs
[2026-07-15T16:19:03.630+0200] {logging_mixin.py:151} INFO - [2026-07-15T16:19:03.630+0200] {dag.py:3722} INFO - Setting next_dagrun for example_external_task_marker_child to None, run_after=None
[2026-07-15T16:19:03.633+0200] {logging_mixin.py:151} INFO - [2026-07-15T16:19:03.632+0200] {dag.py:3722} INFO - Setting next_dagrun for example_external_task_marker_parent to None, run_after=None
[2026-07-15T16:19:03.770+0200] {processor.py:179} INFO - Processing /home/ai/.local/lib/python3.9/site-packages/airflow/example_dags/example_external_task_marker_dag.py took 0.183 seconds
[2026-07-15T16:20:48.130+0200] {processor.py:157} INFO - Started process (PID=3411347) to work on /home/ai/.local/lib/python3.9/site-packages/airflow/example_dags/example_external_task_marker_dag.py
[2026-07-15T16:20:48.132+0200] {processor.py:829} INFO - Processing file /home/ai/.local/lib/python3.9/site-packages/airflow/example_dags/example_external_task_marker_dag.py for tasks to queue
[2026-07-15T16:20:48.132+0200] {logging_mixin.py:151} INFO - [2026-07-15T16:20:48.132+0200] {dagbag.py:536} INFO - Filling up the DagBag from /home/ai/.local/lib/python3.9/site-packages/airflow/example_dags/example_external_task_marker_dag.py
[2026-07-15T16:20:48.139+0200] {processor.py:839} INFO - DAG(s) dict_keys(['example_external_task_marker_parent', 'example_external_task_marker_child']) retrieved from /home/ai/.local/lib/python3.9/site-packages/airflow/example_dags/example_external_task_marker_dag.py
[2026-07-15T16:20:48.157+0200] {logging_mixin.py:151} INFO - [2026-07-15T16:20:48.157+0200] {dag.py:2941} INFO - Sync 2 DAGs
[2026-07-15T16:20:48.167+0200] {logging_mixin.py:151} INFO - [2026-07-15T16:20:48.167+0200] {dag.py:3722} INFO - Setting next_dagrun for example_external_task_marker_child to None, run_after=None
[2026-07-15T16:20:48.170+0200] {logging_mixin.py:151} INFO - [2026-07-15T16:20:48.170+0200] {dag.py:3722} INFO - Setting next_dagrun for example_external_task_marker_parent to None, run_after=None
[2026-07-15T16:20:49.728+0200] {processor.py:179} INFO - Processing /home/ai/.local/lib/python3.9/site-packages/airflow/example_dags/example_external_task_marker_dag.py took 1.603 seconds
[2026-07-15T16:22:14.592+0200] {processor.py:157} INFO - Started process (PID=3412852) to work on /home/ai/.local/lib/python3.9/site-packages/airflow/example_dags/example_external_task_marker_dag.py
[2026-07-15T16:22:14.594+0200] {processor.py:829} INFO - Processing file /home/ai/.local/lib/python3.9/site-packages/airflow/example_dags/example_external_task_marker_dag.py for tasks to queue
[2026-07-15T16:22:14.596+0200] {logging_mixin.py:151} INFO - [2026-07-15T16:22:14.595+0200] {dagbag.py:536} INFO - Filling up the DagBag from /home/ai/.local/lib/python3.9/site-packages/airflow/example_dags/example_external_task_marker_dag.py
[2026-07-15T16:22:14.607+0200] {processor.py:839} INFO - DAG(s) dict_keys(['example_external_task_marker_child', 'example_external_task_marker_parent']) retrieved from /home/ai/.local/lib/python3.9/site-packages/airflow/example_dags/example_external_task_marker_dag.py
[2026-07-15T16:22:14.627+0200] {logging_mixin.py:151} INFO - [2026-07-15T16:22:14.627+0200] {dag.py:2941} INFO - Sync 2 DAGs
[2026-07-15T16:22:14.638+0200] {logging_mixin.py:151} INFO - [2026-07-15T16:22:14.638+0200] {dag.py:3722} INFO - Setting next_dagrun for example_external_task_marker_child to None, run_after=None
[2026-07-15T16:22:14.641+0200] {logging_mixin.py:151} INFO - [2026-07-15T16:22:14.641+0200] {dag.py:3722} INFO - Setting next_dagrun for example_external_task_marker_parent to None, run_after=None
[2026-07-15T16:22:15.673+0200] {processor.py:179} INFO - Processing /home/ai/.local/lib/python3.9/site-packages/airflow/example_dags/example_external_task_marker_dag.py took 1.084 seconds
[2026-07-15T16:23:44.148+0200] {processor.py:157} INFO - Started process (PID=3414384) to work on /home/ai/.local/lib/python3.9/site-packages/airflow/example_dags/example_external_task_marker_dag.py
[2026-07-15T16:23:44.150+0200] {processor.py:829} INFO - Processing file /home/ai/.local/lib/python3.9/site-packages/airflow/example_dags/example_external_task_marker_dag.py for tasks to queue
[2026-07-15T16:23:44.151+0200] {logging_mixin.py:151} INFO - [2026-07-15T16:23:44.150+0200] {dagbag.py:536} INFO - Filling up the DagBag from /home/ai/.local/lib/python3.9/site-packages/airflow/example_dags/example_external_task_marker_dag.py
[2026-07-15T16:23:44.158+0200] {processor.py:839} INFO - DAG(s) dict_keys(['example_external_task_marker_child', 'example_external_task_marker_parent']) retrieved from /home/ai/.local/lib/python3.9/site-packages/airflow/example_dags/example_external_task_marker_dag.py
[2026-07-15T16:23:44.180+0200] {logging_mixin.py:151} INFO - [2026-07-15T16:23:44.180+0200] {dag.py:2941} INFO - Sync 2 DAGs
[2026-07-15T16:23:44.192+0200] {logging_mixin.py:151} INFO - [2026-07-15T16:23:44.192+0200] {dag.py:3722} INFO - Setting next_dagrun for example_external_task_marker_child to None, run_after=None
[2026-07-15T16:23:44.195+0200] {logging_mixin.py:151} INFO - [2026-07-15T16:23:44.195+0200] {dag.py:3722} INFO - Setting next_dagrun for example_external_task_marker_parent to None, run_after=None
[2026-07-15T16:23:44.215+0200] {processor.py:179} INFO - Processing /home/ai/.local/lib/python3.9/site-packages/airflow/example_dags/example_external_task_marker_dag.py took 0.072 seconds
[2026-07-15T16:25:03.474+0200] {processor.py:157} INFO - Started process (PID=3415684) to work on /home/ai/.local/lib/python3.9/site-packages/airflow/example_dags/example_external_task_marker_dag.py
[2026-07-15T16:25:03.476+0200] {processor.py:829} INFO - Processing file /home/ai/.local/lib/python3.9/site-packages/airflow/example_dags/example_external_task_marker_dag.py for tasks to queue
[2026-07-15T16:25:03.477+0200] {logging_mixin.py:151} INFO - [2026-07-15T16:25:03.476+0200] {dagbag.py:536} INFO - Filling up the DagBag from /home/ai/.local/lib/python3.9/site-packages/airflow/example_dags/example_external_task_marker_dag.py
[2026-07-15T16:25:03.483+0200] {processor.py:839} INFO - DAG(s) dict_keys(['example_external_task_marker_child', 'example_external_task_marker_parent']) retrieved from /home/ai/.local/lib/python3.9/site-packages/airflow/example_dags/example_external_task_marker_dag.py
[2026-07-15T16:25:03.501+0200] {logging_mixin.py:151} INFO - [2026-07-15T16:25:03.501+0200] {dag.py:2941} INFO - Sync 2 DAGs
[2026-07-15T16:25:03.513+0200] {logging_mixin.py:151} INFO - [2026-07-15T16:25:03.513+0200] {dag.py:3722} INFO - Setting next_dagrun for example_external_task_marker_child to None, run_after=None
[2026-07-15T16:25:03.518+0200] {logging_mixin.py:151} INFO - [2026-07-15T16:25:03.518+0200] {dag.py:3722} INFO - Setting next_dagrun for example_external_task_marker_parent to None, run_after=None
[2026-07-15T16:25:03.538+0200] {processor.py:179} INFO - Processing /home/ai/.local/lib/python3.9/site-packages/airflow/example_dags/example_external_task_marker_dag.py took 0.068 seconds
[2026-07-15T16:26:34.102+0200] {processor.py:157} INFO - Started process (PID=3417249) to work on /home/ai/.local/lib/python3.9/site-packages/airflow/example_dags/example_external_task_marker_dag.py
[2026-07-15T16:26:34.104+0200] {processor.py:829} INFO - Processing file /home/ai/.local/lib/python3.9/site-packages/airflow/example_dags/example_external_task_marker_dag.py for tasks to queue
[2026-07-15T16:26:34.105+0200] {logging_mixin.py:151} INFO - [2026-07-15T16:26:34.104+0200] {dagbag.py:536} INFO - Filling up the DagBag from /home/ai/.local/lib/python3.9/site-packages/airflow/example_dags/example_external_task_marker_dag.py
[2026-07-15T16:26:34.112+0200] {processor.py:839} INFO - DAG(s) dict_keys(['example_external_task_marker_child', 'example_external_task_marker_parent']) retrieved from /home/ai/.local/lib/python3.9/site-packages/airflow/example_dags/example_external_task_marker_dag.py
[2026-07-15T16:26:34.131+0200] {logging_mixin.py:151} INFO - [2026-07-15T16:26:34.131+0200] {dag.py:2941} INFO - Sync 2 DAGs
[2026-07-15T16:26:34.143+0200] {logging_mixin.py:151} INFO - [2026-07-15T16:26:34.142+0200] {dag.py:3722} INFO - Setting next_dagrun for example_external_task_marker_child to None, run_after=None
[2026-07-15T16:26:34.146+0200] {logging_mixin.py:151} INFO - [2026-07-15T16:26:34.145+0200] {dag.py:3722} INFO - Setting next_dagrun for example_external_task_marker_parent to None, run_after=None
[2026-07-15T16:26:34.190+0200] {processor.py:179} INFO - Processing /home/ai/.local/lib/python3.9/site-packages/airflow/example_dags/example_external_task_marker_dag.py took 0.092 seconds
[2026-07-15T16:28:28.071+0200] {processor.py:157} INFO - Started process (PID=3419245) to work on /home/ai/.local/lib/python3.9/site-packages/airflow/example_dags/example_external_task_marker_dag.py
[2026-07-15T16:28:28.073+0200] {processor.py:829} INFO - Processing file /home/ai/.local/lib/python3.9/site-packages/airflow/example_dags/example_external_task_marker_dag.py for tasks to queue
[2026-07-15T16:28:28.074+0200] {logging_mixin.py:151} INFO - [2026-07-15T16:28:28.073+0200] {dagbag.py:536} INFO - Filling up the DagBag from /home/ai/.local/lib/python3.9/site-packages/airflow/example_dags/example_external_task_marker_dag.py
[2026-07-15T16:28:28.080+0200] {processor.py:839} INFO - DAG(s) dict_keys(['example_external_task_marker_child', 'example_external_task_marker_parent']) retrieved from /home/ai/.local/lib/python3.9/site-packages/airflow/example_dags/example_external_task_marker_dag.py
[2026-07-15T16:28:28.098+0200] {logging_mixin.py:151} INFO - [2026-07-15T16:28:28.098+0200] {dag.py:2941} INFO - Sync 2 DAGs
[2026-07-15T16:28:28.108+0200] {logging_mixin.py:151} INFO - [2026-07-15T16:28:28.108+0200] {dag.py:3722} INFO - Setting next_dagrun for example_external_task_marker_child to None, run_after=None
[2026-07-15T16:28:28.112+0200] {logging_mixin.py:151} INFO - [2026-07-15T16:28:28.112+0200] {dag.py:3722} INFO - Setting next_dagrun for example_external_task_marker_parent to None, run_after=None
[2026-07-15T16:28:28.246+0200] {processor.py:179} INFO - Processing /home/ai/.local/lib/python3.9/site-packages/airflow/example_dags/example_external_task_marker_dag.py took 0.179 seconds
[2026-07-15T16:29:52.876+0200] {processor.py:157} INFO - Started process (PID=3420702) to work on /home/ai/.local/lib/python3.9/site-packages/airflow/example_dags/example_external_task_marker_dag.py
[2026-07-15T16:29:52.877+0200] {processor.py:829} INFO - Processing file /home/ai/.local/lib/python3.9/site-packages/airflow/example_dags/example_external_task_marker_dag.py for tasks to queue
[2026-07-15T16:29:52.878+0200] {logging_mixin.py:151} INFO - [2026-07-15T16:29:52.877+0200] {dagbag.py:536} INFO - Filling up the DagBag from /home/ai/.local/lib/python3.9/site-packages/airflow/example_dags/example_external_task_marker_dag.py
[2026-07-15T16:29:52.884+0200] {processor.py:839} INFO - DAG(s) dict_keys(['example_external_task_marker_child', 'example_external_task_marker_parent']) retrieved from /home/ai/.local/lib/python3.9/site-packages/airflow/example_dags/example_external_task_marker_dag.py
[2026-07-15T16:29:52.902+0200] {logging_mixin.py:151} INFO - [2026-07-15T16:29:52.902+0200] {dag.py:2941} INFO - Sync 2 DAGs
[2026-07-15T16:29:52.912+0200] {logging_mixin.py:151} INFO - [2026-07-15T16:29:52.912+0200] {dag.py:3722} INFO - Setting next_dagrun for example_external_task_marker_child to None, run_after=None
[2026-07-15T16:29:52.915+0200] {logging_mixin.py:151} INFO - [2026-07-15T16:29:52.915+0200] {dag.py:3722} INFO - Setting next_dagrun for example_external_task_marker_parent to None, run_after=None
[2026-07-15T16:29:52.961+0200] {processor.py:179} INFO - Processing /home/ai/.local/lib/python3.9/site-packages/airflow/example_dags/example_external_task_marker_dag.py took 0.091 seconds
[2026-07-15T16:31:40.226+0200] {processor.py:157} INFO - Started process (PID=3422424) to work on /home/ai/.local/lib/python3.9/site-packages/airflow/example_dags/example_external_task_marker_dag.py
[2026-07-15T16:31:40.228+0200] {processor.py:829} INFO - Processing file /home/ai/.local/lib/python3.9/site-packages/airflow/example_dags/example_external_task_marker_dag.py for tasks to queue
[2026-07-15T16:31:40.229+0200] {logging_mixin.py:151} INFO - [2026-07-15T16:31:40.229+0200] {dagbag.py:536} INFO - Filling up the DagBag from /home/ai/.local/lib/python3.9/site-packages/airflow/example_dags/example_external_task_marker_dag.py
[2026-07-15T16:31:40.236+0200] {processor.py:839} INFO - DAG(s) dict_keys(['example_external_task_marker_child', 'example_external_task_marker_parent']) retrieved from /home/ai/.local/lib/python3.9/site-packages/airflow/example_dags/example_external_task_marker_dag.py
[2026-07-15T16:31:40.258+0200] {logging_mixin.py:151} INFO - [2026-07-15T16:31:40.258+0200] {dag.py:2941} INFO - Sync 2 DAGs
[2026-07-15T16:31:40.272+0200] {logging_mixin.py:151} INFO - [2026-07-15T16:31:40.271+0200] {dag.py:3722} INFO - Setting next_dagrun for example_external_task_marker_child to None, run_after=None
[2026-07-15T16:31:40.274+0200] {logging_mixin.py:151} INFO - [2026-07-15T16:31:40.274+0200] {dag.py:3722} INFO - Setting next_dagrun for example_external_task_marker_parent to None, run_after=None
[2026-07-15T16:31:40.889+0200] {processor.py:179} INFO - Processing /home/ai/.local/lib/python3.9/site-packages/airflow/example_dags/example_external_task_marker_dag.py took 0.668 seconds
[2026-07-15T16:33:07.913+0200] {processor.py:157} INFO - Started process (PID=3424015) to work on /home/ai/.local/lib/python3.9/site-packages/airflow/example_dags/example_external_task_marker_dag.py
[2026-07-15T16:33:07.916+0200] {processor.py:829} INFO - Processing file /home/ai/.local/lib/python3.9/site-packages/airflow/example_dags/example_external_task_marker_dag.py for tasks to queue
[2026-07-15T16:33:07.917+0200] {logging_mixin.py:151} INFO - [2026-07-15T16:33:07.916+0200] {dagbag.py:536} INFO - Filling up the DagBag from /home/ai/.local/lib/python3.9/site-packages/airflow/example_dags/example_external_task_marker_dag.py
[2026-07-15T16:33:07.923+0200] {processor.py:839} INFO - DAG(s) dict_keys(['example_external_task_marker_parent', 'example_external_task_marker_child']) retrieved from /home/ai/.local/lib/python3.9/site-packages/airflow/example_dags/example_external_task_marker_dag.py
[2026-07-15T16:33:07.943+0200] {logging_mixin.py:151} INFO - [2026-07-15T16:33:07.943+0200] {dag.py:2941} INFO - Sync 2 DAGs
[2026-07-15T16:33:07.954+0200] {logging_mixin.py:151} INFO - [2026-07-15T16:33:07.954+0200] {dag.py:3722} INFO - Setting next_dagrun for example_external_task_marker_child to None, run_after=None
[2026-07-15T16:33:07.957+0200] {logging_mixin.py:151} INFO - [2026-07-15T16:33:07.957+0200] {dag.py:3722} INFO - Setting next_dagrun for example_external_task_marker_parent to None, run_after=None
[2026-07-15T16:33:08.130+0200] {processor.py:179} INFO - Processing /home/ai/.local/lib/python3.9/site-packages/airflow/example_dags/example_external_task_marker_dag.py took 0.221 seconds
[2026-07-15T16:34:35.416+0200] {processor.py:157} INFO - Started process (PID=3425464) to work on /home/ai/.local/lib/python3.9/site-packages/airflow/example_dags/example_external_task_marker_dag.py
[2026-07-15T16:34:35.418+0200] {processor.py:829} INFO - Processing file /home/ai/.local/lib/python3.9/site-packages/airflow/example_dags/example_external_task_marker_dag.py for tasks to queue
[2026-07-15T16:34:35.419+0200] {logging_mixin.py:151} INFO - [2026-07-15T16:34:35.418+0200] {dagbag.py:536} INFO - Filling up the DagBag from /home/ai/.local/lib/python3.9/site-packages/airflow/example_dags/example_external_task_marker_dag.py
[2026-07-15T16:34:35.425+0200] {processor.py:839} INFO - DAG(s) dict_keys(['example_external_task_marker_child', 'example_external_task_marker_parent']) retrieved from /home/ai/.local/lib/python3.9/site-packages/airflow/example_dags/example_external_task_marker_dag.py
[2026-07-15T16:34:35.444+0200] {logging_mixin.py:151} INFO - [2026-07-15T16:34:35.444+0200] {dag.py:2941} INFO - Sync 2 DAGs
[2026-07-15T16:34:35.455+0200] {logging_mixin.py:151} INFO - [2026-07-15T16:34:35.455+0200] {dag.py:3722} INFO - Setting next_dagrun for example_external_task_marker_child to None, run_after=None
[2026-07-15T16:34:35.457+0200] {logging_mixin.py:151} INFO - [2026-07-15T16:34:35.457+0200] {dag.py:3722} INFO - Setting next_dagrun for example_external_task_marker_parent to None, run_after=None
[2026-07-15T16:34:35.475+0200] {processor.py:179} INFO - Processing /home/ai/.local/lib/python3.9/site-packages/airflow/example_dags/example_external_task_marker_dag.py took 0.065 seconds
[2026-07-15T16:36:06.707+0200] {processor.py:157} INFO - Started process (PID=3427122) to work on /home/ai/.local/lib/python3.9/site-packages/airflow/example_dags/example_external_task_marker_dag.py
[2026-07-15T16:36:06.708+0200] {processor.py:829} INFO - Processing file /home/ai/.local/lib/python3.9/site-packages/airflow/example_dags/example_external_task_marker_dag.py for tasks to queue
[2026-07-15T16:36:06.709+0200] {logging_mixin.py:151} INFO - [2026-07-15T16:36:06.709+0200] {dagbag.py:536} INFO - Filling up the DagBag from /home/ai/.local/lib/python3.9/site-packages/airflow/example_dags/example_external_task_marker_dag.py
[2026-07-15T16:36:06.716+0200] {processor.py:839} INFO - DAG(s) dict_keys(['example_external_task_marker_parent', 'example_external_task_marker_child']) retrieved from /home/ai/.local/lib/python3.9/site-packages/airflow/example_dags/example_external_task_marker_dag.py
[2026-07-15T16:36:06.734+0200] {logging_mixin.py:151} INFO - [2026-07-15T16:36:06.734+0200] {dag.py:2941} INFO - Sync 2 DAGs
[2026-07-15T16:36:06.744+0200] {logging_mixin.py:151} INFO - [2026-07-15T16:36:06.744+0200] {dag.py:3722} INFO - Setting next_dagrun for example_external_task_marker_child to None, run_after=None
[2026-07-15T16:36:06.747+0200] {logging_mixin.py:151} INFO - [2026-07-15T16:36:06.747+0200] {dag.py:3722} INFO - Setting next_dagrun for example_external_task_marker_parent to None, run_after=None
[2026-07-15T16:36:06.853+0200] {processor.py:179} INFO - Processing /home/ai/.local/lib/python3.9/site-packages/airflow/example_dags/example_external_task_marker_dag.py took 0.154 seconds
[2026-07-15T16:37:50.620+0200] {processor.py:157} INFO - Started process (PID=3429307) to work on /home/ai/.local/lib/python3.9/site-packages/airflow/example_dags/example_external_task_marker_dag.py
[2026-07-15T16:37:50.622+0200] {processor.py:829} INFO - Processing file /home/ai/.local/lib/python3.9/site-packages/airflow/example_dags/example_external_task_marker_dag.py for tasks to queue
[2026-07-15T16:37:50.623+0200] {logging_mixin.py:151} INFO - [2026-07-15T16:37:50.622+0200] {dagbag.py:536} INFO - Filling up the DagBag from /home/ai/.local/lib/python3.9/site-packages/airflow/example_dags/example_external_task_marker_dag.py
[2026-07-15T16:37:50.629+0200] {processor.py:839} INFO - DAG(s) dict_keys(['example_external_task_marker_child', 'example_external_task_marker_parent']) retrieved from /home/ai/.local/lib/python3.9/site-packages/airflow/example_dags/example_external_task_marker_dag.py
[2026-07-15T16:37:50.649+0200] {logging_mixin.py:151} INFO - [2026-07-15T16:37:50.648+0200] {dag.py:2941} INFO - Sync 2 DAGs
[2026-07-15T16:37:50.660+0200] {logging_mixin.py:151} INFO - [2026-07-15T16:37:50.660+0200] {dag.py:3722} INFO - Setting next_dagrun for example_external_task_marker_child to None, run_after=None
[2026-07-15T16:37:50.662+0200] {logging_mixin.py:151} INFO - [2026-07-15T16:37:50.662+0200] {dag.py:3722} INFO - Setting next_dagrun for example_external_task_marker_parent to None, run_after=None
[2026-07-15T16:37:51.331+0200] {processor.py:179} INFO - Processing /home/ai/.local/lib/python3.9/site-packages/airflow/example_dags/example_external_task_marker_dag.py took 0.715 seconds
[2026-07-15T16:39:25.159+0200] {processor.py:157} INFO - Started process (PID=3431096) to work on /home/ai/.local/lib/python3.9/site-packages/airflow/example_dags/example_external_task_marker_dag.py
[2026-07-15T16:39:25.161+0200] {processor.py:829} INFO - Processing file /home/ai/.local/lib/python3.9/site-packages/airflow/example_dags/example_external_task_marker_dag.py for tasks to queue
[2026-07-15T16:39:25.162+0200] {logging_mixin.py:151} INFO - [2026-07-15T16:39:25.161+0200] {dagbag.py:536} INFO - Filling up the DagBag from /home/ai/.local/lib/python3.9/site-packages/airflow/example_dags/example_external_task_marker_dag.py
[2026-07-15T16:39:25.168+0200] {processor.py:839} INFO - DAG(s) dict_keys(['example_external_task_marker_parent', 'example_external_task_marker_child']) retrieved from /home/ai/.local/lib/python3.9/site-packages/airflow/example_dags/example_external_task_marker_dag.py
[2026-07-15T16:39:25.187+0200] {logging_mixin.py:151} INFO - [2026-07-15T16:39:25.187+0200] {dag.py:2941} INFO - Sync 2 DAGs
[2026-07-15T16:39:25.197+0200] {logging_mixin.py:151} INFO - [2026-07-15T16:39:25.197+0200] {dag.py:3722} INFO - Setting next_dagrun for example_external_task_marker_child to None, run_after=None
[2026-07-15T16:39:25.200+0200] {logging_mixin.py:151} INFO - [2026-07-15T16:39:25.200+0200] {dag.py:3722} INFO - Setting next_dagrun for example_external_task_marker_parent to None, run_after=None
[2026-07-15T16:39:25.713+0200] {processor.py:179} INFO - Processing /home/ai/.local/lib/python3.9/site-packages/airflow/example_dags/example_external_task_marker_dag.py took 0.559 seconds
[2026-07-15T16:41:27.036+0200] {processor.py:157} INFO - Started process (PID=3433247) to work on /home/ai/.local/lib/python3.9/site-packages/airflow/example_dags/example_external_task_marker_dag.py
[2026-07-15T16:41:27.039+0200] {processor.py:829} INFO - Processing file /home/ai/.local/lib/python3.9/site-packages/airflow/example_dags/example_external_task_marker_dag.py for tasks to queue
[2026-07-15T16:41:27.041+0200] {logging_mixin.py:151} INFO - [2026-07-15T16:41:27.040+0200] {dagbag.py:536} INFO - Filling up the DagBag from /home/ai/.local/lib/python3.9/site-packages/airflow/example_dags/example_external_task_marker_dag.py
[2026-07-15T16:41:27.049+0200] {processor.py:839} INFO - DAG(s) dict_keys(['example_external_task_marker_child', 'example_external_task_marker_parent']) retrieved from /home/ai/.local/lib/python3.9/site-packages/airflow/example_dags/example_external_task_marker_dag.py
[2026-07-15T16:41:27.068+0200] {logging_mixin.py:151} INFO - [2026-07-15T16:41:27.068+0200] {dag.py:2941} INFO - Sync 2 DAGs
[2026-07-15T16:41:27.079+0200] {logging_mixin.py:151} INFO - [2026-07-15T16:41:27.079+0200] {dag.py:3722} INFO - Setting next_dagrun for example_external_task_marker_child to None, run_after=None
[2026-07-15T16:41:27.082+0200] {logging_mixin.py:151} INFO - [2026-07-15T16:41:27.082+0200] {dag.py:3722} INFO - Setting next_dagrun for example_external_task_marker_parent to None, run_after=None
[2026-07-15T16:41:27.100+0200] {processor.py:179} INFO - Processing /home/ai/.local/lib/python3.9/site-packages/airflow/example_dags/example_external_task_marker_dag.py took 0.070 seconds
[2026-07-15T16:43:08.439+0200] {processor.py:157} INFO - Started process (PID=3435043) to work on /home/ai/.local/lib/python3.9/site-packages/airflow/example_dags/example_external_task_marker_dag.py
[2026-07-15T16:43:08.441+0200] {processor.py:829} INFO - Processing file /home/ai/.local/lib/python3.9/site-packages/airflow/example_dags/example_external_task_marker_dag.py for tasks to queue
[2026-07-15T16:43:08.441+0200] {logging_mixin.py:151} INFO - [2026-07-15T16:43:08.441+0200] {dagbag.py:536} INFO - Filling up the DagBag from /home/ai/.local/lib/python3.9/site-packages/airflow/example_dags/example_external_task_marker_dag.py
[2026-07-15T16:43:08.449+0200] {processor.py:839} INFO - DAG(s) dict_keys(['example_external_task_marker_child', 'example_external_task_marker_parent']) retrieved from /home/ai/.local/lib/python3.9/site-packages/airflow/example_dags/example_external_task_marker_dag.py
[2026-07-15T16:43:08.467+0200] {logging_mixin.py:151} INFO - [2026-07-15T16:43:08.467+0200] {dag.py:2941} INFO - Sync 2 DAGs
[2026-07-15T16:43:08.478+0200] {logging_mixin.py:151} INFO - [2026-07-15T16:43:08.478+0200] {dag.py:3722} INFO - Setting next_dagrun for example_external_task_marker_child to None, run_after=None
[2026-07-15T16:43:08.480+0200] {logging_mixin.py:151} INFO - [2026-07-15T16:43:08.480+0200] {dag.py:3722} INFO - Setting next_dagrun for example_external_task_marker_parent to None, run_after=None
[2026-07-15T16:43:08.670+0200] {processor.py:179} INFO - Processing /home/ai/.local/lib/python3.9/site-packages/airflow/example_dags/example_external_task_marker_dag.py took 0.236 seconds
[2026-07-15T16:44:36.626+0200] {processor.py:157} INFO - Started process (PID=3436609) to work on /home/ai/.local/lib/python3.9/site-packages/airflow/example_dags/example_external_task_marker_dag.py
[2026-07-15T16:44:36.628+0200] {processor.py:829} INFO - Processing file /home/ai/.local/lib/python3.9/site-packages/airflow/example_dags/example_external_task_marker_dag.py for tasks to queue
[2026-07-15T16:44:36.629+0200] {logging_mixin.py:151} INFO - [2026-07-15T16:44:36.628+0200] {dagbag.py:536} INFO - Filling up the DagBag from /home/ai/.local/lib/python3.9/site-packages/airflow/example_dags/example_external_task_marker_dag.py
[2026-07-15T16:44:36.635+0200] {processor.py:839} INFO - DAG(s) dict_keys(['example_external_task_marker_parent', 'example_external_task_marker_child']) retrieved from /home/ai/.local/lib/python3.9/site-packages/airflow/example_dags/example_external_task_marker_dag.py
[2026-07-15T16:44:36.654+0200] {logging_mixin.py:151} INFO - [2026-07-15T16:44:36.654+0200] {dag.py:2941} INFO - Sync 2 DAGs
[2026-07-15T16:44:36.665+0200] {logging_mixin.py:151} INFO - [2026-07-15T16:44:36.664+0200] {dag.py:3722} INFO - Setting next_dagrun for example_external_task_marker_child to None, run_after=None
[2026-07-15T16:44:36.667+0200] {logging_mixin.py:151} INFO - [2026-07-15T16:44:36.667+0200] {dag.py:3722} INFO - Setting next_dagrun for example_external_task_marker_parent to None, run_after=None
[2026-07-15T16:44:37.145+0200] {processor.py:179} INFO - Processing /home/ai/.local/lib/python3.9/site-packages/airflow/example_dags/example_external_task_marker_dag.py took 0.524 seconds
[2026-07-15T16:46:43.872+0200] {processor.py:157} INFO - Started process (PID=3438793) to work on /home/ai/.local/lib/python3.9/site-packages/airflow/example_dags/example_external_task_marker_dag.py
[2026-07-15T16:46:43.874+0200] {processor.py:829} INFO - Processing file /home/ai/.local/lib/python3.9/site-packages/airflow/example_dags/example_external_task_marker_dag.py for tasks to queue
[2026-07-15T16:46:43.876+0200] {logging_mixin.py:151} INFO - [2026-07-15T16:46:43.875+0200] {dagbag.py:536} INFO - Filling up the DagBag from /home/ai/.local/lib/python3.9/site-packages/airflow/example_dags/example_external_task_marker_dag.py
[2026-07-15T16:46:43.882+0200] {processor.py:839} INFO - DAG(s) dict_keys(['example_external_task_marker_parent', 'example_external_task_marker_child']) retrieved from /home/ai/.local/lib/python3.9/site-packages/airflow/example_dags/example_external_task_marker_dag.py
[2026-07-15T16:46:43.901+0200] {logging_mixin.py:151} INFO - [2026-07-15T16:46:43.901+0200] {dag.py:2941} INFO - Sync 2 DAGs
[2026-07-15T16:46:43.912+0200] {logging_mixin.py:151} INFO - [2026-07-15T16:46:43.912+0200] {dag.py:3722} INFO - Setting next_dagrun for example_external_task_marker_child to None, run_after=None
[2026-07-15T16:46:43.915+0200] {logging_mixin.py:151} INFO - [2026-07-15T16:46:43.915+0200] {dag.py:3722} INFO - Setting next_dagrun for example_external_task_marker_parent to None, run_after=None
[2026-07-15T16:46:43.932+0200] {processor.py:179} INFO - Processing /home/ai/.local/lib/python3.9/site-packages/airflow/example_dags/example_external_task_marker_dag.py took 0.064 seconds
[2026-07-15T16:48:36.841+0200] {processor.py:157} INFO - Started process (PID=3440796) to work on /home/ai/.local/lib/python3.9/site-packages/airflow/example_dags/example_external_task_marker_dag.py
[2026-07-15T16:48:36.843+0200] {processor.py:829} INFO - Processing file /home/ai/.local/lib/python3.9/site-packages/airflow/example_dags/example_external_task_marker_dag.py for tasks to queue
[2026-07-15T16:48:36.844+0200] {logging_mixin.py:151} INFO - [2026-07-15T16:48:36.843+0200] {dagbag.py:536} INFO - Filling up the DagBag from /home/ai/.local/lib/python3.9/site-packages/airflow/example_dags/example_external_task_marker_dag.py
[2026-07-15T16:48:36.850+0200] {processor.py:839} INFO - DAG(s) dict_keys(['example_external_task_marker_child', 'example_external_task_marker_parent']) retrieved from /home/ai/.local/lib/python3.9/site-packages/airflow/example_dags/example_external_task_marker_dag.py
[2026-07-15T16:48:36.871+0200] {logging_mixin.py:151} INFO - [2026-07-15T16:48:36.870+0200] {dag.py:2941} INFO - Sync 2 DAGs
[2026-07-15T16:48:36.882+0200] {logging_mixin.py:151} INFO - [2026-07-15T16:48:36.882+0200] {dag.py:3722} INFO - Setting next_dagrun for example_external_task_marker_child to None, run_after=None
[2026-07-15T16:48:36.884+0200] {logging_mixin.py:151} INFO - [2026-07-15T16:48:36.884+0200] {dag.py:3722} INFO - Setting next_dagrun for example_external_task_marker_parent to None, run_after=None
[2026-07-15T16:48:36.962+0200] {processor.py:179} INFO - Processing /home/ai/.local/lib/python3.9/site-packages/airflow/example_dags/example_external_task_marker_dag.py took 0.125 seconds
[2026-07-15T16:50:28.945+0200] {processor.py:157} INFO - Started process (PID=3442647) to work on /home/ai/.local/lib/python3.9/site-packages/airflow/example_dags/example_external_task_marker_dag.py
[2026-07-15T16:50:28.948+0200] {processor.py:829} INFO - Processing file /home/ai/.local/lib/python3.9/site-packages/airflow/example_dags/example_external_task_marker_dag.py for tasks to queue
[2026-07-15T16:50:28.950+0200] {logging_mixin.py:151} INFO - [2026-07-15T16:50:28.949+0200] {dagbag.py:536} INFO - Filling up the DagBag from /home/ai/.local/lib/python3.9/site-packages/airflow/example_dags/example_external_task_marker_dag.py
[2026-07-15T16:50:28.956+0200] {processor.py:839} INFO - DAG(s) dict_keys(['example_external_task_marker_parent', 'example_external_task_marker_child']) retrieved from /home/ai/.local/lib/python3.9/site-packages/airflow/example_dags/example_external_task_marker_dag.py
[2026-07-15T16:50:28.975+0200] {logging_mixin.py:151} INFO - [2026-07-15T16:50:28.975+0200] {dag.py:2941} INFO - Sync 2 DAGs
[2026-07-15T16:50:28.988+0200] {logging_mixin.py:151} INFO - [2026-07-15T16:50:28.988+0200] {dag.py:3722} INFO - Setting next_dagrun for example_external_task_marker_child to None, run_after=None
[2026-07-15T16:50:28.991+0200] {logging_mixin.py:151} INFO - [2026-07-15T16:50:28.991+0200] {dag.py:3722} INFO - Setting next_dagrun for example_external_task_marker_parent to None, run_after=None
[2026-07-15T16:50:29.057+0200] {processor.py:179} INFO - Processing /home/ai/.local/lib/python3.9/site-packages/airflow/example_dags/example_external_task_marker_dag.py took 0.117 seconds
[2026-07-15T16:52:31.605+0200] {processor.py:157} INFO - Started process (PID=3444728) to work on /home/ai/.local/lib/python3.9/site-packages/airflow/example_dags/example_external_task_marker_dag.py
[2026-07-15T16:52:31.612+0200] {processor.py:829} INFO - Processing file /home/ai/.local/lib/python3.9/site-packages/airflow/example_dags/example_external_task_marker_dag.py for tasks to queue
[2026-07-15T16:52:31.613+0200] {logging_mixin.py:151} INFO - [2026-07-15T16:52:31.613+0200] {dagbag.py:536} INFO - Filling up the DagBag from /home/ai/.local/lib/python3.9/site-packages/airflow/example_dags/example_external_task_marker_dag.py
[2026-07-15T16:52:31.620+0200] {processor.py:839} INFO - DAG(s) dict_keys(['example_external_task_marker_parent', 'example_external_task_marker_child']) retrieved from /home/ai/.local/lib/python3.9/site-packages/airflow/example_dags/example_external_task_marker_dag.py
[2026-07-15T16:52:31.640+0200] {logging_mixin.py:151} INFO - [2026-07-15T16:52:31.639+0200] {dag.py:2941} INFO - Sync 2 DAGs
[2026-07-15T16:52:31.651+0200] {logging_mixin.py:151} INFO - [2026-07-15T16:52:31.651+0200] {dag.py:3722} INFO - Setting next_dagrun for example_external_task_marker_child to None, run_after=None
[2026-07-15T16:52:31.653+0200] {logging_mixin.py:151} INFO - [2026-07-15T16:52:31.653+0200] {dag.py:3722} INFO - Setting next_dagrun for example_external_task_marker_parent to None, run_after=None
[2026-07-15T16:52:32.156+0200] {processor.py:179} INFO - Processing /home/ai/.local/lib/python3.9/site-packages/airflow/example_dags/example_external_task_marker_dag.py took 0.555 seconds
[2026-07-15T16:54:48.584+0200] {processor.py:157} INFO - Started process (PID=3446971) to work on /home/ai/.local/lib/python3.9/site-packages/airflow/example_dags/example_external_task_marker_dag.py
[2026-07-15T16:54:48.586+0200] {processor.py:829} INFO - Processing file /home/ai/.local/lib/python3.9/site-packages/airflow/example_dags/example_external_task_marker_dag.py for tasks to queue
[2026-07-15T16:54:48.587+0200] {logging_mixin.py:151} INFO - [2026-07-15T16:54:48.586+0200] {dagbag.py:536} INFO - Filling up the DagBag from /home/ai/.local/lib/python3.9/site-packages/airflow/example_dags/example_external_task_marker_dag.py
[2026-07-15T16:54:48.593+0200] {processor.py:839} INFO - DAG(s) dict_keys(['example_external_task_marker_child', 'example_external_task_marker_parent']) retrieved from /home/ai/.local/lib/python3.9/site-packages/airflow/example_dags/example_external_task_marker_dag.py
[2026-07-15T16:54:48.614+0200] {logging_mixin.py:151} INFO - [2026-07-15T16:54:48.613+0200] {dag.py:2941} INFO - Sync 2 DAGs
[2026-07-15T16:54:48.624+0200] {logging_mixin.py:151} INFO - [2026-07-15T16:54:48.624+0200] {dag.py:3722} INFO - Setting next_dagrun for example_external_task_marker_child to None, run_after=None
[2026-07-15T16:54:48.627+0200] {logging_mixin.py:151} INFO - [2026-07-15T16:54:48.627+0200] {dag.py:3722} INFO - Setting next_dagrun for example_external_task_marker_parent to None, run_after=None
[2026-07-15T16:54:49.341+0200] {processor.py:179} INFO - Processing /home/ai/.local/lib/python3.9/site-packages/airflow/example_dags/example_external_task_marker_dag.py took 0.763 seconds
[2026-07-15T16:56:55.832+0200] {processor.py:157} INFO - Started process (PID=3449114) to work on /home/ai/.local/lib/python3.9/site-packages/airflow/example_dags/example_external_task_marker_dag.py
[2026-07-15T16:56:55.834+0200] {processor.py:829} INFO - Processing file /home/ai/.local/lib/python3.9/site-packages/airflow/example_dags/example_external_task_marker_dag.py for tasks to queue
[2026-07-15T16:56:55.835+0200] {logging_mixin.py:151} INFO - [2026-07-15T16:56:55.834+0200] {dagbag.py:536} INFO - Filling up the DagBag from /home/ai/.local/lib/python3.9/site-packages/airflow/example_dags/example_external_task_marker_dag.py
[2026-07-15T16:56:55.841+0200] {processor.py:839} INFO - DAG(s) dict_keys(['example_external_task_marker_child', 'example_external_task_marker_parent']) retrieved from /home/ai/.local/lib/python3.9/site-packages/airflow/example_dags/example_external_task_marker_dag.py
[2026-07-15T16:56:55.859+0200] {logging_mixin.py:151} INFO - [2026-07-15T16:56:55.859+0200] {dag.py:2941} INFO - Sync 2 DAGs
[2026-07-15T16:56:55.869+0200] {logging_mixin.py:151} INFO - [2026-07-15T16:56:55.869+0200] {dag.py:3722} INFO - Setting next_dagrun for example_external_task_marker_child to None, run_after=None
[2026-07-15T16:56:55.872+0200] {logging_mixin.py:151} INFO - [2026-07-15T16:56:55.872+0200] {dag.py:3722} INFO - Setting next_dagrun for example_external_task_marker_parent to None, run_after=None
[2026-07-15T16:56:56.607+0200] {processor.py:179} INFO - Processing /home/ai/.local/lib/python3.9/site-packages/airflow/example_dags/example_external_task_marker_dag.py took 0.781 seconds
[2026-07-15T16:59:58.664+0200] {processor.py:157} INFO - Started process (PID=3452420) to work on /home/ai/.local/lib/python3.9/site-packages/airflow/example_dags/example_external_task_marker_dag.py
[2026-07-15T16:59:58.719+0200] {processor.py:829} INFO - Processing file /home/ai/.local/lib/python3.9/site-packages/airflow/example_dags/example_external_task_marker_dag.py for tasks to queue
[2026-07-15T16:59:58.722+0200] {logging_mixin.py:151} INFO - [2026-07-15T16:59:58.721+0200] {dagbag.py:536} INFO - Filling up the DagBag from /home/ai/.local/lib/python3.9/site-packages/airflow/example_dags/example_external_task_marker_dag.py
[2026-07-15T16:59:58.733+0200] {processor.py:839} INFO - DAG(s) dict_keys(['example_external_task_marker_parent', 'example_external_task_marker_child']) retrieved from /home/ai/.local/lib/python3.9/site-packages/airflow/example_dags/example_external_task_marker_dag.py
[2026-07-15T16:59:58.753+0200] {logging_mixin.py:151} INFO - [2026-07-15T16:59:58.752+0200] {dag.py:2941} INFO - Sync 2 DAGs
[2026-07-15T16:59:58.763+0200] {logging_mixin.py:151} INFO - [2026-07-15T16:59:58.763+0200] {dag.py:3722} INFO - Setting next_dagrun for example_external_task_marker_child to None, run_after=None
[2026-07-15T16:59:58.765+0200] {logging_mixin.py:151} INFO - [2026-07-15T16:59:58.765+0200] {dag.py:3722} INFO - Setting next_dagrun for example_external_task_marker_parent to None, run_after=None
[2026-07-15T16:59:58.893+0200] {processor.py:179} INFO - Processing /home/ai/.local/lib/python3.9/site-packages/airflow/example_dags/example_external_task_marker_dag.py took 0.234 seconds
[2026-07-15T17:02:17.092+0200] {processor.py:157} INFO - Started process (PID=3454855) to work on /home/ai/.local/lib/python3.9/site-packages/airflow/example_dags/example_external_task_marker_dag.py
[2026-07-15T17:02:17.094+0200] {processor.py:829} INFO - Processing file /home/ai/.local/lib/python3.9/site-packages/airflow/example_dags/example_external_task_marker_dag.py for tasks to queue
[2026-07-15T17:02:17.095+0200] {logging_mixin.py:151} INFO - [2026-07-15T17:02:17.095+0200] {dagbag.py:536} INFO - Filling up the DagBag from /home/ai/.local/lib/python3.9/site-packages/airflow/example_dags/example_external_task_marker_dag.py
[2026-07-15T17:02:17.103+0200] {processor.py:839} INFO - DAG(s) dict_keys(['example_external_task_marker_parent', 'example_external_task_marker_child']) retrieved from /home/ai/.local/lib/python3.9/site-packages/airflow/example_dags/example_external_task_marker_dag.py
[2026-07-15T17:02:17.125+0200] {logging_mixin.py:151} INFO - [2026-07-15T17:02:17.125+0200] {dag.py:2941} INFO - Sync 2 DAGs
[2026-07-15T17:02:17.135+0200] {logging_mixin.py:151} INFO - [2026-07-15T17:02:17.135+0200] {dag.py:3722} INFO - Setting next_dagrun for example_external_task_marker_child to None, run_after=None
[2026-07-15T17:02:17.138+0200] {logging_mixin.py:151} INFO - [2026-07-15T17:02:17.138+0200] {dag.py:3722} INFO - Setting next_dagrun for example_external_task_marker_parent to None, run_after=None
[2026-07-15T17:02:20.066+0200] {processor.py:179} INFO - Processing /home/ai/.local/lib/python3.9/site-packages/airflow/example_dags/example_external_task_marker_dag.py took 2.981 seconds
[2026-07-15T17:04:53.131+0200] {processor.py:157} INFO - Started process (PID=3457556) to work on /home/ai/.local/lib/python3.9/site-packages/airflow/example_dags/example_external_task_marker_dag.py
[2026-07-15T17:04:54.849+0200] {processor.py:829} INFO - Processing file /home/ai/.local/lib/python3.9/site-packages/airflow/example_dags/example_external_task_marker_dag.py for tasks to queue
[2026-07-15T17:04:54.852+0200] {logging_mixin.py:151} INFO - [2026-07-15T17:04:54.851+0200] {dagbag.py:536} INFO - Filling up the DagBag from /home/ai/.local/lib/python3.9/site-packages/airflow/example_dags/example_external_task_marker_dag.py
[2026-07-15T17:04:54.864+0200] {processor.py:839} INFO - DAG(s) dict_keys(['example_external_task_marker_parent', 'example_external_task_marker_child']) retrieved from /home/ai/.local/lib/python3.9/site-packages/airflow/example_dags/example_external_task_marker_dag.py
[2026-07-15T17:04:54.883+0200] {logging_mixin.py:151} INFO - [2026-07-15T17:04:54.883+0200] {dag.py:2941} INFO - Sync 2 DAGs
[2026-07-15T17:04:54.898+0200] {logging_mixin.py:151} INFO - [2026-07-15T17:04:54.898+0200] {dag.py:3722} INFO - Setting next_dagrun for example_external_task_marker_child to None, run_after=None
[2026-07-15T17:04:54.902+0200] {logging_mixin.py:151} INFO - [2026-07-15T17:04:54.902+0200] {dag.py:3722} INFO - Setting next_dagrun for example_external_task_marker_parent to None, run_after=None
[2026-07-15T17:04:54.924+0200] {processor.py:179} INFO - Processing /home/ai/.local/lib/python3.9/site-packages/airflow/example_dags/example_external_task_marker_dag.py took 1.798 seconds
[2026-07-15T17:07:01.275+0200] {processor.py:157} INFO - Started process (PID=3459685) to work on /home/ai/.local/lib/python3.9/site-packages/airflow/example_dags/example_external_task_marker_dag.py
[2026-07-15T17:07:01.804+0200] {processor.py:829} INFO - Processing file /home/ai/.local/lib/python3.9/site-packages/airflow/example_dags/example_external_task_marker_dag.py for tasks to queue
[2026-07-15T17:07:01.806+0200] {logging_mixin.py:151} INFO - [2026-07-15T17:07:01.805+0200] {dagbag.py:536} INFO - Filling up the DagBag from /home/ai/.local/lib/python3.9/site-packages/airflow/example_dags/example_external_task_marker_dag.py
[2026-07-15T17:07:01.817+0200] {processor.py:839} INFO - DAG(s) dict_keys(['example_external_task_marker_parent', 'example_external_task_marker_child']) retrieved from /home/ai/.local/lib/python3.9/site-packages/airflow/example_dags/example_external_task_marker_dag.py
[2026-07-15T17:07:01.836+0200] {logging_mixin.py:151} INFO - [2026-07-15T17:07:01.836+0200] {dag.py:2941} INFO - Sync 2 DAGs
[2026-07-15T17:07:01.847+0200] {logging_mixin.py:151} INFO - [2026-07-15T17:07:01.846+0200] {dag.py:3722} INFO - Setting next_dagrun for example_external_task_marker_child to None, run_after=None
[2026-07-15T17:07:01.849+0200] {logging_mixin.py:151} INFO - [2026-07-15T17:07:01.849+0200] {dag.py:3722} INFO - Setting next_dagrun for example_external_task_marker_parent to None, run_after=None
[2026-07-15T17:07:06.632+0200] {processor.py:179} INFO - Processing /home/ai/.local/lib/python3.9/site-packages/airflow/example_dags/example_external_task_marker_dag.py took 5.363 seconds
[2026-07-15T17:10:16.098+0200] {processor.py:157} INFO - Started process (PID=3462993) to work on /home/ai/.local/lib/python3.9/site-packages/airflow/example_dags/example_external_task_marker_dag.py
[2026-07-15T17:10:17.302+0200] {processor.py:829} INFO - Processing file /home/ai/.local/lib/python3.9/site-packages/airflow/example_dags/example_external_task_marker_dag.py for tasks to queue
[2026-07-15T17:10:17.304+0200] {logging_mixin.py:151} INFO - [2026-07-15T17:10:17.303+0200] {dagbag.py:536} INFO - Filling up the DagBag from /home/ai/.local/lib/python3.9/site-packages/airflow/example_dags/example_external_task_marker_dag.py
[2026-07-15T17:10:17.315+0200] {processor.py:839} INFO - DAG(s) dict_keys(['example_external_task_marker_parent', 'example_external_task_marker_child']) retrieved from /home/ai/.local/lib/python3.9/site-packages/airflow/example_dags/example_external_task_marker_dag.py
[2026-07-15T17:10:17.333+0200] {logging_mixin.py:151} INFO - [2026-07-15T17:10:17.333+0200] {dag.py:2941} INFO - Sync 2 DAGs
[2026-07-15T17:10:17.343+0200] {logging_mixin.py:151} INFO - [2026-07-15T17:10:17.343+0200] {dag.py:3722} INFO - Setting next_dagrun for example_external_task_marker_child to None, run_after=None
[2026-07-15T17:10:17.345+0200] {logging_mixin.py:151} INFO - [2026-07-15T17:10:17.345+0200] {dag.py:3722} INFO - Setting next_dagrun for example_external_task_marker_parent to None, run_after=None
[2026-07-15T17:10:18.186+0200] {processor.py:179} INFO - Processing /home/ai/.local/lib/python3.9/site-packages/airflow/example_dags/example_external_task_marker_dag.py took 2.093 seconds
[2026-07-15T17:14:28.643+0200] {processor.py:157} INFO - Started process (PID=3467394) to work on /home/ai/.local/lib/python3.9/site-packages/airflow/example_dags/example_external_task_marker_dag.py
[2026-07-15T17:14:28.829+0200] {processor.py:829} INFO - Processing file /home/ai/.local/lib/python3.9/site-packages/airflow/example_dags/example_external_task_marker_dag.py for tasks to queue
[2026-07-15T17:14:28.832+0200] {logging_mixin.py:151} INFO - [2026-07-15T17:14:28.831+0200] {dagbag.py:536} INFO - Filling up the DagBag from /home/ai/.local/lib/python3.9/site-packages/airflow/example_dags/example_external_task_marker_dag.py
[2026-07-15T17:14:28.845+0200] {processor.py:839} INFO - DAG(s) dict_keys(['example_external_task_marker_child', 'example_external_task_marker_parent']) retrieved from /home/ai/.local/lib/python3.9/site-packages/airflow/example_dags/example_external_task_marker_dag.py
[2026-07-15T17:14:28.864+0200] {logging_mixin.py:151} INFO - [2026-07-15T17:14:28.864+0200] {dag.py:2941} INFO - Sync 2 DAGs
[2026-07-15T17:14:28.875+0200] {logging_mixin.py:151} INFO - [2026-07-15T17:14:28.875+0200] {dag.py:3722} INFO - Setting next_dagrun for example_external_task_marker_child to None, run_after=None
[2026-07-15T17:14:28.877+0200] {logging_mixin.py:151} INFO - [2026-07-15T17:14:28.877+0200] {dag.py:3722} INFO - Setting next_dagrun for example_external_task_marker_parent to None, run_after=None
[2026-07-15T17:14:28.894+0200] {processor.py:179} INFO - Processing /home/ai/.local/lib/python3.9/site-packages/airflow/example_dags/example_external_task_marker_dag.py took 0.255 seconds
[2026-07-15T17:16:26.786+0200] {processor.py:157} INFO - Started process (PID=3469851) to work on /home/ai/.local/lib/python3.9/site-packages/airflow/example_dags/example_external_task_marker_dag.py
[2026-07-15T17:16:26.789+0200] {processor.py:829} INFO - Processing file /home/ai/.local/lib/python3.9/site-packages/airflow/example_dags/example_external_task_marker_dag.py for tasks to queue
[2026-07-15T17:16:26.790+0200] {logging_mixin.py:151} INFO - [2026-07-15T17:16:26.790+0200] {dagbag.py:536} INFO - Filling up the DagBag from /home/ai/.local/lib/python3.9/site-packages/airflow/example_dags/example_external_task_marker_dag.py
[2026-07-15T17:16:26.808+0200] {processor.py:839} INFO - DAG(s) dict_keys(['example_external_task_marker_parent', 'example_external_task_marker_child']) retrieved from /home/ai/.local/lib/python3.9/site-packages/airflow/example_dags/example_external_task_marker_dag.py
[2026-07-15T17:16:26.833+0200] {logging_mixin.py:151} INFO - [2026-07-15T17:16:26.833+0200] {dag.py:2941} INFO - Sync 2 DAGs
[2026-07-15T17:16:26.845+0200] {logging_mixin.py:151} INFO - [2026-07-15T17:16:26.845+0200] {dag.py:3722} INFO - Setting next_dagrun for example_external_task_marker_child to None, run_after=None
[2026-07-15T17:16:26.847+0200] {logging_mixin.py:151} INFO - [2026-07-15T17:16:26.847+0200] {dag.py:3722} INFO - Setting next_dagrun for example_external_task_marker_parent to None, run_after=None
[2026-07-15T17:16:29.282+0200] {processor.py:179} INFO - Processing /home/ai/.local/lib/python3.9/site-packages/airflow/example_dags/example_external_task_marker_dag.py took 2.500 seconds
[2026-07-15T17:18:18.625+0200] {processor.py:157} INFO - Started process (PID=3472324) to work on /home/ai/.local/lib/python3.9/site-packages/airflow/example_dags/example_external_task_marker_dag.py
[2026-07-15T17:18:18.891+0200] {processor.py:829} INFO - Processing file /home/ai/.local/lib/python3.9/site-packages/airflow/example_dags/example_external_task_marker_dag.py for tasks to queue
[2026-07-15T17:18:18.894+0200] {logging_mixin.py:151} INFO - [2026-07-15T17:18:18.893+0200] {dagbag.py:536} INFO - Filling up the DagBag from /home/ai/.local/lib/python3.9/site-packages/airflow/example_dags/example_external_task_marker_dag.py
[2026-07-15T17:18:18.911+0200] {processor.py:839} INFO - DAG(s) dict_keys(['example_external_task_marker_parent', 'example_external_task_marker_child']) retrieved from /home/ai/.local/lib/python3.9/site-packages/airflow/example_dags/example_external_task_marker_dag.py
[2026-07-15T17:18:18.931+0200] {logging_mixin.py:151} INFO - [2026-07-15T17:18:18.931+0200] {dag.py:2941} INFO - Sync 2 DAGs
[2026-07-15T17:18:18.945+0200] {logging_mixin.py:151} INFO - [2026-07-15T17:18:18.945+0200] {dag.py:3722} INFO - Setting next_dagrun for example_external_task_marker_child to None, run_after=None
[2026-07-15T17:18:18.948+0200] {logging_mixin.py:151} INFO - [2026-07-15T17:18:18.948+0200] {dag.py:3722} INFO - Setting next_dagrun for example_external_task_marker_parent to None, run_after=None
[2026-07-15T17:18:18.977+0200] {processor.py:179} INFO - Processing /home/ai/.local/lib/python3.9/site-packages/airflow/example_dags/example_external_task_marker_dag.py took 0.356 seconds
