[2026-07-15T16:15:24.968+0200] {processor.py:157} INFO - Started process (PID=3405900) to work on /home/ai/.local/lib/python3.9/site-packages/airflow/example_dags/example_short_circuit_decorator.py
[2026-07-15T16:15:24.969+0200] {processor.py:829} INFO - Processing file /home/ai/.local/lib/python3.9/site-packages/airflow/example_dags/example_short_circuit_decorator.py for tasks to queue
[2026-07-15T16:15:24.970+0200] {logging_mixin.py:151} INFO - [2026-07-15T16:15:24.969+0200] {dagbag.py:536} INFO - Filling up the DagBag from /home/ai/.local/lib/python3.9/site-packages/airflow/example_dags/example_short_circuit_decorator.py
[2026-07-15T16:15:24.980+0200] {processor.py:839} INFO - DAG(s) dict_keys(['example_short_circuit_decorator']) retrieved from /home/ai/.local/lib/python3.9/site-packages/airflow/example_dags/example_short_circuit_decorator.py
[2026-07-15T16:15:25.000+0200] {logging_mixin.py:151} INFO - [2026-07-15T16:15:25.000+0200] {dag.py:2941} INFO - Sync 1 DAGs
[2026-07-15T16:15:25.021+0200] {logging_mixin.py:151} INFO - [2026-07-15T16:15:25.021+0200] {dag.py:3722} INFO - Setting next_dagrun for example_short_circuit_decorator to 2026-07-14T14:15:25.021231+00:00, run_after=2026-07-15T14:15:25.021231+00:00
[2026-07-15T16:15:25.040+0200] {processor.py:179} INFO - Processing /home/ai/.local/lib/python3.9/site-packages/airflow/example_dags/example_short_circuit_decorator.py took 0.078 seconds
[2026-07-15T16:16:47.374+0200] {processor.py:157} INFO - Started process (PID=3407218) to work on /home/ai/.local/lib/python3.9/site-packages/airflow/example_dags/example_short_circuit_decorator.py
[2026-07-15T16:16:47.375+0200] {processor.py:829} INFO - Processing file /home/ai/.local/lib/python3.9/site-packages/airflow/example_dags/example_short_circuit_decorator.py for tasks to queue
[2026-07-15T16:16:47.376+0200] {logging_mixin.py:151} INFO - [2026-07-15T16:16:47.376+0200] {dagbag.py:536} INFO - Filling up the DagBag from /home/ai/.local/lib/python3.9/site-packages/airflow/example_dags/example_short_circuit_decorator.py
[2026-07-15T16:16:47.386+0200] {processor.py:839} INFO - DAG(s) dict_keys(['example_short_circuit_decorator']) retrieved from /home/ai/.local/lib/python3.9/site-packages/airflow/example_dags/example_short_circuit_decorator.py
[2026-07-15T16:16:47.405+0200] {logging_mixin.py:151} INFO - [2026-07-15T16:16:47.405+0200] {dag.py:2941} INFO - Sync 1 DAGs
[2026-07-15T16:16:47.424+0200] {logging_mixin.py:151} INFO - [2026-07-15T16:16:47.423+0200] {dag.py:3722} INFO - Setting next_dagrun for example_short_circuit_decorator to 2026-07-14T14:16:47.423577+00:00, run_after=2026-07-15T14:16:47.423577+00:00
[2026-07-15T16:16:47.448+0200] {processor.py:179} INFO - Processing /home/ai/.local/lib/python3.9/site-packages/airflow/example_dags/example_short_circuit_decorator.py took 0.078 seconds
[2026-07-15T16:18:15.533+0200] {processor.py:157} INFO - Started process (PID=3408733) to work on /home/ai/.local/lib/python3.9/site-packages/airflow/example_dags/example_short_circuit_decorator.py
[2026-07-15T16:18:15.535+0200] {processor.py:829} INFO - Processing file /home/ai/.local/lib/python3.9/site-packages/airflow/example_dags/example_short_circuit_decorator.py for tasks to queue
[2026-07-15T16:18:15.537+0200] {logging_mixin.py:151} INFO - [2026-07-15T16:18:15.536+0200] {dagbag.py:536} INFO - Filling up the DagBag from /home/ai/.local/lib/python3.9/site-packages/airflow/example_dags/example_short_circuit_decorator.py
[2026-07-15T16:18:15.549+0200] {processor.py:839} INFO - DAG(s) dict_keys(['example_short_circuit_decorator']) retrieved from /home/ai/.local/lib/python3.9/site-packages/airflow/example_dags/example_short_circuit_decorator.py
[2026-07-15T16:18:15.566+0200] {logging_mixin.py:151} INFO - [2026-07-15T16:18:15.566+0200] {dag.py:2941} INFO - Sync 1 DAGs
[2026-07-15T16:18:15.591+0200] {logging_mixin.py:151} INFO - [2026-07-15T16:18:15.591+0200] {dag.py:3722} INFO - Setting next_dagrun for example_short_circuit_decorator to 2026-07-14T14:18:15.591340+00:00, run_after=2026-07-15T14:18:15.591340+00:00
[2026-07-15T16:18:16.034+0200] {processor.py:179} INFO - Processing /home/ai/.local/lib/python3.9/site-packages/airflow/example_dags/example_short_circuit_decorator.py took 0.509 seconds
[2026-07-15T16:19:52.340+0200] {processor.py:157} INFO - Started process (PID=3410403) to work on /home/ai/.local/lib/python3.9/site-packages/airflow/example_dags/example_short_circuit_decorator.py
[2026-07-15T16:19:52.342+0200] {processor.py:829} INFO - Processing file /home/ai/.local/lib/python3.9/site-packages/airflow/example_dags/example_short_circuit_decorator.py for tasks to queue
[2026-07-15T16:19:52.343+0200] {logging_mixin.py:151} INFO - [2026-07-15T16:19:52.342+0200] {dagbag.py:536} INFO - Filling up the DagBag from /home/ai/.local/lib/python3.9/site-packages/airflow/example_dags/example_short_circuit_decorator.py
[2026-07-15T16:19:52.354+0200] {processor.py:839} INFO - DAG(s) dict_keys(['example_short_circuit_decorator']) retrieved from /home/ai/.local/lib/python3.9/site-packages/airflow/example_dags/example_short_circuit_decorator.py
[2026-07-15T16:19:52.373+0200] {logging_mixin.py:151} INFO - [2026-07-15T16:19:52.373+0200] {dag.py:2941} INFO - Sync 1 DAGs
[2026-07-15T16:19:52.391+0200] {logging_mixin.py:151} INFO - [2026-07-15T16:19:52.391+0200] {dag.py:3722} INFO - Setting next_dagrun for example_short_circuit_decorator to 2026-07-14T14:19:52.390846+00:00, run_after=2026-07-15T14:19:52.390846+00:00
[2026-07-15T16:19:52.411+0200] {processor.py:179} INFO - Processing /home/ai/.local/lib/python3.9/site-packages/airflow/example_dags/example_short_circuit_decorator.py took 0.075 seconds
[2026-07-15T16:21:25.835+0200] {processor.py:157} INFO - Started process (PID=3412010) to work on /home/ai/.local/lib/python3.9/site-packages/airflow/example_dags/example_short_circuit_decorator.py
[2026-07-15T16:21:25.837+0200] {processor.py:829} INFO - Processing file /home/ai/.local/lib/python3.9/site-packages/airflow/example_dags/example_short_circuit_decorator.py for tasks to queue
[2026-07-15T16:21:25.838+0200] {logging_mixin.py:151} INFO - [2026-07-15T16:21:25.838+0200] {dagbag.py:536} INFO - Filling up the DagBag from /home/ai/.local/lib/python3.9/site-packages/airflow/example_dags/example_short_circuit_decorator.py
[2026-07-15T16:21:25.849+0200] {processor.py:839} INFO - DAG(s) dict_keys(['example_short_circuit_decorator']) retrieved from /home/ai/.local/lib/python3.9/site-packages/airflow/example_dags/example_short_circuit_decorator.py
[2026-07-15T16:21:25.867+0200] {logging_mixin.py:151} INFO - [2026-07-15T16:21:25.867+0200] {dag.py:2941} INFO - Sync 1 DAGs
[2026-07-15T16:21:25.885+0200] {logging_mixin.py:151} INFO - [2026-07-15T16:21:25.885+0200] {dag.py:3722} INFO - Setting next_dagrun for example_short_circuit_decorator to 2026-07-14T14:21:25.885179+00:00, run_after=2026-07-15T14:21:25.885179+00:00
[2026-07-15T16:21:28.033+0200] {processor.py:179} INFO - Processing /home/ai/.local/lib/python3.9/site-packages/airflow/example_dags/example_short_circuit_decorator.py took 2.204 seconds
[2026-07-15T16:22:56.193+0200] {processor.py:157} INFO - Started process (PID=3413581) to work on /home/ai/.local/lib/python3.9/site-packages/airflow/example_dags/example_short_circuit_decorator.py
[2026-07-15T16:22:56.195+0200] {processor.py:829} INFO - Processing file /home/ai/.local/lib/python3.9/site-packages/airflow/example_dags/example_short_circuit_decorator.py for tasks to queue
[2026-07-15T16:22:56.195+0200] {logging_mixin.py:151} INFO - [2026-07-15T16:22:56.195+0200] {dagbag.py:536} INFO - Filling up the DagBag from /home/ai/.local/lib/python3.9/site-packages/airflow/example_dags/example_short_circuit_decorator.py
[2026-07-15T16:22:56.205+0200] {processor.py:839} INFO - DAG(s) dict_keys(['example_short_circuit_decorator']) retrieved from /home/ai/.local/lib/python3.9/site-packages/airflow/example_dags/example_short_circuit_decorator.py
[2026-07-15T16:22:56.222+0200] {logging_mixin.py:151} INFO - [2026-07-15T16:22:56.222+0200] {dag.py:2941} INFO - Sync 1 DAGs
[2026-07-15T16:22:56.239+0200] {logging_mixin.py:151} INFO - [2026-07-15T16:22:56.239+0200] {dag.py:3722} INFO - Setting next_dagrun for example_short_circuit_decorator to 2026-07-14T14:22:56.238905+00:00, run_after=2026-07-15T14:22:56.238905+00:00
[2026-07-15T16:22:56.257+0200] {processor.py:179} INFO - Processing /home/ai/.local/lib/python3.9/site-packages/airflow/example_dags/example_short_circuit_decorator.py took 0.071 seconds
[2026-07-15T16:24:18.039+0200] {processor.py:157} INFO - Started process (PID=3415006) to work on /home/ai/.local/lib/python3.9/site-packages/airflow/example_dags/example_short_circuit_decorator.py
[2026-07-15T16:24:18.041+0200] {processor.py:829} INFO - Processing file /home/ai/.local/lib/python3.9/site-packages/airflow/example_dags/example_short_circuit_decorator.py for tasks to queue
[2026-07-15T16:24:18.042+0200] {logging_mixin.py:151} INFO - [2026-07-15T16:24:18.042+0200] {dagbag.py:536} INFO - Filling up the DagBag from /home/ai/.local/lib/python3.9/site-packages/airflow/example_dags/example_short_circuit_decorator.py
[2026-07-15T16:24:18.051+0200] {processor.py:839} INFO - DAG(s) dict_keys(['example_short_circuit_decorator']) retrieved from /home/ai/.local/lib/python3.9/site-packages/airflow/example_dags/example_short_circuit_decorator.py
[2026-07-15T16:24:18.075+0200] {logging_mixin.py:151} INFO - [2026-07-15T16:24:18.075+0200] {dag.py:2941} INFO - Sync 1 DAGs
[2026-07-15T16:24:18.097+0200] {logging_mixin.py:151} INFO - [2026-07-15T16:24:18.096+0200] {dag.py:3722} INFO - Setting next_dagrun for example_short_circuit_decorator to 2026-07-14T14:24:18.096761+00:00, run_after=2026-07-15T14:24:18.096761+00:00
[2026-07-15T16:24:18.114+0200] {processor.py:179} INFO - Processing /home/ai/.local/lib/python3.9/site-packages/airflow/example_dags/example_short_circuit_decorator.py took 0.081 seconds
[2026-07-15T16:25:38.052+0200] {processor.py:157} INFO - Started process (PID=3416298) to work on /home/ai/.local/lib/python3.9/site-packages/airflow/example_dags/example_short_circuit_decorator.py
[2026-07-15T16:25:38.054+0200] {processor.py:829} INFO - Processing file /home/ai/.local/lib/python3.9/site-packages/airflow/example_dags/example_short_circuit_decorator.py for tasks to queue
[2026-07-15T16:25:38.055+0200] {logging_mixin.py:151} INFO - [2026-07-15T16:25:38.054+0200] {dagbag.py:536} INFO - Filling up the DagBag from /home/ai/.local/lib/python3.9/site-packages/airflow/example_dags/example_short_circuit_decorator.py
[2026-07-15T16:25:38.065+0200] {processor.py:839} INFO - DAG(s) dict_keys(['example_short_circuit_decorator']) retrieved from /home/ai/.local/lib/python3.9/site-packages/airflow/example_dags/example_short_circuit_decorator.py
[2026-07-15T16:25:38.082+0200] {logging_mixin.py:151} INFO - [2026-07-15T16:25:38.082+0200] {dag.py:2941} INFO - Sync 1 DAGs
[2026-07-15T16:25:38.099+0200] {logging_mixin.py:151} INFO - [2026-07-15T16:25:38.099+0200] {dag.py:3722} INFO - Setting next_dagrun for example_short_circuit_decorator to 2026-07-14T14:25:38.099427+00:00, run_after=2026-07-15T14:25:38.099427+00:00
[2026-07-15T16:25:38.688+0200] {processor.py:179} INFO - Processing /home/ai/.local/lib/python3.9/site-packages/airflow/example_dags/example_short_circuit_decorator.py took 0.640 seconds
[2026-07-15T16:27:33.119+0200] {processor.py:157} INFO - Started process (PID=3418309) to work on /home/ai/.local/lib/python3.9/site-packages/airflow/example_dags/example_short_circuit_decorator.py
[2026-07-15T16:27:33.121+0200] {processor.py:829} INFO - Processing file /home/ai/.local/lib/python3.9/site-packages/airflow/example_dags/example_short_circuit_decorator.py for tasks to queue
[2026-07-15T16:27:33.122+0200] {logging_mixin.py:151} INFO - [2026-07-15T16:27:33.121+0200] {dagbag.py:536} INFO - Filling up the DagBag from /home/ai/.local/lib/python3.9/site-packages/airflow/example_dags/example_short_circuit_decorator.py
[2026-07-15T16:27:33.131+0200] {processor.py:839} INFO - DAG(s) dict_keys(['example_short_circuit_decorator']) retrieved from /home/ai/.local/lib/python3.9/site-packages/airflow/example_dags/example_short_circuit_decorator.py
[2026-07-15T16:27:33.149+0200] {logging_mixin.py:151} INFO - [2026-07-15T16:27:33.148+0200] {dag.py:2941} INFO - Sync 1 DAGs
[2026-07-15T16:27:33.167+0200] {logging_mixin.py:151} INFO - [2026-07-15T16:27:33.167+0200] {dag.py:3722} INFO - Setting next_dagrun for example_short_circuit_decorator to 2026-07-14T14:27:33.167293+00:00, run_after=2026-07-15T14:27:33.167293+00:00
[2026-07-15T16:27:33.372+0200] {processor.py:179} INFO - Processing /home/ai/.local/lib/python3.9/site-packages/airflow/example_dags/example_short_circuit_decorator.py took 0.259 seconds
[2026-07-15T16:29:07.594+0200] {processor.py:157} INFO - Started process (PID=3419858) to work on /home/ai/.local/lib/python3.9/site-packages/airflow/example_dags/example_short_circuit_decorator.py
[2026-07-15T16:29:07.596+0200] {processor.py:829} INFO - Processing file /home/ai/.local/lib/python3.9/site-packages/airflow/example_dags/example_short_circuit_decorator.py for tasks to queue
[2026-07-15T16:29:07.598+0200] {logging_mixin.py:151} INFO - [2026-07-15T16:29:07.597+0200] {dagbag.py:536} INFO - Filling up the DagBag from /home/ai/.local/lib/python3.9/site-packages/airflow/example_dags/example_short_circuit_decorator.py
[2026-07-15T16:29:07.614+0200] {processor.py:839} INFO - DAG(s) dict_keys(['example_short_circuit_decorator']) retrieved from /home/ai/.local/lib/python3.9/site-packages/airflow/example_dags/example_short_circuit_decorator.py
[2026-07-15T16:29:07.631+0200] {logging_mixin.py:151} INFO - [2026-07-15T16:29:07.631+0200] {dag.py:2941} INFO - Sync 1 DAGs
[2026-07-15T16:29:07.649+0200] {logging_mixin.py:151} INFO - [2026-07-15T16:29:07.649+0200] {dag.py:3722} INFO - Setting next_dagrun for example_short_circuit_decorator to 2026-07-14T14:29:07.649135+00:00, run_after=2026-07-15T14:29:07.649135+00:00
[2026-07-15T16:29:07.668+0200] {processor.py:179} INFO - Processing /home/ai/.local/lib/python3.9/site-packages/airflow/example_dags/example_short_circuit_decorator.py took 0.079 seconds
[2026-07-15T16:30:48.210+0200] {processor.py:157} INFO - Started process (PID=3421530) to work on /home/ai/.local/lib/python3.9/site-packages/airflow/example_dags/example_short_circuit_decorator.py
[2026-07-15T16:30:48.212+0200] {processor.py:829} INFO - Processing file /home/ai/.local/lib/python3.9/site-packages/airflow/example_dags/example_short_circuit_decorator.py for tasks to queue
[2026-07-15T16:30:48.213+0200] {logging_mixin.py:151} INFO - [2026-07-15T16:30:48.213+0200] {dagbag.py:536} INFO - Filling up the DagBag from /home/ai/.local/lib/python3.9/site-packages/airflow/example_dags/example_short_circuit_decorator.py
[2026-07-15T16:30:48.223+0200] {processor.py:839} INFO - DAG(s) dict_keys(['example_short_circuit_decorator']) retrieved from /home/ai/.local/lib/python3.9/site-packages/airflow/example_dags/example_short_circuit_decorator.py
[2026-07-15T16:30:48.240+0200] {logging_mixin.py:151} INFO - [2026-07-15T16:30:48.240+0200] {dag.py:2941} INFO - Sync 1 DAGs
[2026-07-15T16:30:48.258+0200] {logging_mixin.py:151} INFO - [2026-07-15T16:30:48.258+0200] {dag.py:3722} INFO - Setting next_dagrun for example_short_circuit_decorator to 2026-07-14T14:30:48.257867+00:00, run_after=2026-07-15T14:30:48.257867+00:00
[2026-07-15T16:30:48.879+0200] {processor.py:179} INFO - Processing /home/ai/.local/lib/python3.9/site-packages/airflow/example_dags/example_short_circuit_decorator.py took 0.674 seconds
[2026-07-15T16:32:20.146+0200] {processor.py:157} INFO - Started process (PID=3423071) to work on /home/ai/.local/lib/python3.9/site-packages/airflow/example_dags/example_short_circuit_decorator.py
[2026-07-15T16:32:20.148+0200] {processor.py:829} INFO - Processing file /home/ai/.local/lib/python3.9/site-packages/airflow/example_dags/example_short_circuit_decorator.py for tasks to queue
[2026-07-15T16:32:20.149+0200] {logging_mixin.py:151} INFO - [2026-07-15T16:32:20.149+0200] {dagbag.py:536} INFO - Filling up the DagBag from /home/ai/.local/lib/python3.9/site-packages/airflow/example_dags/example_short_circuit_decorator.py
[2026-07-15T16:32:20.159+0200] {processor.py:839} INFO - DAG(s) dict_keys(['example_short_circuit_decorator']) retrieved from /home/ai/.local/lib/python3.9/site-packages/airflow/example_dags/example_short_circuit_decorator.py
[2026-07-15T16:32:20.177+0200] {logging_mixin.py:151} INFO - [2026-07-15T16:32:20.177+0200] {dag.py:2941} INFO - Sync 1 DAGs
[2026-07-15T16:32:20.194+0200] {logging_mixin.py:151} INFO - [2026-07-15T16:32:20.194+0200] {dag.py:3722} INFO - Setting next_dagrun for example_short_circuit_decorator to 2026-07-14T14:32:20.194393+00:00, run_after=2026-07-15T14:32:20.194393+00:00
[2026-07-15T16:32:20.212+0200] {processor.py:179} INFO - Processing /home/ai/.local/lib/python3.9/site-packages/airflow/example_dags/example_short_circuit_decorator.py took 0.071 seconds
[2026-07-15T16:33:50.599+0200] {processor.py:157} INFO - Started process (PID=3424724) to work on /home/ai/.local/lib/python3.9/site-packages/airflow/example_dags/example_short_circuit_decorator.py
[2026-07-15T16:33:50.601+0200] {processor.py:829} INFO - Processing file /home/ai/.local/lib/python3.9/site-packages/airflow/example_dags/example_short_circuit_decorator.py for tasks to queue
[2026-07-15T16:33:50.602+0200] {logging_mixin.py:151} INFO - [2026-07-15T16:33:50.601+0200] {dagbag.py:536} INFO - Filling up the DagBag from /home/ai/.local/lib/python3.9/site-packages/airflow/example_dags/example_short_circuit_decorator.py
[2026-07-15T16:33:50.613+0200] {processor.py:839} INFO - DAG(s) dict_keys(['example_short_circuit_decorator']) retrieved from /home/ai/.local/lib/python3.9/site-packages/airflow/example_dags/example_short_circuit_decorator.py
[2026-07-15T16:33:50.630+0200] {logging_mixin.py:151} INFO - [2026-07-15T16:33:50.630+0200] {dag.py:2941} INFO - Sync 1 DAGs
[2026-07-15T16:33:50.651+0200] {logging_mixin.py:151} INFO - [2026-07-15T16:33:50.651+0200] {dag.py:3722} INFO - Setting next_dagrun for example_short_circuit_decorator to 2026-07-14T14:33:50.650780+00:00, run_after=2026-07-15T14:33:50.650780+00:00
[2026-07-15T16:33:50.670+0200] {processor.py:179} INFO - Processing /home/ai/.local/lib/python3.9/site-packages/airflow/example_dags/example_short_circuit_decorator.py took 0.075 seconds
[2026-07-15T16:35:18.168+0200] {processor.py:157} INFO - Started process (PID=3426155) to work on /home/ai/.local/lib/python3.9/site-packages/airflow/example_dags/example_short_circuit_decorator.py
[2026-07-15T16:35:18.170+0200] {processor.py:829} INFO - Processing file /home/ai/.local/lib/python3.9/site-packages/airflow/example_dags/example_short_circuit_decorator.py for tasks to queue
[2026-07-15T16:35:18.170+0200] {logging_mixin.py:151} INFO - [2026-07-15T16:35:18.170+0200] {dagbag.py:536} INFO - Filling up the DagBag from /home/ai/.local/lib/python3.9/site-packages/airflow/example_dags/example_short_circuit_decorator.py
[2026-07-15T16:35:18.180+0200] {processor.py:839} INFO - DAG(s) dict_keys(['example_short_circuit_decorator']) retrieved from /home/ai/.local/lib/python3.9/site-packages/airflow/example_dags/example_short_circuit_decorator.py
[2026-07-15T16:35:18.198+0200] {logging_mixin.py:151} INFO - [2026-07-15T16:35:18.198+0200] {dag.py:2941} INFO - Sync 1 DAGs
[2026-07-15T16:35:18.216+0200] {logging_mixin.py:151} INFO - [2026-07-15T16:35:18.216+0200] {dag.py:3722} INFO - Setting next_dagrun for example_short_circuit_decorator to 2026-07-14T14:35:18.216288+00:00, run_after=2026-07-15T14:35:18.216288+00:00
[2026-07-15T16:35:18.235+0200] {processor.py:179} INFO - Processing /home/ai/.local/lib/python3.9/site-packages/airflow/example_dags/example_short_circuit_decorator.py took 0.073 seconds
[2026-07-15T16:36:45.885+0200] {processor.py:157} INFO - Started process (PID=3427998) to work on /home/ai/.local/lib/python3.9/site-packages/airflow/example_dags/example_short_circuit_decorator.py
[2026-07-15T16:36:45.887+0200] {processor.py:829} INFO - Processing file /home/ai/.local/lib/python3.9/site-packages/airflow/example_dags/example_short_circuit_decorator.py for tasks to queue
[2026-07-15T16:36:45.888+0200] {logging_mixin.py:151} INFO - [2026-07-15T16:36:45.888+0200] {dagbag.py:536} INFO - Filling up the DagBag from /home/ai/.local/lib/python3.9/site-packages/airflow/example_dags/example_short_circuit_decorator.py
[2026-07-15T16:36:45.898+0200] {processor.py:839} INFO - DAG(s) dict_keys(['example_short_circuit_decorator']) retrieved from /home/ai/.local/lib/python3.9/site-packages/airflow/example_dags/example_short_circuit_decorator.py
[2026-07-15T16:36:45.924+0200] {logging_mixin.py:151} INFO - [2026-07-15T16:36:45.924+0200] {dag.py:2941} INFO - Sync 1 DAGs
[2026-07-15T16:36:45.942+0200] {logging_mixin.py:151} INFO - [2026-07-15T16:36:45.942+0200] {dag.py:3722} INFO - Setting next_dagrun for example_short_circuit_decorator to 2026-07-14T14:36:45.942479+00:00, run_after=2026-07-15T14:36:45.942479+00:00
[2026-07-15T16:36:46.003+0200] {processor.py:179} INFO - Processing /home/ai/.local/lib/python3.9/site-packages/airflow/example_dags/example_short_circuit_decorator.py took 0.122 seconds
[2026-07-15T16:38:43.849+0200] {processor.py:157} INFO - Started process (PID=3430330) to work on /home/ai/.local/lib/python3.9/site-packages/airflow/example_dags/example_short_circuit_decorator.py
[2026-07-15T16:38:43.851+0200] {processor.py:829} INFO - Processing file /home/ai/.local/lib/python3.9/site-packages/airflow/example_dags/example_short_circuit_decorator.py for tasks to queue
[2026-07-15T16:38:43.851+0200] {logging_mixin.py:151} INFO - [2026-07-15T16:38:43.851+0200] {dagbag.py:536} INFO - Filling up the DagBag from /home/ai/.local/lib/python3.9/site-packages/airflow/example_dags/example_short_circuit_decorator.py
[2026-07-15T16:38:43.861+0200] {processor.py:839} INFO - DAG(s) dict_keys(['example_short_circuit_decorator']) retrieved from /home/ai/.local/lib/python3.9/site-packages/airflow/example_dags/example_short_circuit_decorator.py
[2026-07-15T16:38:43.879+0200] {logging_mixin.py:151} INFO - [2026-07-15T16:38:43.879+0200] {dag.py:2941} INFO - Sync 1 DAGs
[2026-07-15T16:38:43.896+0200] {logging_mixin.py:151} INFO - [2026-07-15T16:38:43.896+0200] {dag.py:3722} INFO - Setting next_dagrun for example_short_circuit_decorator to 2026-07-14T14:38:43.896037+00:00, run_after=2026-07-15T14:38:43.896037+00:00
[2026-07-15T16:38:44.456+0200] {processor.py:179} INFO - Processing /home/ai/.local/lib/python3.9/site-packages/airflow/example_dags/example_short_circuit_decorator.py took 0.613 seconds
[2026-07-15T16:40:22.612+0200] {processor.py:157} INFO - Started process (PID=3432095) to work on /home/ai/.local/lib/python3.9/site-packages/airflow/example_dags/example_short_circuit_decorator.py
[2026-07-15T16:40:22.615+0200] {processor.py:829} INFO - Processing file /home/ai/.local/lib/python3.9/site-packages/airflow/example_dags/example_short_circuit_decorator.py for tasks to queue
[2026-07-15T16:40:22.617+0200] {logging_mixin.py:151} INFO - [2026-07-15T16:40:22.616+0200] {dagbag.py:536} INFO - Filling up the DagBag from /home/ai/.local/lib/python3.9/site-packages/airflow/example_dags/example_short_circuit_decorator.py
[2026-07-15T16:40:22.631+0200] {processor.py:839} INFO - DAG(s) dict_keys(['example_short_circuit_decorator']) retrieved from /home/ai/.local/lib/python3.9/site-packages/airflow/example_dags/example_short_circuit_decorator.py
[2026-07-15T16:40:22.650+0200] {logging_mixin.py:151} INFO - [2026-07-15T16:40:22.649+0200] {dag.py:2941} INFO - Sync 1 DAGs
[2026-07-15T16:40:22.667+0200] {logging_mixin.py:151} INFO - [2026-07-15T16:40:22.667+0200] {dag.py:3722} INFO - Setting next_dagrun for example_short_circuit_decorator to 2026-07-14T14:40:22.667464+00:00, run_after=2026-07-15T14:40:22.667464+00:00
[2026-07-15T16:40:22.711+0200] {processor.py:179} INFO - Processing /home/ai/.local/lib/python3.9/site-packages/airflow/example_dags/example_short_circuit_decorator.py took 0.108 seconds
[2026-07-15T16:42:06.588+0200] {processor.py:157} INFO - Started process (PID=3433941) to work on /home/ai/.local/lib/python3.9/site-packages/airflow/example_dags/example_short_circuit_decorator.py
[2026-07-15T16:42:06.589+0200] {processor.py:829} INFO - Processing file /home/ai/.local/lib/python3.9/site-packages/airflow/example_dags/example_short_circuit_decorator.py for tasks to queue
[2026-07-15T16:42:06.590+0200] {logging_mixin.py:151} INFO - [2026-07-15T16:42:06.590+0200] {dagbag.py:536} INFO - Filling up the DagBag from /home/ai/.local/lib/python3.9/site-packages/airflow/example_dags/example_short_circuit_decorator.py
[2026-07-15T16:42:06.600+0200] {processor.py:839} INFO - DAG(s) dict_keys(['example_short_circuit_decorator']) retrieved from /home/ai/.local/lib/python3.9/site-packages/airflow/example_dags/example_short_circuit_decorator.py
[2026-07-15T16:42:06.617+0200] {logging_mixin.py:151} INFO - [2026-07-15T16:42:06.616+0200] {dag.py:2941} INFO - Sync 1 DAGs
[2026-07-15T16:42:06.633+0200] {logging_mixin.py:151} INFO - [2026-07-15T16:42:06.633+0200] {dag.py:3722} INFO - Setting next_dagrun for example_short_circuit_decorator to 2026-07-14T14:42:06.633184+00:00, run_after=2026-07-15T14:42:06.633184+00:00
[2026-07-15T16:42:07.230+0200] {processor.py:179} INFO - Processing /home/ai/.local/lib/python3.9/site-packages/airflow/example_dags/example_short_circuit_decorator.py took 0.648 seconds
[2026-07-15T16:43:48.089+0200] {processor.py:157} INFO - Started process (PID=3435732) to work on /home/ai/.local/lib/python3.9/site-packages/airflow/example_dags/example_short_circuit_decorator.py
[2026-07-15T16:43:48.091+0200] {processor.py:829} INFO - Processing file /home/ai/.local/lib/python3.9/site-packages/airflow/example_dags/example_short_circuit_decorator.py for tasks to queue
[2026-07-15T16:43:48.092+0200] {logging_mixin.py:151} INFO - [2026-07-15T16:43:48.091+0200] {dagbag.py:536} INFO - Filling up the DagBag from /home/ai/.local/lib/python3.9/site-packages/airflow/example_dags/example_short_circuit_decorator.py
[2026-07-15T16:43:48.102+0200] {processor.py:839} INFO - DAG(s) dict_keys(['example_short_circuit_decorator']) retrieved from /home/ai/.local/lib/python3.9/site-packages/airflow/example_dags/example_short_circuit_decorator.py
[2026-07-15T16:43:48.120+0200] {logging_mixin.py:151} INFO - [2026-07-15T16:43:48.120+0200] {dag.py:2941} INFO - Sync 1 DAGs
[2026-07-15T16:43:48.137+0200] {logging_mixin.py:151} INFO - [2026-07-15T16:43:48.137+0200] {dag.py:3722} INFO - Setting next_dagrun for example_short_circuit_decorator to 2026-07-14T14:43:48.136890+00:00, run_after=2026-07-15T14:43:48.136890+00:00
[2026-07-15T16:43:48.160+0200] {processor.py:179} INFO - Processing /home/ai/.local/lib/python3.9/site-packages/airflow/example_dags/example_short_circuit_decorator.py took 0.075 seconds
[2026-07-15T16:45:25.486+0200] {processor.py:157} INFO - Started process (PID=3437492) to work on /home/ai/.local/lib/python3.9/site-packages/airflow/example_dags/example_short_circuit_decorator.py
[2026-07-15T16:45:25.487+0200] {processor.py:829} INFO - Processing file /home/ai/.local/lib/python3.9/site-packages/airflow/example_dags/example_short_circuit_decorator.py for tasks to queue
[2026-07-15T16:45:25.488+0200] {logging_mixin.py:151} INFO - [2026-07-15T16:45:25.488+0200] {dagbag.py:536} INFO - Filling up the DagBag from /home/ai/.local/lib/python3.9/site-packages/airflow/example_dags/example_short_circuit_decorator.py
[2026-07-15T16:45:25.498+0200] {processor.py:839} INFO - DAG(s) dict_keys(['example_short_circuit_decorator']) retrieved from /home/ai/.local/lib/python3.9/site-packages/airflow/example_dags/example_short_circuit_decorator.py
[2026-07-15T16:45:25.516+0200] {logging_mixin.py:151} INFO - [2026-07-15T16:45:25.516+0200] {dag.py:2941} INFO - Sync 1 DAGs
[2026-07-15T16:45:25.535+0200] {logging_mixin.py:151} INFO - [2026-07-15T16:45:25.535+0200] {dag.py:3722} INFO - Setting next_dagrun for example_short_circuit_decorator to 2026-07-14T14:45:25.535466+00:00, run_after=2026-07-15T14:45:25.535466+00:00
[2026-07-15T16:45:25.554+0200] {processor.py:179} INFO - Processing /home/ai/.local/lib/python3.9/site-packages/airflow/example_dags/example_short_circuit_decorator.py took 0.074 seconds
[2026-07-15T16:46:36.950+0200] {processor.py:157} INFO - Started process (PID=3438723) to work on /home/ai/.local/lib/python3.9/site-packages/airflow/example_dags/example_short_circuit_decorator.py
[2026-07-15T16:46:36.951+0200] {processor.py:829} INFO - Processing file /home/ai/.local/lib/python3.9/site-packages/airflow/example_dags/example_short_circuit_decorator.py for tasks to queue
[2026-07-15T16:46:36.953+0200] {logging_mixin.py:151} INFO - [2026-07-15T16:46:36.952+0200] {dagbag.py:536} INFO - Filling up the DagBag from /home/ai/.local/lib/python3.9/site-packages/airflow/example_dags/example_short_circuit_decorator.py
[2026-07-15T16:46:36.963+0200] {processor.py:839} INFO - DAG(s) dict_keys(['example_short_circuit_decorator']) retrieved from /home/ai/.local/lib/python3.9/site-packages/airflow/example_dags/example_short_circuit_decorator.py
[2026-07-15T16:46:36.979+0200] {logging_mixin.py:151} INFO - [2026-07-15T16:46:36.979+0200] {dag.py:2941} INFO - Sync 1 DAGs
[2026-07-15T16:46:36.997+0200] {logging_mixin.py:151} INFO - [2026-07-15T16:46:36.997+0200] {dag.py:3722} INFO - Setting next_dagrun for example_short_circuit_decorator to 2026-07-14T14:46:36.996807+00:00, run_after=2026-07-15T14:46:36.996807+00:00
[2026-07-15T16:46:37.023+0200] {processor.py:179} INFO - Processing /home/ai/.local/lib/python3.9/site-packages/airflow/example_dags/example_short_circuit_decorator.py took 0.079 seconds
[2026-07-15T16:48:29.141+0200] {processor.py:157} INFO - Started process (PID=3440622) to work on /home/ai/.local/lib/python3.9/site-packages/airflow/example_dags/example_short_circuit_decorator.py
[2026-07-15T16:48:29.142+0200] {processor.py:829} INFO - Processing file /home/ai/.local/lib/python3.9/site-packages/airflow/example_dags/example_short_circuit_decorator.py for tasks to queue
[2026-07-15T16:48:29.143+0200] {logging_mixin.py:151} INFO - [2026-07-15T16:48:29.143+0200] {dagbag.py:536} INFO - Filling up the DagBag from /home/ai/.local/lib/python3.9/site-packages/airflow/example_dags/example_short_circuit_decorator.py
[2026-07-15T16:48:29.153+0200] {processor.py:839} INFO - DAG(s) dict_keys(['example_short_circuit_decorator']) retrieved from /home/ai/.local/lib/python3.9/site-packages/airflow/example_dags/example_short_circuit_decorator.py
[2026-07-15T16:48:29.170+0200] {logging_mixin.py:151} INFO - [2026-07-15T16:48:29.170+0200] {dag.py:2941} INFO - Sync 1 DAGs
[2026-07-15T16:48:29.188+0200] {logging_mixin.py:151} INFO - [2026-07-15T16:48:29.188+0200] {dag.py:3722} INFO - Setting next_dagrun for example_short_circuit_decorator to 2026-07-14T14:48:29.188514+00:00, run_after=2026-07-15T14:48:29.188514+00:00
[2026-07-15T16:48:29.381+0200] {processor.py:179} INFO - Processing /home/ai/.local/lib/python3.9/site-packages/airflow/example_dags/example_short_circuit_decorator.py took 0.248 seconds
[2026-07-15T16:50:22.273+0200] {processor.py:157} INFO - Started process (PID=3442533) to work on /home/ai/.local/lib/python3.9/site-packages/airflow/example_dags/example_short_circuit_decorator.py
[2026-07-15T16:50:22.274+0200] {processor.py:829} INFO - Processing file /home/ai/.local/lib/python3.9/site-packages/airflow/example_dags/example_short_circuit_decorator.py for tasks to queue
[2026-07-15T16:50:22.275+0200] {logging_mixin.py:151} INFO - [2026-07-15T16:50:22.275+0200] {dagbag.py:536} INFO - Filling up the DagBag from /home/ai/.local/lib/python3.9/site-packages/airflow/example_dags/example_short_circuit_decorator.py
[2026-07-15T16:50:22.285+0200] {processor.py:839} INFO - DAG(s) dict_keys(['example_short_circuit_decorator']) retrieved from /home/ai/.local/lib/python3.9/site-packages/airflow/example_dags/example_short_circuit_decorator.py
[2026-07-15T16:50:22.303+0200] {logging_mixin.py:151} INFO - [2026-07-15T16:50:22.302+0200] {dag.py:2941} INFO - Sync 1 DAGs
[2026-07-15T16:50:22.320+0200] {logging_mixin.py:151} INFO - [2026-07-15T16:50:22.320+0200] {dag.py:3722} INFO - Setting next_dagrun for example_short_circuit_decorator to 2026-07-14T14:50:22.320502+00:00, run_after=2026-07-15T14:50:22.320502+00:00
[2026-07-15T16:50:22.338+0200] {processor.py:179} INFO - Processing /home/ai/.local/lib/python3.9/site-packages/airflow/example_dags/example_short_circuit_decorator.py took 0.069 seconds
[2026-07-15T16:52:20.898+0200] {processor.py:157} INFO - Started process (PID=3444567) to work on /home/ai/.local/lib/python3.9/site-packages/airflow/example_dags/example_short_circuit_decorator.py
[2026-07-15T16:52:20.899+0200] {processor.py:829} INFO - Processing file /home/ai/.local/lib/python3.9/site-packages/airflow/example_dags/example_short_circuit_decorator.py for tasks to queue
[2026-07-15T16:52:20.901+0200] {logging_mixin.py:151} INFO - [2026-07-15T16:52:20.900+0200] {dagbag.py:536} INFO - Filling up the DagBag from /home/ai/.local/lib/python3.9/site-packages/airflow/example_dags/example_short_circuit_decorator.py
[2026-07-15T16:52:20.911+0200] {processor.py:839} INFO - DAG(s) dict_keys(['example_short_circuit_decorator']) retrieved from /home/ai/.local/lib/python3.9/site-packages/airflow/example_dags/example_short_circuit_decorator.py
[2026-07-15T16:52:20.928+0200] {logging_mixin.py:151} INFO - [2026-07-15T16:52:20.928+0200] {dag.py:2941} INFO - Sync 1 DAGs
[2026-07-15T16:52:20.945+0200] {logging_mixin.py:151} INFO - [2026-07-15T16:52:20.945+0200] {dag.py:3722} INFO - Setting next_dagrun for example_short_circuit_decorator to 2026-07-14T14:52:20.944898+00:00, run_after=2026-07-15T14:52:20.944898+00:00
[2026-07-15T16:52:21.454+0200] {processor.py:179} INFO - Processing /home/ai/.local/lib/python3.9/site-packages/airflow/example_dags/example_short_circuit_decorator.py took 0.562 seconds
[2026-07-15T16:54:39.511+0200] {processor.py:157} INFO - Started process (PID=3446862) to work on /home/ai/.local/lib/python3.9/site-packages/airflow/example_dags/example_short_circuit_decorator.py
[2026-07-15T16:54:39.513+0200] {processor.py:829} INFO - Processing file /home/ai/.local/lib/python3.9/site-packages/airflow/example_dags/example_short_circuit_decorator.py for tasks to queue
[2026-07-15T16:54:39.514+0200] {logging_mixin.py:151} INFO - [2026-07-15T16:54:39.513+0200] {dagbag.py:536} INFO - Filling up the DagBag from /home/ai/.local/lib/python3.9/site-packages/airflow/example_dags/example_short_circuit_decorator.py
[2026-07-15T16:54:39.524+0200] {processor.py:839} INFO - DAG(s) dict_keys(['example_short_circuit_decorator']) retrieved from /home/ai/.local/lib/python3.9/site-packages/airflow/example_dags/example_short_circuit_decorator.py
[2026-07-15T16:54:39.542+0200] {logging_mixin.py:151} INFO - [2026-07-15T16:54:39.542+0200] {dag.py:2941} INFO - Sync 1 DAGs
[2026-07-15T16:54:39.560+0200] {logging_mixin.py:151} INFO - [2026-07-15T16:54:39.560+0200] {dag.py:3722} INFO - Setting next_dagrun for example_short_circuit_decorator to 2026-07-14T14:54:39.560573+00:00, run_after=2026-07-15T14:54:39.560573+00:00
[2026-07-15T16:54:39.579+0200] {processor.py:179} INFO - Processing /home/ai/.local/lib/python3.9/site-packages/airflow/example_dags/example_short_circuit_decorator.py took 0.071 seconds
[2026-07-15T16:56:46.843+0200] {processor.py:157} INFO - Started process (PID=3448963) to work on /home/ai/.local/lib/python3.9/site-packages/airflow/example_dags/example_short_circuit_decorator.py
[2026-07-15T16:56:46.845+0200] {processor.py:829} INFO - Processing file /home/ai/.local/lib/python3.9/site-packages/airflow/example_dags/example_short_circuit_decorator.py for tasks to queue
[2026-07-15T16:56:46.845+0200] {logging_mixin.py:151} INFO - [2026-07-15T16:56:46.845+0200] {dagbag.py:536} INFO - Filling up the DagBag from /home/ai/.local/lib/python3.9/site-packages/airflow/example_dags/example_short_circuit_decorator.py
[2026-07-15T16:56:46.856+0200] {processor.py:839} INFO - DAG(s) dict_keys(['example_short_circuit_decorator']) retrieved from /home/ai/.local/lib/python3.9/site-packages/airflow/example_dags/example_short_circuit_decorator.py
[2026-07-15T16:56:46.873+0200] {logging_mixin.py:151} INFO - [2026-07-15T16:56:46.872+0200] {dag.py:2941} INFO - Sync 1 DAGs
[2026-07-15T16:56:46.891+0200] {logging_mixin.py:151} INFO - [2026-07-15T16:56:46.891+0200] {dag.py:3722} INFO - Setting next_dagrun for example_short_circuit_decorator to 2026-07-14T14:56:46.891073+00:00, run_after=2026-07-15T14:56:46.891073+00:00
[2026-07-15T16:56:46.910+0200] {processor.py:179} INFO - Processing /home/ai/.local/lib/python3.9/site-packages/airflow/example_dags/example_short_circuit_decorator.py took 0.073 seconds
[2026-07-15T16:59:37.218+0200] {processor.py:157} INFO - Started process (PID=3452110) to work on /home/ai/.local/lib/python3.9/site-packages/airflow/example_dags/example_short_circuit_decorator.py
[2026-07-15T16:59:37.219+0200] {processor.py:829} INFO - Processing file /home/ai/.local/lib/python3.9/site-packages/airflow/example_dags/example_short_circuit_decorator.py for tasks to queue
[2026-07-15T16:59:37.220+0200] {logging_mixin.py:151} INFO - [2026-07-15T16:59:37.220+0200] {dagbag.py:536} INFO - Filling up the DagBag from /home/ai/.local/lib/python3.9/site-packages/airflow/example_dags/example_short_circuit_decorator.py
[2026-07-15T16:59:37.230+0200] {processor.py:839} INFO - DAG(s) dict_keys(['example_short_circuit_decorator']) retrieved from /home/ai/.local/lib/python3.9/site-packages/airflow/example_dags/example_short_circuit_decorator.py
[2026-07-15T16:59:37.248+0200] {logging_mixin.py:151} INFO - [2026-07-15T16:59:37.248+0200] {dag.py:2941} INFO - Sync 1 DAGs
[2026-07-15T16:59:37.266+0200] {logging_mixin.py:151} INFO - [2026-07-15T16:59:37.266+0200] {dag.py:3722} INFO - Setting next_dagrun for example_short_circuit_decorator to 2026-07-14T14:59:37.265981+00:00, run_after=2026-07-15T14:59:37.265981+00:00
[2026-07-15T16:59:37.296+0200] {processor.py:179} INFO - Processing /home/ai/.local/lib/python3.9/site-packages/airflow/example_dags/example_short_circuit_decorator.py took 0.084 seconds
[2026-07-15T17:01:12.761+0200] {processor.py:157} INFO - Started process (PID=3453761) to work on /home/ai/.local/lib/python3.9/site-packages/airflow/example_dags/example_short_circuit_decorator.py
[2026-07-15T17:01:12.763+0200] {processor.py:829} INFO - Processing file /home/ai/.local/lib/python3.9/site-packages/airflow/example_dags/example_short_circuit_decorator.py for tasks to queue
[2026-07-15T17:01:12.764+0200] {logging_mixin.py:151} INFO - [2026-07-15T17:01:12.764+0200] {dagbag.py:536} INFO - Filling up the DagBag from /home/ai/.local/lib/python3.9/site-packages/airflow/example_dags/example_short_circuit_decorator.py
[2026-07-15T17:01:12.774+0200] {processor.py:839} INFO - DAG(s) dict_keys(['example_short_circuit_decorator']) retrieved from /home/ai/.local/lib/python3.9/site-packages/airflow/example_dags/example_short_circuit_decorator.py
[2026-07-15T17:01:12.791+0200] {logging_mixin.py:151} INFO - [2026-07-15T17:01:12.791+0200] {dag.py:2941} INFO - Sync 1 DAGs
[2026-07-15T17:01:12.809+0200] {logging_mixin.py:151} INFO - [2026-07-15T17:01:12.809+0200] {dag.py:3722} INFO - Setting next_dagrun for example_short_circuit_decorator to 2026-07-14T15:01:12.808912+00:00, run_after=2026-07-15T15:01:12.808912+00:00
[2026-07-15T17:01:15.759+0200] {processor.py:179} INFO - Processing /home/ai/.local/lib/python3.9/site-packages/airflow/example_dags/example_short_circuit_decorator.py took 3.003 seconds
[2026-07-15T17:03:16.573+0200] {processor.py:157} INFO - Started process (PID=3455932) to work on /home/ai/.local/lib/python3.9/site-packages/airflow/example_dags/example_short_circuit_decorator.py
[2026-07-15T17:03:16.575+0200] {processor.py:829} INFO - Processing file /home/ai/.local/lib/python3.9/site-packages/airflow/example_dags/example_short_circuit_decorator.py for tasks to queue
[2026-07-15T17:03:16.576+0200] {logging_mixin.py:151} INFO - [2026-07-15T17:03:16.575+0200] {dagbag.py:536} INFO - Filling up the DagBag from /home/ai/.local/lib/python3.9/site-packages/airflow/example_dags/example_short_circuit_decorator.py
[2026-07-15T17:03:16.586+0200] {processor.py:839} INFO - DAG(s) dict_keys(['example_short_circuit_decorator']) retrieved from /home/ai/.local/lib/python3.9/site-packages/airflow/example_dags/example_short_circuit_decorator.py
[2026-07-15T17:03:16.605+0200] {logging_mixin.py:151} INFO - [2026-07-15T17:03:16.605+0200] {dag.py:2941} INFO - Sync 1 DAGs
[2026-07-15T17:03:16.624+0200] {logging_mixin.py:151} INFO - [2026-07-15T17:03:16.623+0200] {dag.py:3722} INFO - Setting next_dagrun for example_short_circuit_decorator to 2026-07-14T15:03:16.623688+00:00, run_after=2026-07-15T15:03:16.623688+00:00
[2026-07-15T17:03:17.267+0200] {processor.py:179} INFO - Processing /home/ai/.local/lib/python3.9/site-packages/airflow/example_dags/example_short_circuit_decorator.py took 0.700 seconds
[2026-07-15T17:04:30.956+0200] {processor.py:157} INFO - Started process (PID=3457223) to work on /home/ai/.local/lib/python3.9/site-packages/airflow/example_dags/example_short_circuit_decorator.py
[2026-07-15T17:04:30.974+0200] {processor.py:829} INFO - Processing file /home/ai/.local/lib/python3.9/site-packages/airflow/example_dags/example_short_circuit_decorator.py for tasks to queue
[2026-07-15T17:04:30.975+0200] {logging_mixin.py:151} INFO - [2026-07-15T17:04:30.975+0200] {dagbag.py:536} INFO - Filling up the DagBag from /home/ai/.local/lib/python3.9/site-packages/airflow/example_dags/example_short_circuit_decorator.py
[2026-07-15T17:04:30.987+0200] {processor.py:839} INFO - DAG(s) dict_keys(['example_short_circuit_decorator']) retrieved from /home/ai/.local/lib/python3.9/site-packages/airflow/example_dags/example_short_circuit_decorator.py
[2026-07-15T17:04:31.003+0200] {logging_mixin.py:151} INFO - [2026-07-15T17:04:31.003+0200] {dag.py:2941} INFO - Sync 1 DAGs
[2026-07-15T17:04:31.020+0200] {logging_mixin.py:151} INFO - [2026-07-15T17:04:31.020+0200] {dag.py:3722} INFO - Setting next_dagrun for example_short_circuit_decorator to 2026-07-14T15:04:31.020053+00:00, run_after=2026-07-15T15:04:31.020053+00:00
[2026-07-15T17:04:32.773+0200] {processor.py:179} INFO - Processing /home/ai/.local/lib/python3.9/site-packages/airflow/example_dags/example_short_circuit_decorator.py took 1.822 seconds
[2026-07-15T17:06:43.415+0200] {processor.py:157} INFO - Started process (PID=3459344) to work on /home/ai/.local/lib/python3.9/site-packages/airflow/example_dags/example_short_circuit_decorator.py
[2026-07-15T17:06:43.416+0200] {processor.py:829} INFO - Processing file /home/ai/.local/lib/python3.9/site-packages/airflow/example_dags/example_short_circuit_decorator.py for tasks to queue
[2026-07-15T17:06:43.417+0200] {logging_mixin.py:151} INFO - [2026-07-15T17:06:43.417+0200] {dagbag.py:536} INFO - Filling up the DagBag from /home/ai/.local/lib/python3.9/site-packages/airflow/example_dags/example_short_circuit_decorator.py
[2026-07-15T17:06:43.428+0200] {processor.py:839} INFO - DAG(s) dict_keys(['example_short_circuit_decorator']) retrieved from /home/ai/.local/lib/python3.9/site-packages/airflow/example_dags/example_short_circuit_decorator.py
[2026-07-15T17:06:43.454+0200] {logging_mixin.py:151} INFO - [2026-07-15T17:06:43.454+0200] {dag.py:2941} INFO - Sync 1 DAGs
[2026-07-15T17:06:43.471+0200] {logging_mixin.py:151} INFO - [2026-07-15T17:06:43.471+0200] {dag.py:3722} INFO - Setting next_dagrun for example_short_circuit_decorator to 2026-07-14T15:06:43.471282+00:00, run_after=2026-07-15T15:06:43.471282+00:00
[2026-07-15T17:06:44.372+0200] {processor.py:179} INFO - Processing /home/ai/.local/lib/python3.9/site-packages/airflow/example_dags/example_short_circuit_decorator.py took 0.963 seconds
[2026-07-15T17:09:31.184+0200] {processor.py:157} INFO - Started process (PID=3462247) to work on /home/ai/.local/lib/python3.9/site-packages/airflow/example_dags/example_short_circuit_decorator.py
[2026-07-15T17:09:31.322+0200] {processor.py:829} INFO - Processing file /home/ai/.local/lib/python3.9/site-packages/airflow/example_dags/example_short_circuit_decorator.py for tasks to queue
[2026-07-15T17:09:31.324+0200] {logging_mixin.py:151} INFO - [2026-07-15T17:09:31.323+0200] {dagbag.py:536} INFO - Filling up the DagBag from /home/ai/.local/lib/python3.9/site-packages/airflow/example_dags/example_short_circuit_decorator.py
[2026-07-15T17:09:31.341+0200] {processor.py:839} INFO - DAG(s) dict_keys(['example_short_circuit_decorator']) retrieved from /home/ai/.local/lib/python3.9/site-packages/airflow/example_dags/example_short_circuit_decorator.py
[2026-07-15T17:09:32.494+0200] {logging_mixin.py:151} INFO - [2026-07-15T17:09:32.494+0200] {dag.py:2941} INFO - Sync 1 DAGs
[2026-07-15T17:09:32.513+0200] {logging_mixin.py:151} INFO - [2026-07-15T17:09:32.513+0200] {dag.py:3722} INFO - Setting next_dagrun for example_short_circuit_decorator to 2026-07-14T15:09:32.512968+00:00, run_after=2026-07-15T15:09:32.512968+00:00
[2026-07-15T17:09:33.418+0200] {processor.py:179} INFO - Processing /home/ai/.local/lib/python3.9/site-packages/airflow/example_dags/example_short_circuit_decorator.py took 2.240 seconds
[2026-07-15T17:11:17.238+0200] {processor.py:157} INFO - Started process (PID=3463960) to work on /home/ai/.local/lib/python3.9/site-packages/airflow/example_dags/example_short_circuit_decorator.py
[2026-07-15T17:11:17.472+0200] {processor.py:829} INFO - Processing file /home/ai/.local/lib/python3.9/site-packages/airflow/example_dags/example_short_circuit_decorator.py for tasks to queue
[2026-07-15T17:11:17.473+0200] {logging_mixin.py:151} INFO - [2026-07-15T17:11:17.473+0200] {dagbag.py:536} INFO - Filling up the DagBag from /home/ai/.local/lib/python3.9/site-packages/airflow/example_dags/example_short_circuit_decorator.py
[2026-07-15T17:11:17.483+0200] {processor.py:839} INFO - DAG(s) dict_keys(['example_short_circuit_decorator']) retrieved from /home/ai/.local/lib/python3.9/site-packages/airflow/example_dags/example_short_circuit_decorator.py
[2026-07-15T17:11:17.500+0200] {logging_mixin.py:151} INFO - [2026-07-15T17:11:17.500+0200] {dag.py:2941} INFO - Sync 1 DAGs
[2026-07-15T17:11:17.519+0200] {logging_mixin.py:151} INFO - [2026-07-15T17:11:17.518+0200] {dag.py:3722} INFO - Setting next_dagrun for example_short_circuit_decorator to 2026-07-14T15:11:17.518743+00:00, run_after=2026-07-15T15:11:17.518743+00:00
[2026-07-15T17:11:18.355+0200] {processor.py:179} INFO - Processing /home/ai/.local/lib/python3.9/site-packages/airflow/example_dags/example_short_circuit_decorator.py took 1.126 seconds
[2026-07-15T17:12:25.404+0200] {processor.py:157} INFO - Started process (PID=3465136) to work on /home/ai/.local/lib/python3.9/site-packages/airflow/example_dags/example_short_circuit_decorator.py
[2026-07-15T17:12:25.406+0200] {processor.py:829} INFO - Processing file /home/ai/.local/lib/python3.9/site-packages/airflow/example_dags/example_short_circuit_decorator.py for tasks to queue
[2026-07-15T17:12:25.407+0200] {logging_mixin.py:151} INFO - [2026-07-15T17:12:25.406+0200] {dagbag.py:536} INFO - Filling up the DagBag from /home/ai/.local/lib/python3.9/site-packages/airflow/example_dags/example_short_circuit_decorator.py
[2026-07-15T17:12:25.416+0200] {processor.py:839} INFO - DAG(s) dict_keys(['example_short_circuit_decorator']) retrieved from /home/ai/.local/lib/python3.9/site-packages/airflow/example_dags/example_short_circuit_decorator.py
[2026-07-15T17:12:25.435+0200] {logging_mixin.py:151} INFO - [2026-07-15T17:12:25.435+0200] {dag.py:2941} INFO - Sync 1 DAGs
[2026-07-15T17:12:25.453+0200] {logging_mixin.py:151} INFO - [2026-07-15T17:12:25.453+0200] {dag.py:3722} INFO - Setting next_dagrun for example_short_circuit_decorator to 2026-07-14T15:12:25.453024+00:00, run_after=2026-07-15T15:12:25.453024+00:00
[2026-07-15T17:12:26.705+0200] {processor.py:179} INFO - Processing /home/ai/.local/lib/python3.9/site-packages/airflow/example_dags/example_short_circuit_decorator.py took 1.307 seconds
[2026-07-15T17:13:59.490+0200] {processor.py:157} INFO - Started process (PID=3466933) to work on /home/ai/.local/lib/python3.9/site-packages/airflow/example_dags/example_short_circuit_decorator.py
[2026-07-15T17:13:59.492+0200] {processor.py:829} INFO - Processing file /home/ai/.local/lib/python3.9/site-packages/airflow/example_dags/example_short_circuit_decorator.py for tasks to queue
[2026-07-15T17:13:59.493+0200] {logging_mixin.py:151} INFO - [2026-07-15T17:13:59.493+0200] {dagbag.py:536} INFO - Filling up the DagBag from /home/ai/.local/lib/python3.9/site-packages/airflow/example_dags/example_short_circuit_decorator.py
[2026-07-15T17:13:59.502+0200] {processor.py:839} INFO - DAG(s) dict_keys(['example_short_circuit_decorator']) retrieved from /home/ai/.local/lib/python3.9/site-packages/airflow/example_dags/example_short_circuit_decorator.py
[2026-07-15T17:13:59.522+0200] {logging_mixin.py:151} INFO - [2026-07-15T17:13:59.522+0200] {dag.py:2941} INFO - Sync 1 DAGs
[2026-07-15T17:13:59.542+0200] {logging_mixin.py:151} INFO - [2026-07-15T17:13:59.541+0200] {dag.py:3722} INFO - Setting next_dagrun for example_short_circuit_decorator to 2026-07-14T15:13:59.541644+00:00, run_after=2026-07-15T15:13:59.541644+00:00
[2026-07-15T17:14:00.381+0200] {processor.py:179} INFO - Processing /home/ai/.local/lib/python3.9/site-packages/airflow/example_dags/example_short_circuit_decorator.py took 0.897 seconds
[2026-07-15T17:15:30.905+0200] {processor.py:157} INFO - Started process (PID=3468680) to work on /home/ai/.local/lib/python3.9/site-packages/airflow/example_dags/example_short_circuit_decorator.py
[2026-07-15T17:15:30.907+0200] {processor.py:829} INFO - Processing file /home/ai/.local/lib/python3.9/site-packages/airflow/example_dags/example_short_circuit_decorator.py for tasks to queue
[2026-07-15T17:15:30.908+0200] {logging_mixin.py:151} INFO - [2026-07-15T17:15:30.908+0200] {dagbag.py:536} INFO - Filling up the DagBag from /home/ai/.local/lib/python3.9/site-packages/airflow/example_dags/example_short_circuit_decorator.py
[2026-07-15T17:15:30.919+0200] {processor.py:839} INFO - DAG(s) dict_keys(['example_short_circuit_decorator']) retrieved from /home/ai/.local/lib/python3.9/site-packages/airflow/example_dags/example_short_circuit_decorator.py
[2026-07-15T17:15:30.936+0200] {logging_mixin.py:151} INFO - [2026-07-15T17:15:30.936+0200] {dag.py:2941} INFO - Sync 1 DAGs
[2026-07-15T17:15:30.954+0200] {logging_mixin.py:151} INFO - [2026-07-15T17:15:30.954+0200] {dag.py:3722} INFO - Setting next_dagrun for example_short_circuit_decorator to 2026-07-14T15:15:30.954547+00:00, run_after=2026-07-15T15:15:30.954547+00:00
[2026-07-15T17:15:31.236+0200] {processor.py:179} INFO - Processing /home/ai/.local/lib/python3.9/site-packages/airflow/example_dags/example_short_circuit_decorator.py took 0.335 seconds
[2026-07-15T17:17:10.421+0200] {processor.py:157} INFO - Started process (PID=3470847) to work on /home/ai/.local/lib/python3.9/site-packages/airflow/example_dags/example_short_circuit_decorator.py
[2026-07-15T17:17:10.423+0200] {processor.py:829} INFO - Processing file /home/ai/.local/lib/python3.9/site-packages/airflow/example_dags/example_short_circuit_decorator.py for tasks to queue
[2026-07-15T17:17:10.424+0200] {logging_mixin.py:151} INFO - [2026-07-15T17:17:10.423+0200] {dagbag.py:536} INFO - Filling up the DagBag from /home/ai/.local/lib/python3.9/site-packages/airflow/example_dags/example_short_circuit_decorator.py
[2026-07-15T17:17:10.434+0200] {processor.py:839} INFO - DAG(s) dict_keys(['example_short_circuit_decorator']) retrieved from /home/ai/.local/lib/python3.9/site-packages/airflow/example_dags/example_short_circuit_decorator.py
[2026-07-15T17:17:10.452+0200] {logging_mixin.py:151} INFO - [2026-07-15T17:17:10.452+0200] {dag.py:2941} INFO - Sync 1 DAGs
[2026-07-15T17:17:10.470+0200] {logging_mixin.py:151} INFO - [2026-07-15T17:17:10.469+0200] {dag.py:3722} INFO - Setting next_dagrun for example_short_circuit_decorator to 2026-07-14T15:17:10.469721+00:00, run_after=2026-07-15T15:17:10.469721+00:00
[2026-07-15T17:17:10.597+0200] {processor.py:179} INFO - Processing /home/ai/.local/lib/python3.9/site-packages/airflow/example_dags/example_short_circuit_decorator.py took 0.182 seconds
[2026-07-15T17:19:21.794+0200] {processor.py:157} INFO - Started process (PID=3473514) to work on /home/ai/.local/lib/python3.9/site-packages/airflow/example_dags/example_short_circuit_decorator.py
[2026-07-15T17:19:21.795+0200] {processor.py:829} INFO - Processing file /home/ai/.local/lib/python3.9/site-packages/airflow/example_dags/example_short_circuit_decorator.py for tasks to queue
[2026-07-15T17:19:21.796+0200] {logging_mixin.py:151} INFO - [2026-07-15T17:19:21.796+0200] {dagbag.py:536} INFO - Filling up the DagBag from /home/ai/.local/lib/python3.9/site-packages/airflow/example_dags/example_short_circuit_decorator.py
[2026-07-15T17:19:21.806+0200] {processor.py:839} INFO - DAG(s) dict_keys(['example_short_circuit_decorator']) retrieved from /home/ai/.local/lib/python3.9/site-packages/airflow/example_dags/example_short_circuit_decorator.py
[2026-07-15T17:19:21.824+0200] {logging_mixin.py:151} INFO - [2026-07-15T17:19:21.824+0200] {dag.py:2941} INFO - Sync 1 DAGs
[2026-07-15T17:19:21.843+0200] {logging_mixin.py:151} INFO - [2026-07-15T17:19:21.843+0200] {dag.py:3722} INFO - Setting next_dagrun for example_short_circuit_decorator to 2026-07-14T15:19:21.843005+00:00, run_after=2026-07-15T15:19:21.843005+00:00
[2026-07-15T17:19:24.687+0200] {processor.py:179} INFO - Processing /home/ai/.local/lib/python3.9/site-packages/airflow/example_dags/example_short_circuit_decorator.py took 2.897 seconds
