[2026-07-15T16:15:06.214+0200] {processor.py:157} INFO - Started process (PID=3405537) to work on /home/ai/.local/lib/python3.9/site-packages/airflow/example_dags/example_xcomargs.py
[2026-07-15T16:15:06.215+0200] {processor.py:829} INFO - Processing file /home/ai/.local/lib/python3.9/site-packages/airflow/example_dags/example_xcomargs.py for tasks to queue
[2026-07-15T16:15:06.216+0200] {logging_mixin.py:151} INFO - [2026-07-15T16:15:06.216+0200] {dagbag.py:536} INFO - Filling up the DagBag from /home/ai/.local/lib/python3.9/site-packages/airflow/example_dags/example_xcomargs.py
[2026-07-15T16:15:06.227+0200] {processor.py:839} INFO - DAG(s) dict_keys(['example_xcom_args_with_operators', 'example_xcom_args']) retrieved from /home/ai/.local/lib/python3.9/site-packages/airflow/example_dags/example_xcomargs.py
[2026-07-15T16:15:06.235+0200] {logging_mixin.py:151} INFO - [2026-07-15T16:15:06.235+0200] {dag.py:2941} INFO - Sync 2 DAGs
[2026-07-15T16:15:06.247+0200] {logging_mixin.py:151} INFO - [2026-07-15T16:15:06.247+0200] {dag.py:3722} INFO - Setting next_dagrun for example_xcom_args to None, run_after=None
[2026-07-15T16:15:06.250+0200] {logging_mixin.py:151} INFO - [2026-07-15T16:15:06.250+0200] {dag.py:3722} INFO - Setting next_dagrun for example_xcom_args_with_operators to None, run_after=None
[2026-07-15T16:15:07.161+0200] {processor.py:179} INFO - Processing /home/ai/.local/lib/python3.9/site-packages/airflow/example_dags/example_xcomargs.py took 0.951 seconds
[2026-07-15T16:16:21.888+0200] {processor.py:157} INFO - Started process (PID=3406829) to work on /home/ai/.local/lib/python3.9/site-packages/airflow/example_dags/example_xcomargs.py
[2026-07-15T16:16:21.890+0200] {processor.py:829} INFO - Processing file /home/ai/.local/lib/python3.9/site-packages/airflow/example_dags/example_xcomargs.py for tasks to queue
[2026-07-15T16:16:21.891+0200] {logging_mixin.py:151} INFO - [2026-07-15T16:16:21.891+0200] {dagbag.py:536} INFO - Filling up the DagBag from /home/ai/.local/lib/python3.9/site-packages/airflow/example_dags/example_xcomargs.py
[2026-07-15T16:16:21.900+0200] {processor.py:839} INFO - DAG(s) dict_keys(['example_xcom_args_with_operators', 'example_xcom_args']) retrieved from /home/ai/.local/lib/python3.9/site-packages/airflow/example_dags/example_xcomargs.py
[2026-07-15T16:16:21.918+0200] {logging_mixin.py:151} INFO - [2026-07-15T16:16:21.918+0200] {dag.py:2941} INFO - Sync 2 DAGs
[2026-07-15T16:16:21.929+0200] {logging_mixin.py:151} INFO - [2026-07-15T16:16:21.928+0200] {dag.py:3722} INFO - Setting next_dagrun for example_xcom_args to None, run_after=None
[2026-07-15T16:16:21.931+0200] {logging_mixin.py:151} INFO - [2026-07-15T16:16:21.931+0200] {dag.py:3722} INFO - Setting next_dagrun for example_xcom_args_with_operators to None, run_after=None
[2026-07-15T16:16:23.443+0200] {processor.py:179} INFO - Processing /home/ai/.local/lib/python3.9/site-packages/airflow/example_dags/example_xcomargs.py took 1.560 seconds
[2026-07-15T16:17:09.627+0200] {processor.py:157} INFO - Started process (PID=3407623) to work on /home/ai/.local/lib/python3.9/site-packages/airflow/example_dags/example_xcomargs.py
[2026-07-15T16:17:09.631+0200] {processor.py:829} INFO - Processing file /home/ai/.local/lib/python3.9/site-packages/airflow/example_dags/example_xcomargs.py for tasks to queue
[2026-07-15T16:17:09.633+0200] {logging_mixin.py:151} INFO - [2026-07-15T16:17:09.632+0200] {dagbag.py:536} INFO - Filling up the DagBag from /home/ai/.local/lib/python3.9/site-packages/airflow/example_dags/example_xcomargs.py
[2026-07-15T16:17:09.648+0200] {processor.py:839} INFO - DAG(s) dict_keys(['example_xcom_args_with_operators', 'example_xcom_args']) retrieved from /home/ai/.local/lib/python3.9/site-packages/airflow/example_dags/example_xcomargs.py
[2026-07-15T16:17:09.675+0200] {logging_mixin.py:151} INFO - [2026-07-15T16:17:09.674+0200] {dag.py:2941} INFO - Sync 2 DAGs
[2026-07-15T16:17:09.686+0200] {logging_mixin.py:151} INFO - [2026-07-15T16:17:09.685+0200] {dag.py:3722} INFO - Setting next_dagrun for example_xcom_args to None, run_after=None
[2026-07-15T16:17:09.688+0200] {logging_mixin.py:151} INFO - [2026-07-15T16:17:09.688+0200] {dag.py:3722} INFO - Setting next_dagrun for example_xcom_args_with_operators to None, run_after=None
[2026-07-15T16:17:09.704+0200] {processor.py:179} INFO - Processing /home/ai/.local/lib/python3.9/site-packages/airflow/example_dags/example_xcomargs.py took 0.084 seconds
[2026-07-15T16:17:59.379+0200] {processor.py:157} INFO - Started process (PID=3408547) to work on /home/ai/.local/lib/python3.9/site-packages/airflow/example_dags/example_xcomargs.py
[2026-07-15T16:17:59.381+0200] {processor.py:829} INFO - Processing file /home/ai/.local/lib/python3.9/site-packages/airflow/example_dags/example_xcomargs.py for tasks to queue
[2026-07-15T16:17:59.381+0200] {logging_mixin.py:151} INFO - [2026-07-15T16:17:59.381+0200] {dagbag.py:536} INFO - Filling up the DagBag from /home/ai/.local/lib/python3.9/site-packages/airflow/example_dags/example_xcomargs.py
[2026-07-15T16:17:59.390+0200] {processor.py:839} INFO - DAG(s) dict_keys(['example_xcom_args_with_operators', 'example_xcom_args']) retrieved from /home/ai/.local/lib/python3.9/site-packages/airflow/example_dags/example_xcomargs.py
[2026-07-15T16:17:59.409+0200] {logging_mixin.py:151} INFO - [2026-07-15T16:17:59.409+0200] {dag.py:2941} INFO - Sync 2 DAGs
[2026-07-15T16:17:59.420+0200] {logging_mixin.py:151} INFO - [2026-07-15T16:17:59.420+0200] {dag.py:3722} INFO - Setting next_dagrun for example_xcom_args to None, run_after=None
[2026-07-15T16:17:59.423+0200] {logging_mixin.py:151} INFO - [2026-07-15T16:17:59.422+0200] {dag.py:3722} INFO - Setting next_dagrun for example_xcom_args_with_operators to None, run_after=None
[2026-07-15T16:17:59.739+0200] {processor.py:179} INFO - Processing /home/ai/.local/lib/python3.9/site-packages/airflow/example_dags/example_xcomargs.py took 0.364 seconds
[2026-07-15T16:18:42.130+0200] {processor.py:157} INFO - Started process (PID=3409193) to work on /home/ai/.local/lib/python3.9/site-packages/airflow/example_dags/example_xcomargs.py
[2026-07-15T16:18:42.131+0200] {processor.py:829} INFO - Processing file /home/ai/.local/lib/python3.9/site-packages/airflow/example_dags/example_xcomargs.py for tasks to queue
[2026-07-15T16:18:42.133+0200] {logging_mixin.py:151} INFO - [2026-07-15T16:18:42.132+0200] {dagbag.py:536} INFO - Filling up the DagBag from /home/ai/.local/lib/python3.9/site-packages/airflow/example_dags/example_xcomargs.py
[2026-07-15T16:18:42.142+0200] {processor.py:839} INFO - DAG(s) dict_keys(['example_xcom_args_with_operators', 'example_xcom_args']) retrieved from /home/ai/.local/lib/python3.9/site-packages/airflow/example_dags/example_xcomargs.py
[2026-07-15T16:18:42.160+0200] {logging_mixin.py:151} INFO - [2026-07-15T16:18:42.160+0200] {dag.py:2941} INFO - Sync 2 DAGs
[2026-07-15T16:18:42.172+0200] {logging_mixin.py:151} INFO - [2026-07-15T16:18:42.172+0200] {dag.py:3722} INFO - Setting next_dagrun for example_xcom_args to None, run_after=None
[2026-07-15T16:18:42.175+0200] {logging_mixin.py:151} INFO - [2026-07-15T16:18:42.174+0200] {dag.py:3722} INFO - Setting next_dagrun for example_xcom_args_with_operators to None, run_after=None
[2026-07-15T16:18:42.201+0200] {processor.py:179} INFO - Processing /home/ai/.local/lib/python3.9/site-packages/airflow/example_dags/example_xcomargs.py took 0.077 seconds
[2026-07-15T16:19:28.942+0200] {processor.py:157} INFO - Started process (PID=3410068) to work on /home/ai/.local/lib/python3.9/site-packages/airflow/example_dags/example_xcomargs.py
[2026-07-15T16:19:28.944+0200] {processor.py:829} INFO - Processing file /home/ai/.local/lib/python3.9/site-packages/airflow/example_dags/example_xcomargs.py for tasks to queue
[2026-07-15T16:19:28.945+0200] {logging_mixin.py:151} INFO - [2026-07-15T16:19:28.944+0200] {dagbag.py:536} INFO - Filling up the DagBag from /home/ai/.local/lib/python3.9/site-packages/airflow/example_dags/example_xcomargs.py
[2026-07-15T16:19:28.960+0200] {processor.py:839} INFO - DAG(s) dict_keys(['example_xcom_args_with_operators', 'example_xcom_args']) retrieved from /home/ai/.local/lib/python3.9/site-packages/airflow/example_dags/example_xcomargs.py
[2026-07-15T16:19:28.980+0200] {logging_mixin.py:151} INFO - [2026-07-15T16:19:28.980+0200] {dag.py:2941} INFO - Sync 2 DAGs
[2026-07-15T16:19:28.996+0200] {logging_mixin.py:151} INFO - [2026-07-15T16:19:28.996+0200] {dag.py:3722} INFO - Setting next_dagrun for example_xcom_args to None, run_after=None
[2026-07-15T16:19:29.002+0200] {logging_mixin.py:151} INFO - [2026-07-15T16:19:29.002+0200] {dag.py:3722} INFO - Setting next_dagrun for example_xcom_args_with_operators to None, run_after=None
[2026-07-15T16:19:29.020+0200] {processor.py:179} INFO - Processing /home/ai/.local/lib/python3.9/site-packages/airflow/example_dags/example_xcomargs.py took 0.084 seconds
[2026-07-15T16:20:28.087+0200] {processor.py:157} INFO - Started process (PID=3411083) to work on /home/ai/.local/lib/python3.9/site-packages/airflow/example_dags/example_xcomargs.py
[2026-07-15T16:20:28.089+0200] {processor.py:829} INFO - Processing file /home/ai/.local/lib/python3.9/site-packages/airflow/example_dags/example_xcomargs.py for tasks to queue
[2026-07-15T16:20:28.090+0200] {logging_mixin.py:151} INFO - [2026-07-15T16:20:28.089+0200] {dagbag.py:536} INFO - Filling up the DagBag from /home/ai/.local/lib/python3.9/site-packages/airflow/example_dags/example_xcomargs.py
[2026-07-15T16:20:28.106+0200] {processor.py:839} INFO - DAG(s) dict_keys(['example_xcom_args_with_operators', 'example_xcom_args']) retrieved from /home/ai/.local/lib/python3.9/site-packages/airflow/example_dags/example_xcomargs.py
[2026-07-15T16:20:28.124+0200] {logging_mixin.py:151} INFO - [2026-07-15T16:20:28.124+0200] {dag.py:2941} INFO - Sync 2 DAGs
[2026-07-15T16:20:28.134+0200] {logging_mixin.py:151} INFO - [2026-07-15T16:20:28.134+0200] {dag.py:3722} INFO - Setting next_dagrun for example_xcom_args to None, run_after=None
[2026-07-15T16:20:28.137+0200] {logging_mixin.py:151} INFO - [2026-07-15T16:20:28.137+0200] {dag.py:3722} INFO - Setting next_dagrun for example_xcom_args_with_operators to None, run_after=None
[2026-07-15T16:20:28.207+0200] {processor.py:179} INFO - Processing /home/ai/.local/lib/python3.9/site-packages/airflow/example_dags/example_xcomargs.py took 0.124 seconds
[2026-07-15T16:21:13.071+0200] {processor.py:157} INFO - Started process (PID=3411781) to work on /home/ai/.local/lib/python3.9/site-packages/airflow/example_dags/example_xcomargs.py
[2026-07-15T16:21:13.072+0200] {processor.py:829} INFO - Processing file /home/ai/.local/lib/python3.9/site-packages/airflow/example_dags/example_xcomargs.py for tasks to queue
[2026-07-15T16:21:13.073+0200] {logging_mixin.py:151} INFO - [2026-07-15T16:21:13.073+0200] {dagbag.py:536} INFO - Filling up the DagBag from /home/ai/.local/lib/python3.9/site-packages/airflow/example_dags/example_xcomargs.py
[2026-07-15T16:21:13.083+0200] {processor.py:839} INFO - DAG(s) dict_keys(['example_xcom_args', 'example_xcom_args_with_operators']) retrieved from /home/ai/.local/lib/python3.9/site-packages/airflow/example_dags/example_xcomargs.py
[2026-07-15T16:21:13.108+0200] {logging_mixin.py:151} INFO - [2026-07-15T16:21:13.108+0200] {dag.py:2941} INFO - Sync 2 DAGs
[2026-07-15T16:21:13.121+0200] {logging_mixin.py:151} INFO - [2026-07-15T16:21:13.121+0200] {dag.py:3722} INFO - Setting next_dagrun for example_xcom_args to None, run_after=None
[2026-07-15T16:21:13.125+0200] {logging_mixin.py:151} INFO - [2026-07-15T16:21:13.125+0200] {dag.py:3722} INFO - Setting next_dagrun for example_xcom_args_with_operators to None, run_after=None
[2026-07-15T16:21:14.139+0200] {processor.py:179} INFO - Processing /home/ai/.local/lib/python3.9/site-packages/airflow/example_dags/example_xcomargs.py took 1.073 seconds
[2026-07-15T16:21:56.829+0200] {processor.py:157} INFO - Started process (PID=3412516) to work on /home/ai/.local/lib/python3.9/site-packages/airflow/example_dags/example_xcomargs.py
[2026-07-15T16:21:56.831+0200] {processor.py:829} INFO - Processing file /home/ai/.local/lib/python3.9/site-packages/airflow/example_dags/example_xcomargs.py for tasks to queue
[2026-07-15T16:21:56.832+0200] {logging_mixin.py:151} INFO - [2026-07-15T16:21:56.831+0200] {dagbag.py:536} INFO - Filling up the DagBag from /home/ai/.local/lib/python3.9/site-packages/airflow/example_dags/example_xcomargs.py
[2026-07-15T16:21:56.841+0200] {processor.py:839} INFO - DAG(s) dict_keys(['example_xcom_args', 'example_xcom_args_with_operators']) retrieved from /home/ai/.local/lib/python3.9/site-packages/airflow/example_dags/example_xcomargs.py
[2026-07-15T16:21:56.858+0200] {logging_mixin.py:151} INFO - [2026-07-15T16:21:56.858+0200] {dag.py:2941} INFO - Sync 2 DAGs
[2026-07-15T16:21:56.871+0200] {logging_mixin.py:151} INFO - [2026-07-15T16:21:56.870+0200] {dag.py:3722} INFO - Setting next_dagrun for example_xcom_args to None, run_after=None
[2026-07-15T16:21:56.873+0200] {logging_mixin.py:151} INFO - [2026-07-15T16:21:56.873+0200] {dag.py:3722} INFO - Setting next_dagrun for example_xcom_args_with_operators to None, run_after=None
[2026-07-15T16:21:56.890+0200] {processor.py:179} INFO - Processing /home/ai/.local/lib/python3.9/site-packages/airflow/example_dags/example_xcomargs.py took 0.064 seconds
[2026-07-15T16:22:40.659+0200] {processor.py:157} INFO - Started process (PID=3413315) to work on /home/ai/.local/lib/python3.9/site-packages/airflow/example_dags/example_xcomargs.py
[2026-07-15T16:22:40.661+0200] {processor.py:829} INFO - Processing file /home/ai/.local/lib/python3.9/site-packages/airflow/example_dags/example_xcomargs.py for tasks to queue
[2026-07-15T16:22:40.662+0200] {logging_mixin.py:151} INFO - [2026-07-15T16:22:40.662+0200] {dagbag.py:536} INFO - Filling up the DagBag from /home/ai/.local/lib/python3.9/site-packages/airflow/example_dags/example_xcomargs.py
[2026-07-15T16:22:40.671+0200] {processor.py:839} INFO - DAG(s) dict_keys(['example_xcom_args_with_operators', 'example_xcom_args']) retrieved from /home/ai/.local/lib/python3.9/site-packages/airflow/example_dags/example_xcomargs.py
[2026-07-15T16:22:40.690+0200] {logging_mixin.py:151} INFO - [2026-07-15T16:22:40.690+0200] {dag.py:2941} INFO - Sync 2 DAGs
[2026-07-15T16:22:40.704+0200] {logging_mixin.py:151} INFO - [2026-07-15T16:22:40.704+0200] {dag.py:3722} INFO - Setting next_dagrun for example_xcom_args to None, run_after=None
[2026-07-15T16:22:40.712+0200] {logging_mixin.py:151} INFO - [2026-07-15T16:22:40.711+0200] {dag.py:3722} INFO - Setting next_dagrun for example_xcom_args_with_operators to None, run_after=None
[2026-07-15T16:22:40.734+0200] {processor.py:179} INFO - Processing /home/ai/.local/lib/python3.9/site-packages/airflow/example_dags/example_xcomargs.py took 0.079 seconds
[2026-07-15T16:23:27.797+0200] {processor.py:157} INFO - Started process (PID=3414126) to work on /home/ai/.local/lib/python3.9/site-packages/airflow/example_dags/example_xcomargs.py
[2026-07-15T16:23:27.798+0200] {processor.py:829} INFO - Processing file /home/ai/.local/lib/python3.9/site-packages/airflow/example_dags/example_xcomargs.py for tasks to queue
[2026-07-15T16:23:27.800+0200] {logging_mixin.py:151} INFO - [2026-07-15T16:23:27.799+0200] {dagbag.py:536} INFO - Filling up the DagBag from /home/ai/.local/lib/python3.9/site-packages/airflow/example_dags/example_xcomargs.py
[2026-07-15T16:23:27.809+0200] {processor.py:839} INFO - DAG(s) dict_keys(['example_xcom_args', 'example_xcom_args_with_operators']) retrieved from /home/ai/.local/lib/python3.9/site-packages/airflow/example_dags/example_xcomargs.py
[2026-07-15T16:23:27.827+0200] {logging_mixin.py:151} INFO - [2026-07-15T16:23:27.827+0200] {dag.py:2941} INFO - Sync 2 DAGs
[2026-07-15T16:23:27.838+0200] {logging_mixin.py:151} INFO - [2026-07-15T16:23:27.838+0200] {dag.py:3722} INFO - Setting next_dagrun for example_xcom_args to None, run_after=None
[2026-07-15T16:23:27.841+0200] {logging_mixin.py:151} INFO - [2026-07-15T16:23:27.841+0200] {dag.py:3722} INFO - Setting next_dagrun for example_xcom_args_with_operators to None, run_after=None
[2026-07-15T16:23:27.858+0200] {processor.py:179} INFO - Processing /home/ai/.local/lib/python3.9/site-packages/airflow/example_dags/example_xcomargs.py took 0.066 seconds
[2026-07-15T16:24:07.771+0200] {processor.py:157} INFO - Started process (PID=3414814) to work on /home/ai/.local/lib/python3.9/site-packages/airflow/example_dags/example_xcomargs.py
[2026-07-15T16:24:07.773+0200] {processor.py:829} INFO - Processing file /home/ai/.local/lib/python3.9/site-packages/airflow/example_dags/example_xcomargs.py for tasks to queue
[2026-07-15T16:24:07.776+0200] {logging_mixin.py:151} INFO - [2026-07-15T16:24:07.775+0200] {dagbag.py:536} INFO - Filling up the DagBag from /home/ai/.local/lib/python3.9/site-packages/airflow/example_dags/example_xcomargs.py
[2026-07-15T16:24:07.792+0200] {processor.py:839} INFO - DAG(s) dict_keys(['example_xcom_args', 'example_xcom_args_with_operators']) retrieved from /home/ai/.local/lib/python3.9/site-packages/airflow/example_dags/example_xcomargs.py
[2026-07-15T16:24:07.812+0200] {logging_mixin.py:151} INFO - [2026-07-15T16:24:07.812+0200] {dag.py:2941} INFO - Sync 2 DAGs
[2026-07-15T16:24:07.823+0200] {logging_mixin.py:151} INFO - [2026-07-15T16:24:07.823+0200] {dag.py:3722} INFO - Setting next_dagrun for example_xcom_args to None, run_after=None
[2026-07-15T16:24:07.826+0200] {logging_mixin.py:151} INFO - [2026-07-15T16:24:07.826+0200] {dag.py:3722} INFO - Setting next_dagrun for example_xcom_args_with_operators to None, run_after=None
[2026-07-15T16:24:07.873+0200] {processor.py:179} INFO - Processing /home/ai/.local/lib/python3.9/site-packages/airflow/example_dags/example_xcomargs.py took 0.107 seconds
[2026-07-15T16:25:26.950+0200] {processor.py:157} INFO - Started process (PID=3416142) to work on /home/ai/.local/lib/python3.9/site-packages/airflow/example_dags/example_xcomargs.py
[2026-07-15T16:25:26.952+0200] {processor.py:829} INFO - Processing file /home/ai/.local/lib/python3.9/site-packages/airflow/example_dags/example_xcomargs.py for tasks to queue
[2026-07-15T16:25:26.953+0200] {logging_mixin.py:151} INFO - [2026-07-15T16:25:26.952+0200] {dagbag.py:536} INFO - Filling up the DagBag from /home/ai/.local/lib/python3.9/site-packages/airflow/example_dags/example_xcomargs.py
[2026-07-15T16:25:26.961+0200] {processor.py:839} INFO - DAG(s) dict_keys(['example_xcom_args', 'example_xcom_args_with_operators']) retrieved from /home/ai/.local/lib/python3.9/site-packages/airflow/example_dags/example_xcomargs.py
[2026-07-15T16:25:26.979+0200] {logging_mixin.py:151} INFO - [2026-07-15T16:25:26.979+0200] {dag.py:2941} INFO - Sync 2 DAGs
[2026-07-15T16:25:26.990+0200] {logging_mixin.py:151} INFO - [2026-07-15T16:25:26.990+0200] {dag.py:3722} INFO - Setting next_dagrun for example_xcom_args to None, run_after=None
[2026-07-15T16:25:26.992+0200] {logging_mixin.py:151} INFO - [2026-07-15T16:25:26.992+0200] {dag.py:3722} INFO - Setting next_dagrun for example_xcom_args_with_operators to None, run_after=None
[2026-07-15T16:25:28.425+0200] {processor.py:179} INFO - Processing /home/ai/.local/lib/python3.9/site-packages/airflow/example_dags/example_xcomargs.py took 1.482 seconds
[2026-07-15T16:26:12.920+0200] {processor.py:157} INFO - Started process (PID=3416920) to work on /home/ai/.local/lib/python3.9/site-packages/airflow/example_dags/example_xcomargs.py
[2026-07-15T16:26:12.921+0200] {processor.py:829} INFO - Processing file /home/ai/.local/lib/python3.9/site-packages/airflow/example_dags/example_xcomargs.py for tasks to queue
[2026-07-15T16:26:12.922+0200] {logging_mixin.py:151} INFO - [2026-07-15T16:26:12.922+0200] {dagbag.py:536} INFO - Filling up the DagBag from /home/ai/.local/lib/python3.9/site-packages/airflow/example_dags/example_xcomargs.py
[2026-07-15T16:26:12.931+0200] {processor.py:839} INFO - DAG(s) dict_keys(['example_xcom_args', 'example_xcom_args_with_operators']) retrieved from /home/ai/.local/lib/python3.9/site-packages/airflow/example_dags/example_xcomargs.py
[2026-07-15T16:26:12.950+0200] {logging_mixin.py:151} INFO - [2026-07-15T16:26:12.950+0200] {dag.py:2941} INFO - Sync 2 DAGs
[2026-07-15T16:26:12.961+0200] {logging_mixin.py:151} INFO - [2026-07-15T16:26:12.960+0200] {dag.py:3722} INFO - Setting next_dagrun for example_xcom_args to None, run_after=None
[2026-07-15T16:26:12.963+0200] {logging_mixin.py:151} INFO - [2026-07-15T16:26:12.963+0200] {dag.py:3722} INFO - Setting next_dagrun for example_xcom_args_with_operators to None, run_after=None
[2026-07-15T16:26:12.979+0200] {processor.py:179} INFO - Processing /home/ai/.local/lib/python3.9/site-packages/airflow/example_dags/example_xcomargs.py took 0.065 seconds
[2026-07-15T16:27:05.836+0200] {processor.py:157} INFO - Started process (PID=3417803) to work on /home/ai/.local/lib/python3.9/site-packages/airflow/example_dags/example_xcomargs.py
[2026-07-15T16:27:05.837+0200] {processor.py:829} INFO - Processing file /home/ai/.local/lib/python3.9/site-packages/airflow/example_dags/example_xcomargs.py for tasks to queue
[2026-07-15T16:27:05.840+0200] {logging_mixin.py:151} INFO - [2026-07-15T16:27:05.839+0200] {dagbag.py:536} INFO - Filling up the DagBag from /home/ai/.local/lib/python3.9/site-packages/airflow/example_dags/example_xcomargs.py
[2026-07-15T16:27:05.854+0200] {processor.py:839} INFO - DAG(s) dict_keys(['example_xcom_args', 'example_xcom_args_with_operators']) retrieved from /home/ai/.local/lib/python3.9/site-packages/airflow/example_dags/example_xcomargs.py
[2026-07-15T16:27:05.874+0200] {logging_mixin.py:151} INFO - [2026-07-15T16:27:05.873+0200] {dag.py:2941} INFO - Sync 2 DAGs
[2026-07-15T16:27:07.618+0200] {logging_mixin.py:151} INFO - [2026-07-15T16:27:07.617+0200] {dag.py:3722} INFO - Setting next_dagrun for example_xcom_args to None, run_after=None
[2026-07-15T16:27:07.621+0200] {logging_mixin.py:151} INFO - [2026-07-15T16:27:07.621+0200] {dag.py:3722} INFO - Setting next_dagrun for example_xcom_args_with_operators to None, run_after=None
[2026-07-15T16:27:08.787+0200] {processor.py:179} INFO - Processing /home/ai/.local/lib/python3.9/site-packages/airflow/example_dags/example_xcomargs.py took 2.958 seconds
[2026-07-15T16:28:05.123+0200] {processor.py:157} INFO - Started process (PID=3418828) to work on /home/ai/.local/lib/python3.9/site-packages/airflow/example_dags/example_xcomargs.py
[2026-07-15T16:28:05.125+0200] {processor.py:829} INFO - Processing file /home/ai/.local/lib/python3.9/site-packages/airflow/example_dags/example_xcomargs.py for tasks to queue
[2026-07-15T16:28:05.126+0200] {logging_mixin.py:151} INFO - [2026-07-15T16:28:05.125+0200] {dagbag.py:536} INFO - Filling up the DagBag from /home/ai/.local/lib/python3.9/site-packages/airflow/example_dags/example_xcomargs.py
[2026-07-15T16:28:05.136+0200] {processor.py:839} INFO - DAG(s) dict_keys(['example_xcom_args', 'example_xcom_args_with_operators']) retrieved from /home/ai/.local/lib/python3.9/site-packages/airflow/example_dags/example_xcomargs.py
[2026-07-15T16:28:05.160+0200] {logging_mixin.py:151} INFO - [2026-07-15T16:28:05.160+0200] {dag.py:2941} INFO - Sync 2 DAGs
[2026-07-15T16:28:05.172+0200] {logging_mixin.py:151} INFO - [2026-07-15T16:28:05.172+0200] {dag.py:3722} INFO - Setting next_dagrun for example_xcom_args to None, run_after=None
[2026-07-15T16:28:05.175+0200] {logging_mixin.py:151} INFO - [2026-07-15T16:28:05.175+0200] {dag.py:3722} INFO - Setting next_dagrun for example_xcom_args_with_operators to None, run_after=None
[2026-07-15T16:28:05.759+0200] {processor.py:179} INFO - Processing /home/ai/.local/lib/python3.9/site-packages/airflow/example_dags/example_xcomargs.py took 0.640 seconds
[2026-07-15T16:28:53.249+0200] {processor.py:157} INFO - Started process (PID=3419693) to work on /home/ai/.local/lib/python3.9/site-packages/airflow/example_dags/example_xcomargs.py
[2026-07-15T16:28:53.251+0200] {processor.py:829} INFO - Processing file /home/ai/.local/lib/python3.9/site-packages/airflow/example_dags/example_xcomargs.py for tasks to queue
[2026-07-15T16:28:53.253+0200] {logging_mixin.py:151} INFO - [2026-07-15T16:28:53.252+0200] {dagbag.py:536} INFO - Filling up the DagBag from /home/ai/.local/lib/python3.9/site-packages/airflow/example_dags/example_xcomargs.py
[2026-07-15T16:28:53.263+0200] {processor.py:839} INFO - DAG(s) dict_keys(['example_xcom_args_with_operators', 'example_xcom_args']) retrieved from /home/ai/.local/lib/python3.9/site-packages/airflow/example_dags/example_xcomargs.py
[2026-07-15T16:28:53.282+0200] {logging_mixin.py:151} INFO - [2026-07-15T16:28:53.282+0200] {dag.py:2941} INFO - Sync 2 DAGs
[2026-07-15T16:28:53.293+0200] {logging_mixin.py:151} INFO - [2026-07-15T16:28:53.293+0200] {dag.py:3722} INFO - Setting next_dagrun for example_xcom_args to None, run_after=None
[2026-07-15T16:28:53.296+0200] {logging_mixin.py:151} INFO - [2026-07-15T16:28:53.295+0200] {dag.py:3722} INFO - Setting next_dagrun for example_xcom_args_with_operators to None, run_after=None
[2026-07-15T16:28:53.462+0200] {processor.py:179} INFO - Processing /home/ai/.local/lib/python3.9/site-packages/airflow/example_dags/example_xcomargs.py took 0.217 seconds
[2026-07-15T16:29:32.126+0200] {processor.py:157} INFO - Started process (PID=3420351) to work on /home/ai/.local/lib/python3.9/site-packages/airflow/example_dags/example_xcomargs.py
[2026-07-15T16:29:32.129+0200] {processor.py:829} INFO - Processing file /home/ai/.local/lib/python3.9/site-packages/airflow/example_dags/example_xcomargs.py for tasks to queue
[2026-07-15T16:29:32.131+0200] {logging_mixin.py:151} INFO - [2026-07-15T16:29:32.130+0200] {dagbag.py:536} INFO - Filling up the DagBag from /home/ai/.local/lib/python3.9/site-packages/airflow/example_dags/example_xcomargs.py
[2026-07-15T16:29:32.143+0200] {processor.py:839} INFO - DAG(s) dict_keys(['example_xcom_args_with_operators', 'example_xcom_args']) retrieved from /home/ai/.local/lib/python3.9/site-packages/airflow/example_dags/example_xcomargs.py
[2026-07-15T16:29:32.164+0200] {logging_mixin.py:151} INFO - [2026-07-15T16:29:32.164+0200] {dag.py:2941} INFO - Sync 2 DAGs
[2026-07-15T16:29:32.177+0200] {logging_mixin.py:151} INFO - [2026-07-15T16:29:32.176+0200] {dag.py:3722} INFO - Setting next_dagrun for example_xcom_args to None, run_after=None
[2026-07-15T16:29:32.180+0200] {logging_mixin.py:151} INFO - [2026-07-15T16:29:32.180+0200] {dag.py:3722} INFO - Setting next_dagrun for example_xcom_args_with_operators to None, run_after=None
[2026-07-15T16:29:32.423+0200] {processor.py:179} INFO - Processing /home/ai/.local/lib/python3.9/site-packages/airflow/example_dags/example_xcomargs.py took 0.305 seconds
[2026-07-15T16:30:21.841+0200] {processor.py:157} INFO - Started process (PID=3421181) to work on /home/ai/.local/lib/python3.9/site-packages/airflow/example_dags/example_xcomargs.py
[2026-07-15T16:30:21.842+0200] {processor.py:829} INFO - Processing file /home/ai/.local/lib/python3.9/site-packages/airflow/example_dags/example_xcomargs.py for tasks to queue
[2026-07-15T16:30:21.843+0200] {logging_mixin.py:151} INFO - [2026-07-15T16:30:21.843+0200] {dagbag.py:536} INFO - Filling up the DagBag from /home/ai/.local/lib/python3.9/site-packages/airflow/example_dags/example_xcomargs.py
[2026-07-15T16:30:21.853+0200] {processor.py:839} INFO - DAG(s) dict_keys(['example_xcom_args', 'example_xcom_args_with_operators']) retrieved from /home/ai/.local/lib/python3.9/site-packages/airflow/example_dags/example_xcomargs.py
[2026-07-15T16:30:21.872+0200] {logging_mixin.py:151} INFO - [2026-07-15T16:30:21.872+0200] {dag.py:2941} INFO - Sync 2 DAGs
[2026-07-15T16:30:21.883+0200] {logging_mixin.py:151} INFO - [2026-07-15T16:30:21.883+0200] {dag.py:3722} INFO - Setting next_dagrun for example_xcom_args to None, run_after=None
[2026-07-15T16:30:21.885+0200] {logging_mixin.py:151} INFO - [2026-07-15T16:30:21.885+0200] {dag.py:3722} INFO - Setting next_dagrun for example_xcom_args_with_operators to None, run_after=None
[2026-07-15T16:30:22.673+0200] {processor.py:179} INFO - Processing /home/ai/.local/lib/python3.9/site-packages/airflow/example_dags/example_xcomargs.py took 0.837 seconds
[2026-07-15T16:31:22.585+0200] {processor.py:157} INFO - Started process (PID=3422076) to work on /home/ai/.local/lib/python3.9/site-packages/airflow/example_dags/example_xcomargs.py
[2026-07-15T16:31:22.587+0200] {processor.py:829} INFO - Processing file /home/ai/.local/lib/python3.9/site-packages/airflow/example_dags/example_xcomargs.py for tasks to queue
[2026-07-15T16:31:22.588+0200] {logging_mixin.py:151} INFO - [2026-07-15T16:31:22.588+0200] {dagbag.py:536} INFO - Filling up the DagBag from /home/ai/.local/lib/python3.9/site-packages/airflow/example_dags/example_xcomargs.py
[2026-07-15T16:31:22.597+0200] {processor.py:839} INFO - DAG(s) dict_keys(['example_xcom_args_with_operators', 'example_xcom_args']) retrieved from /home/ai/.local/lib/python3.9/site-packages/airflow/example_dags/example_xcomargs.py
[2026-07-15T16:31:22.615+0200] {logging_mixin.py:151} INFO - [2026-07-15T16:31:22.615+0200] {dag.py:2941} INFO - Sync 2 DAGs
[2026-07-15T16:31:22.625+0200] {logging_mixin.py:151} INFO - [2026-07-15T16:31:22.625+0200] {dag.py:3722} INFO - Setting next_dagrun for example_xcom_args to None, run_after=None
[2026-07-15T16:31:22.628+0200] {logging_mixin.py:151} INFO - [2026-07-15T16:31:22.628+0200] {dag.py:3722} INFO - Setting next_dagrun for example_xcom_args_with_operators to None, run_after=None
[2026-07-15T16:31:23.069+0200] {processor.py:179} INFO - Processing /home/ai/.local/lib/python3.9/site-packages/airflow/example_dags/example_xcomargs.py took 0.490 seconds
[2026-07-15T16:32:08.390+0200] {processor.py:157} INFO - Started process (PID=3422918) to work on /home/ai/.local/lib/python3.9/site-packages/airflow/example_dags/example_xcomargs.py
[2026-07-15T16:32:08.392+0200] {processor.py:829} INFO - Processing file /home/ai/.local/lib/python3.9/site-packages/airflow/example_dags/example_xcomargs.py for tasks to queue
[2026-07-15T16:32:08.393+0200] {logging_mixin.py:151} INFO - [2026-07-15T16:32:08.392+0200] {dagbag.py:536} INFO - Filling up the DagBag from /home/ai/.local/lib/python3.9/site-packages/airflow/example_dags/example_xcomargs.py
[2026-07-15T16:32:08.401+0200] {processor.py:839} INFO - DAG(s) dict_keys(['example_xcom_args_with_operators', 'example_xcom_args']) retrieved from /home/ai/.local/lib/python3.9/site-packages/airflow/example_dags/example_xcomargs.py
[2026-07-15T16:32:08.419+0200] {logging_mixin.py:151} INFO - [2026-07-15T16:32:08.419+0200] {dag.py:2941} INFO - Sync 2 DAGs
[2026-07-15T16:32:08.429+0200] {logging_mixin.py:151} INFO - [2026-07-15T16:32:08.429+0200] {dag.py:3722} INFO - Setting next_dagrun for example_xcom_args to None, run_after=None
[2026-07-15T16:32:08.432+0200] {logging_mixin.py:151} INFO - [2026-07-15T16:32:08.432+0200] {dag.py:3722} INFO - Setting next_dagrun for example_xcom_args_with_operators to None, run_after=None
[2026-07-15T16:32:08.664+0200] {processor.py:179} INFO - Processing /home/ai/.local/lib/python3.9/site-packages/airflow/example_dags/example_xcomargs.py took 0.280 seconds
[2026-07-15T16:33:34.886+0200] {processor.py:157} INFO - Started process (PID=3424467) to work on /home/ai/.local/lib/python3.9/site-packages/airflow/example_dags/example_xcomargs.py
[2026-07-15T16:33:34.888+0200] {processor.py:829} INFO - Processing file /home/ai/.local/lib/python3.9/site-packages/airflow/example_dags/example_xcomargs.py for tasks to queue
[2026-07-15T16:33:34.889+0200] {logging_mixin.py:151} INFO - [2026-07-15T16:33:34.889+0200] {dagbag.py:536} INFO - Filling up the DagBag from /home/ai/.local/lib/python3.9/site-packages/airflow/example_dags/example_xcomargs.py
[2026-07-15T16:33:34.897+0200] {processor.py:839} INFO - DAG(s) dict_keys(['example_xcom_args', 'example_xcom_args_with_operators']) retrieved from /home/ai/.local/lib/python3.9/site-packages/airflow/example_dags/example_xcomargs.py
[2026-07-15T16:33:34.915+0200] {logging_mixin.py:151} INFO - [2026-07-15T16:33:34.915+0200] {dag.py:2941} INFO - Sync 2 DAGs
[2026-07-15T16:33:34.925+0200] {logging_mixin.py:151} INFO - [2026-07-15T16:33:34.925+0200] {dag.py:3722} INFO - Setting next_dagrun for example_xcom_args to None, run_after=None
[2026-07-15T16:33:34.928+0200] {logging_mixin.py:151} INFO - [2026-07-15T16:33:34.927+0200] {dag.py:3722} INFO - Setting next_dagrun for example_xcom_args_with_operators to None, run_after=None
[2026-07-15T16:33:34.970+0200] {processor.py:179} INFO - Processing /home/ai/.local/lib/python3.9/site-packages/airflow/example_dags/example_xcomargs.py took 0.090 seconds
[2026-07-15T16:34:18.683+0200] {processor.py:157} INFO - Started process (PID=3425180) to work on /home/ai/.local/lib/python3.9/site-packages/airflow/example_dags/example_xcomargs.py
[2026-07-15T16:34:18.686+0200] {processor.py:829} INFO - Processing file /home/ai/.local/lib/python3.9/site-packages/airflow/example_dags/example_xcomargs.py for tasks to queue
[2026-07-15T16:34:18.686+0200] {logging_mixin.py:151} INFO - [2026-07-15T16:34:18.686+0200] {dagbag.py:536} INFO - Filling up the DagBag from /home/ai/.local/lib/python3.9/site-packages/airflow/example_dags/example_xcomargs.py
[2026-07-15T16:34:18.696+0200] {processor.py:839} INFO - DAG(s) dict_keys(['example_xcom_args', 'example_xcom_args_with_operators']) retrieved from /home/ai/.local/lib/python3.9/site-packages/airflow/example_dags/example_xcomargs.py
[2026-07-15T16:34:18.715+0200] {logging_mixin.py:151} INFO - [2026-07-15T16:34:18.715+0200] {dag.py:2941} INFO - Sync 2 DAGs
[2026-07-15T16:34:18.726+0200] {logging_mixin.py:151} INFO - [2026-07-15T16:34:18.726+0200] {dag.py:3722} INFO - Setting next_dagrun for example_xcom_args to None, run_after=None
[2026-07-15T16:34:18.728+0200] {logging_mixin.py:151} INFO - [2026-07-15T16:34:18.728+0200] {dag.py:3722} INFO - Setting next_dagrun for example_xcom_args_with_operators to None, run_after=None
[2026-07-15T16:34:20.403+0200] {processor.py:179} INFO - Processing /home/ai/.local/lib/python3.9/site-packages/airflow/example_dags/example_xcomargs.py took 1.726 seconds
[2026-07-15T16:35:46.478+0200] {processor.py:157} INFO - Started process (PID=3426630) to work on /home/ai/.local/lib/python3.9/site-packages/airflow/example_dags/example_xcomargs.py
[2026-07-15T16:35:46.479+0200] {processor.py:829} INFO - Processing file /home/ai/.local/lib/python3.9/site-packages/airflow/example_dags/example_xcomargs.py for tasks to queue
[2026-07-15T16:35:46.480+0200] {logging_mixin.py:151} INFO - [2026-07-15T16:35:46.480+0200] {dagbag.py:536} INFO - Filling up the DagBag from /home/ai/.local/lib/python3.9/site-packages/airflow/example_dags/example_xcomargs.py
[2026-07-15T16:35:46.489+0200] {processor.py:839} INFO - DAG(s) dict_keys(['example_xcom_args', 'example_xcom_args_with_operators']) retrieved from /home/ai/.local/lib/python3.9/site-packages/airflow/example_dags/example_xcomargs.py
[2026-07-15T16:35:46.507+0200] {logging_mixin.py:151} INFO - [2026-07-15T16:35:46.507+0200] {dag.py:2941} INFO - Sync 2 DAGs
[2026-07-15T16:35:46.518+0200] {logging_mixin.py:151} INFO - [2026-07-15T16:35:46.518+0200] {dag.py:3722} INFO - Setting next_dagrun for example_xcom_args to None, run_after=None
[2026-07-15T16:35:46.521+0200] {logging_mixin.py:151} INFO - [2026-07-15T16:35:46.520+0200] {dag.py:3722} INFO - Setting next_dagrun for example_xcom_args_with_operators to None, run_after=None
[2026-07-15T16:35:47.129+0200] {processor.py:179} INFO - Processing /home/ai/.local/lib/python3.9/site-packages/airflow/example_dags/example_xcomargs.py took 0.657 seconds
[2026-07-15T16:36:34.235+0200] {processor.py:157} INFO - Started process (PID=3427782) to work on /home/ai/.local/lib/python3.9/site-packages/airflow/example_dags/example_xcomargs.py
[2026-07-15T16:36:34.237+0200] {processor.py:829} INFO - Processing file /home/ai/.local/lib/python3.9/site-packages/airflow/example_dags/example_xcomargs.py for tasks to queue
[2026-07-15T16:36:34.238+0200] {logging_mixin.py:151} INFO - [2026-07-15T16:36:34.238+0200] {dagbag.py:536} INFO - Filling up the DagBag from /home/ai/.local/lib/python3.9/site-packages/airflow/example_dags/example_xcomargs.py
[2026-07-15T16:36:34.247+0200] {processor.py:839} INFO - DAG(s) dict_keys(['example_xcom_args', 'example_xcom_args_with_operators']) retrieved from /home/ai/.local/lib/python3.9/site-packages/airflow/example_dags/example_xcomargs.py
[2026-07-15T16:36:34.266+0200] {logging_mixin.py:151} INFO - [2026-07-15T16:36:34.266+0200] {dag.py:2941} INFO - Sync 2 DAGs
[2026-07-15T16:36:34.277+0200] {logging_mixin.py:151} INFO - [2026-07-15T16:36:34.277+0200] {dag.py:3722} INFO - Setting next_dagrun for example_xcom_args to None, run_after=None
[2026-07-15T16:36:34.279+0200] {logging_mixin.py:151} INFO - [2026-07-15T16:36:34.279+0200] {dag.py:3722} INFO - Setting next_dagrun for example_xcom_args_with_operators to None, run_after=None
[2026-07-15T16:36:34.296+0200] {processor.py:179} INFO - Processing /home/ai/.local/lib/python3.9/site-packages/airflow/example_dags/example_xcomargs.py took 0.066 seconds
[2026-07-15T16:37:25.659+0200] {processor.py:157} INFO - Started process (PID=3428840) to work on /home/ai/.local/lib/python3.9/site-packages/airflow/example_dags/example_xcomargs.py
[2026-07-15T16:37:25.660+0200] {processor.py:829} INFO - Processing file /home/ai/.local/lib/python3.9/site-packages/airflow/example_dags/example_xcomargs.py for tasks to queue
[2026-07-15T16:37:25.661+0200] {logging_mixin.py:151} INFO - [2026-07-15T16:37:25.661+0200] {dagbag.py:536} INFO - Filling up the DagBag from /home/ai/.local/lib/python3.9/site-packages/airflow/example_dags/example_xcomargs.py
[2026-07-15T16:37:25.670+0200] {processor.py:839} INFO - DAG(s) dict_keys(['example_xcom_args_with_operators', 'example_xcom_args']) retrieved from /home/ai/.local/lib/python3.9/site-packages/airflow/example_dags/example_xcomargs.py
[2026-07-15T16:37:25.689+0200] {logging_mixin.py:151} INFO - [2026-07-15T16:37:25.688+0200] {dag.py:2941} INFO - Sync 2 DAGs
[2026-07-15T16:37:25.699+0200] {logging_mixin.py:151} INFO - [2026-07-15T16:37:25.699+0200] {dag.py:3722} INFO - Setting next_dagrun for example_xcom_args to None, run_after=None
[2026-07-15T16:37:25.702+0200] {logging_mixin.py:151} INFO - [2026-07-15T16:37:25.702+0200] {dag.py:3722} INFO - Setting next_dagrun for example_xcom_args_with_operators to None, run_after=None
[2026-07-15T16:37:26.361+0200] {processor.py:179} INFO - Processing /home/ai/.local/lib/python3.9/site-packages/airflow/example_dags/example_xcomargs.py took 0.709 seconds
[2026-07-15T16:38:24.404+0200] {processor.py:157} INFO - Started process (PID=3429975) to work on /home/ai/.local/lib/python3.9/site-packages/airflow/example_dags/example_xcomargs.py
[2026-07-15T16:38:24.405+0200] {processor.py:829} INFO - Processing file /home/ai/.local/lib/python3.9/site-packages/airflow/example_dags/example_xcomargs.py for tasks to queue
[2026-07-15T16:38:24.406+0200] {logging_mixin.py:151} INFO - [2026-07-15T16:38:24.406+0200] {dagbag.py:536} INFO - Filling up the DagBag from /home/ai/.local/lib/python3.9/site-packages/airflow/example_dags/example_xcomargs.py
[2026-07-15T16:38:24.415+0200] {processor.py:839} INFO - DAG(s) dict_keys(['example_xcom_args_with_operators', 'example_xcom_args']) retrieved from /home/ai/.local/lib/python3.9/site-packages/airflow/example_dags/example_xcomargs.py
[2026-07-15T16:38:24.434+0200] {logging_mixin.py:151} INFO - [2026-07-15T16:38:24.434+0200] {dag.py:2941} INFO - Sync 2 DAGs
[2026-07-15T16:38:24.448+0200] {logging_mixin.py:151} INFO - [2026-07-15T16:38:24.448+0200] {dag.py:3722} INFO - Setting next_dagrun for example_xcom_args to None, run_after=None
[2026-07-15T16:38:24.451+0200] {logging_mixin.py:151} INFO - [2026-07-15T16:38:24.451+0200] {dag.py:3722} INFO - Setting next_dagrun for example_xcom_args_with_operators to None, run_after=None
[2026-07-15T16:38:25.443+0200] {processor.py:179} INFO - Processing /home/ai/.local/lib/python3.9/site-packages/airflow/example_dags/example_xcomargs.py took 1.047 seconds
[2026-07-15T16:39:08.339+0200] {processor.py:157} INFO - Started process (PID=3430760) to work on /home/ai/.local/lib/python3.9/site-packages/airflow/example_dags/example_xcomargs.py
[2026-07-15T16:39:08.340+0200] {processor.py:829} INFO - Processing file /home/ai/.local/lib/python3.9/site-packages/airflow/example_dags/example_xcomargs.py for tasks to queue
[2026-07-15T16:39:08.341+0200] {logging_mixin.py:151} INFO - [2026-07-15T16:39:08.341+0200] {dagbag.py:536} INFO - Filling up the DagBag from /home/ai/.local/lib/python3.9/site-packages/airflow/example_dags/example_xcomargs.py
[2026-07-15T16:39:08.351+0200] {processor.py:839} INFO - DAG(s) dict_keys(['example_xcom_args_with_operators', 'example_xcom_args']) retrieved from /home/ai/.local/lib/python3.9/site-packages/airflow/example_dags/example_xcomargs.py
[2026-07-15T16:39:08.370+0200] {logging_mixin.py:151} INFO - [2026-07-15T16:39:08.370+0200] {dag.py:2941} INFO - Sync 2 DAGs
[2026-07-15T16:39:08.381+0200] {logging_mixin.py:151} INFO - [2026-07-15T16:39:08.381+0200] {dag.py:3722} INFO - Setting next_dagrun for example_xcom_args to None, run_after=None
[2026-07-15T16:39:08.384+0200] {logging_mixin.py:151} INFO - [2026-07-15T16:39:08.383+0200] {dag.py:3722} INFO - Setting next_dagrun for example_xcom_args_with_operators to None, run_after=None
[2026-07-15T16:39:09.871+0200] {processor.py:179} INFO - Processing /home/ai/.local/lib/python3.9/site-packages/airflow/example_dags/example_xcomargs.py took 1.540 seconds
[2026-07-15T16:40:05.428+0200] {processor.py:157} INFO - Started process (PID=3431802) to work on /home/ai/.local/lib/python3.9/site-packages/airflow/example_dags/example_xcomargs.py
[2026-07-15T16:40:05.429+0200] {processor.py:829} INFO - Processing file /home/ai/.local/lib/python3.9/site-packages/airflow/example_dags/example_xcomargs.py for tasks to queue
[2026-07-15T16:40:05.430+0200] {logging_mixin.py:151} INFO - [2026-07-15T16:40:05.430+0200] {dagbag.py:536} INFO - Filling up the DagBag from /home/ai/.local/lib/python3.9/site-packages/airflow/example_dags/example_xcomargs.py
[2026-07-15T16:40:05.439+0200] {processor.py:839} INFO - DAG(s) dict_keys(['example_xcom_args_with_operators', 'example_xcom_args']) retrieved from /home/ai/.local/lib/python3.9/site-packages/airflow/example_dags/example_xcomargs.py
[2026-07-15T16:40:05.458+0200] {logging_mixin.py:151} INFO - [2026-07-15T16:40:05.458+0200] {dag.py:2941} INFO - Sync 2 DAGs
[2026-07-15T16:40:05.468+0200] {logging_mixin.py:151} INFO - [2026-07-15T16:40:05.468+0200] {dag.py:3722} INFO - Setting next_dagrun for example_xcom_args to None, run_after=None
[2026-07-15T16:40:05.472+0200] {logging_mixin.py:151} INFO - [2026-07-15T16:40:05.472+0200] {dag.py:3722} INFO - Setting next_dagrun for example_xcom_args_with_operators to None, run_after=None
[2026-07-15T16:40:05.892+0200] {processor.py:179} INFO - Processing /home/ai/.local/lib/python3.9/site-packages/airflow/example_dags/example_xcomargs.py took 0.469 seconds
[2026-07-15T16:41:07.293+0200] {processor.py:157} INFO - Started process (PID=3432902) to work on /home/ai/.local/lib/python3.9/site-packages/airflow/example_dags/example_xcomargs.py
[2026-07-15T16:41:07.294+0200] {processor.py:829} INFO - Processing file /home/ai/.local/lib/python3.9/site-packages/airflow/example_dags/example_xcomargs.py for tasks to queue
[2026-07-15T16:41:07.295+0200] {logging_mixin.py:151} INFO - [2026-07-15T16:41:07.295+0200] {dagbag.py:536} INFO - Filling up the DagBag from /home/ai/.local/lib/python3.9/site-packages/airflow/example_dags/example_xcomargs.py
[2026-07-15T16:41:07.305+0200] {processor.py:839} INFO - DAG(s) dict_keys(['example_xcom_args_with_operators', 'example_xcom_args']) retrieved from /home/ai/.local/lib/python3.9/site-packages/airflow/example_dags/example_xcomargs.py
[2026-07-15T16:41:07.323+0200] {logging_mixin.py:151} INFO - [2026-07-15T16:41:07.323+0200] {dag.py:2941} INFO - Sync 2 DAGs
[2026-07-15T16:41:07.333+0200] {logging_mixin.py:151} INFO - [2026-07-15T16:41:07.333+0200] {dag.py:3722} INFO - Setting next_dagrun for example_xcom_args to None, run_after=None
[2026-07-15T16:41:07.335+0200] {logging_mixin.py:151} INFO - [2026-07-15T16:41:07.335+0200] {dag.py:3722} INFO - Setting next_dagrun for example_xcom_args_with_operators to None, run_after=None
[2026-07-15T16:41:08.987+0200] {processor.py:179} INFO - Processing /home/ai/.local/lib/python3.9/site-packages/airflow/example_dags/example_xcomargs.py took 1.699 seconds
[2026-07-15T16:41:58.532+0200] {processor.py:157} INFO - Started process (PID=3433806) to work on /home/ai/.local/lib/python3.9/site-packages/airflow/example_dags/example_xcomargs.py
[2026-07-15T16:41:58.534+0200] {processor.py:829} INFO - Processing file /home/ai/.local/lib/python3.9/site-packages/airflow/example_dags/example_xcomargs.py for tasks to queue
[2026-07-15T16:41:58.535+0200] {logging_mixin.py:151} INFO - [2026-07-15T16:41:58.535+0200] {dagbag.py:536} INFO - Filling up the DagBag from /home/ai/.local/lib/python3.9/site-packages/airflow/example_dags/example_xcomargs.py
[2026-07-15T16:41:58.545+0200] {processor.py:839} INFO - DAG(s) dict_keys(['example_xcom_args', 'example_xcom_args_with_operators']) retrieved from /home/ai/.local/lib/python3.9/site-packages/airflow/example_dags/example_xcomargs.py
[2026-07-15T16:41:58.563+0200] {logging_mixin.py:151} INFO - [2026-07-15T16:41:58.563+0200] {dag.py:2941} INFO - Sync 2 DAGs
[2026-07-15T16:41:58.574+0200] {logging_mixin.py:151} INFO - [2026-07-15T16:41:58.574+0200] {dag.py:3722} INFO - Setting next_dagrun for example_xcom_args to None, run_after=None
[2026-07-15T16:41:58.577+0200] {logging_mixin.py:151} INFO - [2026-07-15T16:41:58.577+0200] {dag.py:3722} INFO - Setting next_dagrun for example_xcom_args_with_operators to None, run_after=None
[2026-07-15T16:41:58.594+0200] {processor.py:179} INFO - Processing /home/ai/.local/lib/python3.9/site-packages/airflow/example_dags/example_xcomargs.py took 0.067 seconds
[2026-07-15T16:42:44.306+0200] {processor.py:157} INFO - Started process (PID=3434629) to work on /home/ai/.local/lib/python3.9/site-packages/airflow/example_dags/example_xcomargs.py
[2026-07-15T16:42:44.309+0200] {processor.py:829} INFO - Processing file /home/ai/.local/lib/python3.9/site-packages/airflow/example_dags/example_xcomargs.py for tasks to queue
[2026-07-15T16:42:44.310+0200] {logging_mixin.py:151} INFO - [2026-07-15T16:42:44.309+0200] {dagbag.py:536} INFO - Filling up the DagBag from /home/ai/.local/lib/python3.9/site-packages/airflow/example_dags/example_xcomargs.py
[2026-07-15T16:42:44.319+0200] {processor.py:839} INFO - DAG(s) dict_keys(['example_xcom_args_with_operators', 'example_xcom_args']) retrieved from /home/ai/.local/lib/python3.9/site-packages/airflow/example_dags/example_xcomargs.py
[2026-07-15T16:42:44.336+0200] {logging_mixin.py:151} INFO - [2026-07-15T16:42:44.336+0200] {dag.py:2941} INFO - Sync 2 DAGs
[2026-07-15T16:42:44.347+0200] {logging_mixin.py:151} INFO - [2026-07-15T16:42:44.347+0200] {dag.py:3722} INFO - Setting next_dagrun for example_xcom_args to None, run_after=None
[2026-07-15T16:42:44.350+0200] {logging_mixin.py:151} INFO - [2026-07-15T16:42:44.350+0200] {dag.py:3722} INFO - Setting next_dagrun for example_xcom_args_with_operators to None, run_after=None
[2026-07-15T16:42:46.954+0200] {processor.py:179} INFO - Processing /home/ai/.local/lib/python3.9/site-packages/airflow/example_dags/example_xcomargs.py took 2.657 seconds
[2026-07-15T16:43:39.077+0200] {processor.py:157} INFO - Started process (PID=3435590) to work on /home/ai/.local/lib/python3.9/site-packages/airflow/example_dags/example_xcomargs.py
[2026-07-15T16:43:39.079+0200] {processor.py:829} INFO - Processing file /home/ai/.local/lib/python3.9/site-packages/airflow/example_dags/example_xcomargs.py for tasks to queue
[2026-07-15T16:43:39.080+0200] {logging_mixin.py:151} INFO - [2026-07-15T16:43:39.079+0200] {dagbag.py:536} INFO - Filling up the DagBag from /home/ai/.local/lib/python3.9/site-packages/airflow/example_dags/example_xcomargs.py
[2026-07-15T16:43:39.088+0200] {processor.py:839} INFO - DAG(s) dict_keys(['example_xcom_args_with_operators', 'example_xcom_args']) retrieved from /home/ai/.local/lib/python3.9/site-packages/airflow/example_dags/example_xcomargs.py
[2026-07-15T16:43:39.105+0200] {logging_mixin.py:151} INFO - [2026-07-15T16:43:39.105+0200] {dag.py:2941} INFO - Sync 2 DAGs
[2026-07-15T16:43:39.115+0200] {logging_mixin.py:151} INFO - [2026-07-15T16:43:39.115+0200] {dag.py:3722} INFO - Setting next_dagrun for example_xcom_args to None, run_after=None
[2026-07-15T16:43:39.117+0200] {logging_mixin.py:151} INFO - [2026-07-15T16:43:39.117+0200] {dag.py:3722} INFO - Setting next_dagrun for example_xcom_args_with_operators to None, run_after=None
[2026-07-15T16:43:42.068+0200] {processor.py:179} INFO - Processing /home/ai/.local/lib/python3.9/site-packages/airflow/example_dags/example_xcomargs.py took 2.995 seconds
[2026-07-15T16:44:22.449+0200] {processor.py:157} INFO - Started process (PID=3436359) to work on /home/ai/.local/lib/python3.9/site-packages/airflow/example_dags/example_xcomargs.py
[2026-07-15T16:44:22.451+0200] {processor.py:829} INFO - Processing file /home/ai/.local/lib/python3.9/site-packages/airflow/example_dags/example_xcomargs.py for tasks to queue
[2026-07-15T16:44:22.452+0200] {logging_mixin.py:151} INFO - [2026-07-15T16:44:22.451+0200] {dagbag.py:536} INFO - Filling up the DagBag from /home/ai/.local/lib/python3.9/site-packages/airflow/example_dags/example_xcomargs.py
[2026-07-15T16:44:22.462+0200] {processor.py:839} INFO - DAG(s) dict_keys(['example_xcom_args', 'example_xcom_args_with_operators']) retrieved from /home/ai/.local/lib/python3.9/site-packages/airflow/example_dags/example_xcomargs.py
[2026-07-15T16:44:22.481+0200] {logging_mixin.py:151} INFO - [2026-07-15T16:44:22.481+0200] {dag.py:2941} INFO - Sync 2 DAGs
[2026-07-15T16:44:22.491+0200] {logging_mixin.py:151} INFO - [2026-07-15T16:44:22.491+0200] {dag.py:3722} INFO - Setting next_dagrun for example_xcom_args to None, run_after=None
[2026-07-15T16:44:22.494+0200] {logging_mixin.py:151} INFO - [2026-07-15T16:44:22.494+0200] {dag.py:3722} INFO - Setting next_dagrun for example_xcom_args_with_operators to None, run_after=None
[2026-07-15T16:44:23.960+0200] {processor.py:179} INFO - Processing /home/ai/.local/lib/python3.9/site-packages/airflow/example_dags/example_xcomargs.py took 1.515 seconds
[2026-07-15T16:45:10.879+0200] {processor.py:157} INFO - Started process (PID=3437186) to work on /home/ai/.local/lib/python3.9/site-packages/airflow/example_dags/example_xcomargs.py
[2026-07-15T16:45:10.880+0200] {processor.py:829} INFO - Processing file /home/ai/.local/lib/python3.9/site-packages/airflow/example_dags/example_xcomargs.py for tasks to queue
[2026-07-15T16:45:10.881+0200] {logging_mixin.py:151} INFO - [2026-07-15T16:45:10.881+0200] {dagbag.py:536} INFO - Filling up the DagBag from /home/ai/.local/lib/python3.9/site-packages/airflow/example_dags/example_xcomargs.py
[2026-07-15T16:45:10.890+0200] {processor.py:839} INFO - DAG(s) dict_keys(['example_xcom_args', 'example_xcom_args_with_operators']) retrieved from /home/ai/.local/lib/python3.9/site-packages/airflow/example_dags/example_xcomargs.py
[2026-07-15T16:45:10.908+0200] {logging_mixin.py:151} INFO - [2026-07-15T16:45:10.908+0200] {dag.py:2941} INFO - Sync 2 DAGs
[2026-07-15T16:45:10.919+0200] {logging_mixin.py:151} INFO - [2026-07-15T16:45:10.919+0200] {dag.py:3722} INFO - Setting next_dagrun for example_xcom_args to None, run_after=None
[2026-07-15T16:45:10.922+0200] {logging_mixin.py:151} INFO - [2026-07-15T16:45:10.922+0200] {dag.py:3722} INFO - Setting next_dagrun for example_xcom_args_with_operators to None, run_after=None
[2026-07-15T16:45:14.699+0200] {processor.py:179} INFO - Processing /home/ai/.local/lib/python3.9/site-packages/airflow/example_dags/example_xcomargs.py took 3.828 seconds
[2026-07-15T16:46:13.220+0200] {processor.py:157} INFO - Started process (PID=3438263) to work on /home/ai/.local/lib/python3.9/site-packages/airflow/example_dags/example_xcomargs.py
[2026-07-15T16:46:13.221+0200] {processor.py:829} INFO - Processing file /home/ai/.local/lib/python3.9/site-packages/airflow/example_dags/example_xcomargs.py for tasks to queue
[2026-07-15T16:46:13.222+0200] {logging_mixin.py:151} INFO - [2026-07-15T16:46:13.222+0200] {dagbag.py:536} INFO - Filling up the DagBag from /home/ai/.local/lib/python3.9/site-packages/airflow/example_dags/example_xcomargs.py
[2026-07-15T16:46:13.232+0200] {processor.py:839} INFO - DAG(s) dict_keys(['example_xcom_args', 'example_xcom_args_with_operators']) retrieved from /home/ai/.local/lib/python3.9/site-packages/airflow/example_dags/example_xcomargs.py
[2026-07-15T16:46:13.257+0200] {logging_mixin.py:151} INFO - [2026-07-15T16:46:13.257+0200] {dag.py:2941} INFO - Sync 2 DAGs
[2026-07-15T16:46:13.268+0200] {logging_mixin.py:151} INFO - [2026-07-15T16:46:13.268+0200] {dag.py:3722} INFO - Setting next_dagrun for example_xcom_args to None, run_after=None
[2026-07-15T16:46:13.271+0200] {logging_mixin.py:151} INFO - [2026-07-15T16:46:13.271+0200] {dag.py:3722} INFO - Setting next_dagrun for example_xcom_args_with_operators to None, run_after=None
[2026-07-15T16:46:13.288+0200] {processor.py:179} INFO - Processing /home/ai/.local/lib/python3.9/site-packages/airflow/example_dags/example_xcomargs.py took 0.072 seconds
[2026-07-15T16:47:11.371+0200] {processor.py:157} INFO - Started process (PID=3439294) to work on /home/ai/.local/lib/python3.9/site-packages/airflow/example_dags/example_xcomargs.py
[2026-07-15T16:47:11.372+0200] {processor.py:829} INFO - Processing file /home/ai/.local/lib/python3.9/site-packages/airflow/example_dags/example_xcomargs.py for tasks to queue
[2026-07-15T16:47:11.373+0200] {logging_mixin.py:151} INFO - [2026-07-15T16:47:11.373+0200] {dagbag.py:536} INFO - Filling up the DagBag from /home/ai/.local/lib/python3.9/site-packages/airflow/example_dags/example_xcomargs.py
[2026-07-15T16:47:11.381+0200] {processor.py:839} INFO - DAG(s) dict_keys(['example_xcom_args', 'example_xcom_args_with_operators']) retrieved from /home/ai/.local/lib/python3.9/site-packages/airflow/example_dags/example_xcomargs.py
[2026-07-15T16:47:11.398+0200] {logging_mixin.py:151} INFO - [2026-07-15T16:47:11.398+0200] {dag.py:2941} INFO - Sync 2 DAGs
[2026-07-15T16:47:11.408+0200] {logging_mixin.py:151} INFO - [2026-07-15T16:47:11.408+0200] {dag.py:3722} INFO - Setting next_dagrun for example_xcom_args to None, run_after=None
[2026-07-15T16:47:11.410+0200] {logging_mixin.py:151} INFO - [2026-07-15T16:47:11.410+0200] {dag.py:3722} INFO - Setting next_dagrun for example_xcom_args_with_operators to None, run_after=None
[2026-07-15T16:47:11.428+0200] {processor.py:179} INFO - Processing /home/ai/.local/lib/python3.9/site-packages/airflow/example_dags/example_xcomargs.py took 0.063 seconds
[2026-07-15T16:48:06.917+0200] {processor.py:157} INFO - Started process (PID=3440273) to work on /home/ai/.local/lib/python3.9/site-packages/airflow/example_dags/example_xcomargs.py
[2026-07-15T16:48:06.919+0200] {processor.py:829} INFO - Processing file /home/ai/.local/lib/python3.9/site-packages/airflow/example_dags/example_xcomargs.py for tasks to queue
[2026-07-15T16:48:06.920+0200] {logging_mixin.py:151} INFO - [2026-07-15T16:48:06.919+0200] {dagbag.py:536} INFO - Filling up the DagBag from /home/ai/.local/lib/python3.9/site-packages/airflow/example_dags/example_xcomargs.py
[2026-07-15T16:48:06.929+0200] {processor.py:839} INFO - DAG(s) dict_keys(['example_xcom_args', 'example_xcom_args_with_operators']) retrieved from /home/ai/.local/lib/python3.9/site-packages/airflow/example_dags/example_xcomargs.py
[2026-07-15T16:48:06.951+0200] {logging_mixin.py:151} INFO - [2026-07-15T16:48:06.951+0200] {dag.py:2941} INFO - Sync 2 DAGs
[2026-07-15T16:48:06.964+0200] {logging_mixin.py:151} INFO - [2026-07-15T16:48:06.964+0200] {dag.py:3722} INFO - Setting next_dagrun for example_xcom_args to None, run_after=None
[2026-07-15T16:48:06.968+0200] {logging_mixin.py:151} INFO - [2026-07-15T16:48:06.967+0200] {dag.py:3722} INFO - Setting next_dagrun for example_xcom_args_with_operators to None, run_after=None
[2026-07-15T16:48:06.994+0200] {processor.py:179} INFO - Processing /home/ai/.local/lib/python3.9/site-packages/airflow/example_dags/example_xcomargs.py took 0.081 seconds
[2026-07-15T16:49:05.548+0200] {processor.py:157} INFO - Started process (PID=3441292) to work on /home/ai/.local/lib/python3.9/site-packages/airflow/example_dags/example_xcomargs.py
[2026-07-15T16:49:05.550+0200] {processor.py:829} INFO - Processing file /home/ai/.local/lib/python3.9/site-packages/airflow/example_dags/example_xcomargs.py for tasks to queue
[2026-07-15T16:49:05.551+0200] {logging_mixin.py:151} INFO - [2026-07-15T16:49:05.550+0200] {dagbag.py:536} INFO - Filling up the DagBag from /home/ai/.local/lib/python3.9/site-packages/airflow/example_dags/example_xcomargs.py
[2026-07-15T16:49:05.561+0200] {processor.py:839} INFO - DAG(s) dict_keys(['example_xcom_args', 'example_xcom_args_with_operators']) retrieved from /home/ai/.local/lib/python3.9/site-packages/airflow/example_dags/example_xcomargs.py
[2026-07-15T16:49:05.581+0200] {logging_mixin.py:151} INFO - [2026-07-15T16:49:05.580+0200] {dag.py:2941} INFO - Sync 2 DAGs
[2026-07-15T16:49:05.593+0200] {logging_mixin.py:151} INFO - [2026-07-15T16:49:05.592+0200] {dag.py:3722} INFO - Setting next_dagrun for example_xcom_args to None, run_after=None
[2026-07-15T16:49:05.595+0200] {logging_mixin.py:151} INFO - [2026-07-15T16:49:05.595+0200] {dag.py:3722} INFO - Setting next_dagrun for example_xcom_args_with_operators to None, run_after=None
[2026-07-15T16:49:05.694+0200] {processor.py:179} INFO - Processing /home/ai/.local/lib/python3.9/site-packages/airflow/example_dags/example_xcomargs.py took 0.150 seconds
[2026-07-15T16:50:05.144+0200] {processor.py:157} INFO - Started process (PID=3442258) to work on /home/ai/.local/lib/python3.9/site-packages/airflow/example_dags/example_xcomargs.py
[2026-07-15T16:50:05.145+0200] {processor.py:829} INFO - Processing file /home/ai/.local/lib/python3.9/site-packages/airflow/example_dags/example_xcomargs.py for tasks to queue
[2026-07-15T16:50:05.146+0200] {logging_mixin.py:151} INFO - [2026-07-15T16:50:05.146+0200] {dagbag.py:536} INFO - Filling up the DagBag from /home/ai/.local/lib/python3.9/site-packages/airflow/example_dags/example_xcomargs.py
[2026-07-15T16:50:05.156+0200] {processor.py:839} INFO - DAG(s) dict_keys(['example_xcom_args', 'example_xcom_args_with_operators']) retrieved from /home/ai/.local/lib/python3.9/site-packages/airflow/example_dags/example_xcomargs.py
[2026-07-15T16:50:05.173+0200] {logging_mixin.py:151} INFO - [2026-07-15T16:50:05.173+0200] {dag.py:2941} INFO - Sync 2 DAGs
[2026-07-15T16:50:05.184+0200] {logging_mixin.py:151} INFO - [2026-07-15T16:50:05.183+0200] {dag.py:3722} INFO - Setting next_dagrun for example_xcom_args to None, run_after=None
[2026-07-15T16:50:05.186+0200] {logging_mixin.py:151} INFO - [2026-07-15T16:50:05.186+0200] {dag.py:3722} INFO - Setting next_dagrun for example_xcom_args_with_operators to None, run_after=None
[2026-07-15T16:50:06.048+0200] {processor.py:179} INFO - Processing /home/ai/.local/lib/python3.9/site-packages/airflow/example_dags/example_xcomargs.py took 0.910 seconds
[2026-07-15T16:51:00.571+0200] {processor.py:157} INFO - Started process (PID=3443247) to work on /home/ai/.local/lib/python3.9/site-packages/airflow/example_dags/example_xcomargs.py
[2026-07-15T16:51:00.572+0200] {processor.py:829} INFO - Processing file /home/ai/.local/lib/python3.9/site-packages/airflow/example_dags/example_xcomargs.py for tasks to queue
[2026-07-15T16:51:00.573+0200] {logging_mixin.py:151} INFO - [2026-07-15T16:51:00.573+0200] {dagbag.py:536} INFO - Filling up the DagBag from /home/ai/.local/lib/python3.9/site-packages/airflow/example_dags/example_xcomargs.py
[2026-07-15T16:51:00.581+0200] {processor.py:839} INFO - DAG(s) dict_keys(['example_xcom_args', 'example_xcom_args_with_operators']) retrieved from /home/ai/.local/lib/python3.9/site-packages/airflow/example_dags/example_xcomargs.py
[2026-07-15T16:51:00.599+0200] {logging_mixin.py:151} INFO - [2026-07-15T16:51:00.599+0200] {dag.py:2941} INFO - Sync 2 DAGs
[2026-07-15T16:51:00.611+0200] {logging_mixin.py:151} INFO - [2026-07-15T16:51:00.610+0200] {dag.py:3722} INFO - Setting next_dagrun for example_xcom_args to None, run_after=None
[2026-07-15T16:51:00.613+0200] {logging_mixin.py:151} INFO - [2026-07-15T16:51:00.613+0200] {dag.py:3722} INFO - Setting next_dagrun for example_xcom_args_with_operators to None, run_after=None
[2026-07-15T16:51:01.490+0200] {processor.py:179} INFO - Processing /home/ai/.local/lib/python3.9/site-packages/airflow/example_dags/example_xcomargs.py took 0.923 seconds
[2026-07-15T16:51:59.586+0200] {processor.py:157} INFO - Started process (PID=3444186) to work on /home/ai/.local/lib/python3.9/site-packages/airflow/example_dags/example_xcomargs.py
[2026-07-15T16:51:59.588+0200] {processor.py:829} INFO - Processing file /home/ai/.local/lib/python3.9/site-packages/airflow/example_dags/example_xcomargs.py for tasks to queue
[2026-07-15T16:51:59.589+0200] {logging_mixin.py:151} INFO - [2026-07-15T16:51:59.589+0200] {dagbag.py:536} INFO - Filling up the DagBag from /home/ai/.local/lib/python3.9/site-packages/airflow/example_dags/example_xcomargs.py
[2026-07-15T16:51:59.599+0200] {processor.py:839} INFO - DAG(s) dict_keys(['example_xcom_args', 'example_xcom_args_with_operators']) retrieved from /home/ai/.local/lib/python3.9/site-packages/airflow/example_dags/example_xcomargs.py
[2026-07-15T16:51:59.627+0200] {logging_mixin.py:151} INFO - [2026-07-15T16:51:59.627+0200] {dag.py:2941} INFO - Sync 2 DAGs
[2026-07-15T16:51:59.638+0200] {logging_mixin.py:151} INFO - [2026-07-15T16:51:59.638+0200] {dag.py:3722} INFO - Setting next_dagrun for example_xcom_args to None, run_after=None
[2026-07-15T16:51:59.641+0200] {logging_mixin.py:151} INFO - [2026-07-15T16:51:59.641+0200] {dag.py:3722} INFO - Setting next_dagrun for example_xcom_args_with_operators to None, run_after=None
[2026-07-15T16:51:59.686+0200] {processor.py:179} INFO - Processing /home/ai/.local/lib/python3.9/site-packages/airflow/example_dags/example_xcomargs.py took 0.104 seconds
[2026-07-15T16:53:04.155+0200] {processor.py:157} INFO - Started process (PID=3445332) to work on /home/ai/.local/lib/python3.9/site-packages/airflow/example_dags/example_xcomargs.py
[2026-07-15T16:53:06.523+0200] {processor.py:829} INFO - Processing file /home/ai/.local/lib/python3.9/site-packages/airflow/example_dags/example_xcomargs.py for tasks to queue
[2026-07-15T16:53:06.525+0200] {logging_mixin.py:151} INFO - [2026-07-15T16:53:06.524+0200] {dagbag.py:536} INFO - Filling up the DagBag from /home/ai/.local/lib/python3.9/site-packages/airflow/example_dags/example_xcomargs.py
[2026-07-15T16:53:06.537+0200] {processor.py:839} INFO - DAG(s) dict_keys(['example_xcom_args_with_operators', 'example_xcom_args']) retrieved from /home/ai/.local/lib/python3.9/site-packages/airflow/example_dags/example_xcomargs.py
[2026-07-15T16:53:06.554+0200] {logging_mixin.py:151} INFO - [2026-07-15T16:53:06.554+0200] {dag.py:2941} INFO - Sync 2 DAGs
[2026-07-15T16:53:06.565+0200] {logging_mixin.py:151} INFO - [2026-07-15T16:53:06.565+0200] {dag.py:3722} INFO - Setting next_dagrun for example_xcom_args to None, run_after=None
[2026-07-15T16:53:06.568+0200] {logging_mixin.py:151} INFO - [2026-07-15T16:53:06.567+0200] {dag.py:3722} INFO - Setting next_dagrun for example_xcom_args_with_operators to None, run_after=None
[2026-07-15T16:53:06.790+0200] {processor.py:179} INFO - Processing /home/ai/.local/lib/python3.9/site-packages/airflow/example_dags/example_xcomargs.py took 2.639 seconds
[2026-07-15T16:54:12.952+0200] {processor.py:157} INFO - Started process (PID=3446421) to work on /home/ai/.local/lib/python3.9/site-packages/airflow/example_dags/example_xcomargs.py
[2026-07-15T16:54:12.954+0200] {processor.py:829} INFO - Processing file /home/ai/.local/lib/python3.9/site-packages/airflow/example_dags/example_xcomargs.py for tasks to queue
[2026-07-15T16:54:12.955+0200] {logging_mixin.py:151} INFO - [2026-07-15T16:54:12.954+0200] {dagbag.py:536} INFO - Filling up the DagBag from /home/ai/.local/lib/python3.9/site-packages/airflow/example_dags/example_xcomargs.py
[2026-07-15T16:54:12.964+0200] {processor.py:839} INFO - DAG(s) dict_keys(['example_xcom_args', 'example_xcom_args_with_operators']) retrieved from /home/ai/.local/lib/python3.9/site-packages/airflow/example_dags/example_xcomargs.py
[2026-07-15T16:54:12.982+0200] {logging_mixin.py:151} INFO - [2026-07-15T16:54:12.982+0200] {dag.py:2941} INFO - Sync 2 DAGs
[2026-07-15T16:54:12.993+0200] {logging_mixin.py:151} INFO - [2026-07-15T16:54:12.992+0200] {dag.py:3722} INFO - Setting next_dagrun for example_xcom_args to None, run_after=None
[2026-07-15T16:54:12.995+0200] {logging_mixin.py:151} INFO - [2026-07-15T16:54:12.995+0200] {dag.py:3722} INFO - Setting next_dagrun for example_xcom_args_with_operators to None, run_after=None
[2026-07-15T16:54:13.038+0200] {processor.py:179} INFO - Processing /home/ai/.local/lib/python3.9/site-packages/airflow/example_dags/example_xcomargs.py took 0.091 seconds
[2026-07-15T16:55:17.093+0200] {processor.py:157} INFO - Started process (PID=3447504) to work on /home/ai/.local/lib/python3.9/site-packages/airflow/example_dags/example_xcomargs.py
[2026-07-15T16:55:17.159+0200] {processor.py:829} INFO - Processing file /home/ai/.local/lib/python3.9/site-packages/airflow/example_dags/example_xcomargs.py for tasks to queue
[2026-07-15T16:55:17.161+0200] {logging_mixin.py:151} INFO - [2026-07-15T16:55:17.160+0200] {dagbag.py:536} INFO - Filling up the DagBag from /home/ai/.local/lib/python3.9/site-packages/airflow/example_dags/example_xcomargs.py
[2026-07-15T16:55:17.177+0200] {processor.py:839} INFO - DAG(s) dict_keys(['example_xcom_args_with_operators', 'example_xcom_args']) retrieved from /home/ai/.local/lib/python3.9/site-packages/airflow/example_dags/example_xcomargs.py
[2026-07-15T16:55:17.196+0200] {logging_mixin.py:151} INFO - [2026-07-15T16:55:17.196+0200] {dag.py:2941} INFO - Sync 2 DAGs
[2026-07-15T16:55:17.207+0200] {logging_mixin.py:151} INFO - [2026-07-15T16:55:17.207+0200] {dag.py:3722} INFO - Setting next_dagrun for example_xcom_args to None, run_after=None
[2026-07-15T16:55:17.210+0200] {logging_mixin.py:151} INFO - [2026-07-15T16:55:17.210+0200] {dag.py:3722} INFO - Setting next_dagrun for example_xcom_args_with_operators to None, run_after=None
[2026-07-15T16:55:20.379+0200] {processor.py:179} INFO - Processing /home/ai/.local/lib/python3.9/site-packages/airflow/example_dags/example_xcomargs.py took 3.289 seconds
[2026-07-15T16:56:19.064+0200] {processor.py:157} INFO - Started process (PID=3448531) to work on /home/ai/.local/lib/python3.9/site-packages/airflow/example_dags/example_xcomargs.py
[2026-07-15T16:56:19.065+0200] {processor.py:829} INFO - Processing file /home/ai/.local/lib/python3.9/site-packages/airflow/example_dags/example_xcomargs.py for tasks to queue
[2026-07-15T16:56:19.066+0200] {logging_mixin.py:151} INFO - [2026-07-15T16:56:19.065+0200] {dagbag.py:536} INFO - Filling up the DagBag from /home/ai/.local/lib/python3.9/site-packages/airflow/example_dags/example_xcomargs.py
[2026-07-15T16:56:19.074+0200] {processor.py:839} INFO - DAG(s) dict_keys(['example_xcom_args', 'example_xcom_args_with_operators']) retrieved from /home/ai/.local/lib/python3.9/site-packages/airflow/example_dags/example_xcomargs.py
[2026-07-15T16:56:19.090+0200] {logging_mixin.py:151} INFO - [2026-07-15T16:56:19.090+0200] {dag.py:2941} INFO - Sync 2 DAGs
[2026-07-15T16:56:19.100+0200] {logging_mixin.py:151} INFO - [2026-07-15T16:56:19.100+0200] {dag.py:3722} INFO - Setting next_dagrun for example_xcom_args to None, run_after=None
[2026-07-15T16:56:19.102+0200] {logging_mixin.py:151} INFO - [2026-07-15T16:56:19.102+0200] {dag.py:3722} INFO - Setting next_dagrun for example_xcom_args_with_operators to None, run_after=None
[2026-07-15T16:56:19.662+0200] {processor.py:179} INFO - Processing /home/ai/.local/lib/python3.9/site-packages/airflow/example_dags/example_xcomargs.py took 0.605 seconds
[2026-07-15T16:57:31.709+0200] {processor.py:157} INFO - Started process (PID=3449833) to work on /home/ai/.local/lib/python3.9/site-packages/airflow/example_dags/example_xcomargs.py
[2026-07-15T16:57:31.710+0200] {processor.py:829} INFO - Processing file /home/ai/.local/lib/python3.9/site-packages/airflow/example_dags/example_xcomargs.py for tasks to queue
[2026-07-15T16:57:31.711+0200] {logging_mixin.py:151} INFO - [2026-07-15T16:57:31.710+0200] {dagbag.py:536} INFO - Filling up the DagBag from /home/ai/.local/lib/python3.9/site-packages/airflow/example_dags/example_xcomargs.py
[2026-07-15T16:57:31.719+0200] {processor.py:839} INFO - DAG(s) dict_keys(['example_xcom_args', 'example_xcom_args_with_operators']) retrieved from /home/ai/.local/lib/python3.9/site-packages/airflow/example_dags/example_xcomargs.py
[2026-07-15T16:57:31.737+0200] {logging_mixin.py:151} INFO - [2026-07-15T16:57:31.737+0200] {dag.py:2941} INFO - Sync 2 DAGs
[2026-07-15T16:57:31.748+0200] {logging_mixin.py:151} INFO - [2026-07-15T16:57:31.748+0200] {dag.py:3722} INFO - Setting next_dagrun for example_xcom_args to None, run_after=None
[2026-07-15T16:57:31.751+0200] {logging_mixin.py:151} INFO - [2026-07-15T16:57:31.751+0200] {dag.py:3722} INFO - Setting next_dagrun for example_xcom_args_with_operators to None, run_after=None
[2026-07-15T16:57:31.768+0200] {processor.py:179} INFO - Processing /home/ai/.local/lib/python3.9/site-packages/airflow/example_dags/example_xcomargs.py took 0.065 seconds
[2026-07-15T16:58:53.231+0200] {processor.py:157} INFO - Started process (PID=3451334) to work on /home/ai/.local/lib/python3.9/site-packages/airflow/example_dags/example_xcomargs.py
[2026-07-15T16:58:53.232+0200] {processor.py:829} INFO - Processing file /home/ai/.local/lib/python3.9/site-packages/airflow/example_dags/example_xcomargs.py for tasks to queue
[2026-07-15T16:58:53.234+0200] {logging_mixin.py:151} INFO - [2026-07-15T16:58:53.233+0200] {dagbag.py:536} INFO - Filling up the DagBag from /home/ai/.local/lib/python3.9/site-packages/airflow/example_dags/example_xcomargs.py
[2026-07-15T16:58:53.244+0200] {processor.py:839} INFO - DAG(s) dict_keys(['example_xcom_args', 'example_xcom_args_with_operators']) retrieved from /home/ai/.local/lib/python3.9/site-packages/airflow/example_dags/example_xcomargs.py
[2026-07-15T16:58:53.270+0200] {logging_mixin.py:151} INFO - [2026-07-15T16:58:53.270+0200] {dag.py:2941} INFO - Sync 2 DAGs
[2026-07-15T16:58:53.281+0200] {logging_mixin.py:151} INFO - [2026-07-15T16:58:53.281+0200] {dag.py:3722} INFO - Setting next_dagrun for example_xcom_args to None, run_after=None
[2026-07-15T16:58:53.283+0200] {logging_mixin.py:151} INFO - [2026-07-15T16:58:53.283+0200] {dag.py:3722} INFO - Setting next_dagrun for example_xcom_args_with_operators to None, run_after=None
[2026-07-15T16:58:53.530+0200] {processor.py:179} INFO - Processing /home/ai/.local/lib/python3.9/site-packages/airflow/example_dags/example_xcomargs.py took 0.303 seconds
[2026-07-15T17:00:41.214+0200] {processor.py:157} INFO - Started process (PID=3453226) to work on /home/ai/.local/lib/python3.9/site-packages/airflow/example_dags/example_xcomargs.py
[2026-07-15T17:00:41.216+0200] {processor.py:829} INFO - Processing file /home/ai/.local/lib/python3.9/site-packages/airflow/example_dags/example_xcomargs.py for tasks to queue
[2026-07-15T17:00:41.217+0200] {logging_mixin.py:151} INFO - [2026-07-15T17:00:41.216+0200] {dagbag.py:536} INFO - Filling up the DagBag from /home/ai/.local/lib/python3.9/site-packages/airflow/example_dags/example_xcomargs.py
[2026-07-15T17:00:41.225+0200] {processor.py:839} INFO - DAG(s) dict_keys(['example_xcom_args', 'example_xcom_args_with_operators']) retrieved from /home/ai/.local/lib/python3.9/site-packages/airflow/example_dags/example_xcomargs.py
[2026-07-15T17:00:41.242+0200] {logging_mixin.py:151} INFO - [2026-07-15T17:00:41.242+0200] {dag.py:2941} INFO - Sync 2 DAGs
[2026-07-15T17:00:41.253+0200] {logging_mixin.py:151} INFO - [2026-07-15T17:00:41.252+0200] {dag.py:3722} INFO - Setting next_dagrun for example_xcom_args to None, run_after=None
[2026-07-15T17:00:41.255+0200] {logging_mixin.py:151} INFO - [2026-07-15T17:00:41.255+0200] {dag.py:3722} INFO - Setting next_dagrun for example_xcom_args_with_operators to None, run_after=None
[2026-07-15T17:00:41.752+0200] {processor.py:179} INFO - Processing /home/ai/.local/lib/python3.9/site-packages/airflow/example_dags/example_xcomargs.py took 0.541 seconds
[2026-07-15T17:02:41.661+0200] {processor.py:157} INFO - Started process (PID=3455309) to work on /home/ai/.local/lib/python3.9/site-packages/airflow/example_dags/example_xcomargs.py
[2026-07-15T17:02:42.367+0200] {processor.py:829} INFO - Processing file /home/ai/.local/lib/python3.9/site-packages/airflow/example_dags/example_xcomargs.py for tasks to queue
[2026-07-15T17:02:42.370+0200] {logging_mixin.py:151} INFO - [2026-07-15T17:02:42.368+0200] {dagbag.py:536} INFO - Filling up the DagBag from /home/ai/.local/lib/python3.9/site-packages/airflow/example_dags/example_xcomargs.py
[2026-07-15T17:02:42.385+0200] {processor.py:839} INFO - DAG(s) dict_keys(['example_xcom_args', 'example_xcom_args_with_operators']) retrieved from /home/ai/.local/lib/python3.9/site-packages/airflow/example_dags/example_xcomargs.py
[2026-07-15T17:02:42.406+0200] {logging_mixin.py:151} INFO - [2026-07-15T17:02:42.406+0200] {dag.py:2941} INFO - Sync 2 DAGs
[2026-07-15T17:02:42.418+0200] {logging_mixin.py:151} INFO - [2026-07-15T17:02:42.417+0200] {dag.py:3722} INFO - Setting next_dagrun for example_xcom_args to None, run_after=None
[2026-07-15T17:02:42.421+0200] {logging_mixin.py:151} INFO - [2026-07-15T17:02:42.421+0200] {dag.py:3722} INFO - Setting next_dagrun for example_xcom_args_with_operators to None, run_after=None
[2026-07-15T17:02:44.672+0200] {processor.py:179} INFO - Processing /home/ai/.local/lib/python3.9/site-packages/airflow/example_dags/example_xcomargs.py took 3.016 seconds
[2026-07-15T17:04:07.188+0200] {processor.py:157} INFO - Started process (PID=3456797) to work on /home/ai/.local/lib/python3.9/site-packages/airflow/example_dags/example_xcomargs.py
[2026-07-15T17:04:07.189+0200] {processor.py:829} INFO - Processing file /home/ai/.local/lib/python3.9/site-packages/airflow/example_dags/example_xcomargs.py for tasks to queue
[2026-07-15T17:04:07.190+0200] {logging_mixin.py:151} INFO - [2026-07-15T17:04:07.190+0200] {dagbag.py:536} INFO - Filling up the DagBag from /home/ai/.local/lib/python3.9/site-packages/airflow/example_dags/example_xcomargs.py
[2026-07-15T17:04:07.198+0200] {processor.py:839} INFO - DAG(s) dict_keys(['example_xcom_args_with_operators', 'example_xcom_args']) retrieved from /home/ai/.local/lib/python3.9/site-packages/airflow/example_dags/example_xcomargs.py
[2026-07-15T17:04:07.216+0200] {logging_mixin.py:151} INFO - [2026-07-15T17:04:07.216+0200] {dag.py:2941} INFO - Sync 2 DAGs
[2026-07-15T17:04:07.226+0200] {logging_mixin.py:151} INFO - [2026-07-15T17:04:07.226+0200] {dag.py:3722} INFO - Setting next_dagrun for example_xcom_args to None, run_after=None
[2026-07-15T17:04:07.229+0200] {logging_mixin.py:151} INFO - [2026-07-15T17:04:07.228+0200] {dag.py:3722} INFO - Setting next_dagrun for example_xcom_args_with_operators to None, run_after=None
[2026-07-15T17:04:08.102+0200] {processor.py:179} INFO - Processing /home/ai/.local/lib/python3.9/site-packages/airflow/example_dags/example_xcomargs.py took 0.919 seconds
[2026-07-15T17:05:12.432+0200] {processor.py:157} INFO - Started process (PID=3457828) to work on /home/ai/.local/lib/python3.9/site-packages/airflow/example_dags/example_xcomargs.py
[2026-07-15T17:05:12.502+0200] {processor.py:829} INFO - Processing file /home/ai/.local/lib/python3.9/site-packages/airflow/example_dags/example_xcomargs.py for tasks to queue
[2026-07-15T17:05:12.504+0200] {logging_mixin.py:151} INFO - [2026-07-15T17:05:12.503+0200] {dagbag.py:536} INFO - Filling up the DagBag from /home/ai/.local/lib/python3.9/site-packages/airflow/example_dags/example_xcomargs.py
[2026-07-15T17:05:12.519+0200] {processor.py:839} INFO - DAG(s) dict_keys(['example_xcom_args_with_operators', 'example_xcom_args']) retrieved from /home/ai/.local/lib/python3.9/site-packages/airflow/example_dags/example_xcomargs.py
[2026-07-15T17:05:12.539+0200] {logging_mixin.py:151} INFO - [2026-07-15T17:05:12.539+0200] {dag.py:2941} INFO - Sync 2 DAGs
[2026-07-15T17:05:12.550+0200] {logging_mixin.py:151} INFO - [2026-07-15T17:05:12.550+0200] {dag.py:3722} INFO - Setting next_dagrun for example_xcom_args to None, run_after=None
[2026-07-15T17:05:12.552+0200] {logging_mixin.py:151} INFO - [2026-07-15T17:05:12.552+0200] {dag.py:3722} INFO - Setting next_dagrun for example_xcom_args_with_operators to None, run_after=None
[2026-07-15T17:05:12.616+0200] {processor.py:179} INFO - Processing /home/ai/.local/lib/python3.9/site-packages/airflow/example_dags/example_xcomargs.py took 0.189 seconds
[2026-07-15T17:06:13.892+0200] {processor.py:157} INFO - Started process (PID=3458834) to work on /home/ai/.local/lib/python3.9/site-packages/airflow/example_dags/example_xcomargs.py
[2026-07-15T17:06:15.403+0200] {processor.py:829} INFO - Processing file /home/ai/.local/lib/python3.9/site-packages/airflow/example_dags/example_xcomargs.py for tasks to queue
[2026-07-15T17:06:15.405+0200] {logging_mixin.py:151} INFO - [2026-07-15T17:06:15.404+0200] {dagbag.py:536} INFO - Filling up the DagBag from /home/ai/.local/lib/python3.9/site-packages/airflow/example_dags/example_xcomargs.py
[2026-07-15T17:06:15.423+0200] {processor.py:839} INFO - DAG(s) dict_keys(['example_xcom_args', 'example_xcom_args_with_operators']) retrieved from /home/ai/.local/lib/python3.9/site-packages/airflow/example_dags/example_xcomargs.py
[2026-07-15T17:06:15.446+0200] {logging_mixin.py:151} INFO - [2026-07-15T17:06:15.445+0200] {dag.py:2941} INFO - Sync 2 DAGs
[2026-07-15T17:06:15.457+0200] {logging_mixin.py:151} INFO - [2026-07-15T17:06:15.457+0200] {dag.py:3722} INFO - Setting next_dagrun for example_xcom_args to None, run_after=None
[2026-07-15T17:06:15.460+0200] {logging_mixin.py:151} INFO - [2026-07-15T17:06:15.460+0200] {dag.py:3722} INFO - Setting next_dagrun for example_xcom_args_with_operators to None, run_after=None
[2026-07-15T17:06:15.818+0200] {processor.py:179} INFO - Processing /home/ai/.local/lib/python3.9/site-packages/airflow/example_dags/example_xcomargs.py took 1.930 seconds
[2026-07-15T17:07:24.756+0200] {processor.py:157} INFO - Started process (PID=3460105) to work on /home/ai/.local/lib/python3.9/site-packages/airflow/example_dags/example_xcomargs.py
[2026-07-15T17:07:24.787+0200] {processor.py:829} INFO - Processing file /home/ai/.local/lib/python3.9/site-packages/airflow/example_dags/example_xcomargs.py for tasks to queue
[2026-07-15T17:07:24.789+0200] {logging_mixin.py:151} INFO - [2026-07-15T17:07:24.788+0200] {dagbag.py:536} INFO - Filling up the DagBag from /home/ai/.local/lib/python3.9/site-packages/airflow/example_dags/example_xcomargs.py
[2026-07-15T17:07:24.800+0200] {processor.py:839} INFO - DAG(s) dict_keys(['example_xcom_args', 'example_xcom_args_with_operators']) retrieved from /home/ai/.local/lib/python3.9/site-packages/airflow/example_dags/example_xcomargs.py
[2026-07-15T17:07:24.817+0200] {logging_mixin.py:151} INFO - [2026-07-15T17:07:24.817+0200] {dag.py:2941} INFO - Sync 2 DAGs
[2026-07-15T17:07:24.827+0200] {logging_mixin.py:151} INFO - [2026-07-15T17:07:24.827+0200] {dag.py:3722} INFO - Setting next_dagrun for example_xcom_args to None, run_after=None
[2026-07-15T17:07:24.829+0200] {logging_mixin.py:151} INFO - [2026-07-15T17:07:24.829+0200] {dag.py:3722} INFO - Setting next_dagrun for example_xcom_args_with_operators to None, run_after=None
[2026-07-15T17:07:24.845+0200] {processor.py:179} INFO - Processing /home/ai/.local/lib/python3.9/site-packages/airflow/example_dags/example_xcomargs.py took 0.093 seconds
[2026-07-15T17:08:56.186+0200] {processor.py:157} INFO - Started process (PID=3461708) to work on /home/ai/.local/lib/python3.9/site-packages/airflow/example_dags/example_xcomargs.py
[2026-07-15T17:08:56.187+0200] {processor.py:829} INFO - Processing file /home/ai/.local/lib/python3.9/site-packages/airflow/example_dags/example_xcomargs.py for tasks to queue
[2026-07-15T17:08:56.188+0200] {logging_mixin.py:151} INFO - [2026-07-15T17:08:56.188+0200] {dagbag.py:536} INFO - Filling up the DagBag from /home/ai/.local/lib/python3.9/site-packages/airflow/example_dags/example_xcomargs.py
[2026-07-15T17:08:56.197+0200] {processor.py:839} INFO - DAG(s) dict_keys(['example_xcom_args_with_operators', 'example_xcom_args']) retrieved from /home/ai/.local/lib/python3.9/site-packages/airflow/example_dags/example_xcomargs.py
[2026-07-15T17:08:56.216+0200] {logging_mixin.py:151} INFO - [2026-07-15T17:08:56.215+0200] {dag.py:2941} INFO - Sync 2 DAGs
[2026-07-15T17:08:56.226+0200] {logging_mixin.py:151} INFO - [2026-07-15T17:08:56.226+0200] {dag.py:3722} INFO - Setting next_dagrun for example_xcom_args to None, run_after=None
[2026-07-15T17:08:56.229+0200] {logging_mixin.py:151} INFO - [2026-07-15T17:08:56.229+0200] {dag.py:3722} INFO - Setting next_dagrun for example_xcom_args_with_operators to None, run_after=None
[2026-07-15T17:08:56.248+0200] {processor.py:179} INFO - Processing /home/ai/.local/lib/python3.9/site-packages/airflow/example_dags/example_xcomargs.py took 0.065 seconds
[2026-07-15T17:10:33.114+0200] {processor.py:157} INFO - Started process (PID=3463299) to work on /home/ai/.local/lib/python3.9/site-packages/airflow/example_dags/example_xcomargs.py
[2026-07-15T17:10:33.274+0200] {processor.py:829} INFO - Processing file /home/ai/.local/lib/python3.9/site-packages/airflow/example_dags/example_xcomargs.py for tasks to queue
[2026-07-15T17:10:33.276+0200] {logging_mixin.py:151} INFO - [2026-07-15T17:10:33.275+0200] {dagbag.py:536} INFO - Filling up the DagBag from /home/ai/.local/lib/python3.9/site-packages/airflow/example_dags/example_xcomargs.py
[2026-07-15T17:10:33.291+0200] {processor.py:839} INFO - DAG(s) dict_keys(['example_xcom_args', 'example_xcom_args_with_operators']) retrieved from /home/ai/.local/lib/python3.9/site-packages/airflow/example_dags/example_xcomargs.py
[2026-07-15T17:10:33.310+0200] {logging_mixin.py:151} INFO - [2026-07-15T17:10:33.310+0200] {dag.py:2941} INFO - Sync 2 DAGs
[2026-07-15T17:10:33.320+0200] {logging_mixin.py:151} INFO - [2026-07-15T17:10:33.320+0200] {dag.py:3722} INFO - Setting next_dagrun for example_xcom_args to None, run_after=None
[2026-07-15T17:10:33.323+0200] {logging_mixin.py:151} INFO - [2026-07-15T17:10:33.323+0200] {dag.py:3722} INFO - Setting next_dagrun for example_xcom_args_with_operators to None, run_after=None
[2026-07-15T17:10:34.853+0200] {processor.py:179} INFO - Processing /home/ai/.local/lib/python3.9/site-packages/airflow/example_dags/example_xcomargs.py took 1.746 seconds
[2026-07-15T17:12:03.324+0200] {processor.py:157} INFO - Started process (PID=3464815) to work on /home/ai/.local/lib/python3.9/site-packages/airflow/example_dags/example_xcomargs.py
[2026-07-15T17:12:03.409+0200] {processor.py:829} INFO - Processing file /home/ai/.local/lib/python3.9/site-packages/airflow/example_dags/example_xcomargs.py for tasks to queue
[2026-07-15T17:12:03.411+0200] {logging_mixin.py:151} INFO - [2026-07-15T17:12:03.410+0200] {dagbag.py:536} INFO - Filling up the DagBag from /home/ai/.local/lib/python3.9/site-packages/airflow/example_dags/example_xcomargs.py
[2026-07-15T17:12:03.422+0200] {processor.py:839} INFO - DAG(s) dict_keys(['example_xcom_args', 'example_xcom_args_with_operators']) retrieved from /home/ai/.local/lib/python3.9/site-packages/airflow/example_dags/example_xcomargs.py
[2026-07-15T17:12:03.441+0200] {logging_mixin.py:151} INFO - [2026-07-15T17:12:03.441+0200] {dag.py:2941} INFO - Sync 2 DAGs
[2026-07-15T17:12:03.453+0200] {logging_mixin.py:151} INFO - [2026-07-15T17:12:03.453+0200] {dag.py:3722} INFO - Setting next_dagrun for example_xcom_args to None, run_after=None
[2026-07-15T17:12:03.456+0200] {logging_mixin.py:151} INFO - [2026-07-15T17:12:03.456+0200] {dag.py:3722} INFO - Setting next_dagrun for example_xcom_args_with_operators to None, run_after=None
[2026-07-15T17:12:03.473+0200] {processor.py:179} INFO - Processing /home/ai/.local/lib/python3.9/site-packages/airflow/example_dags/example_xcomargs.py took 0.153 seconds
[2026-07-15T17:13:38.885+0200] {processor.py:157} INFO - Started process (PID=3466611) to work on /home/ai/.local/lib/python3.9/site-packages/airflow/example_dags/example_xcomargs.py
[2026-07-15T17:13:38.886+0200] {processor.py:829} INFO - Processing file /home/ai/.local/lib/python3.9/site-packages/airflow/example_dags/example_xcomargs.py for tasks to queue
[2026-07-15T17:13:38.887+0200] {logging_mixin.py:151} INFO - [2026-07-15T17:13:38.887+0200] {dagbag.py:536} INFO - Filling up the DagBag from /home/ai/.local/lib/python3.9/site-packages/airflow/example_dags/example_xcomargs.py
[2026-07-15T17:13:38.898+0200] {processor.py:839} INFO - DAG(s) dict_keys(['example_xcom_args_with_operators', 'example_xcom_args']) retrieved from /home/ai/.local/lib/python3.9/site-packages/airflow/example_dags/example_xcomargs.py
[2026-07-15T17:13:38.922+0200] {logging_mixin.py:151} INFO - [2026-07-15T17:13:38.922+0200] {dag.py:2941} INFO - Sync 2 DAGs
[2026-07-15T17:13:38.932+0200] {logging_mixin.py:151} INFO - [2026-07-15T17:13:38.932+0200] {dag.py:3722} INFO - Setting next_dagrun for example_xcom_args to None, run_after=None
[2026-07-15T17:13:38.935+0200] {logging_mixin.py:151} INFO - [2026-07-15T17:13:38.935+0200] {dag.py:3722} INFO - Setting next_dagrun for example_xcom_args_with_operators to None, run_after=None
[2026-07-15T17:13:39.117+0200] {processor.py:179} INFO - Processing /home/ai/.local/lib/python3.9/site-packages/airflow/example_dags/example_xcomargs.py took 0.236 seconds
[2026-07-15T17:15:00.986+0200] {processor.py:157} INFO - Started process (PID=3468028) to work on /home/ai/.local/lib/python3.9/site-packages/airflow/example_dags/example_xcomargs.py
[2026-07-15T17:15:00.987+0200] {processor.py:829} INFO - Processing file /home/ai/.local/lib/python3.9/site-packages/airflow/example_dags/example_xcomargs.py for tasks to queue
[2026-07-15T17:15:00.988+0200] {logging_mixin.py:151} INFO - [2026-07-15T17:15:00.988+0200] {dagbag.py:536} INFO - Filling up the DagBag from /home/ai/.local/lib/python3.9/site-packages/airflow/example_dags/example_xcomargs.py
[2026-07-15T17:15:00.998+0200] {processor.py:839} INFO - DAG(s) dict_keys(['example_xcom_args_with_operators', 'example_xcom_args']) retrieved from /home/ai/.local/lib/python3.9/site-packages/airflow/example_dags/example_xcomargs.py
[2026-07-15T17:15:01.018+0200] {logging_mixin.py:151} INFO - [2026-07-15T17:15:01.018+0200] {dag.py:2941} INFO - Sync 2 DAGs
[2026-07-15T17:15:01.029+0200] {logging_mixin.py:151} INFO - [2026-07-15T17:15:01.029+0200] {dag.py:3722} INFO - Setting next_dagrun for example_xcom_args to None, run_after=None
[2026-07-15T17:15:01.032+0200] {logging_mixin.py:151} INFO - [2026-07-15T17:15:01.032+0200] {dag.py:3722} INFO - Setting next_dagrun for example_xcom_args_with_operators to None, run_after=None
[2026-07-15T17:15:02.841+0200] {processor.py:179} INFO - Processing /home/ai/.local/lib/python3.9/site-packages/airflow/example_dags/example_xcomargs.py took 1.865 seconds
[2026-07-15T17:16:01.827+0200] {processor.py:157} INFO - Started process (PID=3469367) to work on /home/ai/.local/lib/python3.9/site-packages/airflow/example_dags/example_xcomargs.py
[2026-07-15T17:16:01.829+0200] {processor.py:829} INFO - Processing file /home/ai/.local/lib/python3.9/site-packages/airflow/example_dags/example_xcomargs.py for tasks to queue
[2026-07-15T17:16:01.830+0200] {logging_mixin.py:151} INFO - [2026-07-15T17:16:01.829+0200] {dagbag.py:536} INFO - Filling up the DagBag from /home/ai/.local/lib/python3.9/site-packages/airflow/example_dags/example_xcomargs.py
[2026-07-15T17:16:01.839+0200] {processor.py:839} INFO - DAG(s) dict_keys(['example_xcom_args', 'example_xcom_args_with_operators']) retrieved from /home/ai/.local/lib/python3.9/site-packages/airflow/example_dags/example_xcomargs.py
[2026-07-15T17:16:01.857+0200] {logging_mixin.py:151} INFO - [2026-07-15T17:16:01.856+0200] {dag.py:2941} INFO - Sync 2 DAGs
[2026-07-15T17:16:01.867+0200] {logging_mixin.py:151} INFO - [2026-07-15T17:16:01.867+0200] {dag.py:3722} INFO - Setting next_dagrun for example_xcom_args to None, run_after=None
[2026-07-15T17:16:01.870+0200] {logging_mixin.py:151} INFO - [2026-07-15T17:16:01.870+0200] {dag.py:3722} INFO - Setting next_dagrun for example_xcom_args_with_operators to None, run_after=None
[2026-07-15T17:16:01.921+0200] {processor.py:179} INFO - Processing /home/ai/.local/lib/python3.9/site-packages/airflow/example_dags/example_xcomargs.py took 0.099 seconds
[2026-07-15T17:16:55.852+0200] {processor.py:157} INFO - Started process (PID=3470520) to work on /home/ai/.local/lib/python3.9/site-packages/airflow/example_dags/example_xcomargs.py
[2026-07-15T17:16:55.854+0200] {processor.py:829} INFO - Processing file /home/ai/.local/lib/python3.9/site-packages/airflow/example_dags/example_xcomargs.py for tasks to queue
[2026-07-15T17:16:55.855+0200] {logging_mixin.py:151} INFO - [2026-07-15T17:16:55.854+0200] {dagbag.py:536} INFO - Filling up the DagBag from /home/ai/.local/lib/python3.9/site-packages/airflow/example_dags/example_xcomargs.py
[2026-07-15T17:16:55.865+0200] {processor.py:839} INFO - DAG(s) dict_keys(['example_xcom_args', 'example_xcom_args_with_operators']) retrieved from /home/ai/.local/lib/python3.9/site-packages/airflow/example_dags/example_xcomargs.py
[2026-07-15T17:16:55.884+0200] {logging_mixin.py:151} INFO - [2026-07-15T17:16:55.884+0200] {dag.py:2941} INFO - Sync 2 DAGs
[2026-07-15T17:16:55.896+0200] {logging_mixin.py:151} INFO - [2026-07-15T17:16:55.895+0200] {dag.py:3722} INFO - Setting next_dagrun for example_xcom_args to None, run_after=None
[2026-07-15T17:16:55.899+0200] {logging_mixin.py:151} INFO - [2026-07-15T17:16:55.898+0200] {dag.py:3722} INFO - Setting next_dagrun for example_xcom_args_with_operators to None, run_after=None
[2026-07-15T17:16:55.916+0200] {processor.py:179} INFO - Processing /home/ai/.local/lib/python3.9/site-packages/airflow/example_dags/example_xcomargs.py took 0.070 seconds
[2026-07-15T17:17:41.692+0200] {processor.py:157} INFO - Started process (PID=3471438) to work on /home/ai/.local/lib/python3.9/site-packages/airflow/example_dags/example_xcomargs.py
[2026-07-15T17:17:41.693+0200] {processor.py:829} INFO - Processing file /home/ai/.local/lib/python3.9/site-packages/airflow/example_dags/example_xcomargs.py for tasks to queue
[2026-07-15T17:17:41.694+0200] {logging_mixin.py:151} INFO - [2026-07-15T17:17:41.693+0200] {dagbag.py:536} INFO - Filling up the DagBag from /home/ai/.local/lib/python3.9/site-packages/airflow/example_dags/example_xcomargs.py
[2026-07-15T17:17:41.702+0200] {processor.py:839} INFO - DAG(s) dict_keys(['example_xcom_args', 'example_xcom_args_with_operators']) retrieved from /home/ai/.local/lib/python3.9/site-packages/airflow/example_dags/example_xcomargs.py
[2026-07-15T17:17:41.719+0200] {logging_mixin.py:151} INFO - [2026-07-15T17:17:41.719+0200] {dag.py:2941} INFO - Sync 2 DAGs
[2026-07-15T17:17:41.730+0200] {logging_mixin.py:151} INFO - [2026-07-15T17:17:41.730+0200] {dag.py:3722} INFO - Setting next_dagrun for example_xcom_args to None, run_after=None
[2026-07-15T17:17:41.732+0200] {logging_mixin.py:151} INFO - [2026-07-15T17:17:41.732+0200] {dag.py:3722} INFO - Setting next_dagrun for example_xcom_args_with_operators to None, run_after=None
[2026-07-15T17:17:41.750+0200] {processor.py:179} INFO - Processing /home/ai/.local/lib/python3.9/site-packages/airflow/example_dags/example_xcomargs.py took 0.062 seconds
[2026-07-15T17:18:55.372+0200] {processor.py:157} INFO - Started process (PID=3473036) to work on /home/ai/.local/lib/python3.9/site-packages/airflow/example_dags/example_xcomargs.py
[2026-07-15T17:18:55.374+0200] {processor.py:829} INFO - Processing file /home/ai/.local/lib/python3.9/site-packages/airflow/example_dags/example_xcomargs.py for tasks to queue
[2026-07-15T17:18:55.375+0200] {logging_mixin.py:151} INFO - [2026-07-15T17:18:55.375+0200] {dagbag.py:536} INFO - Filling up the DagBag from /home/ai/.local/lib/python3.9/site-packages/airflow/example_dags/example_xcomargs.py
[2026-07-15T17:18:55.385+0200] {processor.py:839} INFO - DAG(s) dict_keys(['example_xcom_args', 'example_xcom_args_with_operators']) retrieved from /home/ai/.local/lib/python3.9/site-packages/airflow/example_dags/example_xcomargs.py
[2026-07-15T17:18:55.405+0200] {logging_mixin.py:151} INFO - [2026-07-15T17:18:55.404+0200] {dag.py:2941} INFO - Sync 2 DAGs
[2026-07-15T17:18:55.416+0200] {logging_mixin.py:151} INFO - [2026-07-15T17:18:55.416+0200] {dag.py:3722} INFO - Setting next_dagrun for example_xcom_args to None, run_after=None
[2026-07-15T17:18:55.419+0200] {logging_mixin.py:151} INFO - [2026-07-15T17:18:55.419+0200] {dag.py:3722} INFO - Setting next_dagrun for example_xcom_args_with_operators to None, run_after=None
[2026-07-15T17:18:56.166+0200] {processor.py:179} INFO - Processing /home/ai/.local/lib/python3.9/site-packages/airflow/example_dags/example_xcomargs.py took 0.797 seconds
