[2026-07-15T16:15:17.225+0200] {processor.py:157} INFO - Started process (PID=3405810) to work on /home/ai/.local/lib/python3.9/site-packages/airflow/example_dags/example_task_group.py
[2026-07-15T16:15:17.226+0200] {processor.py:829} INFO - Processing file /home/ai/.local/lib/python3.9/site-packages/airflow/example_dags/example_task_group.py for tasks to queue
[2026-07-15T16:15:17.227+0200] {logging_mixin.py:151} INFO - [2026-07-15T16:15:17.226+0200] {dagbag.py:536} INFO - Filling up the DagBag from /home/ai/.local/lib/python3.9/site-packages/airflow/example_dags/example_task_group.py
[2026-07-15T16:15:17.235+0200] {processor.py:839} INFO - DAG(s) dict_keys(['example_task_group']) retrieved from /home/ai/.local/lib/python3.9/site-packages/airflow/example_dags/example_task_group.py
[2026-07-15T16:15:17.267+0200] {logging_mixin.py:151} INFO - [2026-07-15T16:15:17.266+0200] {dag.py:2941} INFO - Sync 1 DAGs
[2026-07-15T16:15:17.285+0200] {logging_mixin.py:151} INFO - [2026-07-15T16:15:17.285+0200] {dag.py:3722} INFO - Setting next_dagrun for example_task_group to 2026-07-14T14:15:17.285442+00:00, run_after=2026-07-15T14:15:17.285442+00:00
[2026-07-15T16:15:18.053+0200] {processor.py:179} INFO - Processing /home/ai/.local/lib/python3.9/site-packages/airflow/example_dags/example_task_group.py took 0.834 seconds
[2026-07-15T16:16:36.026+0200] {processor.py:157} INFO - Started process (PID=3406982) to work on /home/ai/.local/lib/python3.9/site-packages/airflow/example_dags/example_task_group.py
[2026-07-15T16:16:36.028+0200] {processor.py:829} INFO - Processing file /home/ai/.local/lib/python3.9/site-packages/airflow/example_dags/example_task_group.py for tasks to queue
[2026-07-15T16:16:36.029+0200] {logging_mixin.py:151} INFO - [2026-07-15T16:16:36.028+0200] {dagbag.py:536} INFO - Filling up the DagBag from /home/ai/.local/lib/python3.9/site-packages/airflow/example_dags/example_task_group.py
[2026-07-15T16:16:36.038+0200] {processor.py:839} INFO - DAG(s) dict_keys(['example_task_group']) retrieved from /home/ai/.local/lib/python3.9/site-packages/airflow/example_dags/example_task_group.py
[2026-07-15T16:16:36.054+0200] {logging_mixin.py:151} INFO - [2026-07-15T16:16:36.054+0200] {dag.py:2941} INFO - Sync 1 DAGs
[2026-07-15T16:16:36.071+0200] {logging_mixin.py:151} INFO - [2026-07-15T16:16:36.071+0200] {dag.py:3722} INFO - Setting next_dagrun for example_task_group to 2026-07-14T14:16:36.071356+00:00, run_after=2026-07-15T14:16:36.071356+00:00
[2026-07-15T16:16:36.979+0200] {processor.py:179} INFO - Processing /home/ai/.local/lib/python3.9/site-packages/airflow/example_dags/example_task_group.py took 0.956 seconds
[2026-07-15T16:18:08.814+0200] {processor.py:157} INFO - Started process (PID=3408647) to work on /home/ai/.local/lib/python3.9/site-packages/airflow/example_dags/example_task_group.py
[2026-07-15T16:18:08.815+0200] {processor.py:829} INFO - Processing file /home/ai/.local/lib/python3.9/site-packages/airflow/example_dags/example_task_group.py for tasks to queue
[2026-07-15T16:18:08.816+0200] {logging_mixin.py:151} INFO - [2026-07-15T16:18:08.816+0200] {dagbag.py:536} INFO - Filling up the DagBag from /home/ai/.local/lib/python3.9/site-packages/airflow/example_dags/example_task_group.py
[2026-07-15T16:18:08.824+0200] {processor.py:839} INFO - DAG(s) dict_keys(['example_task_group']) retrieved from /home/ai/.local/lib/python3.9/site-packages/airflow/example_dags/example_task_group.py
[2026-07-15T16:18:08.839+0200] {logging_mixin.py:151} INFO - [2026-07-15T16:18:08.839+0200] {dag.py:2941} INFO - Sync 1 DAGs
[2026-07-15T16:18:08.857+0200] {logging_mixin.py:151} INFO - [2026-07-15T16:18:08.857+0200] {dag.py:3722} INFO - Setting next_dagrun for example_task_group to 2026-07-14T14:18:08.856904+00:00, run_after=2026-07-15T14:18:08.856904+00:00
[2026-07-15T16:18:08.874+0200] {processor.py:179} INFO - Processing /home/ai/.local/lib/python3.9/site-packages/airflow/example_dags/example_task_group.py took 0.064 seconds
[2026-07-15T16:19:35.812+0200] {processor.py:157} INFO - Started process (PID=3410151) to work on /home/ai/.local/lib/python3.9/site-packages/airflow/example_dags/example_task_group.py
[2026-07-15T16:19:35.815+0200] {processor.py:829} INFO - Processing file /home/ai/.local/lib/python3.9/site-packages/airflow/example_dags/example_task_group.py for tasks to queue
[2026-07-15T16:19:35.817+0200] {logging_mixin.py:151} INFO - [2026-07-15T16:19:35.816+0200] {dagbag.py:536} INFO - Filling up the DagBag from /home/ai/.local/lib/python3.9/site-packages/airflow/example_dags/example_task_group.py
[2026-07-15T16:19:35.828+0200] {processor.py:839} INFO - DAG(s) dict_keys(['example_task_group']) retrieved from /home/ai/.local/lib/python3.9/site-packages/airflow/example_dags/example_task_group.py
[2026-07-15T16:19:35.844+0200] {logging_mixin.py:151} INFO - [2026-07-15T16:19:35.844+0200] {dag.py:2941} INFO - Sync 1 DAGs
[2026-07-15T16:19:35.862+0200] {logging_mixin.py:151} INFO - [2026-07-15T16:19:35.862+0200] {dag.py:3722} INFO - Setting next_dagrun for example_task_group to 2026-07-14T14:19:35.861767+00:00, run_after=2026-07-15T14:19:35.861767+00:00
[2026-07-15T16:19:37.013+0200] {processor.py:179} INFO - Processing /home/ai/.local/lib/python3.9/site-packages/airflow/example_dags/example_task_group.py took 1.209 seconds
[2026-07-15T16:20:35.923+0200] {processor.py:157} INFO - Started process (PID=3411156) to work on /home/ai/.local/lib/python3.9/site-packages/airflow/example_dags/example_task_group.py
[2026-07-15T16:20:35.925+0200] {processor.py:829} INFO - Processing file /home/ai/.local/lib/python3.9/site-packages/airflow/example_dags/example_task_group.py for tasks to queue
[2026-07-15T16:20:35.925+0200] {logging_mixin.py:151} INFO - [2026-07-15T16:20:35.925+0200] {dagbag.py:536} INFO - Filling up the DagBag from /home/ai/.local/lib/python3.9/site-packages/airflow/example_dags/example_task_group.py
[2026-07-15T16:20:35.933+0200] {processor.py:839} INFO - DAG(s) dict_keys(['example_task_group']) retrieved from /home/ai/.local/lib/python3.9/site-packages/airflow/example_dags/example_task_group.py
[2026-07-15T16:20:35.949+0200] {logging_mixin.py:151} INFO - [2026-07-15T16:20:35.948+0200] {dag.py:2941} INFO - Sync 1 DAGs
[2026-07-15T16:20:35.966+0200] {logging_mixin.py:151} INFO - [2026-07-15T16:20:35.966+0200] {dag.py:3722} INFO - Setting next_dagrun for example_task_group to 2026-07-14T14:20:35.966566+00:00, run_after=2026-07-15T14:20:35.966566+00:00
[2026-07-15T16:20:35.989+0200] {processor.py:179} INFO - Processing /home/ai/.local/lib/python3.9/site-packages/airflow/example_dags/example_task_group.py took 0.071 seconds
[2026-07-15T16:22:04.148+0200] {processor.py:157} INFO - Started process (PID=3412681) to work on /home/ai/.local/lib/python3.9/site-packages/airflow/example_dags/example_task_group.py
[2026-07-15T16:22:04.150+0200] {processor.py:829} INFO - Processing file /home/ai/.local/lib/python3.9/site-packages/airflow/example_dags/example_task_group.py for tasks to queue
[2026-07-15T16:22:04.151+0200] {logging_mixin.py:151} INFO - [2026-07-15T16:22:04.151+0200] {dagbag.py:536} INFO - Filling up the DagBag from /home/ai/.local/lib/python3.9/site-packages/airflow/example_dags/example_task_group.py
[2026-07-15T16:22:04.159+0200] {processor.py:839} INFO - DAG(s) dict_keys(['example_task_group']) retrieved from /home/ai/.local/lib/python3.9/site-packages/airflow/example_dags/example_task_group.py
[2026-07-15T16:22:04.175+0200] {logging_mixin.py:151} INFO - [2026-07-15T16:22:04.175+0200] {dag.py:2941} INFO - Sync 1 DAGs
[2026-07-15T16:22:04.193+0200] {logging_mixin.py:151} INFO - [2026-07-15T16:22:04.192+0200] {dag.py:3722} INFO - Setting next_dagrun for example_task_group to 2026-07-14T14:22:04.192740+00:00, run_after=2026-07-15T14:22:04.192740+00:00
[2026-07-15T16:22:04.439+0200] {processor.py:179} INFO - Processing /home/ai/.local/lib/python3.9/site-packages/airflow/example_dags/example_task_group.py took 0.296 seconds
[2026-07-15T16:23:33.800+0200] {processor.py:157} INFO - Started process (PID=3414184) to work on /home/ai/.local/lib/python3.9/site-packages/airflow/example_dags/example_task_group.py
[2026-07-15T16:23:33.802+0200] {processor.py:829} INFO - Processing file /home/ai/.local/lib/python3.9/site-packages/airflow/example_dags/example_task_group.py for tasks to queue
[2026-07-15T16:23:33.802+0200] {logging_mixin.py:151} INFO - [2026-07-15T16:23:33.802+0200] {dagbag.py:536} INFO - Filling up the DagBag from /home/ai/.local/lib/python3.9/site-packages/airflow/example_dags/example_task_group.py
[2026-07-15T16:23:33.811+0200] {processor.py:839} INFO - DAG(s) dict_keys(['example_task_group']) retrieved from /home/ai/.local/lib/python3.9/site-packages/airflow/example_dags/example_task_group.py
[2026-07-15T16:23:33.827+0200] {logging_mixin.py:151} INFO - [2026-07-15T16:23:33.827+0200] {dag.py:2941} INFO - Sync 1 DAGs
[2026-07-15T16:23:33.845+0200] {logging_mixin.py:151} INFO - [2026-07-15T16:23:33.845+0200] {dag.py:3722} INFO - Setting next_dagrun for example_task_group to 2026-07-14T14:23:33.844906+00:00, run_after=2026-07-15T14:23:33.844906+00:00
[2026-07-15T16:23:33.897+0200] {processor.py:179} INFO - Processing /home/ai/.local/lib/python3.9/site-packages/airflow/example_dags/example_task_group.py took 0.103 seconds
[2026-07-15T16:24:53.867+0200] {processor.py:157} INFO - Started process (PID=3415566) to work on /home/ai/.local/lib/python3.9/site-packages/airflow/example_dags/example_task_group.py
[2026-07-15T16:24:53.868+0200] {processor.py:829} INFO - Processing file /home/ai/.local/lib/python3.9/site-packages/airflow/example_dags/example_task_group.py for tasks to queue
[2026-07-15T16:24:53.869+0200] {logging_mixin.py:151} INFO - [2026-07-15T16:24:53.869+0200] {dagbag.py:536} INFO - Filling up the DagBag from /home/ai/.local/lib/python3.9/site-packages/airflow/example_dags/example_task_group.py
[2026-07-15T16:24:53.878+0200] {processor.py:839} INFO - DAG(s) dict_keys(['example_task_group']) retrieved from /home/ai/.local/lib/python3.9/site-packages/airflow/example_dags/example_task_group.py
[2026-07-15T16:24:53.895+0200] {logging_mixin.py:151} INFO - [2026-07-15T16:24:53.895+0200] {dag.py:2941} INFO - Sync 1 DAGs
[2026-07-15T16:24:53.913+0200] {logging_mixin.py:151} INFO - [2026-07-15T16:24:53.913+0200] {dag.py:3722} INFO - Setting next_dagrun for example_task_group to 2026-07-14T14:24:53.913116+00:00, run_after=2026-07-15T14:24:53.913116+00:00
[2026-07-15T16:24:53.933+0200] {processor.py:179} INFO - Processing /home/ai/.local/lib/python3.9/site-packages/airflow/example_dags/example_task_group.py took 0.073 seconds
[2026-07-15T16:26:18.674+0200] {processor.py:157} INFO - Started process (PID=3417016) to work on /home/ai/.local/lib/python3.9/site-packages/airflow/example_dags/example_task_group.py
[2026-07-15T16:26:18.676+0200] {processor.py:829} INFO - Processing file /home/ai/.local/lib/python3.9/site-packages/airflow/example_dags/example_task_group.py for tasks to queue
[2026-07-15T16:26:18.677+0200] {logging_mixin.py:151} INFO - [2026-07-15T16:26:18.676+0200] {dagbag.py:536} INFO - Filling up the DagBag from /home/ai/.local/lib/python3.9/site-packages/airflow/example_dags/example_task_group.py
[2026-07-15T16:26:18.685+0200] {processor.py:839} INFO - DAG(s) dict_keys(['example_task_group']) retrieved from /home/ai/.local/lib/python3.9/site-packages/airflow/example_dags/example_task_group.py
[2026-07-15T16:26:18.702+0200] {logging_mixin.py:151} INFO - [2026-07-15T16:26:18.702+0200] {dag.py:2941} INFO - Sync 1 DAGs
[2026-07-15T16:26:18.720+0200] {logging_mixin.py:151} INFO - [2026-07-15T16:26:18.720+0200] {dag.py:3722} INFO - Setting next_dagrun for example_task_group to 2026-07-14T14:26:18.719821+00:00, run_after=2026-07-15T14:26:18.719821+00:00
[2026-07-15T16:26:22.224+0200] {processor.py:179} INFO - Processing /home/ai/.local/lib/python3.9/site-packages/airflow/example_dags/example_task_group.py took 3.554 seconds
[2026-07-15T16:27:19.345+0200] {processor.py:157} INFO - Started process (PID=3418088) to work on /home/ai/.local/lib/python3.9/site-packages/airflow/example_dags/example_task_group.py
[2026-07-15T16:27:19.346+0200] {processor.py:829} INFO - Processing file /home/ai/.local/lib/python3.9/site-packages/airflow/example_dags/example_task_group.py for tasks to queue
[2026-07-15T16:27:19.347+0200] {logging_mixin.py:151} INFO - [2026-07-15T16:27:19.347+0200] {dagbag.py:536} INFO - Filling up the DagBag from /home/ai/.local/lib/python3.9/site-packages/airflow/example_dags/example_task_group.py
[2026-07-15T16:27:19.356+0200] {processor.py:839} INFO - DAG(s) dict_keys(['example_task_group']) retrieved from /home/ai/.local/lib/python3.9/site-packages/airflow/example_dags/example_task_group.py
[2026-07-15T16:27:19.372+0200] {logging_mixin.py:151} INFO - [2026-07-15T16:27:19.371+0200] {dag.py:2941} INFO - Sync 1 DAGs
[2026-07-15T16:27:19.389+0200] {logging_mixin.py:151} INFO - [2026-07-15T16:27:19.389+0200] {dag.py:3722} INFO - Setting next_dagrun for example_task_group to 2026-07-14T14:27:19.389151+00:00, run_after=2026-07-15T14:27:19.389151+00:00
[2026-07-15T16:27:19.407+0200] {processor.py:179} INFO - Processing /home/ai/.local/lib/python3.9/site-packages/airflow/example_dags/example_task_group.py took 0.068 seconds
[2026-07-15T16:28:18.897+0200] {processor.py:157} INFO - Started process (PID=3419084) to work on /home/ai/.local/lib/python3.9/site-packages/airflow/example_dags/example_task_group.py
[2026-07-15T16:28:18.898+0200] {processor.py:829} INFO - Processing file /home/ai/.local/lib/python3.9/site-packages/airflow/example_dags/example_task_group.py for tasks to queue
[2026-07-15T16:28:18.899+0200] {logging_mixin.py:151} INFO - [2026-07-15T16:28:18.899+0200] {dagbag.py:536} INFO - Filling up the DagBag from /home/ai/.local/lib/python3.9/site-packages/airflow/example_dags/example_task_group.py
[2026-07-15T16:28:18.907+0200] {processor.py:839} INFO - DAG(s) dict_keys(['example_task_group']) retrieved from /home/ai/.local/lib/python3.9/site-packages/airflow/example_dags/example_task_group.py
[2026-07-15T16:28:18.922+0200] {logging_mixin.py:151} INFO - [2026-07-15T16:28:18.922+0200] {dag.py:2941} INFO - Sync 1 DAGs
[2026-07-15T16:28:18.940+0200] {logging_mixin.py:151} INFO - [2026-07-15T16:28:18.940+0200] {dag.py:3722} INFO - Setting next_dagrun for example_task_group to 2026-07-14T14:28:18.939454+00:00, run_after=2026-07-15T14:28:18.939454+00:00
[2026-07-15T16:28:18.959+0200] {processor.py:179} INFO - Processing /home/ai/.local/lib/python3.9/site-packages/airflow/example_dags/example_task_group.py took 0.067 seconds
[2026-07-15T16:29:35.887+0200] {processor.py:157} INFO - Started process (PID=3420369) to work on /home/ai/.local/lib/python3.9/site-packages/airflow/example_dags/example_task_group.py
[2026-07-15T16:29:35.889+0200] {processor.py:829} INFO - Processing file /home/ai/.local/lib/python3.9/site-packages/airflow/example_dags/example_task_group.py for tasks to queue
[2026-07-15T16:29:35.890+0200] {logging_mixin.py:151} INFO - [2026-07-15T16:29:35.889+0200] {dagbag.py:536} INFO - Filling up the DagBag from /home/ai/.local/lib/python3.9/site-packages/airflow/example_dags/example_task_group.py
[2026-07-15T16:29:35.898+0200] {processor.py:839} INFO - DAG(s) dict_keys(['example_task_group']) retrieved from /home/ai/.local/lib/python3.9/site-packages/airflow/example_dags/example_task_group.py
[2026-07-15T16:29:35.915+0200] {logging_mixin.py:151} INFO - [2026-07-15T16:29:35.914+0200] {dag.py:2941} INFO - Sync 1 DAGs
[2026-07-15T16:29:35.932+0200] {logging_mixin.py:151} INFO - [2026-07-15T16:29:35.932+0200] {dag.py:3722} INFO - Setting next_dagrun for example_task_group to 2026-07-14T14:29:35.932118+00:00, run_after=2026-07-15T14:29:35.932118+00:00
[2026-07-15T16:29:36.215+0200] {processor.py:179} INFO - Processing /home/ai/.local/lib/python3.9/site-packages/airflow/example_dags/example_task_group.py took 0.332 seconds
[2026-07-15T16:30:36.219+0200] {processor.py:157} INFO - Started process (PID=3421382) to work on /home/ai/.local/lib/python3.9/site-packages/airflow/example_dags/example_task_group.py
[2026-07-15T16:30:36.220+0200] {processor.py:829} INFO - Processing file /home/ai/.local/lib/python3.9/site-packages/airflow/example_dags/example_task_group.py for tasks to queue
[2026-07-15T16:30:36.221+0200] {logging_mixin.py:151} INFO - [2026-07-15T16:30:36.221+0200] {dagbag.py:536} INFO - Filling up the DagBag from /home/ai/.local/lib/python3.9/site-packages/airflow/example_dags/example_task_group.py
[2026-07-15T16:30:36.230+0200] {processor.py:839} INFO - DAG(s) dict_keys(['example_task_group']) retrieved from /home/ai/.local/lib/python3.9/site-packages/airflow/example_dags/example_task_group.py
[2026-07-15T16:30:36.246+0200] {logging_mixin.py:151} INFO - [2026-07-15T16:30:36.246+0200] {dag.py:2941} INFO - Sync 1 DAGs
[2026-07-15T16:30:36.263+0200] {logging_mixin.py:151} INFO - [2026-07-15T16:30:36.263+0200] {dag.py:3722} INFO - Setting next_dagrun for example_task_group to 2026-07-14T14:30:36.263046+00:00, run_after=2026-07-15T14:30:36.263046+00:00
[2026-07-15T16:30:36.451+0200] {processor.py:179} INFO - Processing /home/ai/.local/lib/python3.9/site-packages/airflow/example_dags/example_task_group.py took 0.236 seconds
[2026-07-15T16:31:32.333+0200] {processor.py:157} INFO - Started process (PID=3422264) to work on /home/ai/.local/lib/python3.9/site-packages/airflow/example_dags/example_task_group.py
[2026-07-15T16:31:32.334+0200] {processor.py:829} INFO - Processing file /home/ai/.local/lib/python3.9/site-packages/airflow/example_dags/example_task_group.py for tasks to queue
[2026-07-15T16:31:32.335+0200] {logging_mixin.py:151} INFO - [2026-07-15T16:31:32.335+0200] {dagbag.py:536} INFO - Filling up the DagBag from /home/ai/.local/lib/python3.9/site-packages/airflow/example_dags/example_task_group.py
[2026-07-15T16:31:32.343+0200] {processor.py:839} INFO - DAG(s) dict_keys(['example_task_group']) retrieved from /home/ai/.local/lib/python3.9/site-packages/airflow/example_dags/example_task_group.py
[2026-07-15T16:31:32.359+0200] {logging_mixin.py:151} INFO - [2026-07-15T16:31:32.359+0200] {dag.py:2941} INFO - Sync 1 DAGs
[2026-07-15T16:31:32.376+0200] {logging_mixin.py:151} INFO - [2026-07-15T16:31:32.376+0200] {dag.py:3722} INFO - Setting next_dagrun for example_task_group to 2026-07-14T14:31:32.375995+00:00, run_after=2026-07-15T14:31:32.375995+00:00
[2026-07-15T16:31:32.402+0200] {processor.py:179} INFO - Processing /home/ai/.local/lib/python3.9/site-packages/airflow/example_dags/example_task_group.py took 0.074 seconds
[2026-07-15T16:32:54.210+0200] {processor.py:157} INFO - Started process (PID=3423725) to work on /home/ai/.local/lib/python3.9/site-packages/airflow/example_dags/example_task_group.py
[2026-07-15T16:32:54.212+0200] {processor.py:829} INFO - Processing file /home/ai/.local/lib/python3.9/site-packages/airflow/example_dags/example_task_group.py for tasks to queue
[2026-07-15T16:32:54.213+0200] {logging_mixin.py:151} INFO - [2026-07-15T16:32:54.212+0200] {dagbag.py:536} INFO - Filling up the DagBag from /home/ai/.local/lib/python3.9/site-packages/airflow/example_dags/example_task_group.py
[2026-07-15T16:32:54.221+0200] {processor.py:839} INFO - DAG(s) dict_keys(['example_task_group']) retrieved from /home/ai/.local/lib/python3.9/site-packages/airflow/example_dags/example_task_group.py
[2026-07-15T16:32:54.238+0200] {logging_mixin.py:151} INFO - [2026-07-15T16:32:54.238+0200] {dag.py:2941} INFO - Sync 1 DAGs
[2026-07-15T16:32:54.256+0200] {logging_mixin.py:151} INFO - [2026-07-15T16:32:54.256+0200] {dag.py:3722} INFO - Setting next_dagrun for example_task_group to 2026-07-14T14:32:54.256340+00:00, run_after=2026-07-15T14:32:54.256340+00:00
[2026-07-15T16:32:54.274+0200] {processor.py:179} INFO - Processing /home/ai/.local/lib/python3.9/site-packages/airflow/example_dags/example_task_group.py took 0.069 seconds
[2026-07-15T16:34:22.061+0200] {processor.py:157} INFO - Started process (PID=3425241) to work on /home/ai/.local/lib/python3.9/site-packages/airflow/example_dags/example_task_group.py
[2026-07-15T16:34:22.063+0200] {processor.py:829} INFO - Processing file /home/ai/.local/lib/python3.9/site-packages/airflow/example_dags/example_task_group.py for tasks to queue
[2026-07-15T16:34:22.064+0200] {logging_mixin.py:151} INFO - [2026-07-15T16:34:22.063+0200] {dagbag.py:536} INFO - Filling up the DagBag from /home/ai/.local/lib/python3.9/site-packages/airflow/example_dags/example_task_group.py
[2026-07-15T16:34:22.072+0200] {processor.py:839} INFO - DAG(s) dict_keys(['example_task_group']) retrieved from /home/ai/.local/lib/python3.9/site-packages/airflow/example_dags/example_task_group.py
[2026-07-15T16:34:22.088+0200] {logging_mixin.py:151} INFO - [2026-07-15T16:34:22.088+0200] {dag.py:2941} INFO - Sync 1 DAGs
[2026-07-15T16:34:22.105+0200] {logging_mixin.py:151} INFO - [2026-07-15T16:34:22.105+0200] {dag.py:3722} INFO - Setting next_dagrun for example_task_group to 2026-07-14T14:34:22.105381+00:00, run_after=2026-07-15T14:34:22.105381+00:00
[2026-07-15T16:34:22.125+0200] {processor.py:179} INFO - Processing /home/ai/.local/lib/python3.9/site-packages/airflow/example_dags/example_task_group.py took 0.068 seconds
[2026-07-15T16:35:57.798+0200] {processor.py:157} INFO - Started process (PID=3426921) to work on /home/ai/.local/lib/python3.9/site-packages/airflow/example_dags/example_task_group.py
[2026-07-15T16:35:57.800+0200] {processor.py:829} INFO - Processing file /home/ai/.local/lib/python3.9/site-packages/airflow/example_dags/example_task_group.py for tasks to queue
[2026-07-15T16:35:57.801+0200] {logging_mixin.py:151} INFO - [2026-07-15T16:35:57.800+0200] {dagbag.py:536} INFO - Filling up the DagBag from /home/ai/.local/lib/python3.9/site-packages/airflow/example_dags/example_task_group.py
[2026-07-15T16:35:57.809+0200] {processor.py:839} INFO - DAG(s) dict_keys(['example_task_group']) retrieved from /home/ai/.local/lib/python3.9/site-packages/airflow/example_dags/example_task_group.py
[2026-07-15T16:35:57.826+0200] {logging_mixin.py:151} INFO - [2026-07-15T16:35:57.826+0200] {dag.py:2941} INFO - Sync 1 DAGs
[2026-07-15T16:35:57.843+0200] {logging_mixin.py:151} INFO - [2026-07-15T16:35:57.843+0200] {dag.py:3722} INFO - Setting next_dagrun for example_task_group to 2026-07-14T14:35:57.843229+00:00, run_after=2026-07-15T14:35:57.843229+00:00
[2026-07-15T16:35:57.887+0200] {processor.py:179} INFO - Processing /home/ai/.local/lib/python3.9/site-packages/airflow/example_dags/example_task_group.py took 0.093 seconds
[2026-07-15T16:37:32.783+0200] {processor.py:157} INFO - Started process (PID=3428921) to work on /home/ai/.local/lib/python3.9/site-packages/airflow/example_dags/example_task_group.py
[2026-07-15T16:37:32.785+0200] {processor.py:829} INFO - Processing file /home/ai/.local/lib/python3.9/site-packages/airflow/example_dags/example_task_group.py for tasks to queue
[2026-07-15T16:37:32.786+0200] {logging_mixin.py:151} INFO - [2026-07-15T16:37:32.785+0200] {dagbag.py:536} INFO - Filling up the DagBag from /home/ai/.local/lib/python3.9/site-packages/airflow/example_dags/example_task_group.py
[2026-07-15T16:37:32.794+0200] {processor.py:839} INFO - DAG(s) dict_keys(['example_task_group']) retrieved from /home/ai/.local/lib/python3.9/site-packages/airflow/example_dags/example_task_group.py
[2026-07-15T16:37:32.809+0200] {logging_mixin.py:151} INFO - [2026-07-15T16:37:32.809+0200] {dag.py:2941} INFO - Sync 1 DAGs
[2026-07-15T16:37:32.826+0200] {logging_mixin.py:151} INFO - [2026-07-15T16:37:32.826+0200] {dag.py:3722} INFO - Setting next_dagrun for example_task_group to 2026-07-14T14:37:32.825996+00:00, run_after=2026-07-15T14:37:32.825996+00:00
[2026-07-15T16:37:33.384+0200] {processor.py:179} INFO - Processing /home/ai/.local/lib/python3.9/site-packages/airflow/example_dags/example_task_group.py took 0.605 seconds
[2026-07-15T16:38:33.451+0200] {processor.py:157} INFO - Started process (PID=3430110) to work on /home/ai/.local/lib/python3.9/site-packages/airflow/example_dags/example_task_group.py
[2026-07-15T16:38:33.453+0200] {processor.py:829} INFO - Processing file /home/ai/.local/lib/python3.9/site-packages/airflow/example_dags/example_task_group.py for tasks to queue
[2026-07-15T16:38:33.454+0200] {logging_mixin.py:151} INFO - [2026-07-15T16:38:33.454+0200] {dagbag.py:536} INFO - Filling up the DagBag from /home/ai/.local/lib/python3.9/site-packages/airflow/example_dags/example_task_group.py
[2026-07-15T16:38:33.464+0200] {processor.py:839} INFO - DAG(s) dict_keys(['example_task_group']) retrieved from /home/ai/.local/lib/python3.9/site-packages/airflow/example_dags/example_task_group.py
[2026-07-15T16:38:33.480+0200] {logging_mixin.py:151} INFO - [2026-07-15T16:38:33.480+0200] {dag.py:2941} INFO - Sync 1 DAGs
[2026-07-15T16:38:33.499+0200] {logging_mixin.py:151} INFO - [2026-07-15T16:38:33.498+0200] {dag.py:3722} INFO - Setting next_dagrun for example_task_group to 2026-07-14T14:38:33.498704+00:00, run_after=2026-07-15T14:38:33.498704+00:00
[2026-07-15T16:38:33.518+0200] {processor.py:179} INFO - Processing /home/ai/.local/lib/python3.9/site-packages/airflow/example_dags/example_task_group.py took 0.075 seconds
[2026-07-15T16:40:15.665+0200] {processor.py:157} INFO - Started process (PID=3431974) to work on /home/ai/.local/lib/python3.9/site-packages/airflow/example_dags/example_task_group.py
[2026-07-15T16:40:15.666+0200] {processor.py:829} INFO - Processing file /home/ai/.local/lib/python3.9/site-packages/airflow/example_dags/example_task_group.py for tasks to queue
[2026-07-15T16:40:15.667+0200] {logging_mixin.py:151} INFO - [2026-07-15T16:40:15.666+0200] {dagbag.py:536} INFO - Filling up the DagBag from /home/ai/.local/lib/python3.9/site-packages/airflow/example_dags/example_task_group.py
[2026-07-15T16:40:15.675+0200] {processor.py:839} INFO - DAG(s) dict_keys(['example_task_group']) retrieved from /home/ai/.local/lib/python3.9/site-packages/airflow/example_dags/example_task_group.py
[2026-07-15T16:40:15.690+0200] {logging_mixin.py:151} INFO - [2026-07-15T16:40:15.690+0200] {dag.py:2941} INFO - Sync 1 DAGs
[2026-07-15T16:40:15.708+0200] {logging_mixin.py:151} INFO - [2026-07-15T16:40:15.708+0200] {dag.py:3722} INFO - Setting next_dagrun for example_task_group to 2026-07-14T14:40:15.707890+00:00, run_after=2026-07-15T14:40:15.707890+00:00
[2026-07-15T16:40:16.590+0200] {processor.py:179} INFO - Processing /home/ai/.local/lib/python3.9/site-packages/airflow/example_dags/example_task_group.py took 0.928 seconds
[2026-07-15T16:41:20.735+0200] {processor.py:157} INFO - Started process (PID=3433167) to work on /home/ai/.local/lib/python3.9/site-packages/airflow/example_dags/example_task_group.py
[2026-07-15T16:41:20.737+0200] {processor.py:829} INFO - Processing file /home/ai/.local/lib/python3.9/site-packages/airflow/example_dags/example_task_group.py for tasks to queue
[2026-07-15T16:41:20.738+0200] {logging_mixin.py:151} INFO - [2026-07-15T16:41:20.738+0200] {dagbag.py:536} INFO - Filling up the DagBag from /home/ai/.local/lib/python3.9/site-packages/airflow/example_dags/example_task_group.py
[2026-07-15T16:41:20.747+0200] {processor.py:839} INFO - DAG(s) dict_keys(['example_task_group']) retrieved from /home/ai/.local/lib/python3.9/site-packages/airflow/example_dags/example_task_group.py
[2026-07-15T16:41:20.765+0200] {logging_mixin.py:151} INFO - [2026-07-15T16:41:20.764+0200] {dag.py:2941} INFO - Sync 1 DAGs
[2026-07-15T16:41:20.783+0200] {logging_mixin.py:151} INFO - [2026-07-15T16:41:20.783+0200] {dag.py:3722} INFO - Setting next_dagrun for example_task_group to 2026-07-14T14:41:20.783036+00:00, run_after=2026-07-15T14:41:20.783036+00:00
[2026-07-15T16:41:20.801+0200] {processor.py:179} INFO - Processing /home/ai/.local/lib/python3.9/site-packages/airflow/example_dags/example_task_group.py took 0.071 seconds
[2026-07-15T16:42:58.224+0200] {processor.py:157} INFO - Started process (PID=3434933) to work on /home/ai/.local/lib/python3.9/site-packages/airflow/example_dags/example_task_group.py
[2026-07-15T16:42:58.226+0200] {processor.py:829} INFO - Processing file /home/ai/.local/lib/python3.9/site-packages/airflow/example_dags/example_task_group.py for tasks to queue
[2026-07-15T16:42:58.227+0200] {logging_mixin.py:151} INFO - [2026-07-15T16:42:58.226+0200] {dagbag.py:536} INFO - Filling up the DagBag from /home/ai/.local/lib/python3.9/site-packages/airflow/example_dags/example_task_group.py
[2026-07-15T16:42:58.236+0200] {processor.py:839} INFO - DAG(s) dict_keys(['example_task_group']) retrieved from /home/ai/.local/lib/python3.9/site-packages/airflow/example_dags/example_task_group.py
[2026-07-15T16:42:58.252+0200] {logging_mixin.py:151} INFO - [2026-07-15T16:42:58.252+0200] {dag.py:2941} INFO - Sync 1 DAGs
[2026-07-15T16:42:58.271+0200] {logging_mixin.py:151} INFO - [2026-07-15T16:42:58.271+0200] {dag.py:3722} INFO - Setting next_dagrun for example_task_group to 2026-07-14T14:42:58.270993+00:00, run_after=2026-07-15T14:42:58.270993+00:00
[2026-07-15T16:42:58.289+0200] {processor.py:179} INFO - Processing /home/ai/.local/lib/python3.9/site-packages/airflow/example_dags/example_task_group.py took 0.070 seconds
[2026-07-15T16:44:29.605+0200] {processor.py:157} INFO - Started process (PID=3436542) to work on /home/ai/.local/lib/python3.9/site-packages/airflow/example_dags/example_task_group.py
[2026-07-15T16:44:29.606+0200] {processor.py:829} INFO - Processing file /home/ai/.local/lib/python3.9/site-packages/airflow/example_dags/example_task_group.py for tasks to queue
[2026-07-15T16:44:29.607+0200] {logging_mixin.py:151} INFO - [2026-07-15T16:44:29.607+0200] {dagbag.py:536} INFO - Filling up the DagBag from /home/ai/.local/lib/python3.9/site-packages/airflow/example_dags/example_task_group.py
[2026-07-15T16:44:29.616+0200] {processor.py:839} INFO - DAG(s) dict_keys(['example_task_group']) retrieved from /home/ai/.local/lib/python3.9/site-packages/airflow/example_dags/example_task_group.py
[2026-07-15T16:44:29.632+0200] {logging_mixin.py:151} INFO - [2026-07-15T16:44:29.632+0200] {dag.py:2941} INFO - Sync 1 DAGs
[2026-07-15T16:44:29.650+0200] {logging_mixin.py:151} INFO - [2026-07-15T16:44:29.650+0200] {dag.py:3722} INFO - Setting next_dagrun for example_task_group to 2026-07-14T14:44:29.649825+00:00, run_after=2026-07-15T14:44:29.649825+00:00
[2026-07-15T16:44:29.689+0200] {processor.py:179} INFO - Processing /home/ai/.local/lib/python3.9/site-packages/airflow/example_dags/example_task_group.py took 0.090 seconds
[2026-07-15T16:46:24.308+0200] {processor.py:157} INFO - Started process (PID=3438465) to work on /home/ai/.local/lib/python3.9/site-packages/airflow/example_dags/example_task_group.py
[2026-07-15T16:46:24.310+0200] {processor.py:829} INFO - Processing file /home/ai/.local/lib/python3.9/site-packages/airflow/example_dags/example_task_group.py for tasks to queue
[2026-07-15T16:46:24.311+0200] {logging_mixin.py:151} INFO - [2026-07-15T16:46:24.310+0200] {dagbag.py:536} INFO - Filling up the DagBag from /home/ai/.local/lib/python3.9/site-packages/airflow/example_dags/example_task_group.py
[2026-07-15T16:46:24.319+0200] {processor.py:839} INFO - DAG(s) dict_keys(['example_task_group']) retrieved from /home/ai/.local/lib/python3.9/site-packages/airflow/example_dags/example_task_group.py
[2026-07-15T16:46:24.335+0200] {logging_mixin.py:151} INFO - [2026-07-15T16:46:24.335+0200] {dag.py:2941} INFO - Sync 1 DAGs
[2026-07-15T16:46:24.358+0200] {logging_mixin.py:151} INFO - [2026-07-15T16:46:24.357+0200] {dag.py:3722} INFO - Setting next_dagrun for example_task_group to 2026-07-14T14:46:24.357649+00:00, run_after=2026-07-15T14:46:24.357649+00:00
[2026-07-15T16:46:26.208+0200] {processor.py:179} INFO - Processing /home/ai/.local/lib/python3.9/site-packages/airflow/example_dags/example_task_group.py took 1.905 seconds
[2026-07-15T16:47:19.821+0200] {processor.py:157} INFO - Started process (PID=3439394) to work on /home/ai/.local/lib/python3.9/site-packages/airflow/example_dags/example_task_group.py
[2026-07-15T16:47:19.823+0200] {processor.py:829} INFO - Processing file /home/ai/.local/lib/python3.9/site-packages/airflow/example_dags/example_task_group.py for tasks to queue
[2026-07-15T16:47:19.824+0200] {logging_mixin.py:151} INFO - [2026-07-15T16:47:19.823+0200] {dagbag.py:536} INFO - Filling up the DagBag from /home/ai/.local/lib/python3.9/site-packages/airflow/example_dags/example_task_group.py
[2026-07-15T16:47:19.832+0200] {processor.py:839} INFO - DAG(s) dict_keys(['example_task_group']) retrieved from /home/ai/.local/lib/python3.9/site-packages/airflow/example_dags/example_task_group.py
[2026-07-15T16:47:19.847+0200] {logging_mixin.py:151} INFO - [2026-07-15T16:47:19.847+0200] {dag.py:2941} INFO - Sync 1 DAGs
[2026-07-15T16:47:19.865+0200] {logging_mixin.py:151} INFO - [2026-07-15T16:47:19.865+0200] {dag.py:3722} INFO - Setting next_dagrun for example_task_group to 2026-07-14T14:47:19.864889+00:00, run_after=2026-07-15T14:47:19.864889+00:00
[2026-07-15T16:47:19.884+0200] {processor.py:179} INFO - Processing /home/ai/.local/lib/python3.9/site-packages/airflow/example_dags/example_task_group.py took 0.068 seconds
[2026-07-15T16:48:18.859+0200] {processor.py:157} INFO - Started process (PID=3440463) to work on /home/ai/.local/lib/python3.9/site-packages/airflow/example_dags/example_task_group.py
[2026-07-15T16:48:18.861+0200] {processor.py:829} INFO - Processing file /home/ai/.local/lib/python3.9/site-packages/airflow/example_dags/example_task_group.py for tasks to queue
[2026-07-15T16:48:18.862+0200] {logging_mixin.py:151} INFO - [2026-07-15T16:48:18.861+0200] {dagbag.py:536} INFO - Filling up the DagBag from /home/ai/.local/lib/python3.9/site-packages/airflow/example_dags/example_task_group.py
[2026-07-15T16:48:18.871+0200] {processor.py:839} INFO - DAG(s) dict_keys(['example_task_group']) retrieved from /home/ai/.local/lib/python3.9/site-packages/airflow/example_dags/example_task_group.py
[2026-07-15T16:48:18.888+0200] {logging_mixin.py:151} INFO - [2026-07-15T16:48:18.887+0200] {dag.py:2941} INFO - Sync 1 DAGs
[2026-07-15T16:48:18.906+0200] {logging_mixin.py:151} INFO - [2026-07-15T16:48:18.906+0200] {dag.py:3722} INFO - Setting next_dagrun for example_task_group to 2026-07-14T14:48:18.906491+00:00, run_after=2026-07-15T14:48:18.906491+00:00
[2026-07-15T16:48:18.937+0200] {processor.py:179} INFO - Processing /home/ai/.local/lib/python3.9/site-packages/airflow/example_dags/example_task_group.py took 0.084 seconds
[2026-07-15T16:49:19.713+0200] {processor.py:157} INFO - Started process (PID=3441495) to work on /home/ai/.local/lib/python3.9/site-packages/airflow/example_dags/example_task_group.py
[2026-07-15T16:49:19.715+0200] {processor.py:829} INFO - Processing file /home/ai/.local/lib/python3.9/site-packages/airflow/example_dags/example_task_group.py for tasks to queue
[2026-07-15T16:49:19.715+0200] {logging_mixin.py:151} INFO - [2026-07-15T16:49:19.715+0200] {dagbag.py:536} INFO - Filling up the DagBag from /home/ai/.local/lib/python3.9/site-packages/airflow/example_dags/example_task_group.py
[2026-07-15T16:49:19.724+0200] {processor.py:839} INFO - DAG(s) dict_keys(['example_task_group']) retrieved from /home/ai/.local/lib/python3.9/site-packages/airflow/example_dags/example_task_group.py
[2026-07-15T16:49:19.740+0200] {logging_mixin.py:151} INFO - [2026-07-15T16:49:19.740+0200] {dag.py:2941} INFO - Sync 1 DAGs
[2026-07-15T16:49:19.758+0200] {logging_mixin.py:151} INFO - [2026-07-15T16:49:19.758+0200] {dag.py:3722} INFO - Setting next_dagrun for example_task_group to 2026-07-14T14:49:19.758216+00:00, run_after=2026-07-15T14:49:19.758216+00:00
[2026-07-15T16:49:22.165+0200] {processor.py:179} INFO - Processing /home/ai/.local/lib/python3.9/site-packages/airflow/example_dags/example_task_group.py took 2.456 seconds
[2026-07-15T16:51:14.123+0200] {processor.py:157} INFO - Started process (PID=3443354) to work on /home/ai/.local/lib/python3.9/site-packages/airflow/example_dags/example_task_group.py
[2026-07-15T16:51:14.125+0200] {processor.py:829} INFO - Processing file /home/ai/.local/lib/python3.9/site-packages/airflow/example_dags/example_task_group.py for tasks to queue
[2026-07-15T16:51:14.125+0200] {logging_mixin.py:151} INFO - [2026-07-15T16:51:14.125+0200] {dagbag.py:536} INFO - Filling up the DagBag from /home/ai/.local/lib/python3.9/site-packages/airflow/example_dags/example_task_group.py
[2026-07-15T16:51:14.134+0200] {processor.py:839} INFO - DAG(s) dict_keys(['example_task_group']) retrieved from /home/ai/.local/lib/python3.9/site-packages/airflow/example_dags/example_task_group.py
[2026-07-15T16:51:14.151+0200] {logging_mixin.py:151} INFO - [2026-07-15T16:51:14.151+0200] {dag.py:2941} INFO - Sync 1 DAGs
[2026-07-15T16:51:14.169+0200] {logging_mixin.py:151} INFO - [2026-07-15T16:51:14.169+0200] {dag.py:3722} INFO - Setting next_dagrun for example_task_group to 2026-07-14T14:51:14.169097+00:00, run_after=2026-07-15T14:51:14.169097+00:00
[2026-07-15T16:51:14.187+0200] {processor.py:179} INFO - Processing /home/ai/.local/lib/python3.9/site-packages/airflow/example_dags/example_task_group.py took 0.070 seconds
[2026-07-15T16:52:12.146+0200] {processor.py:157} INFO - Started process (PID=3444404) to work on /home/ai/.local/lib/python3.9/site-packages/airflow/example_dags/example_task_group.py
[2026-07-15T16:52:12.148+0200] {processor.py:829} INFO - Processing file /home/ai/.local/lib/python3.9/site-packages/airflow/example_dags/example_task_group.py for tasks to queue
[2026-07-15T16:52:12.149+0200] {logging_mixin.py:151} INFO - [2026-07-15T16:52:12.148+0200] {dagbag.py:536} INFO - Filling up the DagBag from /home/ai/.local/lib/python3.9/site-packages/airflow/example_dags/example_task_group.py
[2026-07-15T16:52:12.157+0200] {processor.py:839} INFO - DAG(s) dict_keys(['example_task_group']) retrieved from /home/ai/.local/lib/python3.9/site-packages/airflow/example_dags/example_task_group.py
[2026-07-15T16:52:12.173+0200] {logging_mixin.py:151} INFO - [2026-07-15T16:52:12.173+0200] {dag.py:2941} INFO - Sync 1 DAGs
[2026-07-15T16:52:12.189+0200] {logging_mixin.py:151} INFO - [2026-07-15T16:52:12.189+0200] {dag.py:3722} INFO - Setting next_dagrun for example_task_group to 2026-07-14T14:52:12.189262+00:00, run_after=2026-07-15T14:52:12.189262+00:00
[2026-07-15T16:52:13.853+0200] {processor.py:179} INFO - Processing /home/ai/.local/lib/python3.9/site-packages/airflow/example_dags/example_task_group.py took 1.712 seconds
[2026-07-15T16:53:18.701+0200] {processor.py:157} INFO - Started process (PID=3445522) to work on /home/ai/.local/lib/python3.9/site-packages/airflow/example_dags/example_task_group.py
[2026-07-15T16:53:18.703+0200] {processor.py:829} INFO - Processing file /home/ai/.local/lib/python3.9/site-packages/airflow/example_dags/example_task_group.py for tasks to queue
[2026-07-15T16:53:18.704+0200] {logging_mixin.py:151} INFO - [2026-07-15T16:53:18.704+0200] {dagbag.py:536} INFO - Filling up the DagBag from /home/ai/.local/lib/python3.9/site-packages/airflow/example_dags/example_task_group.py
[2026-07-15T16:53:18.713+0200] {processor.py:839} INFO - DAG(s) dict_keys(['example_task_group']) retrieved from /home/ai/.local/lib/python3.9/site-packages/airflow/example_dags/example_task_group.py
[2026-07-15T16:53:18.728+0200] {logging_mixin.py:151} INFO - [2026-07-15T16:53:18.728+0200] {dag.py:2941} INFO - Sync 1 DAGs
[2026-07-15T16:53:18.744+0200] {logging_mixin.py:151} INFO - [2026-07-15T16:53:18.744+0200] {dag.py:3722} INFO - Setting next_dagrun for example_task_group to 2026-07-14T14:53:18.744634+00:00, run_after=2026-07-15T14:53:18.744634+00:00
[2026-07-15T16:53:19.888+0200] {processor.py:179} INFO - Processing /home/ai/.local/lib/python3.9/site-packages/airflow/example_dags/example_task_group.py took 1.193 seconds
[2026-07-15T16:54:26.650+0200] {processor.py:157} INFO - Started process (PID=3446709) to work on /home/ai/.local/lib/python3.9/site-packages/airflow/example_dags/example_task_group.py
[2026-07-15T16:54:26.699+0200] {processor.py:829} INFO - Processing file /home/ai/.local/lib/python3.9/site-packages/airflow/example_dags/example_task_group.py for tasks to queue
[2026-07-15T16:54:26.702+0200] {logging_mixin.py:151} INFO - [2026-07-15T16:54:26.701+0200] {dagbag.py:536} INFO - Filling up the DagBag from /home/ai/.local/lib/python3.9/site-packages/airflow/example_dags/example_task_group.py
[2026-07-15T16:54:26.715+0200] {processor.py:839} INFO - DAG(s) dict_keys(['example_task_group']) retrieved from /home/ai/.local/lib/python3.9/site-packages/airflow/example_dags/example_task_group.py
[2026-07-15T16:54:26.732+0200] {logging_mixin.py:151} INFO - [2026-07-15T16:54:26.732+0200] {dag.py:2941} INFO - Sync 1 DAGs
[2026-07-15T16:54:26.750+0200] {logging_mixin.py:151} INFO - [2026-07-15T16:54:26.750+0200] {dag.py:3722} INFO - Setting next_dagrun for example_task_group to 2026-07-14T14:54:26.750561+00:00, run_after=2026-07-15T14:54:26.750561+00:00
[2026-07-15T16:54:26.836+0200] {processor.py:179} INFO - Processing /home/ai/.local/lib/python3.9/site-packages/airflow/example_dags/example_task_group.py took 0.193 seconds
[2026-07-15T16:55:34.635+0200] {processor.py:157} INFO - Started process (PID=3447804) to work on /home/ai/.local/lib/python3.9/site-packages/airflow/example_dags/example_task_group.py
[2026-07-15T16:55:34.642+0200] {processor.py:829} INFO - Processing file /home/ai/.local/lib/python3.9/site-packages/airflow/example_dags/example_task_group.py for tasks to queue
[2026-07-15T16:55:34.643+0200] {logging_mixin.py:151} INFO - [2026-07-15T16:55:34.643+0200] {dagbag.py:536} INFO - Filling up the DagBag from /home/ai/.local/lib/python3.9/site-packages/airflow/example_dags/example_task_group.py
[2026-07-15T16:55:34.653+0200] {processor.py:839} INFO - DAG(s) dict_keys(['example_task_group']) retrieved from /home/ai/.local/lib/python3.9/site-packages/airflow/example_dags/example_task_group.py
[2026-07-15T16:55:34.680+0200] {logging_mixin.py:151} INFO - [2026-07-15T16:55:34.680+0200] {dag.py:2941} INFO - Sync 1 DAGs
[2026-07-15T16:55:34.701+0200] {logging_mixin.py:151} INFO - [2026-07-15T16:55:34.700+0200] {dag.py:3722} INFO - Setting next_dagrun for example_task_group to 2026-07-14T14:55:34.700729+00:00, run_after=2026-07-15T14:55:34.700729+00:00
[2026-07-15T16:55:34.719+0200] {processor.py:179} INFO - Processing /home/ai/.local/lib/python3.9/site-packages/airflow/example_dags/example_task_group.py took 0.090 seconds
[2026-07-15T16:56:31.907+0200] {processor.py:157} INFO - Started process (PID=3448792) to work on /home/ai/.local/lib/python3.9/site-packages/airflow/example_dags/example_task_group.py
[2026-07-15T16:56:33.127+0200] {processor.py:829} INFO - Processing file /home/ai/.local/lib/python3.9/site-packages/airflow/example_dags/example_task_group.py for tasks to queue
[2026-07-15T16:56:33.129+0200] {logging_mixin.py:151} INFO - [2026-07-15T16:56:33.128+0200] {dagbag.py:536} INFO - Filling up the DagBag from /home/ai/.local/lib/python3.9/site-packages/airflow/example_dags/example_task_group.py
[2026-07-15T16:56:33.143+0200] {processor.py:839} INFO - DAG(s) dict_keys(['example_task_group']) retrieved from /home/ai/.local/lib/python3.9/site-packages/airflow/example_dags/example_task_group.py
[2026-07-15T16:56:33.159+0200] {logging_mixin.py:151} INFO - [2026-07-15T16:56:33.159+0200] {dag.py:2941} INFO - Sync 1 DAGs
[2026-07-15T16:56:33.176+0200] {logging_mixin.py:151} INFO - [2026-07-15T16:56:33.176+0200] {dag.py:3722} INFO - Setting next_dagrun for example_task_group to 2026-07-14T14:56:33.176471+00:00, run_after=2026-07-15T14:56:33.176471+00:00
[2026-07-15T16:56:34.834+0200] {processor.py:179} INFO - Processing /home/ai/.local/lib/python3.9/site-packages/airflow/example_dags/example_task_group.py took 2.930 seconds
[2026-07-15T16:57:43.693+0200] {processor.py:157} INFO - Started process (PID=3450016) to work on /home/ai/.local/lib/python3.9/site-packages/airflow/example_dags/example_task_group.py
[2026-07-15T16:57:43.695+0200] {processor.py:829} INFO - Processing file /home/ai/.local/lib/python3.9/site-packages/airflow/example_dags/example_task_group.py for tasks to queue
[2026-07-15T16:57:43.696+0200] {logging_mixin.py:151} INFO - [2026-07-15T16:57:43.696+0200] {dagbag.py:536} INFO - Filling up the DagBag from /home/ai/.local/lib/python3.9/site-packages/airflow/example_dags/example_task_group.py
[2026-07-15T16:57:43.706+0200] {processor.py:839} INFO - DAG(s) dict_keys(['example_task_group']) retrieved from /home/ai/.local/lib/python3.9/site-packages/airflow/example_dags/example_task_group.py
[2026-07-15T16:57:43.724+0200] {logging_mixin.py:151} INFO - [2026-07-15T16:57:43.723+0200] {dag.py:2941} INFO - Sync 1 DAGs
[2026-07-15T16:57:43.750+0200] {logging_mixin.py:151} INFO - [2026-07-15T16:57:43.750+0200] {dag.py:3722} INFO - Setting next_dagrun for example_task_group to 2026-07-14T14:57:43.750197+00:00, run_after=2026-07-15T14:57:43.750197+00:00
[2026-07-15T16:57:44.867+0200] {processor.py:179} INFO - Processing /home/ai/.local/lib/python3.9/site-packages/airflow/example_dags/example_task_group.py took 1.178 seconds
[2026-07-15T16:59:13.752+0200] {processor.py:157} INFO - Started process (PID=3451657) to work on /home/ai/.local/lib/python3.9/site-packages/airflow/example_dags/example_task_group.py
[2026-07-15T16:59:14.661+0200] {processor.py:829} INFO - Processing file /home/ai/.local/lib/python3.9/site-packages/airflow/example_dags/example_task_group.py for tasks to queue
[2026-07-15T16:59:14.663+0200] {logging_mixin.py:151} INFO - [2026-07-15T16:59:14.662+0200] {dagbag.py:536} INFO - Filling up the DagBag from /home/ai/.local/lib/python3.9/site-packages/airflow/example_dags/example_task_group.py
[2026-07-15T16:59:14.676+0200] {processor.py:839} INFO - DAG(s) dict_keys(['example_task_group']) retrieved from /home/ai/.local/lib/python3.9/site-packages/airflow/example_dags/example_task_group.py
[2026-07-15T16:59:14.693+0200] {logging_mixin.py:151} INFO - [2026-07-15T16:59:14.692+0200] {dag.py:2941} INFO - Sync 1 DAGs
[2026-07-15T16:59:14.712+0200] {logging_mixin.py:151} INFO - [2026-07-15T16:59:14.711+0200] {dag.py:3722} INFO - Setting next_dagrun for example_task_group to 2026-07-14T14:59:14.711692+00:00, run_after=2026-07-15T14:59:14.711692+00:00
[2026-07-15T16:59:17.259+0200] {processor.py:179} INFO - Processing /home/ai/.local/lib/python3.9/site-packages/airflow/example_dags/example_task_group.py took 3.512 seconds
[2026-07-15T17:00:59.132+0200] {processor.py:157} INFO - Started process (PID=3453484) to work on /home/ai/.local/lib/python3.9/site-packages/airflow/example_dags/example_task_group.py
[2026-07-15T17:00:59.133+0200] {processor.py:829} INFO - Processing file /home/ai/.local/lib/python3.9/site-packages/airflow/example_dags/example_task_group.py for tasks to queue
[2026-07-15T17:00:59.134+0200] {logging_mixin.py:151} INFO - [2026-07-15T17:00:59.134+0200] {dagbag.py:536} INFO - Filling up the DagBag from /home/ai/.local/lib/python3.9/site-packages/airflow/example_dags/example_task_group.py
[2026-07-15T17:00:59.143+0200] {processor.py:839} INFO - DAG(s) dict_keys(['example_task_group']) retrieved from /home/ai/.local/lib/python3.9/site-packages/airflow/example_dags/example_task_group.py
[2026-07-15T17:00:59.160+0200] {logging_mixin.py:151} INFO - [2026-07-15T17:00:59.160+0200] {dag.py:2941} INFO - Sync 1 DAGs
[2026-07-15T17:00:59.178+0200] {logging_mixin.py:151} INFO - [2026-07-15T17:00:59.178+0200] {dag.py:3722} INFO - Setting next_dagrun for example_task_group to 2026-07-14T15:00:59.178326+00:00, run_after=2026-07-15T15:00:59.178326+00:00
[2026-07-15T17:00:59.196+0200] {processor.py:179} INFO - Processing /home/ai/.local/lib/python3.9/site-packages/airflow/example_dags/example_task_group.py took 0.069 seconds
[2026-07-15T17:03:05.451+0200] {processor.py:157} INFO - Started process (PID=3455696) to work on /home/ai/.local/lib/python3.9/site-packages/airflow/example_dags/example_task_group.py
[2026-07-15T17:03:05.558+0200] {processor.py:829} INFO - Processing file /home/ai/.local/lib/python3.9/site-packages/airflow/example_dags/example_task_group.py for tasks to queue
[2026-07-15T17:03:05.561+0200] {logging_mixin.py:151} INFO - [2026-07-15T17:03:05.560+0200] {dagbag.py:536} INFO - Filling up the DagBag from /home/ai/.local/lib/python3.9/site-packages/airflow/example_dags/example_task_group.py
[2026-07-15T17:03:05.579+0200] {processor.py:839} INFO - DAG(s) dict_keys(['example_task_group']) retrieved from /home/ai/.local/lib/python3.9/site-packages/airflow/example_dags/example_task_group.py
[2026-07-15T17:03:05.603+0200] {logging_mixin.py:151} INFO - [2026-07-15T17:03:05.603+0200] {dag.py:2941} INFO - Sync 1 DAGs
[2026-07-15T17:03:05.622+0200] {logging_mixin.py:151} INFO - [2026-07-15T17:03:05.622+0200] {dag.py:3722} INFO - Setting next_dagrun for example_task_group to 2026-07-14T15:03:05.622112+00:00, run_after=2026-07-15T15:03:05.622112+00:00
[2026-07-15T17:03:07.460+0200] {processor.py:179} INFO - Processing /home/ai/.local/lib/python3.9/site-packages/airflow/example_dags/example_task_group.py took 2.013 seconds
[2026-07-15T17:04:21.929+0200] {processor.py:157} INFO - Started process (PID=3457069) to work on /home/ai/.local/lib/python3.9/site-packages/airflow/example_dags/example_task_group.py
[2026-07-15T17:04:21.930+0200] {processor.py:829} INFO - Processing file /home/ai/.local/lib/python3.9/site-packages/airflow/example_dags/example_task_group.py for tasks to queue
[2026-07-15T17:04:21.931+0200] {logging_mixin.py:151} INFO - [2026-07-15T17:04:21.931+0200] {dagbag.py:536} INFO - Filling up the DagBag from /home/ai/.local/lib/python3.9/site-packages/airflow/example_dags/example_task_group.py
[2026-07-15T17:04:21.939+0200] {processor.py:839} INFO - DAG(s) dict_keys(['example_task_group']) retrieved from /home/ai/.local/lib/python3.9/site-packages/airflow/example_dags/example_task_group.py
[2026-07-15T17:04:21.956+0200] {logging_mixin.py:151} INFO - [2026-07-15T17:04:21.955+0200] {dag.py:2941} INFO - Sync 1 DAGs
[2026-07-15T17:04:21.975+0200] {logging_mixin.py:151} INFO - [2026-07-15T17:04:21.974+0200] {dag.py:3722} INFO - Setting next_dagrun for example_task_group to 2026-07-14T15:04:21.974731+00:00, run_after=2026-07-15T15:04:21.974731+00:00
[2026-07-15T17:04:21.993+0200] {processor.py:179} INFO - Processing /home/ai/.local/lib/python3.9/site-packages/airflow/example_dags/example_task_group.py took 0.070 seconds
[2026-07-15T17:05:21.107+0200] {processor.py:157} INFO - Started process (PID=3458040) to work on /home/ai/.local/lib/python3.9/site-packages/airflow/example_dags/example_task_group.py
[2026-07-15T17:05:21.108+0200] {processor.py:829} INFO - Processing file /home/ai/.local/lib/python3.9/site-packages/airflow/example_dags/example_task_group.py for tasks to queue
[2026-07-15T17:05:21.110+0200] {logging_mixin.py:151} INFO - [2026-07-15T17:05:21.109+0200] {dagbag.py:536} INFO - Filling up the DagBag from /home/ai/.local/lib/python3.9/site-packages/airflow/example_dags/example_task_group.py
[2026-07-15T17:05:21.125+0200] {processor.py:839} INFO - DAG(s) dict_keys(['example_task_group']) retrieved from /home/ai/.local/lib/python3.9/site-packages/airflow/example_dags/example_task_group.py
[2026-07-15T17:05:21.141+0200] {logging_mixin.py:151} INFO - [2026-07-15T17:05:21.141+0200] {dag.py:2941} INFO - Sync 1 DAGs
[2026-07-15T17:05:21.160+0200] {logging_mixin.py:151} INFO - [2026-07-15T17:05:21.159+0200] {dag.py:3722} INFO - Setting next_dagrun for example_task_group to 2026-07-14T15:05:21.159624+00:00, run_after=2026-07-15T15:05:21.159624+00:00
[2026-07-15T17:05:21.242+0200] {processor.py:179} INFO - Processing /home/ai/.local/lib/python3.9/site-packages/airflow/example_dags/example_task_group.py took 0.139 seconds
[2026-07-15T17:06:33.376+0200] {processor.py:157} INFO - Started process (PID=3459219) to work on /home/ai/.local/lib/python3.9/site-packages/airflow/example_dags/example_task_group.py
[2026-07-15T17:06:33.378+0200] {processor.py:829} INFO - Processing file /home/ai/.local/lib/python3.9/site-packages/airflow/example_dags/example_task_group.py for tasks to queue
[2026-07-15T17:06:33.379+0200] {logging_mixin.py:151} INFO - [2026-07-15T17:06:33.379+0200] {dagbag.py:536} INFO - Filling up the DagBag from /home/ai/.local/lib/python3.9/site-packages/airflow/example_dags/example_task_group.py
[2026-07-15T17:06:33.388+0200] {processor.py:839} INFO - DAG(s) dict_keys(['example_task_group']) retrieved from /home/ai/.local/lib/python3.9/site-packages/airflow/example_dags/example_task_group.py
[2026-07-15T17:06:33.404+0200] {logging_mixin.py:151} INFO - [2026-07-15T17:06:33.404+0200] {dag.py:2941} INFO - Sync 1 DAGs
[2026-07-15T17:06:33.422+0200] {logging_mixin.py:151} INFO - [2026-07-15T17:06:33.422+0200] {dag.py:3722} INFO - Setting next_dagrun for example_task_group to 2026-07-14T15:06:33.422147+00:00, run_after=2026-07-15T15:06:33.422147+00:00
[2026-07-15T17:06:33.441+0200] {processor.py:179} INFO - Processing /home/ai/.local/lib/python3.9/site-packages/airflow/example_dags/example_task_group.py took 0.071 seconds
[2026-07-15T17:07:42.002+0200] {processor.py:157} INFO - Started process (PID=3460356) to work on /home/ai/.local/lib/python3.9/site-packages/airflow/example_dags/example_task_group.py
[2026-07-15T17:07:42.170+0200] {processor.py:829} INFO - Processing file /home/ai/.local/lib/python3.9/site-packages/airflow/example_dags/example_task_group.py for tasks to queue
[2026-07-15T17:07:42.172+0200] {logging_mixin.py:151} INFO - [2026-07-15T17:07:42.171+0200] {dagbag.py:536} INFO - Filling up the DagBag from /home/ai/.local/lib/python3.9/site-packages/airflow/example_dags/example_task_group.py
[2026-07-15T17:07:42.187+0200] {processor.py:839} INFO - DAG(s) dict_keys(['example_task_group']) retrieved from /home/ai/.local/lib/python3.9/site-packages/airflow/example_dags/example_task_group.py
[2026-07-15T17:07:42.205+0200] {logging_mixin.py:151} INFO - [2026-07-15T17:07:42.204+0200] {dag.py:2941} INFO - Sync 1 DAGs
[2026-07-15T17:07:42.223+0200] {logging_mixin.py:151} INFO - [2026-07-15T17:07:42.223+0200] {dag.py:3722} INFO - Setting next_dagrun for example_task_group to 2026-07-14T15:07:42.223096+00:00, run_after=2026-07-15T15:07:42.223096+00:00
[2026-07-15T17:07:45.417+0200] {processor.py:179} INFO - Processing /home/ai/.local/lib/python3.9/site-packages/airflow/example_dags/example_task_group.py took 3.421 seconds
[2026-07-15T17:09:10.806+0200] {processor.py:157} INFO - Started process (PID=3461883) to work on /home/ai/.local/lib/python3.9/site-packages/airflow/example_dags/example_task_group.py
[2026-07-15T17:09:10.808+0200] {processor.py:829} INFO - Processing file /home/ai/.local/lib/python3.9/site-packages/airflow/example_dags/example_task_group.py for tasks to queue
[2026-07-15T17:09:10.809+0200] {logging_mixin.py:151} INFO - [2026-07-15T17:09:10.808+0200] {dagbag.py:536} INFO - Filling up the DagBag from /home/ai/.local/lib/python3.9/site-packages/airflow/example_dags/example_task_group.py
[2026-07-15T17:09:10.817+0200] {processor.py:839} INFO - DAG(s) dict_keys(['example_task_group']) retrieved from /home/ai/.local/lib/python3.9/site-packages/airflow/example_dags/example_task_group.py
[2026-07-15T17:09:10.832+0200] {logging_mixin.py:151} INFO - [2026-07-15T17:09:10.832+0200] {dag.py:2941} INFO - Sync 1 DAGs
[2026-07-15T17:09:10.849+0200] {logging_mixin.py:151} INFO - [2026-07-15T17:09:10.849+0200] {dag.py:3722} INFO - Setting next_dagrun for example_task_group to 2026-07-14T15:09:10.849289+00:00, run_after=2026-07-15T15:09:10.849289+00:00
[2026-07-15T17:09:11.263+0200] {processor.py:179} INFO - Processing /home/ai/.local/lib/python3.9/site-packages/airflow/example_dags/example_task_group.py took 0.461 seconds
[2026-07-15T17:10:58.490+0200] {processor.py:157} INFO - Started process (PID=3463655) to work on /home/ai/.local/lib/python3.9/site-packages/airflow/example_dags/example_task_group.py
[2026-07-15T17:10:58.569+0200] {processor.py:829} INFO - Processing file /home/ai/.local/lib/python3.9/site-packages/airflow/example_dags/example_task_group.py for tasks to queue
[2026-07-15T17:10:58.571+0200] {logging_mixin.py:151} INFO - [2026-07-15T17:10:58.570+0200] {dagbag.py:536} INFO - Filling up the DagBag from /home/ai/.local/lib/python3.9/site-packages/airflow/example_dags/example_task_group.py
[2026-07-15T17:10:58.589+0200] {processor.py:839} INFO - DAG(s) dict_keys(['example_task_group']) retrieved from /home/ai/.local/lib/python3.9/site-packages/airflow/example_dags/example_task_group.py
[2026-07-15T17:10:58.606+0200] {logging_mixin.py:151} INFO - [2026-07-15T17:10:58.606+0200] {dag.py:2941} INFO - Sync 1 DAGs
[2026-07-15T17:10:58.630+0200] {logging_mixin.py:151} INFO - [2026-07-15T17:10:58.630+0200] {dag.py:3722} INFO - Setting next_dagrun for example_task_group to 2026-07-14T15:10:58.629649+00:00, run_after=2026-07-15T15:10:58.629649+00:00
[2026-07-15T17:11:00.401+0200] {processor.py:179} INFO - Processing /home/ai/.local/lib/python3.9/site-packages/airflow/example_dags/example_task_group.py took 1.914 seconds
[2026-07-15T17:12:13.480+0200] {processor.py:157} INFO - Started process (PID=3464932) to work on /home/ai/.local/lib/python3.9/site-packages/airflow/example_dags/example_task_group.py
[2026-07-15T17:12:13.481+0200] {processor.py:829} INFO - Processing file /home/ai/.local/lib/python3.9/site-packages/airflow/example_dags/example_task_group.py for tasks to queue
[2026-07-15T17:12:13.483+0200] {logging_mixin.py:151} INFO - [2026-07-15T17:12:13.482+0200] {dagbag.py:536} INFO - Filling up the DagBag from /home/ai/.local/lib/python3.9/site-packages/airflow/example_dags/example_task_group.py
[2026-07-15T17:12:13.491+0200] {processor.py:839} INFO - DAG(s) dict_keys(['example_task_group']) retrieved from /home/ai/.local/lib/python3.9/site-packages/airflow/example_dags/example_task_group.py
[2026-07-15T17:12:13.508+0200] {logging_mixin.py:151} INFO - [2026-07-15T17:12:13.508+0200] {dag.py:2941} INFO - Sync 1 DAGs
[2026-07-15T17:12:13.534+0200] {logging_mixin.py:151} INFO - [2026-07-15T17:12:13.534+0200] {dag.py:3722} INFO - Setting next_dagrun for example_task_group to 2026-07-14T15:12:13.533859+00:00, run_after=2026-07-15T15:12:13.533859+00:00
[2026-07-15T17:12:13.558+0200] {processor.py:179} INFO - Processing /home/ai/.local/lib/python3.9/site-packages/airflow/example_dags/example_task_group.py took 0.083 seconds
[2026-07-15T17:13:51.409+0200] {processor.py:157} INFO - Started process (PID=3466766) to work on /home/ai/.local/lib/python3.9/site-packages/airflow/example_dags/example_task_group.py
[2026-07-15T17:13:51.410+0200] {processor.py:829} INFO - Processing file /home/ai/.local/lib/python3.9/site-packages/airflow/example_dags/example_task_group.py for tasks to queue
[2026-07-15T17:13:51.411+0200] {logging_mixin.py:151} INFO - [2026-07-15T17:13:51.411+0200] {dagbag.py:536} INFO - Filling up the DagBag from /home/ai/.local/lib/python3.9/site-packages/airflow/example_dags/example_task_group.py
[2026-07-15T17:13:51.420+0200] {processor.py:839} INFO - DAG(s) dict_keys(['example_task_group']) retrieved from /home/ai/.local/lib/python3.9/site-packages/airflow/example_dags/example_task_group.py
[2026-07-15T17:13:51.450+0200] {logging_mixin.py:151} INFO - [2026-07-15T17:13:51.450+0200] {dag.py:2941} INFO - Sync 1 DAGs
[2026-07-15T17:13:51.468+0200] {logging_mixin.py:151} INFO - [2026-07-15T17:13:51.468+0200] {dag.py:3722} INFO - Setting next_dagrun for example_task_group to 2026-07-14T15:13:51.468441+00:00, run_after=2026-07-15T15:13:51.468441+00:00
[2026-07-15T17:13:51.504+0200] {processor.py:179} INFO - Processing /home/ai/.local/lib/python3.9/site-packages/airflow/example_dags/example_task_group.py took 0.099 seconds
[2026-07-15T17:15:19.109+0200] {processor.py:157} INFO - Started process (PID=3468427) to work on /home/ai/.local/lib/python3.9/site-packages/airflow/example_dags/example_task_group.py
[2026-07-15T17:15:19.111+0200] {processor.py:829} INFO - Processing file /home/ai/.local/lib/python3.9/site-packages/airflow/example_dags/example_task_group.py for tasks to queue
[2026-07-15T17:15:19.113+0200] {logging_mixin.py:151} INFO - [2026-07-15T17:15:19.112+0200] {dagbag.py:536} INFO - Filling up the DagBag from /home/ai/.local/lib/python3.9/site-packages/airflow/example_dags/example_task_group.py
[2026-07-15T17:15:19.121+0200] {processor.py:839} INFO - DAG(s) dict_keys(['example_task_group']) retrieved from /home/ai/.local/lib/python3.9/site-packages/airflow/example_dags/example_task_group.py
[2026-07-15T17:15:19.137+0200] {logging_mixin.py:151} INFO - [2026-07-15T17:15:19.137+0200] {dag.py:2941} INFO - Sync 1 DAGs
[2026-07-15T17:15:19.154+0200] {logging_mixin.py:151} INFO - [2026-07-15T17:15:19.154+0200] {dag.py:3722} INFO - Setting next_dagrun for example_task_group to 2026-07-14T15:15:19.154206+00:00, run_after=2026-07-15T15:15:19.154206+00:00
[2026-07-15T17:15:19.173+0200] {processor.py:179} INFO - Processing /home/ai/.local/lib/python3.9/site-packages/airflow/example_dags/example_task_group.py took 0.069 seconds
[2026-07-15T17:16:20.367+0200] {processor.py:157} INFO - Started process (PID=3469713) to work on /home/ai/.local/lib/python3.9/site-packages/airflow/example_dags/example_task_group.py
[2026-07-15T17:16:20.368+0200] {processor.py:829} INFO - Processing file /home/ai/.local/lib/python3.9/site-packages/airflow/example_dags/example_task_group.py for tasks to queue
[2026-07-15T17:16:20.369+0200] {logging_mixin.py:151} INFO - [2026-07-15T17:16:20.369+0200] {dagbag.py:536} INFO - Filling up the DagBag from /home/ai/.local/lib/python3.9/site-packages/airflow/example_dags/example_task_group.py
[2026-07-15T17:16:20.377+0200] {processor.py:839} INFO - DAG(s) dict_keys(['example_task_group']) retrieved from /home/ai/.local/lib/python3.9/site-packages/airflow/example_dags/example_task_group.py
[2026-07-15T17:16:20.393+0200] {logging_mixin.py:151} INFO - [2026-07-15T17:16:20.393+0200] {dag.py:2941} INFO - Sync 1 DAGs
[2026-07-15T17:16:20.413+0200] {logging_mixin.py:151} INFO - [2026-07-15T17:16:20.412+0200] {dag.py:3722} INFO - Setting next_dagrun for example_task_group to 2026-07-14T15:16:20.412604+00:00, run_after=2026-07-15T15:16:20.412604+00:00
[2026-07-15T17:16:20.464+0200] {processor.py:179} INFO - Processing /home/ai/.local/lib/python3.9/site-packages/airflow/example_dags/example_task_group.py took 0.101 seconds
[2026-07-15T17:18:01.470+0200] {processor.py:157} INFO - Started process (PID=3471953) to work on /home/ai/.local/lib/python3.9/site-packages/airflow/example_dags/example_task_group.py
[2026-07-15T17:18:01.526+0200] {processor.py:829} INFO - Processing file /home/ai/.local/lib/python3.9/site-packages/airflow/example_dags/example_task_group.py for tasks to queue
[2026-07-15T17:18:01.528+0200] {logging_mixin.py:151} INFO - [2026-07-15T17:18:01.527+0200] {dagbag.py:536} INFO - Filling up the DagBag from /home/ai/.local/lib/python3.9/site-packages/airflow/example_dags/example_task_group.py
[2026-07-15T17:18:01.542+0200] {processor.py:839} INFO - DAG(s) dict_keys(['example_task_group']) retrieved from /home/ai/.local/lib/python3.9/site-packages/airflow/example_dags/example_task_group.py
[2026-07-15T17:18:01.559+0200] {logging_mixin.py:151} INFO - [2026-07-15T17:18:01.559+0200] {dag.py:2941} INFO - Sync 1 DAGs
[2026-07-15T17:18:01.576+0200] {logging_mixin.py:151} INFO - [2026-07-15T17:18:01.576+0200] {dag.py:3722} INFO - Setting next_dagrun for example_task_group to 2026-07-14T15:18:01.576427+00:00, run_after=2026-07-15T15:18:01.576427+00:00
[2026-07-15T17:18:01.595+0200] {processor.py:179} INFO - Processing /home/ai/.local/lib/python3.9/site-packages/airflow/example_dags/example_task_group.py took 0.130 seconds
[2026-07-15T17:19:09.077+0200] {processor.py:157} INFO - Started process (PID=3473279) to work on /home/ai/.local/lib/python3.9/site-packages/airflow/example_dags/example_task_group.py
[2026-07-15T17:19:09.078+0200] {processor.py:829} INFO - Processing file /home/ai/.local/lib/python3.9/site-packages/airflow/example_dags/example_task_group.py for tasks to queue
[2026-07-15T17:19:09.079+0200] {logging_mixin.py:151} INFO - [2026-07-15T17:19:09.079+0200] {dagbag.py:536} INFO - Filling up the DagBag from /home/ai/.local/lib/python3.9/site-packages/airflow/example_dags/example_task_group.py
[2026-07-15T17:19:09.089+0200] {processor.py:839} INFO - DAG(s) dict_keys(['example_task_group']) retrieved from /home/ai/.local/lib/python3.9/site-packages/airflow/example_dags/example_task_group.py
[2026-07-15T17:19:09.107+0200] {logging_mixin.py:151} INFO - [2026-07-15T17:19:09.107+0200] {dag.py:2941} INFO - Sync 1 DAGs
[2026-07-15T17:19:09.126+0200] {logging_mixin.py:151} INFO - [2026-07-15T17:19:09.126+0200] {dag.py:3722} INFO - Setting next_dagrun for example_task_group to 2026-07-14T15:19:09.126276+00:00, run_after=2026-07-15T15:19:09.126276+00:00
[2026-07-15T17:19:09.393+0200] {processor.py:179} INFO - Processing /home/ai/.local/lib/python3.9/site-packages/airflow/example_dags/example_task_group.py took 0.320 seconds
