[2026-07-15T16:15:13.983+0200] {processor.py:157} INFO - Started process (PID=3405685) to work on /home/ai/.local/lib/python3.9/site-packages/airflow/example_dags/example_sla_dag.py
[2026-07-15T16:15:13.984+0200] {processor.py:829} INFO - Processing file /home/ai/.local/lib/python3.9/site-packages/airflow/example_dags/example_sla_dag.py for tasks to queue
[2026-07-15T16:15:13.984+0200] {logging_mixin.py:151} INFO - [2026-07-15T16:15:13.984+0200] {dagbag.py:536} INFO - Filling up the DagBag from /home/ai/.local/lib/python3.9/site-packages/airflow/example_dags/example_sla_dag.py
[2026-07-15T16:15:13.996+0200] {processor.py:839} INFO - DAG(s) dict_keys(['example_sla_dag']) retrieved from /home/ai/.local/lib/python3.9/site-packages/airflow/example_dags/example_sla_dag.py
[2026-07-15T16:15:14.018+0200] {logging_mixin.py:151} INFO - [2026-07-15T16:15:14.018+0200] {dag.py:2941} INFO - Sync 1 DAGs
[2026-07-15T16:15:14.038+0200] {logging_mixin.py:151} INFO - [2026-07-15T16:15:14.038+0200] {dag.py:3722} INFO - Setting next_dagrun for example_sla_dag to 2026-07-15T14:12:00+00:00, run_after=2026-07-15T14:14:00+00:00
[2026-07-15T16:15:14.776+0200] {processor.py:179} INFO - Processing /home/ai/.local/lib/python3.9/site-packages/airflow/example_dags/example_sla_dag.py took 0.797 seconds
[2026-07-15T16:16:32.410+0200] {processor.py:157} INFO - Started process (PID=3406964) to work on /home/ai/.local/lib/python3.9/site-packages/airflow/example_dags/example_sla_dag.py
[2026-07-15T16:16:32.411+0200] {processor.py:829} INFO - Processing file /home/ai/.local/lib/python3.9/site-packages/airflow/example_dags/example_sla_dag.py for tasks to queue
[2026-07-15T16:16:32.412+0200] {logging_mixin.py:151} INFO - [2026-07-15T16:16:32.412+0200] {dagbag.py:536} INFO - Filling up the DagBag from /home/ai/.local/lib/python3.9/site-packages/airflow/example_dags/example_sla_dag.py
[2026-07-15T16:16:32.421+0200] {processor.py:839} INFO - DAG(s) dict_keys(['example_sla_dag']) retrieved from /home/ai/.local/lib/python3.9/site-packages/airflow/example_dags/example_sla_dag.py
[2026-07-15T16:16:32.436+0200] {logging_mixin.py:151} INFO - [2026-07-15T16:16:32.436+0200] {dag.py:2941} INFO - Sync 1 DAGs
[2026-07-15T16:16:32.456+0200] {logging_mixin.py:151} INFO - [2026-07-15T16:16:32.456+0200] {dag.py:3722} INFO - Setting next_dagrun for example_sla_dag to 2026-07-15T14:14:00+00:00, run_after=2026-07-15T14:16:00+00:00
[2026-07-15T16:16:32.537+0200] {processor.py:179} INFO - Processing /home/ai/.local/lib/python3.9/site-packages/airflow/example_dags/example_sla_dag.py took 0.133 seconds
[2026-07-15T16:18:05.965+0200] {processor.py:157} INFO - Started process (PID=3408617) to work on /home/ai/.local/lib/python3.9/site-packages/airflow/example_dags/example_sla_dag.py
[2026-07-15T16:18:05.966+0200] {processor.py:829} INFO - Processing file /home/ai/.local/lib/python3.9/site-packages/airflow/example_dags/example_sla_dag.py for tasks to queue
[2026-07-15T16:18:05.967+0200] {logging_mixin.py:151} INFO - [2026-07-15T16:18:05.967+0200] {dagbag.py:536} INFO - Filling up the DagBag from /home/ai/.local/lib/python3.9/site-packages/airflow/example_dags/example_sla_dag.py
[2026-07-15T16:18:05.976+0200] {processor.py:839} INFO - DAG(s) dict_keys(['example_sla_dag']) retrieved from /home/ai/.local/lib/python3.9/site-packages/airflow/example_dags/example_sla_dag.py
[2026-07-15T16:18:05.991+0200] {logging_mixin.py:151} INFO - [2026-07-15T16:18:05.991+0200] {dag.py:2941} INFO - Sync 1 DAGs
[2026-07-15T16:18:06.012+0200] {logging_mixin.py:151} INFO - [2026-07-15T16:18:06.012+0200] {dag.py:3722} INFO - Setting next_dagrun for example_sla_dag to 2026-07-15T14:16:00+00:00, run_after=2026-07-15T14:18:00+00:00
[2026-07-15T16:18:06.983+0200] {processor.py:179} INFO - Processing /home/ai/.local/lib/python3.9/site-packages/airflow/example_dags/example_sla_dag.py took 1.023 seconds
[2026-07-15T16:19:32.857+0200] {processor.py:157} INFO - Started process (PID=3410105) to work on /home/ai/.local/lib/python3.9/site-packages/airflow/example_dags/example_sla_dag.py
[2026-07-15T16:19:32.859+0200] {processor.py:829} INFO - Processing file /home/ai/.local/lib/python3.9/site-packages/airflow/example_dags/example_sla_dag.py for tasks to queue
[2026-07-15T16:19:32.860+0200] {logging_mixin.py:151} INFO - [2026-07-15T16:19:32.859+0200] {dagbag.py:536} INFO - Filling up the DagBag from /home/ai/.local/lib/python3.9/site-packages/airflow/example_dags/example_sla_dag.py
[2026-07-15T16:19:32.869+0200] {processor.py:839} INFO - DAG(s) dict_keys(['example_sla_dag']) retrieved from /home/ai/.local/lib/python3.9/site-packages/airflow/example_dags/example_sla_dag.py
[2026-07-15T16:19:32.885+0200] {logging_mixin.py:151} INFO - [2026-07-15T16:19:32.885+0200] {dag.py:2941} INFO - Sync 1 DAGs
[2026-07-15T16:19:32.907+0200] {logging_mixin.py:151} INFO - [2026-07-15T16:19:32.906+0200] {dag.py:3722} INFO - Setting next_dagrun for example_sla_dag to 2026-07-15T14:16:00+00:00, run_after=2026-07-15T14:18:00+00:00
[2026-07-15T16:19:32.924+0200] {processor.py:179} INFO - Processing /home/ai/.local/lib/python3.9/site-packages/airflow/example_dags/example_sla_dag.py took 0.071 seconds
[2026-07-15T16:20:33.218+0200] {processor.py:157} INFO - Started process (PID=3411104) to work on /home/ai/.local/lib/python3.9/site-packages/airflow/example_dags/example_sla_dag.py
[2026-07-15T16:20:33.220+0200] {processor.py:829} INFO - Processing file /home/ai/.local/lib/python3.9/site-packages/airflow/example_dags/example_sla_dag.py for tasks to queue
[2026-07-15T16:20:33.221+0200] {logging_mixin.py:151} INFO - [2026-07-15T16:20:33.220+0200] {dagbag.py:536} INFO - Filling up the DagBag from /home/ai/.local/lib/python3.9/site-packages/airflow/example_dags/example_sla_dag.py
[2026-07-15T16:20:33.230+0200] {processor.py:839} INFO - DAG(s) dict_keys(['example_sla_dag']) retrieved from /home/ai/.local/lib/python3.9/site-packages/airflow/example_dags/example_sla_dag.py
[2026-07-15T16:20:33.244+0200] {logging_mixin.py:151} INFO - [2026-07-15T16:20:33.244+0200] {dag.py:2941} INFO - Sync 1 DAGs
[2026-07-15T16:20:33.265+0200] {logging_mixin.py:151} INFO - [2026-07-15T16:20:33.265+0200] {dag.py:3722} INFO - Setting next_dagrun for example_sla_dag to 2026-07-15T14:18:00+00:00, run_after=2026-07-15T14:20:00+00:00
[2026-07-15T16:20:33.282+0200] {processor.py:179} INFO - Processing /home/ai/.local/lib/python3.9/site-packages/airflow/example_dags/example_sla_dag.py took 0.069 seconds
[2026-07-15T16:22:01.016+0200] {processor.py:157} INFO - Started process (PID=3412575) to work on /home/ai/.local/lib/python3.9/site-packages/airflow/example_dags/example_sla_dag.py
[2026-07-15T16:22:01.018+0200] {processor.py:829} INFO - Processing file /home/ai/.local/lib/python3.9/site-packages/airflow/example_dags/example_sla_dag.py for tasks to queue
[2026-07-15T16:22:01.018+0200] {logging_mixin.py:151} INFO - [2026-07-15T16:22:01.018+0200] {dagbag.py:536} INFO - Filling up the DagBag from /home/ai/.local/lib/python3.9/site-packages/airflow/example_dags/example_sla_dag.py
[2026-07-15T16:22:01.027+0200] {processor.py:839} INFO - DAG(s) dict_keys(['example_sla_dag']) retrieved from /home/ai/.local/lib/python3.9/site-packages/airflow/example_dags/example_sla_dag.py
[2026-07-15T16:22:01.043+0200] {logging_mixin.py:151} INFO - [2026-07-15T16:22:01.042+0200] {dag.py:2941} INFO - Sync 1 DAGs
[2026-07-15T16:22:01.063+0200] {logging_mixin.py:151} INFO - [2026-07-15T16:22:01.063+0200] {dag.py:3722} INFO - Setting next_dagrun for example_sla_dag to 2026-07-15T14:20:00+00:00, run_after=2026-07-15T14:22:00+00:00
[2026-07-15T16:22:01.090+0200] {processor.py:179} INFO - Processing /home/ai/.local/lib/python3.9/site-packages/airflow/example_dags/example_sla_dag.py took 0.080 seconds
[2026-07-15T16:23:32.800+0200] {processor.py:157} INFO - Started process (PID=3414169) to work on /home/ai/.local/lib/python3.9/site-packages/airflow/example_dags/example_sla_dag.py
[2026-07-15T16:23:32.802+0200] {processor.py:829} INFO - Processing file /home/ai/.local/lib/python3.9/site-packages/airflow/example_dags/example_sla_dag.py for tasks to queue
[2026-07-15T16:23:32.803+0200] {logging_mixin.py:151} INFO - [2026-07-15T16:23:32.802+0200] {dagbag.py:536} INFO - Filling up the DagBag from /home/ai/.local/lib/python3.9/site-packages/airflow/example_dags/example_sla_dag.py
[2026-07-15T16:23:32.814+0200] {processor.py:839} INFO - DAG(s) dict_keys(['example_sla_dag']) retrieved from /home/ai/.local/lib/python3.9/site-packages/airflow/example_dags/example_sla_dag.py
[2026-07-15T16:23:32.836+0200] {logging_mixin.py:151} INFO - [2026-07-15T16:23:32.836+0200] {dag.py:2941} INFO - Sync 1 DAGs
[2026-07-15T16:23:32.859+0200] {logging_mixin.py:151} INFO - [2026-07-15T16:23:32.859+0200] {dag.py:3722} INFO - Setting next_dagrun for example_sla_dag to 2026-07-15T14:20:00+00:00, run_after=2026-07-15T14:22:00+00:00
[2026-07-15T16:23:32.881+0200] {processor.py:179} INFO - Processing /home/ai/.local/lib/python3.9/site-packages/airflow/example_dags/example_sla_dag.py took 0.087 seconds
[2026-07-15T16:24:51.568+0200] {processor.py:157} INFO - Started process (PID=3415550) to work on /home/ai/.local/lib/python3.9/site-packages/airflow/example_dags/example_sla_dag.py
[2026-07-15T16:24:51.569+0200] {processor.py:829} INFO - Processing file /home/ai/.local/lib/python3.9/site-packages/airflow/example_dags/example_sla_dag.py for tasks to queue
[2026-07-15T16:24:51.570+0200] {logging_mixin.py:151} INFO - [2026-07-15T16:24:51.570+0200] {dagbag.py:536} INFO - Filling up the DagBag from /home/ai/.local/lib/python3.9/site-packages/airflow/example_dags/example_sla_dag.py
[2026-07-15T16:24:51.579+0200] {processor.py:839} INFO - DAG(s) dict_keys(['example_sla_dag']) retrieved from /home/ai/.local/lib/python3.9/site-packages/airflow/example_dags/example_sla_dag.py
[2026-07-15T16:24:51.594+0200] {logging_mixin.py:151} INFO - [2026-07-15T16:24:51.593+0200] {dag.py:2941} INFO - Sync 1 DAGs
[2026-07-15T16:24:51.614+0200] {logging_mixin.py:151} INFO - [2026-07-15T16:24:51.614+0200] {dag.py:3722} INFO - Setting next_dagrun for example_sla_dag to 2026-07-15T14:22:00+00:00, run_after=2026-07-15T14:24:00+00:00
[2026-07-15T16:24:51.887+0200] {processor.py:179} INFO - Processing /home/ai/.local/lib/python3.9/site-packages/airflow/example_dags/example_sla_dag.py took 0.325 seconds
[2026-07-15T16:26:15.463+0200] {processor.py:157} INFO - Started process (PID=3416941) to work on /home/ai/.local/lib/python3.9/site-packages/airflow/example_dags/example_sla_dag.py
[2026-07-15T16:26:15.465+0200] {processor.py:829} INFO - Processing file /home/ai/.local/lib/python3.9/site-packages/airflow/example_dags/example_sla_dag.py for tasks to queue
[2026-07-15T16:26:15.466+0200] {logging_mixin.py:151} INFO - [2026-07-15T16:26:15.465+0200] {dagbag.py:536} INFO - Filling up the DagBag from /home/ai/.local/lib/python3.9/site-packages/airflow/example_dags/example_sla_dag.py
[2026-07-15T16:26:15.474+0200] {processor.py:839} INFO - DAG(s) dict_keys(['example_sla_dag']) retrieved from /home/ai/.local/lib/python3.9/site-packages/airflow/example_dags/example_sla_dag.py
[2026-07-15T16:26:15.489+0200] {logging_mixin.py:151} INFO - [2026-07-15T16:26:15.489+0200] {dag.py:2941} INFO - Sync 1 DAGs
[2026-07-15T16:26:15.511+0200] {logging_mixin.py:151} INFO - [2026-07-15T16:26:15.511+0200] {dag.py:3722} INFO - Setting next_dagrun for example_sla_dag to 2026-07-15T14:24:00+00:00, run_after=2026-07-15T14:26:00+00:00
[2026-07-15T16:26:16.386+0200] {processor.py:179} INFO - Processing /home/ai/.local/lib/python3.9/site-packages/airflow/example_dags/example_sla_dag.py took 0.926 seconds
[2026-07-15T16:27:16.825+0200] {processor.py:157} INFO - Started process (PID=3418023) to work on /home/ai/.local/lib/python3.9/site-packages/airflow/example_dags/example_sla_dag.py
[2026-07-15T16:27:16.827+0200] {processor.py:829} INFO - Processing file /home/ai/.local/lib/python3.9/site-packages/airflow/example_dags/example_sla_dag.py for tasks to queue
[2026-07-15T16:27:16.828+0200] {logging_mixin.py:151} INFO - [2026-07-15T16:27:16.827+0200] {dagbag.py:536} INFO - Filling up the DagBag from /home/ai/.local/lib/python3.9/site-packages/airflow/example_dags/example_sla_dag.py
[2026-07-15T16:27:16.836+0200] {processor.py:839} INFO - DAG(s) dict_keys(['example_sla_dag']) retrieved from /home/ai/.local/lib/python3.9/site-packages/airflow/example_dags/example_sla_dag.py
[2026-07-15T16:27:16.850+0200] {logging_mixin.py:151} INFO - [2026-07-15T16:27:16.850+0200] {dag.py:2941} INFO - Sync 1 DAGs
[2026-07-15T16:27:16.871+0200] {logging_mixin.py:151} INFO - [2026-07-15T16:27:16.871+0200] {dag.py:3722} INFO - Setting next_dagrun for example_sla_dag to 2026-07-15T14:24:00+00:00, run_after=2026-07-15T14:26:00+00:00
[2026-07-15T16:27:16.999+0200] {processor.py:179} INFO - Processing /home/ai/.local/lib/python3.9/site-packages/airflow/example_dags/example_sla_dag.py took 0.177 seconds
[2026-07-15T16:28:13.895+0200] {processor.py:157} INFO - Started process (PID=3418943) to work on /home/ai/.local/lib/python3.9/site-packages/airflow/example_dags/example_sla_dag.py
[2026-07-15T16:28:13.897+0200] {processor.py:829} INFO - Processing file /home/ai/.local/lib/python3.9/site-packages/airflow/example_dags/example_sla_dag.py for tasks to queue
[2026-07-15T16:28:13.898+0200] {logging_mixin.py:151} INFO - [2026-07-15T16:28:13.898+0200] {dagbag.py:536} INFO - Filling up the DagBag from /home/ai/.local/lib/python3.9/site-packages/airflow/example_dags/example_sla_dag.py
[2026-07-15T16:28:13.908+0200] {processor.py:839} INFO - DAG(s) dict_keys(['example_sla_dag']) retrieved from /home/ai/.local/lib/python3.9/site-packages/airflow/example_dags/example_sla_dag.py
[2026-07-15T16:28:13.923+0200] {logging_mixin.py:151} INFO - [2026-07-15T16:28:13.923+0200] {dag.py:2941} INFO - Sync 1 DAGs
[2026-07-15T16:28:13.953+0200] {logging_mixin.py:151} INFO - [2026-07-15T16:28:13.953+0200] {dag.py:3722} INFO - Setting next_dagrun for example_sla_dag to 2026-07-15T14:26:00+00:00, run_after=2026-07-15T14:28:00+00:00
[2026-07-15T16:28:17.040+0200] {processor.py:179} INFO - Processing /home/ai/.local/lib/python3.9/site-packages/airflow/example_dags/example_sla_dag.py took 3.149 seconds
[2026-07-15T16:29:33.576+0200] {processor.py:157} INFO - Started process (PID=3420356) to work on /home/ai/.local/lib/python3.9/site-packages/airflow/example_dags/example_sla_dag.py
[2026-07-15T16:29:33.577+0200] {processor.py:829} INFO - Processing file /home/ai/.local/lib/python3.9/site-packages/airflow/example_dags/example_sla_dag.py for tasks to queue
[2026-07-15T16:29:33.578+0200] {logging_mixin.py:151} INFO - [2026-07-15T16:29:33.578+0200] {dagbag.py:536} INFO - Filling up the DagBag from /home/ai/.local/lib/python3.9/site-packages/airflow/example_dags/example_sla_dag.py
[2026-07-15T16:29:33.587+0200] {processor.py:839} INFO - DAG(s) dict_keys(['example_sla_dag']) retrieved from /home/ai/.local/lib/python3.9/site-packages/airflow/example_dags/example_sla_dag.py
[2026-07-15T16:29:33.602+0200] {logging_mixin.py:151} INFO - [2026-07-15T16:29:33.602+0200] {dag.py:2941} INFO - Sync 1 DAGs
[2026-07-15T16:29:33.624+0200] {logging_mixin.py:151} INFO - [2026-07-15T16:29:33.624+0200] {dag.py:3722} INFO - Setting next_dagrun for example_sla_dag to 2026-07-15T14:26:00+00:00, run_after=2026-07-15T14:28:00+00:00
[2026-07-15T16:29:33.644+0200] {processor.py:179} INFO - Processing /home/ai/.local/lib/python3.9/site-packages/airflow/example_dags/example_sla_dag.py took 0.073 seconds
[2026-07-15T16:30:30.802+0200] {processor.py:157} INFO - Started process (PID=3421297) to work on /home/ai/.local/lib/python3.9/site-packages/airflow/example_dags/example_sla_dag.py
[2026-07-15T16:30:30.803+0200] {processor.py:829} INFO - Processing file /home/ai/.local/lib/python3.9/site-packages/airflow/example_dags/example_sla_dag.py for tasks to queue
[2026-07-15T16:30:30.804+0200] {logging_mixin.py:151} INFO - [2026-07-15T16:30:30.804+0200] {dagbag.py:536} INFO - Filling up the DagBag from /home/ai/.local/lib/python3.9/site-packages/airflow/example_dags/example_sla_dag.py
[2026-07-15T16:30:30.814+0200] {processor.py:839} INFO - DAG(s) dict_keys(['example_sla_dag']) retrieved from /home/ai/.local/lib/python3.9/site-packages/airflow/example_dags/example_sla_dag.py
[2026-07-15T16:30:30.831+0200] {logging_mixin.py:151} INFO - [2026-07-15T16:30:30.830+0200] {dag.py:2941} INFO - Sync 1 DAGs
[2026-07-15T16:30:30.851+0200] {logging_mixin.py:151} INFO - [2026-07-15T16:30:30.851+0200] {dag.py:3722} INFO - Setting next_dagrun for example_sla_dag to 2026-07-15T14:28:00+00:00, run_after=2026-07-15T14:30:00+00:00
[2026-07-15T16:30:32.616+0200] {processor.py:179} INFO - Processing /home/ai/.local/lib/python3.9/site-packages/airflow/example_dags/example_sla_dag.py took 1.818 seconds
[2026-07-15T16:31:29.924+0200] {processor.py:157} INFO - Started process (PID=3422240) to work on /home/ai/.local/lib/python3.9/site-packages/airflow/example_dags/example_sla_dag.py
[2026-07-15T16:31:29.926+0200] {processor.py:829} INFO - Processing file /home/ai/.local/lib/python3.9/site-packages/airflow/example_dags/example_sla_dag.py for tasks to queue
[2026-07-15T16:31:29.927+0200] {logging_mixin.py:151} INFO - [2026-07-15T16:31:29.927+0200] {dagbag.py:536} INFO - Filling up the DagBag from /home/ai/.local/lib/python3.9/site-packages/airflow/example_dags/example_sla_dag.py
[2026-07-15T16:31:29.937+0200] {processor.py:839} INFO - DAG(s) dict_keys(['example_sla_dag']) retrieved from /home/ai/.local/lib/python3.9/site-packages/airflow/example_dags/example_sla_dag.py
[2026-07-15T16:31:29.953+0200] {logging_mixin.py:151} INFO - [2026-07-15T16:31:29.953+0200] {dag.py:2941} INFO - Sync 1 DAGs
[2026-07-15T16:31:29.974+0200] {logging_mixin.py:151} INFO - [2026-07-15T16:31:29.974+0200] {dag.py:3722} INFO - Setting next_dagrun for example_sla_dag to 2026-07-15T14:28:00+00:00, run_after=2026-07-15T14:30:00+00:00
[2026-07-15T16:31:29.993+0200] {processor.py:179} INFO - Processing /home/ai/.local/lib/python3.9/site-packages/airflow/example_dags/example_sla_dag.py took 0.073 seconds
[2026-07-15T16:32:50.799+0200] {processor.py:157} INFO - Started process (PID=3423682) to work on /home/ai/.local/lib/python3.9/site-packages/airflow/example_dags/example_sla_dag.py
[2026-07-15T16:32:50.800+0200] {processor.py:829} INFO - Processing file /home/ai/.local/lib/python3.9/site-packages/airflow/example_dags/example_sla_dag.py for tasks to queue
[2026-07-15T16:32:50.801+0200] {logging_mixin.py:151} INFO - [2026-07-15T16:32:50.801+0200] {dagbag.py:536} INFO - Filling up the DagBag from /home/ai/.local/lib/python3.9/site-packages/airflow/example_dags/example_sla_dag.py
[2026-07-15T16:32:50.809+0200] {processor.py:839} INFO - DAG(s) dict_keys(['example_sla_dag']) retrieved from /home/ai/.local/lib/python3.9/site-packages/airflow/example_dags/example_sla_dag.py
[2026-07-15T16:32:50.825+0200] {logging_mixin.py:151} INFO - [2026-07-15T16:32:50.825+0200] {dag.py:2941} INFO - Sync 1 DAGs
[2026-07-15T16:32:50.849+0200] {logging_mixin.py:151} INFO - [2026-07-15T16:32:50.848+0200] {dag.py:3722} INFO - Setting next_dagrun for example_sla_dag to 2026-07-15T14:30:00+00:00, run_after=2026-07-15T14:32:00+00:00
[2026-07-15T16:32:52.174+0200] {processor.py:179} INFO - Processing /home/ai/.local/lib/python3.9/site-packages/airflow/example_dags/example_sla_dag.py took 1.379 seconds
[2026-07-15T16:33:41.536+0200] {processor.py:157} INFO - Started process (PID=3424546) to work on /home/ai/.local/lib/python3.9/site-packages/airflow/example_dags/example_sla_dag.py
[2026-07-15T16:33:41.538+0200] {processor.py:829} INFO - Processing file /home/ai/.local/lib/python3.9/site-packages/airflow/example_dags/example_sla_dag.py for tasks to queue
[2026-07-15T16:33:41.539+0200] {logging_mixin.py:151} INFO - [2026-07-15T16:33:41.538+0200] {dagbag.py:536} INFO - Filling up the DagBag from /home/ai/.local/lib/python3.9/site-packages/airflow/example_dags/example_sla_dag.py
[2026-07-15T16:33:41.548+0200] {processor.py:839} INFO - DAG(s) dict_keys(['example_sla_dag']) retrieved from /home/ai/.local/lib/python3.9/site-packages/airflow/example_dags/example_sla_dag.py
[2026-07-15T16:33:41.564+0200] {logging_mixin.py:151} INFO - [2026-07-15T16:33:41.564+0200] {dag.py:2941} INFO - Sync 1 DAGs
[2026-07-15T16:33:41.586+0200] {logging_mixin.py:151} INFO - [2026-07-15T16:33:41.586+0200] {dag.py:3722} INFO - Setting next_dagrun for example_sla_dag to 2026-07-15T14:30:00+00:00, run_after=2026-07-15T14:32:00+00:00
[2026-07-15T16:33:42.505+0200] {processor.py:179} INFO - Processing /home/ai/.local/lib/python3.9/site-packages/airflow/example_dags/example_sla_dag.py took 0.972 seconds
[2026-07-15T16:35:07.526+0200] {processor.py:157} INFO - Started process (PID=3426012) to work on /home/ai/.local/lib/python3.9/site-packages/airflow/example_dags/example_sla_dag.py
[2026-07-15T16:35:07.528+0200] {processor.py:829} INFO - Processing file /home/ai/.local/lib/python3.9/site-packages/airflow/example_dags/example_sla_dag.py for tasks to queue
[2026-07-15T16:35:07.529+0200] {logging_mixin.py:151} INFO - [2026-07-15T16:35:07.529+0200] {dagbag.py:536} INFO - Filling up the DagBag from /home/ai/.local/lib/python3.9/site-packages/airflow/example_dags/example_sla_dag.py
[2026-07-15T16:35:07.538+0200] {processor.py:839} INFO - DAG(s) dict_keys(['example_sla_dag']) retrieved from /home/ai/.local/lib/python3.9/site-packages/airflow/example_dags/example_sla_dag.py
[2026-07-15T16:35:07.553+0200] {logging_mixin.py:151} INFO - [2026-07-15T16:35:07.553+0200] {dag.py:2941} INFO - Sync 1 DAGs
[2026-07-15T16:35:07.575+0200] {logging_mixin.py:151} INFO - [2026-07-15T16:35:07.575+0200] {dag.py:3722} INFO - Setting next_dagrun for example_sla_dag to 2026-07-15T14:32:00+00:00, run_after=2026-07-15T14:34:00+00:00
[2026-07-15T16:35:07.594+0200] {processor.py:179} INFO - Processing /home/ai/.local/lib/python3.9/site-packages/airflow/example_dags/example_sla_dag.py took 0.074 seconds
[2026-07-15T16:35:56.555+0200] {processor.py:157} INFO - Started process (PID=3426903) to work on /home/ai/.local/lib/python3.9/site-packages/airflow/example_dags/example_sla_dag.py
[2026-07-15T16:35:56.557+0200] {processor.py:829} INFO - Processing file /home/ai/.local/lib/python3.9/site-packages/airflow/example_dags/example_sla_dag.py for tasks to queue
[2026-07-15T16:35:56.558+0200] {logging_mixin.py:151} INFO - [2026-07-15T16:35:56.558+0200] {dagbag.py:536} INFO - Filling up the DagBag from /home/ai/.local/lib/python3.9/site-packages/airflow/example_dags/example_sla_dag.py
[2026-07-15T16:35:56.567+0200] {processor.py:839} INFO - DAG(s) dict_keys(['example_sla_dag']) retrieved from /home/ai/.local/lib/python3.9/site-packages/airflow/example_dags/example_sla_dag.py
[2026-07-15T16:35:56.582+0200] {logging_mixin.py:151} INFO - [2026-07-15T16:35:56.582+0200] {dag.py:2941} INFO - Sync 1 DAGs
[2026-07-15T16:35:56.603+0200] {logging_mixin.py:151} INFO - [2026-07-15T16:35:56.603+0200] {dag.py:3722} INFO - Setting next_dagrun for example_sla_dag to 2026-07-15T14:32:00+00:00, run_after=2026-07-15T14:34:00+00:00
[2026-07-15T16:35:56.723+0200] {processor.py:179} INFO - Processing /home/ai/.local/lib/python3.9/site-packages/airflow/example_dags/example_sla_dag.py took 0.173 seconds
[2026-07-15T16:37:31.141+0200] {processor.py:157} INFO - Started process (PID=3428912) to work on /home/ai/.local/lib/python3.9/site-packages/airflow/example_dags/example_sla_dag.py
[2026-07-15T16:37:31.142+0200] {processor.py:829} INFO - Processing file /home/ai/.local/lib/python3.9/site-packages/airflow/example_dags/example_sla_dag.py for tasks to queue
[2026-07-15T16:37:31.143+0200] {logging_mixin.py:151} INFO - [2026-07-15T16:37:31.143+0200] {dagbag.py:536} INFO - Filling up the DagBag from /home/ai/.local/lib/python3.9/site-packages/airflow/example_dags/example_sla_dag.py
[2026-07-15T16:37:31.152+0200] {processor.py:839} INFO - DAG(s) dict_keys(['example_sla_dag']) retrieved from /home/ai/.local/lib/python3.9/site-packages/airflow/example_dags/example_sla_dag.py
[2026-07-15T16:37:31.168+0200] {logging_mixin.py:151} INFO - [2026-07-15T16:37:31.168+0200] {dag.py:2941} INFO - Sync 1 DAGs
[2026-07-15T16:37:31.189+0200] {logging_mixin.py:151} INFO - [2026-07-15T16:37:31.188+0200] {dag.py:3722} INFO - Setting next_dagrun for example_sla_dag to 2026-07-15T14:34:00+00:00, run_after=2026-07-15T14:36:00+00:00
[2026-07-15T16:37:31.207+0200] {processor.py:179} INFO - Processing /home/ai/.local/lib/python3.9/site-packages/airflow/example_dags/example_sla_dag.py took 0.070 seconds
[2026-07-15T16:38:31.104+0200] {processor.py:157} INFO - Started process (PID=3430097) to work on /home/ai/.local/lib/python3.9/site-packages/airflow/example_dags/example_sla_dag.py
[2026-07-15T16:38:31.106+0200] {processor.py:829} INFO - Processing file /home/ai/.local/lib/python3.9/site-packages/airflow/example_dags/example_sla_dag.py for tasks to queue
[2026-07-15T16:38:31.107+0200] {logging_mixin.py:151} INFO - [2026-07-15T16:38:31.106+0200] {dagbag.py:536} INFO - Filling up the DagBag from /home/ai/.local/lib/python3.9/site-packages/airflow/example_dags/example_sla_dag.py
[2026-07-15T16:38:31.116+0200] {processor.py:839} INFO - DAG(s) dict_keys(['example_sla_dag']) retrieved from /home/ai/.local/lib/python3.9/site-packages/airflow/example_dags/example_sla_dag.py
[2026-07-15T16:38:31.131+0200] {logging_mixin.py:151} INFO - [2026-07-15T16:38:31.131+0200] {dag.py:2941} INFO - Sync 1 DAGs
[2026-07-15T16:38:31.161+0200] {logging_mixin.py:151} INFO - [2026-07-15T16:38:31.161+0200] {dag.py:3722} INFO - Setting next_dagrun for example_sla_dag to 2026-07-15T14:36:00+00:00, run_after=2026-07-15T14:38:00+00:00
[2026-07-15T16:38:31.934+0200] {processor.py:179} INFO - Processing /home/ai/.local/lib/python3.9/site-packages/airflow/example_dags/example_sla_dag.py took 0.836 seconds
[2026-07-15T16:40:12.849+0200] {processor.py:157} INFO - Started process (PID=3431854) to work on /home/ai/.local/lib/python3.9/site-packages/airflow/example_dags/example_sla_dag.py
[2026-07-15T16:40:12.851+0200] {processor.py:829} INFO - Processing file /home/ai/.local/lib/python3.9/site-packages/airflow/example_dags/example_sla_dag.py for tasks to queue
[2026-07-15T16:40:12.852+0200] {logging_mixin.py:151} INFO - [2026-07-15T16:40:12.852+0200] {dagbag.py:536} INFO - Filling up the DagBag from /home/ai/.local/lib/python3.9/site-packages/airflow/example_dags/example_sla_dag.py
[2026-07-15T16:40:12.861+0200] {processor.py:839} INFO - DAG(s) dict_keys(['example_sla_dag']) retrieved from /home/ai/.local/lib/python3.9/site-packages/airflow/example_dags/example_sla_dag.py
[2026-07-15T16:40:12.876+0200] {logging_mixin.py:151} INFO - [2026-07-15T16:40:12.875+0200] {dag.py:2941} INFO - Sync 1 DAGs
[2026-07-15T16:40:12.895+0200] {logging_mixin.py:151} INFO - [2026-07-15T16:40:12.895+0200] {dag.py:3722} INFO - Setting next_dagrun for example_sla_dag to 2026-07-15T14:38:00+00:00, run_after=2026-07-15T14:40:00+00:00
[2026-07-15T16:40:12.935+0200] {processor.py:179} INFO - Processing /home/ai/.local/lib/python3.9/site-packages/airflow/example_dags/example_sla_dag.py took 0.090 seconds
[2026-07-15T16:41:13.542+0200] {processor.py:157} INFO - Started process (PID=3432990) to work on /home/ai/.local/lib/python3.9/site-packages/airflow/example_dags/example_sla_dag.py
[2026-07-15T16:41:13.544+0200] {processor.py:829} INFO - Processing file /home/ai/.local/lib/python3.9/site-packages/airflow/example_dags/example_sla_dag.py for tasks to queue
[2026-07-15T16:41:13.546+0200] {logging_mixin.py:151} INFO - [2026-07-15T16:41:13.546+0200] {dagbag.py:536} INFO - Filling up the DagBag from /home/ai/.local/lib/python3.9/site-packages/airflow/example_dags/example_sla_dag.py
[2026-07-15T16:41:13.555+0200] {processor.py:839} INFO - DAG(s) dict_keys(['example_sla_dag']) retrieved from /home/ai/.local/lib/python3.9/site-packages/airflow/example_dags/example_sla_dag.py
[2026-07-15T16:41:13.571+0200] {logging_mixin.py:151} INFO - [2026-07-15T16:41:13.570+0200] {dag.py:2941} INFO - Sync 1 DAGs
[2026-07-15T16:41:13.590+0200] {logging_mixin.py:151} INFO - [2026-07-15T16:41:13.590+0200] {dag.py:3722} INFO - Setting next_dagrun for example_sla_dag to 2026-07-15T14:38:00+00:00, run_after=2026-07-15T14:40:00+00:00
[2026-07-15T16:41:13.833+0200] {processor.py:179} INFO - Processing /home/ai/.local/lib/python3.9/site-packages/airflow/example_dags/example_sla_dag.py took 0.301 seconds
[2026-07-15T16:42:05.043+0200] {processor.py:157} INFO - Started process (PID=3433911) to work on /home/ai/.local/lib/python3.9/site-packages/airflow/example_dags/example_sla_dag.py
[2026-07-15T16:42:05.045+0200] {processor.py:829} INFO - Processing file /home/ai/.local/lib/python3.9/site-packages/airflow/example_dags/example_sla_dag.py for tasks to queue
[2026-07-15T16:42:05.046+0200] {logging_mixin.py:151} INFO - [2026-07-15T16:42:05.046+0200] {dagbag.py:536} INFO - Filling up the DagBag from /home/ai/.local/lib/python3.9/site-packages/airflow/example_dags/example_sla_dag.py
[2026-07-15T16:42:05.055+0200] {processor.py:839} INFO - DAG(s) dict_keys(['example_sla_dag']) retrieved from /home/ai/.local/lib/python3.9/site-packages/airflow/example_dags/example_sla_dag.py
[2026-07-15T16:42:05.070+0200] {logging_mixin.py:151} INFO - [2026-07-15T16:42:05.069+0200] {dag.py:2941} INFO - Sync 1 DAGs
[2026-07-15T16:42:05.104+0200] {logging_mixin.py:151} INFO - [2026-07-15T16:42:05.104+0200] {dag.py:3722} INFO - Setting next_dagrun for example_sla_dag to 2026-07-15T14:40:00+00:00, run_after=2026-07-15T14:42:00+00:00
[2026-07-15T16:42:05.524+0200] {processor.py:179} INFO - Processing /home/ai/.local/lib/python3.9/site-packages/airflow/example_dags/example_sla_dag.py took 0.486 seconds
[2026-07-15T16:43:47.149+0200] {processor.py:157} INFO - Started process (PID=3435724) to work on /home/ai/.local/lib/python3.9/site-packages/airflow/example_dags/example_sla_dag.py
[2026-07-15T16:43:47.150+0200] {processor.py:829} INFO - Processing file /home/ai/.local/lib/python3.9/site-packages/airflow/example_dags/example_sla_dag.py for tasks to queue
[2026-07-15T16:43:47.152+0200] {logging_mixin.py:151} INFO - [2026-07-15T16:43:47.151+0200] {dagbag.py:536} INFO - Filling up the DagBag from /home/ai/.local/lib/python3.9/site-packages/airflow/example_dags/example_sla_dag.py
[2026-07-15T16:43:47.161+0200] {processor.py:839} INFO - DAG(s) dict_keys(['example_sla_dag']) retrieved from /home/ai/.local/lib/python3.9/site-packages/airflow/example_dags/example_sla_dag.py
[2026-07-15T16:43:47.179+0200] {logging_mixin.py:151} INFO - [2026-07-15T16:43:47.178+0200] {dag.py:2941} INFO - Sync 1 DAGs
[2026-07-15T16:43:47.199+0200] {logging_mixin.py:151} INFO - [2026-07-15T16:43:47.199+0200] {dag.py:3722} INFO - Setting next_dagrun for example_sla_dag to 2026-07-15T14:40:00+00:00, run_after=2026-07-15T14:42:00+00:00
[2026-07-15T16:43:47.217+0200] {processor.py:179} INFO - Processing /home/ai/.local/lib/python3.9/site-packages/airflow/example_dags/example_sla_dag.py took 0.072 seconds
[2026-07-15T16:45:23.775+0200] {processor.py:157} INFO - Started process (PID=3437445) to work on /home/ai/.local/lib/python3.9/site-packages/airflow/example_dags/example_sla_dag.py
[2026-07-15T16:45:23.777+0200] {processor.py:829} INFO - Processing file /home/ai/.local/lib/python3.9/site-packages/airflow/example_dags/example_sla_dag.py for tasks to queue
[2026-07-15T16:45:23.778+0200] {logging_mixin.py:151} INFO - [2026-07-15T16:45:23.777+0200] {dagbag.py:536} INFO - Filling up the DagBag from /home/ai/.local/lib/python3.9/site-packages/airflow/example_dags/example_sla_dag.py
[2026-07-15T16:45:23.786+0200] {processor.py:839} INFO - DAG(s) dict_keys(['example_sla_dag']) retrieved from /home/ai/.local/lib/python3.9/site-packages/airflow/example_dags/example_sla_dag.py
[2026-07-15T16:45:23.802+0200] {logging_mixin.py:151} INFO - [2026-07-15T16:45:23.802+0200] {dag.py:2941} INFO - Sync 1 DAGs
[2026-07-15T16:45:23.824+0200] {logging_mixin.py:151} INFO - [2026-07-15T16:45:23.824+0200] {dag.py:3722} INFO - Setting next_dagrun for example_sla_dag to 2026-07-15T14:42:00+00:00, run_after=2026-07-15T14:44:00+00:00
[2026-07-15T16:45:23.866+0200] {processor.py:179} INFO - Processing /home/ai/.local/lib/python3.9/site-packages/airflow/example_dags/example_sla_dag.py took 0.096 seconds
[2026-07-15T16:46:18.373+0200] {processor.py:157} INFO - Started process (PID=3438359) to work on /home/ai/.local/lib/python3.9/site-packages/airflow/example_dags/example_sla_dag.py
[2026-07-15T16:46:18.374+0200] {processor.py:829} INFO - Processing file /home/ai/.local/lib/python3.9/site-packages/airflow/example_dags/example_sla_dag.py for tasks to queue
[2026-07-15T16:46:18.375+0200] {logging_mixin.py:151} INFO - [2026-07-15T16:46:18.375+0200] {dagbag.py:536} INFO - Filling up the DagBag from /home/ai/.local/lib/python3.9/site-packages/airflow/example_dags/example_sla_dag.py
[2026-07-15T16:46:18.385+0200] {processor.py:839} INFO - DAG(s) dict_keys(['example_sla_dag']) retrieved from /home/ai/.local/lib/python3.9/site-packages/airflow/example_dags/example_sla_dag.py
[2026-07-15T16:46:18.403+0200] {logging_mixin.py:151} INFO - [2026-07-15T16:46:18.403+0200] {dag.py:2941} INFO - Sync 1 DAGs
[2026-07-15T16:46:18.424+0200] {logging_mixin.py:151} INFO - [2026-07-15T16:46:18.424+0200] {dag.py:3722} INFO - Setting next_dagrun for example_sla_dag to 2026-07-15T14:44:00+00:00, run_after=2026-07-15T14:46:00+00:00
[2026-07-15T16:46:19.607+0200] {processor.py:179} INFO - Processing /home/ai/.local/lib/python3.9/site-packages/airflow/example_dags/example_sla_dag.py took 1.240 seconds
[2026-07-15T16:47:18.372+0200] {processor.py:157} INFO - Started process (PID=3439380) to work on /home/ai/.local/lib/python3.9/site-packages/airflow/example_dags/example_sla_dag.py
[2026-07-15T16:47:18.373+0200] {processor.py:829} INFO - Processing file /home/ai/.local/lib/python3.9/site-packages/airflow/example_dags/example_sla_dag.py for tasks to queue
[2026-07-15T16:47:18.374+0200] {logging_mixin.py:151} INFO - [2026-07-15T16:47:18.374+0200] {dagbag.py:536} INFO - Filling up the DagBag from /home/ai/.local/lib/python3.9/site-packages/airflow/example_dags/example_sla_dag.py
[2026-07-15T16:47:18.385+0200] {processor.py:839} INFO - DAG(s) dict_keys(['example_sla_dag']) retrieved from /home/ai/.local/lib/python3.9/site-packages/airflow/example_dags/example_sla_dag.py
[2026-07-15T16:47:18.401+0200] {logging_mixin.py:151} INFO - [2026-07-15T16:47:18.401+0200] {dag.py:2941} INFO - Sync 1 DAGs
[2026-07-15T16:47:18.422+0200] {logging_mixin.py:151} INFO - [2026-07-15T16:47:18.422+0200] {dag.py:3722} INFO - Setting next_dagrun for example_sla_dag to 2026-07-15T14:44:00+00:00, run_after=2026-07-15T14:46:00+00:00
[2026-07-15T16:47:18.442+0200] {processor.py:179} INFO - Processing /home/ai/.local/lib/python3.9/site-packages/airflow/example_dags/example_sla_dag.py took 0.073 seconds
[2026-07-15T16:48:13.755+0200] {processor.py:157} INFO - Started process (PID=3440366) to work on /home/ai/.local/lib/python3.9/site-packages/airflow/example_dags/example_sla_dag.py
[2026-07-15T16:48:13.757+0200] {processor.py:829} INFO - Processing file /home/ai/.local/lib/python3.9/site-packages/airflow/example_dags/example_sla_dag.py for tasks to queue
[2026-07-15T16:48:13.758+0200] {logging_mixin.py:151} INFO - [2026-07-15T16:48:13.757+0200] {dagbag.py:536} INFO - Filling up the DagBag from /home/ai/.local/lib/python3.9/site-packages/airflow/example_dags/example_sla_dag.py
[2026-07-15T16:48:13.767+0200] {processor.py:839} INFO - DAG(s) dict_keys(['example_sla_dag']) retrieved from /home/ai/.local/lib/python3.9/site-packages/airflow/example_dags/example_sla_dag.py
[2026-07-15T16:48:13.784+0200] {logging_mixin.py:151} INFO - [2026-07-15T16:48:13.784+0200] {dag.py:2941} INFO - Sync 1 DAGs
[2026-07-15T16:48:13.806+0200] {logging_mixin.py:151} INFO - [2026-07-15T16:48:13.806+0200] {dag.py:3722} INFO - Setting next_dagrun for example_sla_dag to 2026-07-15T14:46:00+00:00, run_after=2026-07-15T14:48:00+00:00
[2026-07-15T16:48:13.828+0200] {processor.py:179} INFO - Processing /home/ai/.local/lib/python3.9/site-packages/airflow/example_dags/example_sla_dag.py took 0.080 seconds
[2026-07-15T16:49:15.955+0200] {processor.py:157} INFO - Started process (PID=3441422) to work on /home/ai/.local/lib/python3.9/site-packages/airflow/example_dags/example_sla_dag.py
[2026-07-15T16:49:16.086+0200] {processor.py:829} INFO - Processing file /home/ai/.local/lib/python3.9/site-packages/airflow/example_dags/example_sla_dag.py for tasks to queue
[2026-07-15T16:49:16.088+0200] {logging_mixin.py:151} INFO - [2026-07-15T16:49:16.087+0200] {dagbag.py:536} INFO - Filling up the DagBag from /home/ai/.local/lib/python3.9/site-packages/airflow/example_dags/example_sla_dag.py
[2026-07-15T16:49:16.101+0200] {processor.py:839} INFO - DAG(s) dict_keys(['example_sla_dag']) retrieved from /home/ai/.local/lib/python3.9/site-packages/airflow/example_dags/example_sla_dag.py
[2026-07-15T16:49:16.455+0200] {logging_mixin.py:151} INFO - [2026-07-15T16:49:16.455+0200] {dag.py:2941} INFO - Sync 1 DAGs
[2026-07-15T16:49:16.476+0200] {logging_mixin.py:151} INFO - [2026-07-15T16:49:16.476+0200] {dag.py:3722} INFO - Setting next_dagrun for example_sla_dag to 2026-07-15T14:46:00+00:00, run_after=2026-07-15T14:48:00+00:00
[2026-07-15T16:49:16.853+0200] {processor.py:179} INFO - Processing /home/ai/.local/lib/python3.9/site-packages/airflow/example_dags/example_sla_dag.py took 0.904 seconds
[2026-07-15T16:50:16.236+0200] {processor.py:157} INFO - Started process (PID=3442446) to work on /home/ai/.local/lib/python3.9/site-packages/airflow/example_dags/example_sla_dag.py
[2026-07-15T16:50:16.238+0200] {processor.py:829} INFO - Processing file /home/ai/.local/lib/python3.9/site-packages/airflow/example_dags/example_sla_dag.py for tasks to queue
[2026-07-15T16:50:16.239+0200] {logging_mixin.py:151} INFO - [2026-07-15T16:50:16.239+0200] {dagbag.py:536} INFO - Filling up the DagBag from /home/ai/.local/lib/python3.9/site-packages/airflow/example_dags/example_sla_dag.py
[2026-07-15T16:50:16.250+0200] {processor.py:839} INFO - DAG(s) dict_keys(['example_sla_dag']) retrieved from /home/ai/.local/lib/python3.9/site-packages/airflow/example_dags/example_sla_dag.py
[2026-07-15T16:50:16.266+0200] {logging_mixin.py:151} INFO - [2026-07-15T16:50:16.266+0200] {dag.py:2941} INFO - Sync 1 DAGs
[2026-07-15T16:50:16.286+0200] {logging_mixin.py:151} INFO - [2026-07-15T16:50:16.286+0200] {dag.py:3722} INFO - Setting next_dagrun for example_sla_dag to 2026-07-15T14:48:00+00:00, run_after=2026-07-15T14:50:00+00:00
[2026-07-15T16:50:16.304+0200] {processor.py:179} INFO - Processing /home/ai/.local/lib/python3.9/site-packages/airflow/example_dags/example_sla_dag.py took 0.076 seconds
[2026-07-15T16:51:12.111+0200] {processor.py:157} INFO - Started process (PID=3443351) to work on /home/ai/.local/lib/python3.9/site-packages/airflow/example_dags/example_sla_dag.py
[2026-07-15T16:51:12.112+0200] {processor.py:829} INFO - Processing file /home/ai/.local/lib/python3.9/site-packages/airflow/example_dags/example_sla_dag.py for tasks to queue
[2026-07-15T16:51:12.113+0200] {logging_mixin.py:151} INFO - [2026-07-15T16:51:12.113+0200] {dagbag.py:536} INFO - Filling up the DagBag from /home/ai/.local/lib/python3.9/site-packages/airflow/example_dags/example_sla_dag.py
[2026-07-15T16:51:12.121+0200] {processor.py:839} INFO - DAG(s) dict_keys(['example_sla_dag']) retrieved from /home/ai/.local/lib/python3.9/site-packages/airflow/example_dags/example_sla_dag.py
[2026-07-15T16:51:12.135+0200] {logging_mixin.py:151} INFO - [2026-07-15T16:51:12.135+0200] {dag.py:2941} INFO - Sync 1 DAGs
[2026-07-15T16:51:12.155+0200] {logging_mixin.py:151} INFO - [2026-07-15T16:51:12.154+0200] {dag.py:3722} INFO - Setting next_dagrun for example_sla_dag to 2026-07-15T14:48:00+00:00, run_after=2026-07-15T14:50:00+00:00
[2026-07-15T16:51:12.267+0200] {processor.py:179} INFO - Processing /home/ai/.local/lib/python3.9/site-packages/airflow/example_dags/example_sla_dag.py took 0.161 seconds
[2026-07-15T16:52:07.619+0200] {processor.py:157} INFO - Started process (PID=3444344) to work on /home/ai/.local/lib/python3.9/site-packages/airflow/example_dags/example_sla_dag.py
[2026-07-15T16:52:07.711+0200] {processor.py:829} INFO - Processing file /home/ai/.local/lib/python3.9/site-packages/airflow/example_dags/example_sla_dag.py for tasks to queue
[2026-07-15T16:52:07.713+0200] {logging_mixin.py:151} INFO - [2026-07-15T16:52:07.712+0200] {dagbag.py:536} INFO - Filling up the DagBag from /home/ai/.local/lib/python3.9/site-packages/airflow/example_dags/example_sla_dag.py
[2026-07-15T16:52:07.730+0200] {processor.py:839} INFO - DAG(s) dict_keys(['example_sla_dag']) retrieved from /home/ai/.local/lib/python3.9/site-packages/airflow/example_dags/example_sla_dag.py
[2026-07-15T16:52:07.746+0200] {logging_mixin.py:151} INFO - [2026-07-15T16:52:07.746+0200] {dag.py:2941} INFO - Sync 1 DAGs
[2026-07-15T16:52:07.771+0200] {logging_mixin.py:151} INFO - [2026-07-15T16:52:07.771+0200] {dag.py:3722} INFO - Setting next_dagrun for example_sla_dag to 2026-07-15T14:50:00+00:00, run_after=2026-07-15T14:52:00+00:00
[2026-07-15T16:52:08.817+0200] {processor.py:179} INFO - Processing /home/ai/.local/lib/python3.9/site-packages/airflow/example_dags/example_sla_dag.py took 1.210 seconds
[2026-07-15T16:53:14.218+0200] {processor.py:157} INFO - Started process (PID=3445448) to work on /home/ai/.local/lib/python3.9/site-packages/airflow/example_dags/example_sla_dag.py
[2026-07-15T16:53:14.220+0200] {processor.py:829} INFO - Processing file /home/ai/.local/lib/python3.9/site-packages/airflow/example_dags/example_sla_dag.py for tasks to queue
[2026-07-15T16:53:14.221+0200] {logging_mixin.py:151} INFO - [2026-07-15T16:53:14.221+0200] {dagbag.py:536} INFO - Filling up the DagBag from /home/ai/.local/lib/python3.9/site-packages/airflow/example_dags/example_sla_dag.py
[2026-07-15T16:53:14.230+0200] {processor.py:839} INFO - DAG(s) dict_keys(['example_sla_dag']) retrieved from /home/ai/.local/lib/python3.9/site-packages/airflow/example_dags/example_sla_dag.py
[2026-07-15T16:53:14.246+0200] {logging_mixin.py:151} INFO - [2026-07-15T16:53:14.246+0200] {dag.py:2941} INFO - Sync 1 DAGs
[2026-07-15T16:53:14.268+0200] {logging_mixin.py:151} INFO - [2026-07-15T16:53:14.268+0200] {dag.py:3722} INFO - Setting next_dagrun for example_sla_dag to 2026-07-15T14:50:00+00:00, run_after=2026-07-15T14:52:00+00:00
[2026-07-15T16:53:16.925+0200] {processor.py:179} INFO - Processing /home/ai/.local/lib/python3.9/site-packages/airflow/example_dags/example_sla_dag.py took 2.713 seconds
[2026-07-15T16:54:22.695+0200] {processor.py:157} INFO - Started process (PID=3446655) to work on /home/ai/.local/lib/python3.9/site-packages/airflow/example_dags/example_sla_dag.py
[2026-07-15T16:54:22.715+0200] {processor.py:829} INFO - Processing file /home/ai/.local/lib/python3.9/site-packages/airflow/example_dags/example_sla_dag.py for tasks to queue
[2026-07-15T16:54:22.717+0200] {logging_mixin.py:151} INFO - [2026-07-15T16:54:22.716+0200] {dagbag.py:536} INFO - Filling up the DagBag from /home/ai/.local/lib/python3.9/site-packages/airflow/example_dags/example_sla_dag.py
[2026-07-15T16:54:22.728+0200] {processor.py:839} INFO - DAG(s) dict_keys(['example_sla_dag']) retrieved from /home/ai/.local/lib/python3.9/site-packages/airflow/example_dags/example_sla_dag.py
[2026-07-15T16:54:22.745+0200] {logging_mixin.py:151} INFO - [2026-07-15T16:54:22.745+0200] {dag.py:2941} INFO - Sync 1 DAGs
[2026-07-15T16:54:22.766+0200] {logging_mixin.py:151} INFO - [2026-07-15T16:54:22.766+0200] {dag.py:3722} INFO - Setting next_dagrun for example_sla_dag to 2026-07-15T14:52:00+00:00, run_after=2026-07-15T14:54:00+00:00
[2026-07-15T16:54:23.609+0200] {processor.py:179} INFO - Processing /home/ai/.local/lib/python3.9/site-packages/airflow/example_dags/example_sla_dag.py took 0.919 seconds
[2026-07-15T16:55:27.763+0200] {processor.py:157} INFO - Started process (PID=3447730) to work on /home/ai/.local/lib/python3.9/site-packages/airflow/example_dags/example_sla_dag.py
[2026-07-15T16:55:27.766+0200] {processor.py:829} INFO - Processing file /home/ai/.local/lib/python3.9/site-packages/airflow/example_dags/example_sla_dag.py for tasks to queue
[2026-07-15T16:55:27.767+0200] {logging_mixin.py:151} INFO - [2026-07-15T16:55:27.767+0200] {dagbag.py:536} INFO - Filling up the DagBag from /home/ai/.local/lib/python3.9/site-packages/airflow/example_dags/example_sla_dag.py
[2026-07-15T16:55:27.777+0200] {processor.py:839} INFO - DAG(s) dict_keys(['example_sla_dag']) retrieved from /home/ai/.local/lib/python3.9/site-packages/airflow/example_dags/example_sla_dag.py
[2026-07-15T16:55:27.793+0200] {logging_mixin.py:151} INFO - [2026-07-15T16:55:27.793+0200] {dag.py:2941} INFO - Sync 1 DAGs
[2026-07-15T16:55:27.826+0200] {logging_mixin.py:151} INFO - [2026-07-15T16:55:27.825+0200] {dag.py:3722} INFO - Setting next_dagrun for example_sla_dag to 2026-07-15T14:52:00+00:00, run_after=2026-07-15T14:54:00+00:00
[2026-07-15T16:55:27.973+0200] {processor.py:179} INFO - Processing /home/ai/.local/lib/python3.9/site-packages/airflow/example_dags/example_sla_dag.py took 0.216 seconds
[2026-07-15T16:56:25.254+0200] {processor.py:157} INFO - Started process (PID=3448615) to work on /home/ai/.local/lib/python3.9/site-packages/airflow/example_dags/example_sla_dag.py
[2026-07-15T16:56:25.255+0200] {processor.py:829} INFO - Processing file /home/ai/.local/lib/python3.9/site-packages/airflow/example_dags/example_sla_dag.py for tasks to queue
[2026-07-15T16:56:25.257+0200] {logging_mixin.py:151} INFO - [2026-07-15T16:56:25.256+0200] {dagbag.py:536} INFO - Filling up the DagBag from /home/ai/.local/lib/python3.9/site-packages/airflow/example_dags/example_sla_dag.py
[2026-07-15T16:56:25.266+0200] {processor.py:839} INFO - DAG(s) dict_keys(['example_sla_dag']) retrieved from /home/ai/.local/lib/python3.9/site-packages/airflow/example_dags/example_sla_dag.py
[2026-07-15T16:56:25.281+0200] {logging_mixin.py:151} INFO - [2026-07-15T16:56:25.281+0200] {dag.py:2941} INFO - Sync 1 DAGs
[2026-07-15T16:56:25.303+0200] {logging_mixin.py:151} INFO - [2026-07-15T16:56:25.303+0200] {dag.py:3722} INFO - Setting next_dagrun for example_sla_dag to 2026-07-15T14:54:00+00:00, run_after=2026-07-15T14:56:00+00:00
[2026-07-15T16:56:28.084+0200] {processor.py:179} INFO - Processing /home/ai/.local/lib/python3.9/site-packages/airflow/example_dags/example_sla_dag.py took 2.835 seconds
[2026-07-15T16:57:37.090+0200] {processor.py:157} INFO - Started process (PID=3449897) to work on /home/ai/.local/lib/python3.9/site-packages/airflow/example_dags/example_sla_dag.py
[2026-07-15T16:57:37.091+0200] {processor.py:829} INFO - Processing file /home/ai/.local/lib/python3.9/site-packages/airflow/example_dags/example_sla_dag.py for tasks to queue
[2026-07-15T16:57:37.092+0200] {logging_mixin.py:151} INFO - [2026-07-15T16:57:37.092+0200] {dagbag.py:536} INFO - Filling up the DagBag from /home/ai/.local/lib/python3.9/site-packages/airflow/example_dags/example_sla_dag.py
[2026-07-15T16:57:37.101+0200] {processor.py:839} INFO - DAG(s) dict_keys(['example_sla_dag']) retrieved from /home/ai/.local/lib/python3.9/site-packages/airflow/example_dags/example_sla_dag.py
[2026-07-15T16:57:37.116+0200] {logging_mixin.py:151} INFO - [2026-07-15T16:57:37.116+0200] {dag.py:2941} INFO - Sync 1 DAGs
[2026-07-15T16:57:37.138+0200] {logging_mixin.py:151} INFO - [2026-07-15T16:57:37.138+0200] {dag.py:3722} INFO - Setting next_dagrun for example_sla_dag to 2026-07-15T14:54:00+00:00, run_after=2026-07-15T14:56:00+00:00
[2026-07-15T16:57:37.305+0200] {processor.py:179} INFO - Processing /home/ai/.local/lib/python3.9/site-packages/airflow/example_dags/example_sla_dag.py took 0.221 seconds
[2026-07-15T16:59:06.301+0200] {processor.py:157} INFO - Started process (PID=3451616) to work on /home/ai/.local/lib/python3.9/site-packages/airflow/example_dags/example_sla_dag.py
[2026-07-15T16:59:06.302+0200] {processor.py:829} INFO - Processing file /home/ai/.local/lib/python3.9/site-packages/airflow/example_dags/example_sla_dag.py for tasks to queue
[2026-07-15T16:59:06.304+0200] {logging_mixin.py:151} INFO - [2026-07-15T16:59:06.303+0200] {dagbag.py:536} INFO - Filling up the DagBag from /home/ai/.local/lib/python3.9/site-packages/airflow/example_dags/example_sla_dag.py
[2026-07-15T16:59:06.312+0200] {processor.py:839} INFO - DAG(s) dict_keys(['example_sla_dag']) retrieved from /home/ai/.local/lib/python3.9/site-packages/airflow/example_dags/example_sla_dag.py
[2026-07-15T16:59:06.325+0200] {logging_mixin.py:151} INFO - [2026-07-15T16:59:06.325+0200] {dag.py:2941} INFO - Sync 1 DAGs
[2026-07-15T16:59:06.344+0200] {logging_mixin.py:151} INFO - [2026-07-15T16:59:06.344+0200] {dag.py:3722} INFO - Setting next_dagrun for example_sla_dag to 2026-07-15T14:56:00+00:00, run_after=2026-07-15T14:58:00+00:00
[2026-07-15T16:59:07.663+0200] {processor.py:179} INFO - Processing /home/ai/.local/lib/python3.9/site-packages/airflow/example_dags/example_sla_dag.py took 1.368 seconds
[2026-07-15T17:00:51.982+0200] {processor.py:157} INFO - Started process (PID=3453346) to work on /home/ai/.local/lib/python3.9/site-packages/airflow/example_dags/example_sla_dag.py
[2026-07-15T17:00:51.984+0200] {processor.py:829} INFO - Processing file /home/ai/.local/lib/python3.9/site-packages/airflow/example_dags/example_sla_dag.py for tasks to queue
[2026-07-15T17:00:51.985+0200] {logging_mixin.py:151} INFO - [2026-07-15T17:00:51.984+0200] {dagbag.py:536} INFO - Filling up the DagBag from /home/ai/.local/lib/python3.9/site-packages/airflow/example_dags/example_sla_dag.py
[2026-07-15T17:00:51.994+0200] {processor.py:839} INFO - DAG(s) dict_keys(['example_sla_dag']) retrieved from /home/ai/.local/lib/python3.9/site-packages/airflow/example_dags/example_sla_dag.py
[2026-07-15T17:00:52.009+0200] {logging_mixin.py:151} INFO - [2026-07-15T17:00:52.009+0200] {dag.py:2941} INFO - Sync 1 DAGs
[2026-07-15T17:00:52.030+0200] {logging_mixin.py:151} INFO - [2026-07-15T17:00:52.029+0200] {dag.py:3722} INFO - Setting next_dagrun for example_sla_dag to 2026-07-15T14:58:00+00:00, run_after=2026-07-15T15:00:00+00:00
[2026-07-15T17:00:54.968+0200] {processor.py:179} INFO - Processing /home/ai/.local/lib/python3.9/site-packages/airflow/example_dags/example_sla_dag.py took 2.990 seconds
[2026-07-15T17:02:58.053+0200] {processor.py:157} INFO - Started process (PID=3455613) to work on /home/ai/.local/lib/python3.9/site-packages/airflow/example_dags/example_sla_dag.py
[2026-07-15T17:02:58.359+0200] {processor.py:829} INFO - Processing file /home/ai/.local/lib/python3.9/site-packages/airflow/example_dags/example_sla_dag.py for tasks to queue
[2026-07-15T17:02:58.361+0200] {logging_mixin.py:151} INFO - [2026-07-15T17:02:58.360+0200] {dagbag.py:536} INFO - Filling up the DagBag from /home/ai/.local/lib/python3.9/site-packages/airflow/example_dags/example_sla_dag.py
[2026-07-15T17:02:58.375+0200] {processor.py:839} INFO - DAG(s) dict_keys(['example_sla_dag']) retrieved from /home/ai/.local/lib/python3.9/site-packages/airflow/example_dags/example_sla_dag.py
[2026-07-15T17:02:58.392+0200] {logging_mixin.py:151} INFO - [2026-07-15T17:02:58.392+0200] {dag.py:2941} INFO - Sync 1 DAGs
[2026-07-15T17:02:58.413+0200] {logging_mixin.py:151} INFO - [2026-07-15T17:02:58.413+0200] {dag.py:3722} INFO - Setting next_dagrun for example_sla_dag to 2026-07-15T15:00:00+00:00, run_after=2026-07-15T15:02:00+00:00
[2026-07-15T17:02:59.405+0200] {processor.py:179} INFO - Processing /home/ai/.local/lib/python3.9/site-packages/airflow/example_dags/example_sla_dag.py took 1.357 seconds
[2026-07-15T17:04:18.504+0200] {processor.py:157} INFO - Started process (PID=3456989) to work on /home/ai/.local/lib/python3.9/site-packages/airflow/example_dags/example_sla_dag.py
[2026-07-15T17:04:18.512+0200] {processor.py:829} INFO - Processing file /home/ai/.local/lib/python3.9/site-packages/airflow/example_dags/example_sla_dag.py for tasks to queue
[2026-07-15T17:04:18.513+0200] {logging_mixin.py:151} INFO - [2026-07-15T17:04:18.513+0200] {dagbag.py:536} INFO - Filling up the DagBag from /home/ai/.local/lib/python3.9/site-packages/airflow/example_dags/example_sla_dag.py
[2026-07-15T17:04:18.523+0200] {processor.py:839} INFO - DAG(s) dict_keys(['example_sla_dag']) retrieved from /home/ai/.local/lib/python3.9/site-packages/airflow/example_dags/example_sla_dag.py
[2026-07-15T17:04:18.540+0200] {logging_mixin.py:151} INFO - [2026-07-15T17:04:18.540+0200] {dag.py:2941} INFO - Sync 1 DAGs
[2026-07-15T17:04:18.559+0200] {logging_mixin.py:151} INFO - [2026-07-15T17:04:18.559+0200] {dag.py:3722} INFO - Setting next_dagrun for example_sla_dag to 2026-07-15T15:02:00+00:00, run_after=2026-07-15T15:04:00+00:00
[2026-07-15T17:04:19.083+0200] {processor.py:179} INFO - Processing /home/ai/.local/lib/python3.9/site-packages/airflow/example_dags/example_sla_dag.py took 0.583 seconds
[2026-07-15T17:05:18.682+0200] {processor.py:157} INFO - Started process (PID=3457999) to work on /home/ai/.local/lib/python3.9/site-packages/airflow/example_dags/example_sla_dag.py
[2026-07-15T17:05:18.683+0200] {processor.py:829} INFO - Processing file /home/ai/.local/lib/python3.9/site-packages/airflow/example_dags/example_sla_dag.py for tasks to queue
[2026-07-15T17:05:18.684+0200] {logging_mixin.py:151} INFO - [2026-07-15T17:05:18.684+0200] {dagbag.py:536} INFO - Filling up the DagBag from /home/ai/.local/lib/python3.9/site-packages/airflow/example_dags/example_sla_dag.py
[2026-07-15T17:05:18.694+0200] {processor.py:839} INFO - DAG(s) dict_keys(['example_sla_dag']) retrieved from /home/ai/.local/lib/python3.9/site-packages/airflow/example_dags/example_sla_dag.py
[2026-07-15T17:05:18.709+0200] {logging_mixin.py:151} INFO - [2026-07-15T17:05:18.709+0200] {dag.py:2941} INFO - Sync 1 DAGs
[2026-07-15T17:05:18.731+0200] {logging_mixin.py:151} INFO - [2026-07-15T17:05:18.731+0200] {dag.py:3722} INFO - Setting next_dagrun for example_sla_dag to 2026-07-15T15:02:00+00:00, run_after=2026-07-15T15:04:00+00:00
[2026-07-15T17:05:18.865+0200] {processor.py:179} INFO - Processing /home/ai/.local/lib/python3.9/site-packages/airflow/example_dags/example_sla_dag.py took 0.189 seconds
[2026-07-15T17:06:26.014+0200] {processor.py:157} INFO - Started process (PID=3459080) to work on /home/ai/.local/lib/python3.9/site-packages/airflow/example_dags/example_sla_dag.py
[2026-07-15T17:06:26.016+0200] {processor.py:829} INFO - Processing file /home/ai/.local/lib/python3.9/site-packages/airflow/example_dags/example_sla_dag.py for tasks to queue
[2026-07-15T17:06:26.017+0200] {logging_mixin.py:151} INFO - [2026-07-15T17:06:26.016+0200] {dagbag.py:536} INFO - Filling up the DagBag from /home/ai/.local/lib/python3.9/site-packages/airflow/example_dags/example_sla_dag.py
[2026-07-15T17:06:26.026+0200] {processor.py:839} INFO - DAG(s) dict_keys(['example_sla_dag']) retrieved from /home/ai/.local/lib/python3.9/site-packages/airflow/example_dags/example_sla_dag.py
[2026-07-15T17:06:26.041+0200] {logging_mixin.py:151} INFO - [2026-07-15T17:06:26.041+0200] {dag.py:2941} INFO - Sync 1 DAGs
[2026-07-15T17:06:26.062+0200] {logging_mixin.py:151} INFO - [2026-07-15T17:06:26.062+0200] {dag.py:3722} INFO - Setting next_dagrun for example_sla_dag to 2026-07-15T15:04:00+00:00, run_after=2026-07-15T15:06:00+00:00
[2026-07-15T17:06:29.228+0200] {processor.py:179} INFO - Processing /home/ai/.local/lib/python3.9/site-packages/airflow/example_dags/example_sla_dag.py took 3.220 seconds
[2026-07-15T17:07:33.857+0200] {processor.py:157} INFO - Started process (PID=3460267) to work on /home/ai/.local/lib/python3.9/site-packages/airflow/example_dags/example_sla_dag.py
[2026-07-15T17:07:35.268+0200] {processor.py:829} INFO - Processing file /home/ai/.local/lib/python3.9/site-packages/airflow/example_dags/example_sla_dag.py for tasks to queue
[2026-07-15T17:07:35.270+0200] {logging_mixin.py:151} INFO - [2026-07-15T17:07:35.269+0200] {dagbag.py:536} INFO - Filling up the DagBag from /home/ai/.local/lib/python3.9/site-packages/airflow/example_dags/example_sla_dag.py
[2026-07-15T17:07:35.284+0200] {processor.py:839} INFO - DAG(s) dict_keys(['example_sla_dag']) retrieved from /home/ai/.local/lib/python3.9/site-packages/airflow/example_dags/example_sla_dag.py
[2026-07-15T17:07:37.440+0200] {logging_mixin.py:151} INFO - [2026-07-15T17:07:37.440+0200] {dag.py:2941} INFO - Sync 1 DAGs
[2026-07-15T17:07:37.461+0200] {logging_mixin.py:151} INFO - [2026-07-15T17:07:37.461+0200] {dag.py:3722} INFO - Setting next_dagrun for example_sla_dag to 2026-07-15T15:04:00+00:00, run_after=2026-07-15T15:06:00+00:00
[2026-07-15T17:07:37.787+0200] {processor.py:179} INFO - Processing /home/ai/.local/lib/python3.9/site-packages/airflow/example_dags/example_sla_dag.py took 3.935 seconds
[2026-07-15T17:09:06.012+0200] {processor.py:157} INFO - Started process (PID=3461820) to work on /home/ai/.local/lib/python3.9/site-packages/airflow/example_dags/example_sla_dag.py
[2026-07-15T17:09:06.013+0200] {processor.py:829} INFO - Processing file /home/ai/.local/lib/python3.9/site-packages/airflow/example_dags/example_sla_dag.py for tasks to queue
[2026-07-15T17:09:06.014+0200] {logging_mixin.py:151} INFO - [2026-07-15T17:09:06.014+0200] {dagbag.py:536} INFO - Filling up the DagBag from /home/ai/.local/lib/python3.9/site-packages/airflow/example_dags/example_sla_dag.py
[2026-07-15T17:09:06.023+0200] {processor.py:839} INFO - DAG(s) dict_keys(['example_sla_dag']) retrieved from /home/ai/.local/lib/python3.9/site-packages/airflow/example_dags/example_sla_dag.py
[2026-07-15T17:09:06.037+0200] {logging_mixin.py:151} INFO - [2026-07-15T17:09:06.037+0200] {dag.py:2941} INFO - Sync 1 DAGs
[2026-07-15T17:09:06.057+0200] {logging_mixin.py:151} INFO - [2026-07-15T17:09:06.057+0200] {dag.py:3722} INFO - Setting next_dagrun for example_sla_dag to 2026-07-15T15:06:00+00:00, run_after=2026-07-15T15:08:00+00:00
[2026-07-15T17:09:07.799+0200] {processor.py:179} INFO - Processing /home/ai/.local/lib/python3.9/site-packages/airflow/example_dags/example_sla_dag.py took 1.793 seconds
[2026-07-15T17:10:51.964+0200] {processor.py:157} INFO - Started process (PID=3463582) to work on /home/ai/.local/lib/python3.9/site-packages/airflow/example_dags/example_sla_dag.py
[2026-07-15T17:10:52.121+0200] {processor.py:829} INFO - Processing file /home/ai/.local/lib/python3.9/site-packages/airflow/example_dags/example_sla_dag.py for tasks to queue
[2026-07-15T17:10:52.123+0200] {logging_mixin.py:151} INFO - [2026-07-15T17:10:52.123+0200] {dagbag.py:536} INFO - Filling up the DagBag from /home/ai/.local/lib/python3.9/site-packages/airflow/example_dags/example_sla_dag.py
[2026-07-15T17:10:52.134+0200] {processor.py:839} INFO - DAG(s) dict_keys(['example_sla_dag']) retrieved from /home/ai/.local/lib/python3.9/site-packages/airflow/example_dags/example_sla_dag.py
[2026-07-15T17:10:52.148+0200] {logging_mixin.py:151} INFO - [2026-07-15T17:10:52.148+0200] {dag.py:2941} INFO - Sync 1 DAGs
[2026-07-15T17:10:52.167+0200] {logging_mixin.py:151} INFO - [2026-07-15T17:10:52.166+0200] {dag.py:3722} INFO - Setting next_dagrun for example_sla_dag to 2026-07-15T15:08:00+00:00, run_after=2026-07-15T15:10:00+00:00
[2026-07-15T17:10:52.576+0200] {processor.py:179} INFO - Processing /home/ai/.local/lib/python3.9/site-packages/airflow/example_dags/example_sla_dag.py took 0.617 seconds
[2026-07-15T17:12:10.068+0200] {processor.py:157} INFO - Started process (PID=3464898) to work on /home/ai/.local/lib/python3.9/site-packages/airflow/example_dags/example_sla_dag.py
[2026-07-15T17:12:10.728+0200] {processor.py:829} INFO - Processing file /home/ai/.local/lib/python3.9/site-packages/airflow/example_dags/example_sla_dag.py for tasks to queue
[2026-07-15T17:12:10.730+0200] {logging_mixin.py:151} INFO - [2026-07-15T17:12:10.729+0200] {dagbag.py:536} INFO - Filling up the DagBag from /home/ai/.local/lib/python3.9/site-packages/airflow/example_dags/example_sla_dag.py
[2026-07-15T17:12:10.744+0200] {processor.py:839} INFO - DAG(s) dict_keys(['example_sla_dag']) retrieved from /home/ai/.local/lib/python3.9/site-packages/airflow/example_dags/example_sla_dag.py
[2026-07-15T17:12:10.760+0200] {logging_mixin.py:151} INFO - [2026-07-15T17:12:10.760+0200] {dag.py:2941} INFO - Sync 1 DAGs
[2026-07-15T17:12:10.783+0200] {logging_mixin.py:151} INFO - [2026-07-15T17:12:10.783+0200] {dag.py:3722} INFO - Setting next_dagrun for example_sla_dag to 2026-07-15T15:10:00+00:00, run_after=2026-07-15T15:12:00+00:00
[2026-07-15T17:12:11.150+0200] {processor.py:179} INFO - Processing /home/ai/.local/lib/python3.9/site-packages/airflow/example_dags/example_sla_dag.py took 1.087 seconds
[2026-07-15T17:13:47.884+0200] {processor.py:157} INFO - Started process (PID=3466720) to work on /home/ai/.local/lib/python3.9/site-packages/airflow/example_dags/example_sla_dag.py
[2026-07-15T17:13:47.885+0200] {processor.py:829} INFO - Processing file /home/ai/.local/lib/python3.9/site-packages/airflow/example_dags/example_sla_dag.py for tasks to queue
[2026-07-15T17:13:47.886+0200] {logging_mixin.py:151} INFO - [2026-07-15T17:13:47.886+0200] {dagbag.py:536} INFO - Filling up the DagBag from /home/ai/.local/lib/python3.9/site-packages/airflow/example_dags/example_sla_dag.py
[2026-07-15T17:13:47.898+0200] {processor.py:839} INFO - DAG(s) dict_keys(['example_sla_dag']) retrieved from /home/ai/.local/lib/python3.9/site-packages/airflow/example_dags/example_sla_dag.py
[2026-07-15T17:13:47.929+0200] {logging_mixin.py:151} INFO - [2026-07-15T17:13:47.929+0200] {dag.py:2941} INFO - Sync 1 DAGs
[2026-07-15T17:13:47.952+0200] {logging_mixin.py:151} INFO - [2026-07-15T17:13:47.951+0200] {dag.py:3722} INFO - Setting next_dagrun for example_sla_dag to 2026-07-15T15:10:00+00:00, run_after=2026-07-15T15:12:00+00:00
[2026-07-15T17:13:48.011+0200] {processor.py:179} INFO - Processing /home/ai/.local/lib/python3.9/site-packages/airflow/example_dags/example_sla_dag.py took 0.133 seconds
[2026-07-15T17:15:17.534+0200] {processor.py:157} INFO - Started process (PID=3468398) to work on /home/ai/.local/lib/python3.9/site-packages/airflow/example_dags/example_sla_dag.py
[2026-07-15T17:15:17.535+0200] {processor.py:829} INFO - Processing file /home/ai/.local/lib/python3.9/site-packages/airflow/example_dags/example_sla_dag.py for tasks to queue
[2026-07-15T17:15:17.536+0200] {logging_mixin.py:151} INFO - [2026-07-15T17:15:17.536+0200] {dagbag.py:536} INFO - Filling up the DagBag from /home/ai/.local/lib/python3.9/site-packages/airflow/example_dags/example_sla_dag.py
[2026-07-15T17:15:17.546+0200] {processor.py:839} INFO - DAG(s) dict_keys(['example_sla_dag']) retrieved from /home/ai/.local/lib/python3.9/site-packages/airflow/example_dags/example_sla_dag.py
[2026-07-15T17:15:17.561+0200] {logging_mixin.py:151} INFO - [2026-07-15T17:15:17.561+0200] {dag.py:2941} INFO - Sync 1 DAGs
[2026-07-15T17:15:17.581+0200] {logging_mixin.py:151} INFO - [2026-07-15T17:15:17.580+0200] {dag.py:3722} INFO - Setting next_dagrun for example_sla_dag to 2026-07-15T15:12:00+00:00, run_after=2026-07-15T15:14:00+00:00
[2026-07-15T17:15:17.620+0200] {processor.py:179} INFO - Processing /home/ai/.local/lib/python3.9/site-packages/airflow/example_dags/example_sla_dag.py took 0.093 seconds
[2026-07-15T17:16:17.975+0200] {processor.py:157} INFO - Started process (PID=3469687) to work on /home/ai/.local/lib/python3.9/site-packages/airflow/example_dags/example_sla_dag.py
[2026-07-15T17:16:17.993+0200] {processor.py:829} INFO - Processing file /home/ai/.local/lib/python3.9/site-packages/airflow/example_dags/example_sla_dag.py for tasks to queue
[2026-07-15T17:16:17.994+0200] {logging_mixin.py:151} INFO - [2026-07-15T17:16:17.994+0200] {dagbag.py:536} INFO - Filling up the DagBag from /home/ai/.local/lib/python3.9/site-packages/airflow/example_dags/example_sla_dag.py
[2026-07-15T17:16:18.005+0200] {processor.py:839} INFO - DAG(s) dict_keys(['example_sla_dag']) retrieved from /home/ai/.local/lib/python3.9/site-packages/airflow/example_dags/example_sla_dag.py
[2026-07-15T17:16:18.020+0200] {logging_mixin.py:151} INFO - [2026-07-15T17:16:18.020+0200] {dag.py:2941} INFO - Sync 1 DAGs
[2026-07-15T17:16:18.040+0200] {logging_mixin.py:151} INFO - [2026-07-15T17:16:18.040+0200] {dag.py:3722} INFO - Setting next_dagrun for example_sla_dag to 2026-07-15T15:14:00+00:00, run_after=2026-07-15T15:16:00+00:00
[2026-07-15T17:16:18.058+0200] {processor.py:179} INFO - Processing /home/ai/.local/lib/python3.9/site-packages/airflow/example_dags/example_sla_dag.py took 0.089 seconds
[2026-07-15T17:17:57.348+0200] {processor.py:157} INFO - Started process (PID=3471875) to work on /home/ai/.local/lib/python3.9/site-packages/airflow/example_dags/example_sla_dag.py
[2026-07-15T17:17:57.350+0200] {processor.py:829} INFO - Processing file /home/ai/.local/lib/python3.9/site-packages/airflow/example_dags/example_sla_dag.py for tasks to queue
[2026-07-15T17:17:57.351+0200] {logging_mixin.py:151} INFO - [2026-07-15T17:17:57.350+0200] {dagbag.py:536} INFO - Filling up the DagBag from /home/ai/.local/lib/python3.9/site-packages/airflow/example_dags/example_sla_dag.py
[2026-07-15T17:17:57.360+0200] {processor.py:839} INFO - DAG(s) dict_keys(['example_sla_dag']) retrieved from /home/ai/.local/lib/python3.9/site-packages/airflow/example_dags/example_sla_dag.py
[2026-07-15T17:17:57.375+0200] {logging_mixin.py:151} INFO - [2026-07-15T17:17:57.375+0200] {dag.py:2941} INFO - Sync 1 DAGs
[2026-07-15T17:17:57.396+0200] {logging_mixin.py:151} INFO - [2026-07-15T17:17:57.395+0200] {dag.py:3722} INFO - Setting next_dagrun for example_sla_dag to 2026-07-15T15:14:00+00:00, run_after=2026-07-15T15:16:00+00:00
[2026-07-15T17:17:58.254+0200] {processor.py:179} INFO - Processing /home/ai/.local/lib/python3.9/site-packages/airflow/example_dags/example_sla_dag.py took 0.910 seconds
[2026-07-15T17:19:06.565+0200] {processor.py:157} INFO - Started process (PID=3473223) to work on /home/ai/.local/lib/python3.9/site-packages/airflow/example_dags/example_sla_dag.py
[2026-07-15T17:19:06.567+0200] {processor.py:829} INFO - Processing file /home/ai/.local/lib/python3.9/site-packages/airflow/example_dags/example_sla_dag.py for tasks to queue
[2026-07-15T17:19:06.568+0200] {logging_mixin.py:151} INFO - [2026-07-15T17:19:06.567+0200] {dagbag.py:536} INFO - Filling up the DagBag from /home/ai/.local/lib/python3.9/site-packages/airflow/example_dags/example_sla_dag.py
[2026-07-15T17:19:06.577+0200] {processor.py:839} INFO - DAG(s) dict_keys(['example_sla_dag']) retrieved from /home/ai/.local/lib/python3.9/site-packages/airflow/example_dags/example_sla_dag.py
[2026-07-15T17:19:06.593+0200] {logging_mixin.py:151} INFO - [2026-07-15T17:19:06.593+0200] {dag.py:2941} INFO - Sync 1 DAGs
[2026-07-15T17:19:06.614+0200] {logging_mixin.py:151} INFO - [2026-07-15T17:19:06.614+0200] {dag.py:3722} INFO - Setting next_dagrun for example_sla_dag to 2026-07-15T15:16:00+00:00, run_after=2026-07-15T15:18:00+00:00
[2026-07-15T17:19:06.633+0200] {processor.py:179} INFO - Processing /home/ai/.local/lib/python3.9/site-packages/airflow/example_dags/example_sla_dag.py took 0.071 seconds
