[2026-07-15T16:16:04.876+0200] {processor.py:157} INFO - Started process (PID=3406507) to work on /home/ai/.local/lib/python3.9/site-packages/airflow/example_dags/example_branch_datetime_operator.py
[2026-07-15T16:16:04.877+0200] {processor.py:829} INFO - Processing file /home/ai/.local/lib/python3.9/site-packages/airflow/example_dags/example_branch_datetime_operator.py for tasks to queue
[2026-07-15T16:16:04.878+0200] {logging_mixin.py:151} INFO - [2026-07-15T16:16:04.877+0200] {dagbag.py:536} INFO - Filling up the DagBag from /home/ai/.local/lib/python3.9/site-packages/airflow/example_dags/example_branch_datetime_operator.py
[2026-07-15T16:16:04.888+0200] {processor.py:839} INFO - DAG(s) dict_keys(['example_branch_datetime_operator', 'example_branch_datetime_operator_2', 'example_branch_datetime_operator_3']) retrieved from /home/ai/.local/lib/python3.9/site-packages/airflow/example_dags/example_branch_datetime_operator.py
[2026-07-15T16:16:04.910+0200] {logging_mixin.py:151} INFO - [2026-07-15T16:16:04.910+0200] {dag.py:2941} INFO - Sync 3 DAGs
[2026-07-15T16:16:04.929+0200] {logging_mixin.py:151} INFO - [2026-07-15T16:16:04.928+0200] {dag.py:3722} INFO - Setting next_dagrun for example_branch_datetime_operator to 2026-07-14T00:00:00+00:00, run_after=2026-07-15T00:00:00+00:00
[2026-07-15T16:16:04.932+0200] {logging_mixin.py:151} INFO - [2026-07-15T16:16:04.932+0200] {dag.py:3722} INFO - Setting next_dagrun for example_branch_datetime_operator_2 to 2026-07-14T00:00:00+00:00, run_after=2026-07-15T00:00:00+00:00
[2026-07-15T16:16:04.934+0200] {logging_mixin.py:151} INFO - [2026-07-15T16:16:04.934+0200] {dag.py:3722} INFO - Setting next_dagrun for example_branch_datetime_operator_3 to 2026-07-14T00:00:00+00:00, run_after=2026-07-15T00:00:00+00:00
[2026-07-15T16:16:06.143+0200] {processor.py:179} INFO - Processing /home/ai/.local/lib/python3.9/site-packages/airflow/example_dags/example_branch_datetime_operator.py took 1.272 seconds
[2026-07-15T16:17:47.954+0200] {processor.py:157} INFO - Started process (PID=3408267) to work on /home/ai/.local/lib/python3.9/site-packages/airflow/example_dags/example_branch_datetime_operator.py
[2026-07-15T16:17:47.956+0200] {processor.py:829} INFO - Processing file /home/ai/.local/lib/python3.9/site-packages/airflow/example_dags/example_branch_datetime_operator.py for tasks to queue
[2026-07-15T16:17:47.957+0200] {logging_mixin.py:151} INFO - [2026-07-15T16:17:47.956+0200] {dagbag.py:536} INFO - Filling up the DagBag from /home/ai/.local/lib/python3.9/site-packages/airflow/example_dags/example_branch_datetime_operator.py
[2026-07-15T16:17:47.969+0200] {processor.py:839} INFO - DAG(s) dict_keys(['example_branch_datetime_operator', 'example_branch_datetime_operator_3', 'example_branch_datetime_operator_2']) retrieved from /home/ai/.local/lib/python3.9/site-packages/airflow/example_dags/example_branch_datetime_operator.py
[2026-07-15T16:17:47.993+0200] {logging_mixin.py:151} INFO - [2026-07-15T16:17:47.993+0200] {dag.py:2941} INFO - Sync 3 DAGs
[2026-07-15T16:17:48.013+0200] {logging_mixin.py:151} INFO - [2026-07-15T16:17:48.013+0200] {dag.py:3722} INFO - Setting next_dagrun for example_branch_datetime_operator to 2026-07-14T00:00:00+00:00, run_after=2026-07-15T00:00:00+00:00
[2026-07-15T16:17:48.016+0200] {logging_mixin.py:151} INFO - [2026-07-15T16:17:48.016+0200] {dag.py:3722} INFO - Setting next_dagrun for example_branch_datetime_operator_2 to 2026-07-14T00:00:00+00:00, run_after=2026-07-15T00:00:00+00:00
[2026-07-15T16:17:48.019+0200] {logging_mixin.py:151} INFO - [2026-07-15T16:17:48.019+0200] {dag.py:3722} INFO - Setting next_dagrun for example_branch_datetime_operator_3 to 2026-07-14T00:00:00+00:00, run_after=2026-07-15T00:00:00+00:00
[2026-07-15T16:17:48.036+0200] {processor.py:179} INFO - Processing /home/ai/.local/lib/python3.9/site-packages/airflow/example_dags/example_branch_datetime_operator.py took 0.086 seconds
[2026-07-15T16:19:17.884+0200] {processor.py:157} INFO - Started process (PID=3409862) to work on /home/ai/.local/lib/python3.9/site-packages/airflow/example_dags/example_branch_datetime_operator.py
[2026-07-15T16:19:17.886+0200] {processor.py:829} INFO - Processing file /home/ai/.local/lib/python3.9/site-packages/airflow/example_dags/example_branch_datetime_operator.py for tasks to queue
[2026-07-15T16:19:17.887+0200] {logging_mixin.py:151} INFO - [2026-07-15T16:19:17.886+0200] {dagbag.py:536} INFO - Filling up the DagBag from /home/ai/.local/lib/python3.9/site-packages/airflow/example_dags/example_branch_datetime_operator.py
[2026-07-15T16:19:17.898+0200] {processor.py:839} INFO - DAG(s) dict_keys(['example_branch_datetime_operator_2', 'example_branch_datetime_operator_3', 'example_branch_datetime_operator']) retrieved from /home/ai/.local/lib/python3.9/site-packages/airflow/example_dags/example_branch_datetime_operator.py
[2026-07-15T16:19:17.921+0200] {logging_mixin.py:151} INFO - [2026-07-15T16:19:17.921+0200] {dag.py:2941} INFO - Sync 3 DAGs
[2026-07-15T16:19:17.946+0200] {logging_mixin.py:151} INFO - [2026-07-15T16:19:17.946+0200] {dag.py:3722} INFO - Setting next_dagrun for example_branch_datetime_operator to 2026-07-14T00:00:00+00:00, run_after=2026-07-15T00:00:00+00:00
[2026-07-15T16:19:17.953+0200] {logging_mixin.py:151} INFO - [2026-07-15T16:19:17.953+0200] {dag.py:3722} INFO - Setting next_dagrun for example_branch_datetime_operator_2 to 2026-07-14T00:00:00+00:00, run_after=2026-07-15T00:00:00+00:00
[2026-07-15T16:19:17.955+0200] {logging_mixin.py:151} INFO - [2026-07-15T16:19:17.955+0200] {dag.py:3722} INFO - Setting next_dagrun for example_branch_datetime_operator_3 to 2026-07-14T00:00:00+00:00, run_after=2026-07-15T00:00:00+00:00
[2026-07-15T16:19:17.973+0200] {processor.py:179} INFO - Processing /home/ai/.local/lib/python3.9/site-packages/airflow/example_dags/example_branch_datetime_operator.py took 0.094 seconds
[2026-07-15T16:21:00.226+0200] {processor.py:157} INFO - Started process (PID=3411579) to work on /home/ai/.local/lib/python3.9/site-packages/airflow/example_dags/example_branch_datetime_operator.py
[2026-07-15T16:21:00.228+0200] {processor.py:829} INFO - Processing file /home/ai/.local/lib/python3.9/site-packages/airflow/example_dags/example_branch_datetime_operator.py for tasks to queue
[2026-07-15T16:21:00.229+0200] {logging_mixin.py:151} INFO - [2026-07-15T16:21:00.228+0200] {dagbag.py:536} INFO - Filling up the DagBag from /home/ai/.local/lib/python3.9/site-packages/airflow/example_dags/example_branch_datetime_operator.py
[2026-07-15T16:21:00.238+0200] {processor.py:839} INFO - DAG(s) dict_keys(['example_branch_datetime_operator_2', 'example_branch_datetime_operator_3', 'example_branch_datetime_operator']) retrieved from /home/ai/.local/lib/python3.9/site-packages/airflow/example_dags/example_branch_datetime_operator.py
[2026-07-15T16:21:00.259+0200] {logging_mixin.py:151} INFO - [2026-07-15T16:21:00.259+0200] {dag.py:2941} INFO - Sync 3 DAGs
[2026-07-15T16:21:00.278+0200] {logging_mixin.py:151} INFO - [2026-07-15T16:21:00.278+0200] {dag.py:3722} INFO - Setting next_dagrun for example_branch_datetime_operator to 2026-07-14T00:00:00+00:00, run_after=2026-07-15T00:00:00+00:00
[2026-07-15T16:21:00.282+0200] {logging_mixin.py:151} INFO - [2026-07-15T16:21:00.282+0200] {dag.py:3722} INFO - Setting next_dagrun for example_branch_datetime_operator_2 to 2026-07-14T00:00:00+00:00, run_after=2026-07-15T00:00:00+00:00
[2026-07-15T16:21:00.284+0200] {logging_mixin.py:151} INFO - [2026-07-15T16:21:00.284+0200] {dag.py:3722} INFO - Setting next_dagrun for example_branch_datetime_operator_3 to 2026-07-14T00:00:00+00:00, run_after=2026-07-15T00:00:00+00:00
[2026-07-15T16:21:00.357+0200] {processor.py:179} INFO - Processing /home/ai/.local/lib/python3.9/site-packages/airflow/example_dags/example_branch_datetime_operator.py took 0.136 seconds
[2026-07-15T16:22:28.014+0200] {processor.py:157} INFO - Started process (PID=3413075) to work on /home/ai/.local/lib/python3.9/site-packages/airflow/example_dags/example_branch_datetime_operator.py
[2026-07-15T16:22:28.015+0200] {processor.py:829} INFO - Processing file /home/ai/.local/lib/python3.9/site-packages/airflow/example_dags/example_branch_datetime_operator.py for tasks to queue
[2026-07-15T16:22:28.016+0200] {logging_mixin.py:151} INFO - [2026-07-15T16:22:28.016+0200] {dagbag.py:536} INFO - Filling up the DagBag from /home/ai/.local/lib/python3.9/site-packages/airflow/example_dags/example_branch_datetime_operator.py
[2026-07-15T16:22:28.026+0200] {processor.py:839} INFO - DAG(s) dict_keys(['example_branch_datetime_operator_3', 'example_branch_datetime_operator', 'example_branch_datetime_operator_2']) retrieved from /home/ai/.local/lib/python3.9/site-packages/airflow/example_dags/example_branch_datetime_operator.py
[2026-07-15T16:22:28.046+0200] {logging_mixin.py:151} INFO - [2026-07-15T16:22:28.046+0200] {dag.py:2941} INFO - Sync 3 DAGs
[2026-07-15T16:22:28.065+0200] {logging_mixin.py:151} INFO - [2026-07-15T16:22:28.065+0200] {dag.py:3722} INFO - Setting next_dagrun for example_branch_datetime_operator to 2026-07-14T00:00:00+00:00, run_after=2026-07-15T00:00:00+00:00
[2026-07-15T16:22:28.069+0200] {logging_mixin.py:151} INFO - [2026-07-15T16:22:28.069+0200] {dag.py:3722} INFO - Setting next_dagrun for example_branch_datetime_operator_2 to 2026-07-14T00:00:00+00:00, run_after=2026-07-15T00:00:00+00:00
[2026-07-15T16:22:28.071+0200] {logging_mixin.py:151} INFO - [2026-07-15T16:22:28.071+0200] {dag.py:3722} INFO - Setting next_dagrun for example_branch_datetime_operator_3 to 2026-07-14T00:00:00+00:00, run_after=2026-07-15T00:00:00+00:00
[2026-07-15T16:22:28.903+0200] {processor.py:179} INFO - Processing /home/ai/.local/lib/python3.9/site-packages/airflow/example_dags/example_branch_datetime_operator.py took 0.898 seconds
[2026-07-15T16:23:58.140+0200] {processor.py:157} INFO - Started process (PID=3414597) to work on /home/ai/.local/lib/python3.9/site-packages/airflow/example_dags/example_branch_datetime_operator.py
[2026-07-15T16:23:58.142+0200] {processor.py:829} INFO - Processing file /home/ai/.local/lib/python3.9/site-packages/airflow/example_dags/example_branch_datetime_operator.py for tasks to queue
[2026-07-15T16:23:58.143+0200] {logging_mixin.py:151} INFO - [2026-07-15T16:23:58.142+0200] {dagbag.py:536} INFO - Filling up the DagBag from /home/ai/.local/lib/python3.9/site-packages/airflow/example_dags/example_branch_datetime_operator.py
[2026-07-15T16:23:58.152+0200] {processor.py:839} INFO - DAG(s) dict_keys(['example_branch_datetime_operator_3', 'example_branch_datetime_operator_2', 'example_branch_datetime_operator']) retrieved from /home/ai/.local/lib/python3.9/site-packages/airflow/example_dags/example_branch_datetime_operator.py
[2026-07-15T16:23:58.173+0200] {logging_mixin.py:151} INFO - [2026-07-15T16:23:58.173+0200] {dag.py:2941} INFO - Sync 3 DAGs
[2026-07-15T16:23:58.191+0200] {logging_mixin.py:151} INFO - [2026-07-15T16:23:58.191+0200] {dag.py:3722} INFO - Setting next_dagrun for example_branch_datetime_operator to 2026-07-14T00:00:00+00:00, run_after=2026-07-15T00:00:00+00:00
[2026-07-15T16:23:58.195+0200] {logging_mixin.py:151} INFO - [2026-07-15T16:23:58.195+0200] {dag.py:3722} INFO - Setting next_dagrun for example_branch_datetime_operator_2 to 2026-07-14T00:00:00+00:00, run_after=2026-07-15T00:00:00+00:00
[2026-07-15T16:23:58.197+0200] {logging_mixin.py:151} INFO - [2026-07-15T16:23:58.197+0200] {dag.py:3722} INFO - Setting next_dagrun for example_branch_datetime_operator_3 to 2026-07-14T00:00:00+00:00, run_after=2026-07-15T00:00:00+00:00
[2026-07-15T16:23:58.251+0200] {processor.py:179} INFO - Processing /home/ai/.local/lib/python3.9/site-packages/airflow/example_dags/example_branch_datetime_operator.py took 0.114 seconds
[2026-07-15T16:25:16.650+0200] {processor.py:157} INFO - Started process (PID=3415944) to work on /home/ai/.local/lib/python3.9/site-packages/airflow/example_dags/example_branch_datetime_operator.py
[2026-07-15T16:25:16.651+0200] {processor.py:829} INFO - Processing file /home/ai/.local/lib/python3.9/site-packages/airflow/example_dags/example_branch_datetime_operator.py for tasks to queue
[2026-07-15T16:25:16.652+0200] {logging_mixin.py:151} INFO - [2026-07-15T16:25:16.652+0200] {dagbag.py:536} INFO - Filling up the DagBag from /home/ai/.local/lib/python3.9/site-packages/airflow/example_dags/example_branch_datetime_operator.py
[2026-07-15T16:25:16.662+0200] {processor.py:839} INFO - DAG(s) dict_keys(['example_branch_datetime_operator', 'example_branch_datetime_operator_2', 'example_branch_datetime_operator_3']) retrieved from /home/ai/.local/lib/python3.9/site-packages/airflow/example_dags/example_branch_datetime_operator.py
[2026-07-15T16:25:16.683+0200] {logging_mixin.py:151} INFO - [2026-07-15T16:25:16.683+0200] {dag.py:2941} INFO - Sync 3 DAGs
[2026-07-15T16:25:16.703+0200] {logging_mixin.py:151} INFO - [2026-07-15T16:25:16.703+0200] {dag.py:3722} INFO - Setting next_dagrun for example_branch_datetime_operator to 2026-07-14T00:00:00+00:00, run_after=2026-07-15T00:00:00+00:00
[2026-07-15T16:25:16.707+0200] {logging_mixin.py:151} INFO - [2026-07-15T16:25:16.707+0200] {dag.py:3722} INFO - Setting next_dagrun for example_branch_datetime_operator_2 to 2026-07-14T00:00:00+00:00, run_after=2026-07-15T00:00:00+00:00
[2026-07-15T16:25:16.709+0200] {logging_mixin.py:151} INFO - [2026-07-15T16:25:16.709+0200] {dag.py:3722} INFO - Setting next_dagrun for example_branch_datetime_operator_3 to 2026-07-14T00:00:00+00:00, run_after=2026-07-15T00:00:00+00:00
[2026-07-15T16:25:16.729+0200] {processor.py:179} INFO - Processing /home/ai/.local/lib/python3.9/site-packages/airflow/example_dags/example_branch_datetime_operator.py took 0.085 seconds
[2026-07-15T16:26:52.850+0200] {processor.py:157} INFO - Started process (PID=3417572) to work on /home/ai/.local/lib/python3.9/site-packages/airflow/example_dags/example_branch_datetime_operator.py
[2026-07-15T16:26:52.852+0200] {processor.py:829} INFO - Processing file /home/ai/.local/lib/python3.9/site-packages/airflow/example_dags/example_branch_datetime_operator.py for tasks to queue
[2026-07-15T16:26:52.853+0200] {logging_mixin.py:151} INFO - [2026-07-15T16:26:52.852+0200] {dagbag.py:536} INFO - Filling up the DagBag from /home/ai/.local/lib/python3.9/site-packages/airflow/example_dags/example_branch_datetime_operator.py
[2026-07-15T16:26:52.863+0200] {processor.py:839} INFO - DAG(s) dict_keys(['example_branch_datetime_operator_3', 'example_branch_datetime_operator_2', 'example_branch_datetime_operator']) retrieved from /home/ai/.local/lib/python3.9/site-packages/airflow/example_dags/example_branch_datetime_operator.py
[2026-07-15T16:26:52.885+0200] {logging_mixin.py:151} INFO - [2026-07-15T16:26:52.885+0200] {dag.py:2941} INFO - Sync 3 DAGs
[2026-07-15T16:26:52.905+0200] {logging_mixin.py:151} INFO - [2026-07-15T16:26:52.905+0200] {dag.py:3722} INFO - Setting next_dagrun for example_branch_datetime_operator to 2026-07-14T00:00:00+00:00, run_after=2026-07-15T00:00:00+00:00
[2026-07-15T16:26:52.909+0200] {logging_mixin.py:151} INFO - [2026-07-15T16:26:52.909+0200] {dag.py:3722} INFO - Setting next_dagrun for example_branch_datetime_operator_2 to 2026-07-14T00:00:00+00:00, run_after=2026-07-15T00:00:00+00:00
[2026-07-15T16:26:52.911+0200] {logging_mixin.py:151} INFO - [2026-07-15T16:26:52.911+0200] {dag.py:3722} INFO - Setting next_dagrun for example_branch_datetime_operator_3 to 2026-07-14T00:00:00+00:00, run_after=2026-07-15T00:00:00+00:00
[2026-07-15T16:26:55.347+0200] {processor.py:179} INFO - Processing /home/ai/.local/lib/python3.9/site-packages/airflow/example_dags/example_branch_datetime_operator.py took 2.503 seconds
[2026-07-15T16:28:42.255+0200] {processor.py:157} INFO - Started process (PID=3419443) to work on /home/ai/.local/lib/python3.9/site-packages/airflow/example_dags/example_branch_datetime_operator.py
[2026-07-15T16:28:42.258+0200] {processor.py:829} INFO - Processing file /home/ai/.local/lib/python3.9/site-packages/airflow/example_dags/example_branch_datetime_operator.py for tasks to queue
[2026-07-15T16:28:42.261+0200] {logging_mixin.py:151} INFO - [2026-07-15T16:28:42.260+0200] {dagbag.py:536} INFO - Filling up the DagBag from /home/ai/.local/lib/python3.9/site-packages/airflow/example_dags/example_branch_datetime_operator.py
[2026-07-15T16:28:42.280+0200] {processor.py:839} INFO - DAG(s) dict_keys(['example_branch_datetime_operator_3', 'example_branch_datetime_operator', 'example_branch_datetime_operator_2']) retrieved from /home/ai/.local/lib/python3.9/site-packages/airflow/example_dags/example_branch_datetime_operator.py
[2026-07-15T16:28:42.307+0200] {logging_mixin.py:151} INFO - [2026-07-15T16:28:42.307+0200] {dag.py:2941} INFO - Sync 3 DAGs
[2026-07-15T16:28:42.325+0200] {logging_mixin.py:151} INFO - [2026-07-15T16:28:42.325+0200] {dag.py:3722} INFO - Setting next_dagrun for example_branch_datetime_operator to 2026-07-14T00:00:00+00:00, run_after=2026-07-15T00:00:00+00:00
[2026-07-15T16:28:42.329+0200] {logging_mixin.py:151} INFO - [2026-07-15T16:28:42.329+0200] {dag.py:3722} INFO - Setting next_dagrun for example_branch_datetime_operator_2 to 2026-07-14T00:00:00+00:00, run_after=2026-07-15T00:00:00+00:00
[2026-07-15T16:28:42.331+0200] {logging_mixin.py:151} INFO - [2026-07-15T16:28:42.331+0200] {dag.py:3722} INFO - Setting next_dagrun for example_branch_datetime_operator_3 to 2026-07-14T00:00:00+00:00, run_after=2026-07-15T00:00:00+00:00
[2026-07-15T16:28:43.648+0200] {processor.py:179} INFO - Processing /home/ai/.local/lib/python3.9/site-packages/airflow/example_dags/example_branch_datetime_operator.py took 1.399 seconds
[2026-07-15T16:30:08.434+0200] {processor.py:157} INFO - Started process (PID=3420883) to work on /home/ai/.local/lib/python3.9/site-packages/airflow/example_dags/example_branch_datetime_operator.py
[2026-07-15T16:30:08.435+0200] {processor.py:829} INFO - Processing file /home/ai/.local/lib/python3.9/site-packages/airflow/example_dags/example_branch_datetime_operator.py for tasks to queue
[2026-07-15T16:30:08.436+0200] {logging_mixin.py:151} INFO - [2026-07-15T16:30:08.436+0200] {dagbag.py:536} INFO - Filling up the DagBag from /home/ai/.local/lib/python3.9/site-packages/airflow/example_dags/example_branch_datetime_operator.py
[2026-07-15T16:30:08.447+0200] {processor.py:839} INFO - DAG(s) dict_keys(['example_branch_datetime_operator_3', 'example_branch_datetime_operator', 'example_branch_datetime_operator_2']) retrieved from /home/ai/.local/lib/python3.9/site-packages/airflow/example_dags/example_branch_datetime_operator.py
[2026-07-15T16:30:08.469+0200] {logging_mixin.py:151} INFO - [2026-07-15T16:30:08.469+0200] {dag.py:2941} INFO - Sync 3 DAGs
[2026-07-15T16:30:08.493+0200] {logging_mixin.py:151} INFO - [2026-07-15T16:30:08.493+0200] {dag.py:3722} INFO - Setting next_dagrun for example_branch_datetime_operator to 2026-07-14T00:00:00+00:00, run_after=2026-07-15T00:00:00+00:00
[2026-07-15T16:30:08.497+0200] {logging_mixin.py:151} INFO - [2026-07-15T16:30:08.497+0200] {dag.py:3722} INFO - Setting next_dagrun for example_branch_datetime_operator_2 to 2026-07-14T00:00:00+00:00, run_after=2026-07-15T00:00:00+00:00
[2026-07-15T16:30:08.499+0200] {logging_mixin.py:151} INFO - [2026-07-15T16:30:08.499+0200] {dag.py:3722} INFO - Setting next_dagrun for example_branch_datetime_operator_3 to 2026-07-14T00:00:00+00:00, run_after=2026-07-15T00:00:00+00:00
[2026-07-15T16:30:08.517+0200] {processor.py:179} INFO - Processing /home/ai/.local/lib/python3.9/site-packages/airflow/example_dags/example_branch_datetime_operator.py took 0.088 seconds
[2026-07-15T16:31:57.128+0200] {processor.py:157} INFO - Started process (PID=3422751) to work on /home/ai/.local/lib/python3.9/site-packages/airflow/example_dags/example_branch_datetime_operator.py
[2026-07-15T16:31:57.129+0200] {processor.py:829} INFO - Processing file /home/ai/.local/lib/python3.9/site-packages/airflow/example_dags/example_branch_datetime_operator.py for tasks to queue
[2026-07-15T16:31:57.130+0200] {logging_mixin.py:151} INFO - [2026-07-15T16:31:57.130+0200] {dagbag.py:536} INFO - Filling up the DagBag from /home/ai/.local/lib/python3.9/site-packages/airflow/example_dags/example_branch_datetime_operator.py
[2026-07-15T16:31:57.139+0200] {processor.py:839} INFO - DAG(s) dict_keys(['example_branch_datetime_operator_2', 'example_branch_datetime_operator_3', 'example_branch_datetime_operator']) retrieved from /home/ai/.local/lib/python3.9/site-packages/airflow/example_dags/example_branch_datetime_operator.py
[2026-07-15T16:31:57.161+0200] {logging_mixin.py:151} INFO - [2026-07-15T16:31:57.160+0200] {dag.py:2941} INFO - Sync 3 DAGs
[2026-07-15T16:31:57.179+0200] {logging_mixin.py:151} INFO - [2026-07-15T16:31:57.178+0200] {dag.py:3722} INFO - Setting next_dagrun for example_branch_datetime_operator to 2026-07-14T00:00:00+00:00, run_after=2026-07-15T00:00:00+00:00
[2026-07-15T16:31:57.183+0200] {logging_mixin.py:151} INFO - [2026-07-15T16:31:57.183+0200] {dag.py:3722} INFO - Setting next_dagrun for example_branch_datetime_operator_2 to 2026-07-14T00:00:00+00:00, run_after=2026-07-15T00:00:00+00:00
[2026-07-15T16:31:57.185+0200] {logging_mixin.py:151} INFO - [2026-07-15T16:31:57.185+0200] {dag.py:3722} INFO - Setting next_dagrun for example_branch_datetime_operator_3 to 2026-07-14T00:00:00+00:00, run_after=2026-07-15T00:00:00+00:00
[2026-07-15T16:31:57.355+0200] {processor.py:179} INFO - Processing /home/ai/.local/lib/python3.9/site-packages/airflow/example_dags/example_branch_datetime_operator.py took 0.234 seconds
[2026-07-15T16:33:21.536+0200] {processor.py:157} INFO - Started process (PID=3424223) to work on /home/ai/.local/lib/python3.9/site-packages/airflow/example_dags/example_branch_datetime_operator.py
[2026-07-15T16:33:21.537+0200] {processor.py:829} INFO - Processing file /home/ai/.local/lib/python3.9/site-packages/airflow/example_dags/example_branch_datetime_operator.py for tasks to queue
[2026-07-15T16:33:21.538+0200] {logging_mixin.py:151} INFO - [2026-07-15T16:33:21.538+0200] {dagbag.py:536} INFO - Filling up the DagBag from /home/ai/.local/lib/python3.9/site-packages/airflow/example_dags/example_branch_datetime_operator.py
[2026-07-15T16:33:21.548+0200] {processor.py:839} INFO - DAG(s) dict_keys(['example_branch_datetime_operator', 'example_branch_datetime_operator_3', 'example_branch_datetime_operator_2']) retrieved from /home/ai/.local/lib/python3.9/site-packages/airflow/example_dags/example_branch_datetime_operator.py
[2026-07-15T16:33:21.570+0200] {logging_mixin.py:151} INFO - [2026-07-15T16:33:21.570+0200] {dag.py:2941} INFO - Sync 3 DAGs
[2026-07-15T16:33:21.588+0200] {logging_mixin.py:151} INFO - [2026-07-15T16:33:21.588+0200] {dag.py:3722} INFO - Setting next_dagrun for example_branch_datetime_operator to 2026-07-14T00:00:00+00:00, run_after=2026-07-15T00:00:00+00:00
[2026-07-15T16:33:21.592+0200] {logging_mixin.py:151} INFO - [2026-07-15T16:33:21.592+0200] {dag.py:3722} INFO - Setting next_dagrun for example_branch_datetime_operator_2 to 2026-07-14T00:00:00+00:00, run_after=2026-07-15T00:00:00+00:00
[2026-07-15T16:33:21.594+0200] {logging_mixin.py:151} INFO - [2026-07-15T16:33:21.594+0200] {dag.py:3722} INFO - Setting next_dagrun for example_branch_datetime_operator_3 to 2026-07-14T00:00:00+00:00, run_after=2026-07-15T00:00:00+00:00
[2026-07-15T16:33:22.899+0200] {processor.py:179} INFO - Processing /home/ai/.local/lib/python3.9/site-packages/airflow/example_dags/example_branch_datetime_operator.py took 1.370 seconds
[2026-07-15T16:34:48.140+0200] {processor.py:157} INFO - Started process (PID=3425679) to work on /home/ai/.local/lib/python3.9/site-packages/airflow/example_dags/example_branch_datetime_operator.py
[2026-07-15T16:34:48.142+0200] {processor.py:829} INFO - Processing file /home/ai/.local/lib/python3.9/site-packages/airflow/example_dags/example_branch_datetime_operator.py for tasks to queue
[2026-07-15T16:34:48.143+0200] {logging_mixin.py:151} INFO - [2026-07-15T16:34:48.143+0200] {dagbag.py:536} INFO - Filling up the DagBag from /home/ai/.local/lib/python3.9/site-packages/airflow/example_dags/example_branch_datetime_operator.py
[2026-07-15T16:34:48.153+0200] {processor.py:839} INFO - DAG(s) dict_keys(['example_branch_datetime_operator_3', 'example_branch_datetime_operator', 'example_branch_datetime_operator_2']) retrieved from /home/ai/.local/lib/python3.9/site-packages/airflow/example_dags/example_branch_datetime_operator.py
[2026-07-15T16:34:48.176+0200] {logging_mixin.py:151} INFO - [2026-07-15T16:34:48.176+0200] {dag.py:2941} INFO - Sync 3 DAGs
[2026-07-15T16:34:48.197+0200] {logging_mixin.py:151} INFO - [2026-07-15T16:34:48.196+0200] {dag.py:3722} INFO - Setting next_dagrun for example_branch_datetime_operator to 2026-07-14T00:00:00+00:00, run_after=2026-07-15T00:00:00+00:00
[2026-07-15T16:34:48.201+0200] {logging_mixin.py:151} INFO - [2026-07-15T16:34:48.201+0200] {dag.py:3722} INFO - Setting next_dagrun for example_branch_datetime_operator_2 to 2026-07-14T00:00:00+00:00, run_after=2026-07-15T00:00:00+00:00
[2026-07-15T16:34:48.203+0200] {logging_mixin.py:151} INFO - [2026-07-15T16:34:48.203+0200] {dag.py:3722} INFO - Setting next_dagrun for example_branch_datetime_operator_3 to 2026-07-14T00:00:00+00:00, run_after=2026-07-15T00:00:00+00:00
[2026-07-15T16:34:48.221+0200] {processor.py:179} INFO - Processing /home/ai/.local/lib/python3.9/site-packages/airflow/example_dags/example_branch_datetime_operator.py took 0.090 seconds
[2026-07-15T16:36:21.192+0200] {processor.py:157} INFO - Started process (PID=3427497) to work on /home/ai/.local/lib/python3.9/site-packages/airflow/example_dags/example_branch_datetime_operator.py
[2026-07-15T16:36:21.194+0200] {processor.py:829} INFO - Processing file /home/ai/.local/lib/python3.9/site-packages/airflow/example_dags/example_branch_datetime_operator.py for tasks to queue
[2026-07-15T16:36:21.195+0200] {logging_mixin.py:151} INFO - [2026-07-15T16:36:21.194+0200] {dagbag.py:536} INFO - Filling up the DagBag from /home/ai/.local/lib/python3.9/site-packages/airflow/example_dags/example_branch_datetime_operator.py
[2026-07-15T16:36:21.206+0200] {processor.py:839} INFO - DAG(s) dict_keys(['example_branch_datetime_operator_2', 'example_branch_datetime_operator', 'example_branch_datetime_operator_3']) retrieved from /home/ai/.local/lib/python3.9/site-packages/airflow/example_dags/example_branch_datetime_operator.py
[2026-07-15T16:36:21.228+0200] {logging_mixin.py:151} INFO - [2026-07-15T16:36:21.228+0200] {dag.py:2941} INFO - Sync 3 DAGs
[2026-07-15T16:36:21.247+0200] {logging_mixin.py:151} INFO - [2026-07-15T16:36:21.247+0200] {dag.py:3722} INFO - Setting next_dagrun for example_branch_datetime_operator to 2026-07-14T00:00:00+00:00, run_after=2026-07-15T00:00:00+00:00
[2026-07-15T16:36:21.251+0200] {logging_mixin.py:151} INFO - [2026-07-15T16:36:21.251+0200] {dag.py:3722} INFO - Setting next_dagrun for example_branch_datetime_operator_2 to 2026-07-14T00:00:00+00:00, run_after=2026-07-15T00:00:00+00:00
[2026-07-15T16:36:21.253+0200] {logging_mixin.py:151} INFO - [2026-07-15T16:36:21.253+0200] {dag.py:3722} INFO - Setting next_dagrun for example_branch_datetime_operator_3 to 2026-07-14T00:00:00+00:00, run_after=2026-07-15T00:00:00+00:00
[2026-07-15T16:36:21.314+0200] {processor.py:179} INFO - Processing /home/ai/.local/lib/python3.9/site-packages/airflow/example_dags/example_branch_datetime_operator.py took 0.126 seconds
[2026-07-15T16:38:05.900+0200] {processor.py:157} INFO - Started process (PID=3429570) to work on /home/ai/.local/lib/python3.9/site-packages/airflow/example_dags/example_branch_datetime_operator.py
[2026-07-15T16:38:05.901+0200] {processor.py:829} INFO - Processing file /home/ai/.local/lib/python3.9/site-packages/airflow/example_dags/example_branch_datetime_operator.py for tasks to queue
[2026-07-15T16:38:05.902+0200] {logging_mixin.py:151} INFO - [2026-07-15T16:38:05.902+0200] {dagbag.py:536} INFO - Filling up the DagBag from /home/ai/.local/lib/python3.9/site-packages/airflow/example_dags/example_branch_datetime_operator.py
[2026-07-15T16:38:05.911+0200] {processor.py:839} INFO - DAG(s) dict_keys(['example_branch_datetime_operator', 'example_branch_datetime_operator_3', 'example_branch_datetime_operator_2']) retrieved from /home/ai/.local/lib/python3.9/site-packages/airflow/example_dags/example_branch_datetime_operator.py
[2026-07-15T16:38:05.932+0200] {logging_mixin.py:151} INFO - [2026-07-15T16:38:05.932+0200] {dag.py:2941} INFO - Sync 3 DAGs
[2026-07-15T16:38:05.951+0200] {logging_mixin.py:151} INFO - [2026-07-15T16:38:05.951+0200] {dag.py:3722} INFO - Setting next_dagrun for example_branch_datetime_operator to 2026-07-14T00:00:00+00:00, run_after=2026-07-15T00:00:00+00:00
[2026-07-15T16:38:05.956+0200] {logging_mixin.py:151} INFO - [2026-07-15T16:38:05.955+0200] {dag.py:3722} INFO - Setting next_dagrun for example_branch_datetime_operator_2 to 2026-07-14T00:00:00+00:00, run_after=2026-07-15T00:00:00+00:00
[2026-07-15T16:38:05.958+0200] {logging_mixin.py:151} INFO - [2026-07-15T16:38:05.957+0200] {dag.py:3722} INFO - Setting next_dagrun for example_branch_datetime_operator_3 to 2026-07-14T00:00:00+00:00, run_after=2026-07-15T00:00:00+00:00
[2026-07-15T16:38:05.978+0200] {processor.py:179} INFO - Processing /home/ai/.local/lib/python3.9/site-packages/airflow/example_dags/example_branch_datetime_operator.py took 0.082 seconds
[2026-07-15T16:39:53.699+0200] {processor.py:157} INFO - Started process (PID=3431576) to work on /home/ai/.local/lib/python3.9/site-packages/airflow/example_dags/example_branch_datetime_operator.py
[2026-07-15T16:39:53.700+0200] {processor.py:829} INFO - Processing file /home/ai/.local/lib/python3.9/site-packages/airflow/example_dags/example_branch_datetime_operator.py for tasks to queue
[2026-07-15T16:39:53.701+0200] {logging_mixin.py:151} INFO - [2026-07-15T16:39:53.701+0200] {dagbag.py:536} INFO - Filling up the DagBag from /home/ai/.local/lib/python3.9/site-packages/airflow/example_dags/example_branch_datetime_operator.py
[2026-07-15T16:39:53.712+0200] {processor.py:839} INFO - DAG(s) dict_keys(['example_branch_datetime_operator_2', 'example_branch_datetime_operator_3', 'example_branch_datetime_operator']) retrieved from /home/ai/.local/lib/python3.9/site-packages/airflow/example_dags/example_branch_datetime_operator.py
[2026-07-15T16:39:53.735+0200] {logging_mixin.py:151} INFO - [2026-07-15T16:39:53.734+0200] {dag.py:2941} INFO - Sync 3 DAGs
[2026-07-15T16:39:53.754+0200] {logging_mixin.py:151} INFO - [2026-07-15T16:39:53.754+0200] {dag.py:3722} INFO - Setting next_dagrun for example_branch_datetime_operator to 2026-07-14T00:00:00+00:00, run_after=2026-07-15T00:00:00+00:00
[2026-07-15T16:39:53.758+0200] {logging_mixin.py:151} INFO - [2026-07-15T16:39:53.758+0200] {dag.py:3722} INFO - Setting next_dagrun for example_branch_datetime_operator_2 to 2026-07-14T00:00:00+00:00, run_after=2026-07-15T00:00:00+00:00
[2026-07-15T16:39:53.760+0200] {logging_mixin.py:151} INFO - [2026-07-15T16:39:53.760+0200] {dag.py:3722} INFO - Setting next_dagrun for example_branch_datetime_operator_3 to 2026-07-14T00:00:00+00:00, run_after=2026-07-15T00:00:00+00:00
[2026-07-15T16:39:54.409+0200] {processor.py:179} INFO - Processing /home/ai/.local/lib/python3.9/site-packages/airflow/example_dags/example_branch_datetime_operator.py took 0.715 seconds
[2026-07-15T16:41:43.898+0200] {processor.py:157} INFO - Started process (PID=3433496) to work on /home/ai/.local/lib/python3.9/site-packages/airflow/example_dags/example_branch_datetime_operator.py
[2026-07-15T16:41:43.900+0200] {processor.py:829} INFO - Processing file /home/ai/.local/lib/python3.9/site-packages/airflow/example_dags/example_branch_datetime_operator.py for tasks to queue
[2026-07-15T16:41:43.901+0200] {logging_mixin.py:151} INFO - [2026-07-15T16:41:43.900+0200] {dagbag.py:536} INFO - Filling up the DagBag from /home/ai/.local/lib/python3.9/site-packages/airflow/example_dags/example_branch_datetime_operator.py
[2026-07-15T16:41:43.911+0200] {processor.py:839} INFO - DAG(s) dict_keys(['example_branch_datetime_operator', 'example_branch_datetime_operator_3', 'example_branch_datetime_operator_2']) retrieved from /home/ai/.local/lib/python3.9/site-packages/airflow/example_dags/example_branch_datetime_operator.py
[2026-07-15T16:41:43.933+0200] {logging_mixin.py:151} INFO - [2026-07-15T16:41:43.933+0200] {dag.py:2941} INFO - Sync 3 DAGs
[2026-07-15T16:41:43.951+0200] {logging_mixin.py:151} INFO - [2026-07-15T16:41:43.951+0200] {dag.py:3722} INFO - Setting next_dagrun for example_branch_datetime_operator to 2026-07-14T00:00:00+00:00, run_after=2026-07-15T00:00:00+00:00
[2026-07-15T16:41:43.955+0200] {logging_mixin.py:151} INFO - [2026-07-15T16:41:43.955+0200] {dag.py:3722} INFO - Setting next_dagrun for example_branch_datetime_operator_2 to 2026-07-14T00:00:00+00:00, run_after=2026-07-15T00:00:00+00:00
[2026-07-15T16:41:43.958+0200] {logging_mixin.py:151} INFO - [2026-07-15T16:41:43.957+0200] {dag.py:3722} INFO - Setting next_dagrun for example_branch_datetime_operator_3 to 2026-07-14T00:00:00+00:00, run_after=2026-07-15T00:00:00+00:00
[2026-07-15T16:41:44.413+0200] {processor.py:179} INFO - Processing /home/ai/.local/lib/python3.9/site-packages/airflow/example_dags/example_branch_datetime_operator.py took 0.520 seconds
[2026-07-15T16:43:22.576+0200] {processor.py:157} INFO - Started process (PID=3435345) to work on /home/ai/.local/lib/python3.9/site-packages/airflow/example_dags/example_branch_datetime_operator.py
[2026-07-15T16:43:22.578+0200] {processor.py:829} INFO - Processing file /home/ai/.local/lib/python3.9/site-packages/airflow/example_dags/example_branch_datetime_operator.py for tasks to queue
[2026-07-15T16:43:22.579+0200] {logging_mixin.py:151} INFO - [2026-07-15T16:43:22.578+0200] {dagbag.py:536} INFO - Filling up the DagBag from /home/ai/.local/lib/python3.9/site-packages/airflow/example_dags/example_branch_datetime_operator.py
[2026-07-15T16:43:22.589+0200] {processor.py:839} INFO - DAG(s) dict_keys(['example_branch_datetime_operator_3', 'example_branch_datetime_operator_2', 'example_branch_datetime_operator']) retrieved from /home/ai/.local/lib/python3.9/site-packages/airflow/example_dags/example_branch_datetime_operator.py
[2026-07-15T16:43:22.613+0200] {logging_mixin.py:151} INFO - [2026-07-15T16:43:22.613+0200] {dag.py:2941} INFO - Sync 3 DAGs
[2026-07-15T16:43:22.637+0200] {logging_mixin.py:151} INFO - [2026-07-15T16:43:22.637+0200] {dag.py:3722} INFO - Setting next_dagrun for example_branch_datetime_operator to 2026-07-14T00:00:00+00:00, run_after=2026-07-15T00:00:00+00:00
[2026-07-15T16:43:22.641+0200] {logging_mixin.py:151} INFO - [2026-07-15T16:43:22.641+0200] {dag.py:3722} INFO - Setting next_dagrun for example_branch_datetime_operator_2 to 2026-07-14T00:00:00+00:00, run_after=2026-07-15T00:00:00+00:00
[2026-07-15T16:43:22.644+0200] {logging_mixin.py:151} INFO - [2026-07-15T16:43:22.643+0200] {dag.py:3722} INFO - Setting next_dagrun for example_branch_datetime_operator_3 to 2026-07-14T00:00:00+00:00, run_after=2026-07-15T00:00:00+00:00
[2026-07-15T16:43:24.587+0200] {processor.py:179} INFO - Processing /home/ai/.local/lib/python3.9/site-packages/airflow/example_dags/example_branch_datetime_operator.py took 2.015 seconds
[2026-07-15T16:44:55.373+0200] {processor.py:157} INFO - Started process (PID=3436894) to work on /home/ai/.local/lib/python3.9/site-packages/airflow/example_dags/example_branch_datetime_operator.py
[2026-07-15T16:44:55.375+0200] {processor.py:829} INFO - Processing file /home/ai/.local/lib/python3.9/site-packages/airflow/example_dags/example_branch_datetime_operator.py for tasks to queue
[2026-07-15T16:44:55.376+0200] {logging_mixin.py:151} INFO - [2026-07-15T16:44:55.376+0200] {dagbag.py:536} INFO - Filling up the DagBag from /home/ai/.local/lib/python3.9/site-packages/airflow/example_dags/example_branch_datetime_operator.py
[2026-07-15T16:44:55.387+0200] {processor.py:839} INFO - DAG(s) dict_keys(['example_branch_datetime_operator_3', 'example_branch_datetime_operator_2', 'example_branch_datetime_operator']) retrieved from /home/ai/.local/lib/python3.9/site-packages/airflow/example_dags/example_branch_datetime_operator.py
[2026-07-15T16:44:55.411+0200] {logging_mixin.py:151} INFO - [2026-07-15T16:44:55.410+0200] {dag.py:2941} INFO - Sync 3 DAGs
[2026-07-15T16:44:55.431+0200] {logging_mixin.py:151} INFO - [2026-07-15T16:44:55.431+0200] {dag.py:3722} INFO - Setting next_dagrun for example_branch_datetime_operator to 2026-07-14T00:00:00+00:00, run_after=2026-07-15T00:00:00+00:00
[2026-07-15T16:44:55.435+0200] {logging_mixin.py:151} INFO - [2026-07-15T16:44:55.435+0200] {dag.py:3722} INFO - Setting next_dagrun for example_branch_datetime_operator_2 to 2026-07-14T00:00:00+00:00, run_after=2026-07-15T00:00:00+00:00
[2026-07-15T16:44:55.437+0200] {logging_mixin.py:151} INFO - [2026-07-15T16:44:55.437+0200] {dag.py:3722} INFO - Setting next_dagrun for example_branch_datetime_operator_3 to 2026-07-14T00:00:00+00:00, run_after=2026-07-15T00:00:00+00:00
[2026-07-15T16:44:58.404+0200] {processor.py:179} INFO - Processing /home/ai/.local/lib/python3.9/site-packages/airflow/example_dags/example_branch_datetime_operator.py took 3.041 seconds
[2026-07-15T16:46:58.017+0200] {processor.py:157} INFO - Started process (PID=3438999) to work on /home/ai/.local/lib/python3.9/site-packages/airflow/example_dags/example_branch_datetime_operator.py
[2026-07-15T16:46:58.018+0200] {processor.py:829} INFO - Processing file /home/ai/.local/lib/python3.9/site-packages/airflow/example_dags/example_branch_datetime_operator.py for tasks to queue
[2026-07-15T16:46:58.019+0200] {logging_mixin.py:151} INFO - [2026-07-15T16:46:58.019+0200] {dagbag.py:536} INFO - Filling up the DagBag from /home/ai/.local/lib/python3.9/site-packages/airflow/example_dags/example_branch_datetime_operator.py
[2026-07-15T16:46:58.029+0200] {processor.py:839} INFO - DAG(s) dict_keys(['example_branch_datetime_operator', 'example_branch_datetime_operator_3', 'example_branch_datetime_operator_2']) retrieved from /home/ai/.local/lib/python3.9/site-packages/airflow/example_dags/example_branch_datetime_operator.py
[2026-07-15T16:46:58.052+0200] {logging_mixin.py:151} INFO - [2026-07-15T16:46:58.052+0200] {dag.py:2941} INFO - Sync 3 DAGs
[2026-07-15T16:46:58.072+0200] {logging_mixin.py:151} INFO - [2026-07-15T16:46:58.072+0200] {dag.py:3722} INFO - Setting next_dagrun for example_branch_datetime_operator to 2026-07-14T00:00:00+00:00, run_after=2026-07-15T00:00:00+00:00
[2026-07-15T16:46:58.076+0200] {logging_mixin.py:151} INFO - [2026-07-15T16:46:58.075+0200] {dag.py:3722} INFO - Setting next_dagrun for example_branch_datetime_operator_2 to 2026-07-14T00:00:00+00:00, run_after=2026-07-15T00:00:00+00:00
[2026-07-15T16:46:58.078+0200] {logging_mixin.py:151} INFO - [2026-07-15T16:46:58.078+0200] {dag.py:3722} INFO - Setting next_dagrun for example_branch_datetime_operator_3 to 2026-07-14T00:00:00+00:00, run_after=2026-07-15T00:00:00+00:00
[2026-07-15T16:46:58.098+0200] {processor.py:179} INFO - Processing /home/ai/.local/lib/python3.9/site-packages/airflow/example_dags/example_branch_datetime_operator.py took 0.087 seconds
[2026-07-15T16:48:52.440+0200] {processor.py:157} INFO - Started process (PID=3441045) to work on /home/ai/.local/lib/python3.9/site-packages/airflow/example_dags/example_branch_datetime_operator.py
[2026-07-15T16:48:52.442+0200] {processor.py:829} INFO - Processing file /home/ai/.local/lib/python3.9/site-packages/airflow/example_dags/example_branch_datetime_operator.py for tasks to queue
[2026-07-15T16:48:52.443+0200] {logging_mixin.py:151} INFO - [2026-07-15T16:48:52.442+0200] {dagbag.py:536} INFO - Filling up the DagBag from /home/ai/.local/lib/python3.9/site-packages/airflow/example_dags/example_branch_datetime_operator.py
[2026-07-15T16:48:52.453+0200] {processor.py:839} INFO - DAG(s) dict_keys(['example_branch_datetime_operator', 'example_branch_datetime_operator_3', 'example_branch_datetime_operator_2']) retrieved from /home/ai/.local/lib/python3.9/site-packages/airflow/example_dags/example_branch_datetime_operator.py
[2026-07-15T16:48:52.474+0200] {logging_mixin.py:151} INFO - [2026-07-15T16:48:52.474+0200] {dag.py:2941} INFO - Sync 3 DAGs
[2026-07-15T16:48:52.495+0200] {logging_mixin.py:151} INFO - [2026-07-15T16:48:52.494+0200] {dag.py:3722} INFO - Setting next_dagrun for example_branch_datetime_operator to 2026-07-14T00:00:00+00:00, run_after=2026-07-15T00:00:00+00:00
[2026-07-15T16:48:52.502+0200] {logging_mixin.py:151} INFO - [2026-07-15T16:48:52.502+0200] {dag.py:3722} INFO - Setting next_dagrun for example_branch_datetime_operator_2 to 2026-07-14T00:00:00+00:00, run_after=2026-07-15T00:00:00+00:00
[2026-07-15T16:48:52.508+0200] {logging_mixin.py:151} INFO - [2026-07-15T16:48:52.507+0200] {dag.py:3722} INFO - Setting next_dagrun for example_branch_datetime_operator_3 to 2026-07-14T00:00:00+00:00, run_after=2026-07-15T00:00:00+00:00
[2026-07-15T16:48:52.528+0200] {processor.py:179} INFO - Processing /home/ai/.local/lib/python3.9/site-packages/airflow/example_dags/example_branch_datetime_operator.py took 0.094 seconds
[2026-07-15T16:50:44.508+0200] {processor.py:157} INFO - Started process (PID=3442942) to work on /home/ai/.local/lib/python3.9/site-packages/airflow/example_dags/example_branch_datetime_operator.py
[2026-07-15T16:50:44.509+0200] {processor.py:829} INFO - Processing file /home/ai/.local/lib/python3.9/site-packages/airflow/example_dags/example_branch_datetime_operator.py for tasks to queue
[2026-07-15T16:50:44.510+0200] {logging_mixin.py:151} INFO - [2026-07-15T16:50:44.510+0200] {dagbag.py:536} INFO - Filling up the DagBag from /home/ai/.local/lib/python3.9/site-packages/airflow/example_dags/example_branch_datetime_operator.py
[2026-07-15T16:50:44.520+0200] {processor.py:839} INFO - DAG(s) dict_keys(['example_branch_datetime_operator_3', 'example_branch_datetime_operator_2', 'example_branch_datetime_operator']) retrieved from /home/ai/.local/lib/python3.9/site-packages/airflow/example_dags/example_branch_datetime_operator.py
[2026-07-15T16:50:44.542+0200] {logging_mixin.py:151} INFO - [2026-07-15T16:50:44.542+0200] {dag.py:2941} INFO - Sync 3 DAGs
[2026-07-15T16:50:44.562+0200] {logging_mixin.py:151} INFO - [2026-07-15T16:50:44.562+0200] {dag.py:3722} INFO - Setting next_dagrun for example_branch_datetime_operator to 2026-07-14T00:00:00+00:00, run_after=2026-07-15T00:00:00+00:00
[2026-07-15T16:50:44.567+0200] {logging_mixin.py:151} INFO - [2026-07-15T16:50:44.567+0200] {dag.py:3722} INFO - Setting next_dagrun for example_branch_datetime_operator_2 to 2026-07-14T00:00:00+00:00, run_after=2026-07-15T00:00:00+00:00
[2026-07-15T16:50:44.569+0200] {logging_mixin.py:151} INFO - [2026-07-15T16:50:44.569+0200] {dag.py:3722} INFO - Setting next_dagrun for example_branch_datetime_operator_3 to 2026-07-14T00:00:00+00:00, run_after=2026-07-15T00:00:00+00:00
[2026-07-15T16:50:45.246+0200] {processor.py:179} INFO - Processing /home/ai/.local/lib/python3.9/site-packages/airflow/example_dags/example_branch_datetime_operator.py took 0.743 seconds
[2026-07-15T16:52:48.913+0200] {processor.py:157} INFO - Started process (PID=3445088) to work on /home/ai/.local/lib/python3.9/site-packages/airflow/example_dags/example_branch_datetime_operator.py
[2026-07-15T16:52:48.915+0200] {processor.py:829} INFO - Processing file /home/ai/.local/lib/python3.9/site-packages/airflow/example_dags/example_branch_datetime_operator.py for tasks to queue
[2026-07-15T16:52:48.915+0200] {logging_mixin.py:151} INFO - [2026-07-15T16:52:48.915+0200] {dagbag.py:536} INFO - Filling up the DagBag from /home/ai/.local/lib/python3.9/site-packages/airflow/example_dags/example_branch_datetime_operator.py
[2026-07-15T16:52:48.926+0200] {processor.py:839} INFO - DAG(s) dict_keys(['example_branch_datetime_operator', 'example_branch_datetime_operator_3', 'example_branch_datetime_operator_2']) retrieved from /home/ai/.local/lib/python3.9/site-packages/airflow/example_dags/example_branch_datetime_operator.py
[2026-07-15T16:52:48.948+0200] {logging_mixin.py:151} INFO - [2026-07-15T16:52:48.948+0200] {dag.py:2941} INFO - Sync 3 DAGs
[2026-07-15T16:52:48.969+0200] {logging_mixin.py:151} INFO - [2026-07-15T16:52:48.969+0200] {dag.py:3722} INFO - Setting next_dagrun for example_branch_datetime_operator to 2026-07-14T00:00:00+00:00, run_after=2026-07-15T00:00:00+00:00
[2026-07-15T16:52:48.974+0200] {logging_mixin.py:151} INFO - [2026-07-15T16:52:48.973+0200] {dag.py:3722} INFO - Setting next_dagrun for example_branch_datetime_operator_2 to 2026-07-14T00:00:00+00:00, run_after=2026-07-15T00:00:00+00:00
[2026-07-15T16:52:48.976+0200] {logging_mixin.py:151} INFO - [2026-07-15T16:52:48.976+0200] {dag.py:3722} INFO - Setting next_dagrun for example_branch_datetime_operator_3 to 2026-07-14T00:00:00+00:00, run_after=2026-07-15T00:00:00+00:00
[2026-07-15T16:52:48.993+0200] {processor.py:179} INFO - Processing /home/ai/.local/lib/python3.9/site-packages/airflow/example_dags/example_branch_datetime_operator.py took 0.087 seconds
[2026-07-15T16:55:05.579+0200] {processor.py:157} INFO - Started process (PID=3447344) to work on /home/ai/.local/lib/python3.9/site-packages/airflow/example_dags/example_branch_datetime_operator.py
[2026-07-15T16:55:05.582+0200] {processor.py:829} INFO - Processing file /home/ai/.local/lib/python3.9/site-packages/airflow/example_dags/example_branch_datetime_operator.py for tasks to queue
[2026-07-15T16:55:05.584+0200] {logging_mixin.py:151} INFO - [2026-07-15T16:55:05.583+0200] {dagbag.py:536} INFO - Filling up the DagBag from /home/ai/.local/lib/python3.9/site-packages/airflow/example_dags/example_branch_datetime_operator.py
[2026-07-15T16:55:05.597+0200] {processor.py:839} INFO - DAG(s) dict_keys(['example_branch_datetime_operator', 'example_branch_datetime_operator_3', 'example_branch_datetime_operator_2']) retrieved from /home/ai/.local/lib/python3.9/site-packages/airflow/example_dags/example_branch_datetime_operator.py
[2026-07-15T16:55:05.618+0200] {logging_mixin.py:151} INFO - [2026-07-15T16:55:05.618+0200] {dag.py:2941} INFO - Sync 3 DAGs
[2026-07-15T16:55:05.636+0200] {logging_mixin.py:151} INFO - [2026-07-15T16:55:05.636+0200] {dag.py:3722} INFO - Setting next_dagrun for example_branch_datetime_operator to 2026-07-14T00:00:00+00:00, run_after=2026-07-15T00:00:00+00:00
[2026-07-15T16:55:05.640+0200] {logging_mixin.py:151} INFO - [2026-07-15T16:55:05.640+0200] {dag.py:3722} INFO - Setting next_dagrun for example_branch_datetime_operator_2 to 2026-07-14T00:00:00+00:00, run_after=2026-07-15T00:00:00+00:00
[2026-07-15T16:55:05.642+0200] {logging_mixin.py:151} INFO - [2026-07-15T16:55:05.642+0200] {dag.py:3722} INFO - Setting next_dagrun for example_branch_datetime_operator_3 to 2026-07-14T00:00:00+00:00, run_after=2026-07-15T00:00:00+00:00
[2026-07-15T16:55:05.706+0200] {processor.py:179} INFO - Processing /home/ai/.local/lib/python3.9/site-packages/airflow/example_dags/example_branch_datetime_operator.py took 0.134 seconds
[2026-07-15T16:57:11.733+0200] {processor.py:157} INFO - Started process (PID=3449460) to work on /home/ai/.local/lib/python3.9/site-packages/airflow/example_dags/example_branch_datetime_operator.py
[2026-07-15T16:57:11.735+0200] {processor.py:829} INFO - Processing file /home/ai/.local/lib/python3.9/site-packages/airflow/example_dags/example_branch_datetime_operator.py for tasks to queue
[2026-07-15T16:57:11.736+0200] {logging_mixin.py:151} INFO - [2026-07-15T16:57:11.736+0200] {dagbag.py:536} INFO - Filling up the DagBag from /home/ai/.local/lib/python3.9/site-packages/airflow/example_dags/example_branch_datetime_operator.py
[2026-07-15T16:57:11.747+0200] {processor.py:839} INFO - DAG(s) dict_keys(['example_branch_datetime_operator', 'example_branch_datetime_operator_2', 'example_branch_datetime_operator_3']) retrieved from /home/ai/.local/lib/python3.9/site-packages/airflow/example_dags/example_branch_datetime_operator.py
[2026-07-15T16:57:11.769+0200] {logging_mixin.py:151} INFO - [2026-07-15T16:57:11.769+0200] {dag.py:2941} INFO - Sync 3 DAGs
[2026-07-15T16:57:11.789+0200] {logging_mixin.py:151} INFO - [2026-07-15T16:57:11.789+0200] {dag.py:3722} INFO - Setting next_dagrun for example_branch_datetime_operator to 2026-07-14T00:00:00+00:00, run_after=2026-07-15T00:00:00+00:00
[2026-07-15T16:57:11.793+0200] {logging_mixin.py:151} INFO - [2026-07-15T16:57:11.793+0200] {dag.py:3722} INFO - Setting next_dagrun for example_branch_datetime_operator_2 to 2026-07-14T00:00:00+00:00, run_after=2026-07-15T00:00:00+00:00
[2026-07-15T16:57:11.795+0200] {logging_mixin.py:151} INFO - [2026-07-15T16:57:11.795+0200] {dag.py:3722} INFO - Setting next_dagrun for example_branch_datetime_operator_3 to 2026-07-14T00:00:00+00:00, run_after=2026-07-15T00:00:00+00:00
[2026-07-15T16:57:11.831+0200] {processor.py:179} INFO - Processing /home/ai/.local/lib/python3.9/site-packages/airflow/example_dags/example_branch_datetime_operator.py took 0.103 seconds
[2026-07-15T17:00:25.978+0200] {processor.py:157} INFO - Started process (PID=3452885) to work on /home/ai/.local/lib/python3.9/site-packages/airflow/example_dags/example_branch_datetime_operator.py
[2026-07-15T17:00:25.979+0200] {processor.py:829} INFO - Processing file /home/ai/.local/lib/python3.9/site-packages/airflow/example_dags/example_branch_datetime_operator.py for tasks to queue
[2026-07-15T17:00:25.980+0200] {logging_mixin.py:151} INFO - [2026-07-15T17:00:25.980+0200] {dagbag.py:536} INFO - Filling up the DagBag from /home/ai/.local/lib/python3.9/site-packages/airflow/example_dags/example_branch_datetime_operator.py
[2026-07-15T17:00:25.990+0200] {processor.py:839} INFO - DAG(s) dict_keys(['example_branch_datetime_operator_3', 'example_branch_datetime_operator_2', 'example_branch_datetime_operator']) retrieved from /home/ai/.local/lib/python3.9/site-packages/airflow/example_dags/example_branch_datetime_operator.py
[2026-07-15T17:00:26.011+0200] {logging_mixin.py:151} INFO - [2026-07-15T17:00:26.011+0200] {dag.py:2941} INFO - Sync 3 DAGs
[2026-07-15T17:00:26.030+0200] {logging_mixin.py:151} INFO - [2026-07-15T17:00:26.030+0200] {dag.py:3722} INFO - Setting next_dagrun for example_branch_datetime_operator to 2026-07-14T00:00:00+00:00, run_after=2026-07-15T00:00:00+00:00
[2026-07-15T17:00:26.035+0200] {logging_mixin.py:151} INFO - [2026-07-15T17:00:26.034+0200] {dag.py:3722} INFO - Setting next_dagrun for example_branch_datetime_operator_2 to 2026-07-14T00:00:00+00:00, run_after=2026-07-15T00:00:00+00:00
[2026-07-15T17:00:26.036+0200] {logging_mixin.py:151} INFO - [2026-07-15T17:00:26.036+0200] {dag.py:3722} INFO - Setting next_dagrun for example_branch_datetime_operator_3 to 2026-07-14T00:00:00+00:00, run_after=2026-07-15T00:00:00+00:00
[2026-07-15T17:00:28.048+0200] {processor.py:179} INFO - Processing /home/ai/.local/lib/python3.9/site-packages/airflow/example_dags/example_branch_datetime_operator.py took 2.076 seconds
[2026-07-15T17:03:51.072+0200] {processor.py:157} INFO - Started process (PID=3456527) to work on /home/ai/.local/lib/python3.9/site-packages/airflow/example_dags/example_branch_datetime_operator.py
[2026-07-15T17:03:51.107+0200] {processor.py:829} INFO - Processing file /home/ai/.local/lib/python3.9/site-packages/airflow/example_dags/example_branch_datetime_operator.py for tasks to queue
[2026-07-15T17:03:51.109+0200] {logging_mixin.py:151} INFO - [2026-07-15T17:03:51.108+0200] {dagbag.py:536} INFO - Filling up the DagBag from /home/ai/.local/lib/python3.9/site-packages/airflow/example_dags/example_branch_datetime_operator.py
[2026-07-15T17:03:51.125+0200] {processor.py:839} INFO - DAG(s) dict_keys(['example_branch_datetime_operator_3', 'example_branch_datetime_operator', 'example_branch_datetime_operator_2']) retrieved from /home/ai/.local/lib/python3.9/site-packages/airflow/example_dags/example_branch_datetime_operator.py
[2026-07-15T17:03:51.147+0200] {logging_mixin.py:151} INFO - [2026-07-15T17:03:51.147+0200] {dag.py:2941} INFO - Sync 3 DAGs
[2026-07-15T17:03:51.166+0200] {logging_mixin.py:151} INFO - [2026-07-15T17:03:51.165+0200] {dag.py:3722} INFO - Setting next_dagrun for example_branch_datetime_operator to 2026-07-14T00:00:00+00:00, run_after=2026-07-15T00:00:00+00:00
[2026-07-15T17:03:51.169+0200] {logging_mixin.py:151} INFO - [2026-07-15T17:03:51.169+0200] {dag.py:3722} INFO - Setting next_dagrun for example_branch_datetime_operator_2 to 2026-07-14T00:00:00+00:00, run_after=2026-07-15T00:00:00+00:00
[2026-07-15T17:03:51.172+0200] {logging_mixin.py:151} INFO - [2026-07-15T17:03:51.172+0200] {dag.py:3722} INFO - Setting next_dagrun for example_branch_datetime_operator_3 to 2026-07-14T00:00:00+00:00, run_after=2026-07-15T00:00:00+00:00
[2026-07-15T17:03:52.750+0200] {processor.py:179} INFO - Processing /home/ai/.local/lib/python3.9/site-packages/airflow/example_dags/example_branch_datetime_operator.py took 1.682 seconds
[2026-07-15T17:06:04.642+0200] {processor.py:157} INFO - Started process (PID=3458684) to work on /home/ai/.local/lib/python3.9/site-packages/airflow/example_dags/example_branch_datetime_operator.py
[2026-07-15T17:06:04.643+0200] {processor.py:829} INFO - Processing file /home/ai/.local/lib/python3.9/site-packages/airflow/example_dags/example_branch_datetime_operator.py for tasks to queue
[2026-07-15T17:06:04.644+0200] {logging_mixin.py:151} INFO - [2026-07-15T17:06:04.644+0200] {dagbag.py:536} INFO - Filling up the DagBag from /home/ai/.local/lib/python3.9/site-packages/airflow/example_dags/example_branch_datetime_operator.py
[2026-07-15T17:06:04.654+0200] {processor.py:839} INFO - DAG(s) dict_keys(['example_branch_datetime_operator_2', 'example_branch_datetime_operator', 'example_branch_datetime_operator_3']) retrieved from /home/ai/.local/lib/python3.9/site-packages/airflow/example_dags/example_branch_datetime_operator.py
[2026-07-15T17:06:04.675+0200] {logging_mixin.py:151} INFO - [2026-07-15T17:06:04.675+0200] {dag.py:2941} INFO - Sync 3 DAGs
[2026-07-15T17:06:04.693+0200] {logging_mixin.py:151} INFO - [2026-07-15T17:06:04.693+0200] {dag.py:3722} INFO - Setting next_dagrun for example_branch_datetime_operator to 2026-07-14T00:00:00+00:00, run_after=2026-07-15T00:00:00+00:00
[2026-07-15T17:06:04.697+0200] {logging_mixin.py:151} INFO - [2026-07-15T17:06:04.697+0200] {dag.py:3722} INFO - Setting next_dagrun for example_branch_datetime_operator_2 to 2026-07-14T00:00:00+00:00, run_after=2026-07-15T00:00:00+00:00
[2026-07-15T17:06:04.699+0200] {logging_mixin.py:151} INFO - [2026-07-15T17:06:04.699+0200] {dag.py:3722} INFO - Setting next_dagrun for example_branch_datetime_operator_3 to 2026-07-14T00:00:00+00:00, run_after=2026-07-15T00:00:00+00:00
[2026-07-15T17:06:04.715+0200] {processor.py:179} INFO - Processing /home/ai/.local/lib/python3.9/site-packages/airflow/example_dags/example_branch_datetime_operator.py took 0.079 seconds
[2026-07-15T17:08:34.317+0200] {processor.py:157} INFO - Started process (PID=3461278) to work on /home/ai/.local/lib/python3.9/site-packages/airflow/example_dags/example_branch_datetime_operator.py
[2026-07-15T17:08:34.907+0200] {processor.py:829} INFO - Processing file /home/ai/.local/lib/python3.9/site-packages/airflow/example_dags/example_branch_datetime_operator.py for tasks to queue
[2026-07-15T17:08:34.909+0200] {logging_mixin.py:151} INFO - [2026-07-15T17:08:34.908+0200] {dagbag.py:536} INFO - Filling up the DagBag from /home/ai/.local/lib/python3.9/site-packages/airflow/example_dags/example_branch_datetime_operator.py
[2026-07-15T17:08:34.924+0200] {processor.py:839} INFO - DAG(s) dict_keys(['example_branch_datetime_operator_2', 'example_branch_datetime_operator_3', 'example_branch_datetime_operator']) retrieved from /home/ai/.local/lib/python3.9/site-packages/airflow/example_dags/example_branch_datetime_operator.py
[2026-07-15T17:08:34.949+0200] {logging_mixin.py:151} INFO - [2026-07-15T17:08:34.949+0200] {dag.py:2941} INFO - Sync 3 DAGs
[2026-07-15T17:08:34.969+0200] {logging_mixin.py:151} INFO - [2026-07-15T17:08:34.969+0200] {dag.py:3722} INFO - Setting next_dagrun for example_branch_datetime_operator to 2026-07-14T00:00:00+00:00, run_after=2026-07-15T00:00:00+00:00
[2026-07-15T17:08:34.974+0200] {logging_mixin.py:151} INFO - [2026-07-15T17:08:34.974+0200] {dag.py:3722} INFO - Setting next_dagrun for example_branch_datetime_operator_2 to 2026-07-14T00:00:00+00:00, run_after=2026-07-15T00:00:00+00:00
[2026-07-15T17:08:34.977+0200] {logging_mixin.py:151} INFO - [2026-07-15T17:08:34.976+0200] {dag.py:3722} INFO - Setting next_dagrun for example_branch_datetime_operator_3 to 2026-07-14T00:00:00+00:00, run_after=2026-07-15T00:00:00+00:00
[2026-07-15T17:08:36.146+0200] {processor.py:179} INFO - Processing /home/ai/.local/lib/python3.9/site-packages/airflow/example_dags/example_branch_datetime_operator.py took 1.835 seconds
[2026-07-15T17:11:51.526+0200] {processor.py:157} INFO - Started process (PID=3464548) to work on /home/ai/.local/lib/python3.9/site-packages/airflow/example_dags/example_branch_datetime_operator.py
[2026-07-15T17:11:51.694+0200] {processor.py:829} INFO - Processing file /home/ai/.local/lib/python3.9/site-packages/airflow/example_dags/example_branch_datetime_operator.py for tasks to queue
[2026-07-15T17:11:51.696+0200] {logging_mixin.py:151} INFO - [2026-07-15T17:11:51.695+0200] {dagbag.py:536} INFO - Filling up the DagBag from /home/ai/.local/lib/python3.9/site-packages/airflow/example_dags/example_branch_datetime_operator.py
[2026-07-15T17:11:51.714+0200] {processor.py:839} INFO - DAG(s) dict_keys(['example_branch_datetime_operator_3', 'example_branch_datetime_operator_2', 'example_branch_datetime_operator']) retrieved from /home/ai/.local/lib/python3.9/site-packages/airflow/example_dags/example_branch_datetime_operator.py
[2026-07-15T17:11:51.739+0200] {logging_mixin.py:151} INFO - [2026-07-15T17:11:51.738+0200] {dag.py:2941} INFO - Sync 3 DAGs
[2026-07-15T17:11:51.760+0200] {logging_mixin.py:151} INFO - [2026-07-15T17:11:51.760+0200] {dag.py:3722} INFO - Setting next_dagrun for example_branch_datetime_operator to 2026-07-14T00:00:00+00:00, run_after=2026-07-15T00:00:00+00:00
[2026-07-15T17:11:51.765+0200] {logging_mixin.py:151} INFO - [2026-07-15T17:11:51.765+0200] {dag.py:3722} INFO - Setting next_dagrun for example_branch_datetime_operator_2 to 2026-07-14T00:00:00+00:00, run_after=2026-07-15T00:00:00+00:00
[2026-07-15T17:11:51.768+0200] {logging_mixin.py:151} INFO - [2026-07-15T17:11:51.767+0200] {dag.py:3722} INFO - Setting next_dagrun for example_branch_datetime_operator_3 to 2026-07-14T00:00:00+00:00, run_after=2026-07-15T00:00:00+00:00
[2026-07-15T17:11:51.785+0200] {processor.py:179} INFO - Processing /home/ai/.local/lib/python3.9/site-packages/airflow/example_dags/example_branch_datetime_operator.py took 0.266 seconds
[2026-07-15T17:14:48.215+0200] {processor.py:157} INFO - Started process (PID=3467732) to work on /home/ai/.local/lib/python3.9/site-packages/airflow/example_dags/example_branch_datetime_operator.py
[2026-07-15T17:14:48.217+0200] {processor.py:829} INFO - Processing file /home/ai/.local/lib/python3.9/site-packages/airflow/example_dags/example_branch_datetime_operator.py for tasks to queue
[2026-07-15T17:14:48.218+0200] {logging_mixin.py:151} INFO - [2026-07-15T17:14:48.218+0200] {dagbag.py:536} INFO - Filling up the DagBag from /home/ai/.local/lib/python3.9/site-packages/airflow/example_dags/example_branch_datetime_operator.py
[2026-07-15T17:14:48.231+0200] {processor.py:839} INFO - DAG(s) dict_keys(['example_branch_datetime_operator_2', 'example_branch_datetime_operator', 'example_branch_datetime_operator_3']) retrieved from /home/ai/.local/lib/python3.9/site-packages/airflow/example_dags/example_branch_datetime_operator.py
[2026-07-15T17:14:48.258+0200] {logging_mixin.py:151} INFO - [2026-07-15T17:14:48.258+0200] {dag.py:2941} INFO - Sync 3 DAGs
[2026-07-15T17:14:48.281+0200] {logging_mixin.py:151} INFO - [2026-07-15T17:14:48.280+0200] {dag.py:3722} INFO - Setting next_dagrun for example_branch_datetime_operator to 2026-07-14T00:00:00+00:00, run_after=2026-07-15T00:00:00+00:00
[2026-07-15T17:14:48.285+0200] {logging_mixin.py:151} INFO - [2026-07-15T17:14:48.285+0200] {dag.py:3722} INFO - Setting next_dagrun for example_branch_datetime_operator_2 to 2026-07-14T00:00:00+00:00, run_after=2026-07-15T00:00:00+00:00
[2026-07-15T17:14:48.288+0200] {logging_mixin.py:151} INFO - [2026-07-15T17:14:48.288+0200] {dag.py:3722} INFO - Setting next_dagrun for example_branch_datetime_operator_3 to 2026-07-14T00:00:00+00:00, run_after=2026-07-15T00:00:00+00:00
[2026-07-15T17:14:48.308+0200] {processor.py:179} INFO - Processing /home/ai/.local/lib/python3.9/site-packages/airflow/example_dags/example_branch_datetime_operator.py took 0.097 seconds
[2026-07-15T17:16:39.957+0200] {processor.py:157} INFO - Started process (PID=3470024) to work on /home/ai/.local/lib/python3.9/site-packages/airflow/example_dags/example_branch_datetime_operator.py
[2026-07-15T17:16:40.126+0200] {processor.py:829} INFO - Processing file /home/ai/.local/lib/python3.9/site-packages/airflow/example_dags/example_branch_datetime_operator.py for tasks to queue
[2026-07-15T17:16:40.129+0200] {logging_mixin.py:151} INFO - [2026-07-15T17:16:40.128+0200] {dagbag.py:536} INFO - Filling up the DagBag from /home/ai/.local/lib/python3.9/site-packages/airflow/example_dags/example_branch_datetime_operator.py
[2026-07-15T17:16:40.144+0200] {processor.py:839} INFO - DAG(s) dict_keys(['example_branch_datetime_operator_3', 'example_branch_datetime_operator', 'example_branch_datetime_operator_2']) retrieved from /home/ai/.local/lib/python3.9/site-packages/airflow/example_dags/example_branch_datetime_operator.py
[2026-07-15T17:16:40.174+0200] {logging_mixin.py:151} INFO - [2026-07-15T17:16:40.173+0200] {dag.py:2941} INFO - Sync 3 DAGs
[2026-07-15T17:16:40.200+0200] {logging_mixin.py:151} INFO - [2026-07-15T17:16:40.200+0200] {dag.py:3722} INFO - Setting next_dagrun for example_branch_datetime_operator to 2026-07-14T00:00:00+00:00, run_after=2026-07-15T00:00:00+00:00
[2026-07-15T17:16:40.205+0200] {logging_mixin.py:151} INFO - [2026-07-15T17:16:40.205+0200] {dag.py:3722} INFO - Setting next_dagrun for example_branch_datetime_operator_2 to 2026-07-14T00:00:00+00:00, run_after=2026-07-15T00:00:00+00:00
[2026-07-15T17:16:40.207+0200] {logging_mixin.py:151} INFO - [2026-07-15T17:16:40.207+0200] {dag.py:3722} INFO - Setting next_dagrun for example_branch_datetime_operator_3 to 2026-07-14T00:00:00+00:00, run_after=2026-07-15T00:00:00+00:00
[2026-07-15T17:16:40.240+0200] {processor.py:179} INFO - Processing /home/ai/.local/lib/python3.9/site-packages/airflow/example_dags/example_branch_datetime_operator.py took 0.289 seconds
[2026-07-15T17:18:36.432+0200] {processor.py:157} INFO - Started process (PID=3472710) to work on /home/ai/.local/lib/python3.9/site-packages/airflow/example_dags/example_branch_datetime_operator.py
[2026-07-15T17:18:36.433+0200] {processor.py:829} INFO - Processing file /home/ai/.local/lib/python3.9/site-packages/airflow/example_dags/example_branch_datetime_operator.py for tasks to queue
[2026-07-15T17:18:36.434+0200] {logging_mixin.py:151} INFO - [2026-07-15T17:18:36.434+0200] {dagbag.py:536} INFO - Filling up the DagBag from /home/ai/.local/lib/python3.9/site-packages/airflow/example_dags/example_branch_datetime_operator.py
[2026-07-15T17:18:36.445+0200] {processor.py:839} INFO - DAG(s) dict_keys(['example_branch_datetime_operator_3', 'example_branch_datetime_operator_2', 'example_branch_datetime_operator']) retrieved from /home/ai/.local/lib/python3.9/site-packages/airflow/example_dags/example_branch_datetime_operator.py
[2026-07-15T17:18:36.469+0200] {logging_mixin.py:151} INFO - [2026-07-15T17:18:36.469+0200] {dag.py:2941} INFO - Sync 3 DAGs
[2026-07-15T17:18:36.500+0200] {logging_mixin.py:151} INFO - [2026-07-15T17:18:36.500+0200] {dag.py:3722} INFO - Setting next_dagrun for example_branch_datetime_operator to 2026-07-14T00:00:00+00:00, run_after=2026-07-15T00:00:00+00:00
[2026-07-15T17:18:36.504+0200] {logging_mixin.py:151} INFO - [2026-07-15T17:18:36.504+0200] {dag.py:3722} INFO - Setting next_dagrun for example_branch_datetime_operator_2 to 2026-07-14T00:00:00+00:00, run_after=2026-07-15T00:00:00+00:00
[2026-07-15T17:18:36.506+0200] {logging_mixin.py:151} INFO - [2026-07-15T17:18:36.506+0200] {dag.py:3722} INFO - Setting next_dagrun for example_branch_datetime_operator_3 to 2026-07-14T00:00:00+00:00, run_after=2026-07-15T00:00:00+00:00
[2026-07-15T17:18:37.143+0200] {processor.py:179} INFO - Processing /home/ai/.local/lib/python3.9/site-packages/airflow/example_dags/example_branch_datetime_operator.py took 0.719 seconds
