[2026-07-15T16:16:00.321+0200] {processor.py:157} INFO - Started process (PID=3406452) to work on /home/ai/.local/lib/python3.9/site-packages/airflow/example_dags/example_branch_operator_decorator.py
[2026-07-15T16:16:00.321+0200] {processor.py:829} INFO - Processing file /home/ai/.local/lib/python3.9/site-packages/airflow/example_dags/example_branch_operator_decorator.py for tasks to queue
[2026-07-15T16:16:00.323+0200] {logging_mixin.py:151} INFO - [2026-07-15T16:16:00.322+0200] {dagbag.py:536} INFO - Filling up the DagBag from /home/ai/.local/lib/python3.9/site-packages/airflow/example_dags/example_branch_operator_decorator.py
[2026-07-15T16:16:00.334+0200] {processor.py:839} INFO - DAG(s) dict_keys(['example_branch_python_operator_decorator']) retrieved from /home/ai/.local/lib/python3.9/site-packages/airflow/example_dags/example_branch_operator_decorator.py
[2026-07-15T16:16:00.353+0200] {logging_mixin.py:151} INFO - [2026-07-15T16:16:00.353+0200] {dag.py:2941} INFO - Sync 1 DAGs
[2026-07-15T16:16:00.373+0200] {logging_mixin.py:151} INFO - [2026-07-15T16:16:00.373+0200] {dag.py:3722} INFO - Setting next_dagrun for example_branch_python_operator_decorator to 2026-07-14T00:00:00+00:00, run_after=2026-07-15T00:00:00+00:00
[2026-07-15T16:16:00.393+0200] {processor.py:179} INFO - Processing /home/ai/.local/lib/python3.9/site-packages/airflow/example_dags/example_branch_operator_decorator.py took 0.077 seconds
[2026-07-15T16:17:40.345+0200] {processor.py:157} INFO - Started process (PID=3408108) to work on /home/ai/.local/lib/python3.9/site-packages/airflow/example_dags/example_branch_operator_decorator.py
[2026-07-15T16:17:40.347+0200] {processor.py:829} INFO - Processing file /home/ai/.local/lib/python3.9/site-packages/airflow/example_dags/example_branch_operator_decorator.py for tasks to queue
[2026-07-15T16:17:40.348+0200] {logging_mixin.py:151} INFO - [2026-07-15T16:17:40.347+0200] {dagbag.py:536} INFO - Filling up the DagBag from /home/ai/.local/lib/python3.9/site-packages/airflow/example_dags/example_branch_operator_decorator.py
[2026-07-15T16:17:40.359+0200] {processor.py:839} INFO - DAG(s) dict_keys(['example_branch_python_operator_decorator']) retrieved from /home/ai/.local/lib/python3.9/site-packages/airflow/example_dags/example_branch_operator_decorator.py
[2026-07-15T16:17:40.378+0200] {logging_mixin.py:151} INFO - [2026-07-15T16:17:40.377+0200] {dag.py:2941} INFO - Sync 1 DAGs
[2026-07-15T16:17:40.398+0200] {logging_mixin.py:151} INFO - [2026-07-15T16:17:40.398+0200] {dag.py:3722} INFO - Setting next_dagrun for example_branch_python_operator_decorator to 2026-07-14T00:00:00+00:00, run_after=2026-07-15T00:00:00+00:00
[2026-07-15T16:17:40.417+0200] {processor.py:179} INFO - Processing /home/ai/.local/lib/python3.9/site-packages/airflow/example_dags/example_branch_operator_decorator.py took 0.078 seconds
[2026-07-15T16:19:11.448+0200] {processor.py:157} INFO - Started process (PID=3409778) to work on /home/ai/.local/lib/python3.9/site-packages/airflow/example_dags/example_branch_operator_decorator.py
[2026-07-15T16:19:11.450+0200] {processor.py:829} INFO - Processing file /home/ai/.local/lib/python3.9/site-packages/airflow/example_dags/example_branch_operator_decorator.py for tasks to queue
[2026-07-15T16:19:11.451+0200] {logging_mixin.py:151} INFO - [2026-07-15T16:19:11.450+0200] {dagbag.py:536} INFO - Filling up the DagBag from /home/ai/.local/lib/python3.9/site-packages/airflow/example_dags/example_branch_operator_decorator.py
[2026-07-15T16:19:11.462+0200] {processor.py:839} INFO - DAG(s) dict_keys(['example_branch_python_operator_decorator']) retrieved from /home/ai/.local/lib/python3.9/site-packages/airflow/example_dags/example_branch_operator_decorator.py
[2026-07-15T16:19:11.479+0200] {logging_mixin.py:151} INFO - [2026-07-15T16:19:11.479+0200] {dag.py:2941} INFO - Sync 1 DAGs
[2026-07-15T16:19:11.507+0200] {logging_mixin.py:151} INFO - [2026-07-15T16:19:11.507+0200] {dag.py:3722} INFO - Setting next_dagrun for example_branch_python_operator_decorator to 2026-07-14T00:00:00+00:00, run_after=2026-07-15T00:00:00+00:00
[2026-07-15T16:19:11.525+0200] {processor.py:179} INFO - Processing /home/ai/.local/lib/python3.9/site-packages/airflow/example_dags/example_branch_operator_decorator.py took 0.080 seconds
[2026-07-15T16:20:56.047+0200] {processor.py:157} INFO - Started process (PID=3411485) to work on /home/ai/.local/lib/python3.9/site-packages/airflow/example_dags/example_branch_operator_decorator.py
[2026-07-15T16:20:56.049+0200] {processor.py:829} INFO - Processing file /home/ai/.local/lib/python3.9/site-packages/airflow/example_dags/example_branch_operator_decorator.py for tasks to queue
[2026-07-15T16:20:56.050+0200] {logging_mixin.py:151} INFO - [2026-07-15T16:20:56.049+0200] {dagbag.py:536} INFO - Filling up the DagBag from /home/ai/.local/lib/python3.9/site-packages/airflow/example_dags/example_branch_operator_decorator.py
[2026-07-15T16:20:56.062+0200] {processor.py:839} INFO - DAG(s) dict_keys(['example_branch_python_operator_decorator']) retrieved from /home/ai/.local/lib/python3.9/site-packages/airflow/example_dags/example_branch_operator_decorator.py
[2026-07-15T16:20:56.081+0200] {logging_mixin.py:151} INFO - [2026-07-15T16:20:56.081+0200] {dag.py:2941} INFO - Sync 1 DAGs
[2026-07-15T16:20:56.100+0200] {logging_mixin.py:151} INFO - [2026-07-15T16:20:56.099+0200] {dag.py:3722} INFO - Setting next_dagrun for example_branch_python_operator_decorator to 2026-07-14T00:00:00+00:00, run_after=2026-07-15T00:00:00+00:00
[2026-07-15T16:20:56.118+0200] {processor.py:179} INFO - Processing /home/ai/.local/lib/python3.9/site-packages/airflow/example_dags/example_branch_operator_decorator.py took 0.076 seconds
[2026-07-15T16:22:20.377+0200] {processor.py:157} INFO - Started process (PID=3412952) to work on /home/ai/.local/lib/python3.9/site-packages/airflow/example_dags/example_branch_operator_decorator.py
[2026-07-15T16:22:20.380+0200] {processor.py:829} INFO - Processing file /home/ai/.local/lib/python3.9/site-packages/airflow/example_dags/example_branch_operator_decorator.py for tasks to queue
[2026-07-15T16:22:20.382+0200] {logging_mixin.py:151} INFO - [2026-07-15T16:22:20.381+0200] {dagbag.py:536} INFO - Filling up the DagBag from /home/ai/.local/lib/python3.9/site-packages/airflow/example_dags/example_branch_operator_decorator.py
[2026-07-15T16:22:20.397+0200] {processor.py:839} INFO - DAG(s) dict_keys(['example_branch_python_operator_decorator']) retrieved from /home/ai/.local/lib/python3.9/site-packages/airflow/example_dags/example_branch_operator_decorator.py
[2026-07-15T16:22:20.414+0200] {logging_mixin.py:151} INFO - [2026-07-15T16:22:20.414+0200] {dag.py:2941} INFO - Sync 1 DAGs
[2026-07-15T16:22:20.433+0200] {logging_mixin.py:151} INFO - [2026-07-15T16:22:20.433+0200] {dag.py:3722} INFO - Setting next_dagrun for example_branch_python_operator_decorator to 2026-07-14T00:00:00+00:00, run_after=2026-07-15T00:00:00+00:00
[2026-07-15T16:22:20.451+0200] {processor.py:179} INFO - Processing /home/ai/.local/lib/python3.9/site-packages/airflow/example_dags/example_branch_operator_decorator.py took 0.078 seconds
[2026-07-15T16:23:50.446+0200] {processor.py:157} INFO - Started process (PID=3414493) to work on /home/ai/.local/lib/python3.9/site-packages/airflow/example_dags/example_branch_operator_decorator.py
[2026-07-15T16:23:50.448+0200] {processor.py:829} INFO - Processing file /home/ai/.local/lib/python3.9/site-packages/airflow/example_dags/example_branch_operator_decorator.py for tasks to queue
[2026-07-15T16:23:50.449+0200] {logging_mixin.py:151} INFO - [2026-07-15T16:23:50.449+0200] {dagbag.py:536} INFO - Filling up the DagBag from /home/ai/.local/lib/python3.9/site-packages/airflow/example_dags/example_branch_operator_decorator.py
[2026-07-15T16:23:50.459+0200] {processor.py:839} INFO - DAG(s) dict_keys(['example_branch_python_operator_decorator']) retrieved from /home/ai/.local/lib/python3.9/site-packages/airflow/example_dags/example_branch_operator_decorator.py
[2026-07-15T16:23:50.477+0200] {logging_mixin.py:151} INFO - [2026-07-15T16:23:50.477+0200] {dag.py:2941} INFO - Sync 1 DAGs
[2026-07-15T16:23:50.497+0200] {logging_mixin.py:151} INFO - [2026-07-15T16:23:50.497+0200] {dag.py:3722} INFO - Setting next_dagrun for example_branch_python_operator_decorator to 2026-07-14T00:00:00+00:00, run_after=2026-07-15T00:00:00+00:00
[2026-07-15T16:23:50.597+0200] {processor.py:179} INFO - Processing /home/ai/.local/lib/python3.9/site-packages/airflow/example_dags/example_branch_operator_decorator.py took 0.156 seconds
[2026-07-15T16:25:10.827+0200] {processor.py:157} INFO - Started process (PID=3415838) to work on /home/ai/.local/lib/python3.9/site-packages/airflow/example_dags/example_branch_operator_decorator.py
[2026-07-15T16:25:10.828+0200] {processor.py:829} INFO - Processing file /home/ai/.local/lib/python3.9/site-packages/airflow/example_dags/example_branch_operator_decorator.py for tasks to queue
[2026-07-15T16:25:10.829+0200] {logging_mixin.py:151} INFO - [2026-07-15T16:25:10.829+0200] {dagbag.py:536} INFO - Filling up the DagBag from /home/ai/.local/lib/python3.9/site-packages/airflow/example_dags/example_branch_operator_decorator.py
[2026-07-15T16:25:10.840+0200] {processor.py:839} INFO - DAG(s) dict_keys(['example_branch_python_operator_decorator']) retrieved from /home/ai/.local/lib/python3.9/site-packages/airflow/example_dags/example_branch_operator_decorator.py
[2026-07-15T16:25:10.857+0200] {logging_mixin.py:151} INFO - [2026-07-15T16:25:10.857+0200] {dag.py:2941} INFO - Sync 1 DAGs
[2026-07-15T16:25:10.878+0200] {logging_mixin.py:151} INFO - [2026-07-15T16:25:10.878+0200] {dag.py:3722} INFO - Setting next_dagrun for example_branch_python_operator_decorator to 2026-07-14T00:00:00+00:00, run_after=2026-07-15T00:00:00+00:00
[2026-07-15T16:25:11.619+0200] {processor.py:179} INFO - Processing /home/ai/.local/lib/python3.9/site-packages/airflow/example_dags/example_branch_operator_decorator.py took 0.799 seconds
[2026-07-15T16:26:43.432+0200] {processor.py:157} INFO - Started process (PID=3417445) to work on /home/ai/.local/lib/python3.9/site-packages/airflow/example_dags/example_branch_operator_decorator.py
[2026-07-15T16:26:43.433+0200] {processor.py:829} INFO - Processing file /home/ai/.local/lib/python3.9/site-packages/airflow/example_dags/example_branch_operator_decorator.py for tasks to queue
[2026-07-15T16:26:43.434+0200] {logging_mixin.py:151} INFO - [2026-07-15T16:26:43.434+0200] {dagbag.py:536} INFO - Filling up the DagBag from /home/ai/.local/lib/python3.9/site-packages/airflow/example_dags/example_branch_operator_decorator.py
[2026-07-15T16:26:43.445+0200] {processor.py:839} INFO - DAG(s) dict_keys(['example_branch_python_operator_decorator']) retrieved from /home/ai/.local/lib/python3.9/site-packages/airflow/example_dags/example_branch_operator_decorator.py
[2026-07-15T16:26:43.464+0200] {logging_mixin.py:151} INFO - [2026-07-15T16:26:43.464+0200] {dag.py:2941} INFO - Sync 1 DAGs
[2026-07-15T16:26:43.483+0200] {logging_mixin.py:151} INFO - [2026-07-15T16:26:43.483+0200] {dag.py:3722} INFO - Setting next_dagrun for example_branch_python_operator_decorator to 2026-07-14T00:00:00+00:00, run_after=2026-07-15T00:00:00+00:00
[2026-07-15T16:26:43.509+0200] {processor.py:179} INFO - Processing /home/ai/.local/lib/python3.9/site-packages/airflow/example_dags/example_branch_operator_decorator.py took 0.083 seconds
[2026-07-15T16:28:36.931+0200] {processor.py:157} INFO - Started process (PID=3419357) to work on /home/ai/.local/lib/python3.9/site-packages/airflow/example_dags/example_branch_operator_decorator.py
[2026-07-15T16:28:36.932+0200] {processor.py:829} INFO - Processing file /home/ai/.local/lib/python3.9/site-packages/airflow/example_dags/example_branch_operator_decorator.py for tasks to queue
[2026-07-15T16:28:36.933+0200] {logging_mixin.py:151} INFO - [2026-07-15T16:28:36.933+0200] {dagbag.py:536} INFO - Filling up the DagBag from /home/ai/.local/lib/python3.9/site-packages/airflow/example_dags/example_branch_operator_decorator.py
[2026-07-15T16:28:36.944+0200] {processor.py:839} INFO - DAG(s) dict_keys(['example_branch_python_operator_decorator']) retrieved from /home/ai/.local/lib/python3.9/site-packages/airflow/example_dags/example_branch_operator_decorator.py
[2026-07-15T16:28:36.962+0200] {logging_mixin.py:151} INFO - [2026-07-15T16:28:36.962+0200] {dag.py:2941} INFO - Sync 1 DAGs
[2026-07-15T16:28:36.982+0200] {logging_mixin.py:151} INFO - [2026-07-15T16:28:36.982+0200] {dag.py:3722} INFO - Setting next_dagrun for example_branch_python_operator_decorator to 2026-07-14T00:00:00+00:00, run_after=2026-07-15T00:00:00+00:00
[2026-07-15T16:28:37.000+0200] {processor.py:179} INFO - Processing /home/ai/.local/lib/python3.9/site-packages/airflow/example_dags/example_branch_operator_decorator.py took 0.073 seconds
[2026-07-15T16:30:03.032+0200] {processor.py:157} INFO - Started process (PID=3420827) to work on /home/ai/.local/lib/python3.9/site-packages/airflow/example_dags/example_branch_operator_decorator.py
[2026-07-15T16:30:03.034+0200] {processor.py:829} INFO - Processing file /home/ai/.local/lib/python3.9/site-packages/airflow/example_dags/example_branch_operator_decorator.py for tasks to queue
[2026-07-15T16:30:03.035+0200] {logging_mixin.py:151} INFO - [2026-07-15T16:30:03.034+0200] {dagbag.py:536} INFO - Filling up the DagBag from /home/ai/.local/lib/python3.9/site-packages/airflow/example_dags/example_branch_operator_decorator.py
[2026-07-15T16:30:03.046+0200] {processor.py:839} INFO - DAG(s) dict_keys(['example_branch_python_operator_decorator']) retrieved from /home/ai/.local/lib/python3.9/site-packages/airflow/example_dags/example_branch_operator_decorator.py
[2026-07-15T16:30:03.063+0200] {logging_mixin.py:151} INFO - [2026-07-15T16:30:03.063+0200] {dag.py:2941} INFO - Sync 1 DAGs
[2026-07-15T16:30:03.083+0200] {logging_mixin.py:151} INFO - [2026-07-15T16:30:03.083+0200] {dag.py:3722} INFO - Setting next_dagrun for example_branch_python_operator_decorator to 2026-07-14T00:00:00+00:00, run_after=2026-07-15T00:00:00+00:00
[2026-07-15T16:30:03.101+0200] {processor.py:179} INFO - Processing /home/ai/.local/lib/python3.9/site-packages/airflow/example_dags/example_branch_operator_decorator.py took 0.078 seconds
[2026-07-15T16:31:50.838+0200] {processor.py:157} INFO - Started process (PID=3422605) to work on /home/ai/.local/lib/python3.9/site-packages/airflow/example_dags/example_branch_operator_decorator.py
[2026-07-15T16:31:50.840+0200] {processor.py:829} INFO - Processing file /home/ai/.local/lib/python3.9/site-packages/airflow/example_dags/example_branch_operator_decorator.py for tasks to queue
[2026-07-15T16:31:50.841+0200] {logging_mixin.py:151} INFO - [2026-07-15T16:31:50.841+0200] {dagbag.py:536} INFO - Filling up the DagBag from /home/ai/.local/lib/python3.9/site-packages/airflow/example_dags/example_branch_operator_decorator.py
[2026-07-15T16:31:50.851+0200] {processor.py:839} INFO - DAG(s) dict_keys(['example_branch_python_operator_decorator']) retrieved from /home/ai/.local/lib/python3.9/site-packages/airflow/example_dags/example_branch_operator_decorator.py
[2026-07-15T16:31:50.868+0200] {logging_mixin.py:151} INFO - [2026-07-15T16:31:50.868+0200] {dag.py:2941} INFO - Sync 1 DAGs
[2026-07-15T16:31:50.885+0200] {logging_mixin.py:151} INFO - [2026-07-15T16:31:50.885+0200] {dag.py:3722} INFO - Setting next_dagrun for example_branch_python_operator_decorator to 2026-07-14T00:00:00+00:00, run_after=2026-07-15T00:00:00+00:00
[2026-07-15T16:31:52.676+0200] {processor.py:179} INFO - Processing /home/ai/.local/lib/python3.9/site-packages/airflow/example_dags/example_branch_operator_decorator.py took 1.844 seconds
[2026-07-15T16:33:15.798+0200] {processor.py:157} INFO - Started process (PID=3424116) to work on /home/ai/.local/lib/python3.9/site-packages/airflow/example_dags/example_branch_operator_decorator.py
[2026-07-15T16:33:15.800+0200] {processor.py:829} INFO - Processing file /home/ai/.local/lib/python3.9/site-packages/airflow/example_dags/example_branch_operator_decorator.py for tasks to queue
[2026-07-15T16:33:15.801+0200] {logging_mixin.py:151} INFO - [2026-07-15T16:33:15.800+0200] {dagbag.py:536} INFO - Filling up the DagBag from /home/ai/.local/lib/python3.9/site-packages/airflow/example_dags/example_branch_operator_decorator.py
[2026-07-15T16:33:15.816+0200] {processor.py:839} INFO - DAG(s) dict_keys(['example_branch_python_operator_decorator']) retrieved from /home/ai/.local/lib/python3.9/site-packages/airflow/example_dags/example_branch_operator_decorator.py
[2026-07-15T16:33:15.836+0200] {logging_mixin.py:151} INFO - [2026-07-15T16:33:15.836+0200] {dag.py:2941} INFO - Sync 1 DAGs
[2026-07-15T16:33:15.858+0200] {logging_mixin.py:151} INFO - [2026-07-15T16:33:15.858+0200] {dag.py:3722} INFO - Setting next_dagrun for example_branch_python_operator_decorator to 2026-07-14T00:00:00+00:00, run_after=2026-07-15T00:00:00+00:00
[2026-07-15T16:33:16.069+0200] {processor.py:179} INFO - Processing /home/ai/.local/lib/python3.9/site-packages/airflow/example_dags/example_branch_operator_decorator.py took 0.275 seconds
[2026-07-15T16:34:39.415+0200] {processor.py:157} INFO - Started process (PID=3425504) to work on /home/ai/.local/lib/python3.9/site-packages/airflow/example_dags/example_branch_operator_decorator.py
[2026-07-15T16:34:39.417+0200] {processor.py:829} INFO - Processing file /home/ai/.local/lib/python3.9/site-packages/airflow/example_dags/example_branch_operator_decorator.py for tasks to queue
[2026-07-15T16:34:39.418+0200] {logging_mixin.py:151} INFO - [2026-07-15T16:34:39.418+0200] {dagbag.py:536} INFO - Filling up the DagBag from /home/ai/.local/lib/python3.9/site-packages/airflow/example_dags/example_branch_operator_decorator.py
[2026-07-15T16:34:39.429+0200] {processor.py:839} INFO - DAG(s) dict_keys(['example_branch_python_operator_decorator']) retrieved from /home/ai/.local/lib/python3.9/site-packages/airflow/example_dags/example_branch_operator_decorator.py
[2026-07-15T16:34:39.447+0200] {logging_mixin.py:151} INFO - [2026-07-15T16:34:39.447+0200] {dag.py:2941} INFO - Sync 1 DAGs
[2026-07-15T16:34:39.475+0200] {logging_mixin.py:151} INFO - [2026-07-15T16:34:39.475+0200] {dag.py:3722} INFO - Setting next_dagrun for example_branch_python_operator_decorator to 2026-07-14T00:00:00+00:00, run_after=2026-07-15T00:00:00+00:00
[2026-07-15T16:34:39.501+0200] {processor.py:179} INFO - Processing /home/ai/.local/lib/python3.9/site-packages/airflow/example_dags/example_branch_operator_decorator.py took 0.090 seconds
[2026-07-15T16:36:11.957+0200] {processor.py:157} INFO - Started process (PID=3427230) to work on /home/ai/.local/lib/python3.9/site-packages/airflow/example_dags/example_branch_operator_decorator.py
[2026-07-15T16:36:11.959+0200] {processor.py:829} INFO - Processing file /home/ai/.local/lib/python3.9/site-packages/airflow/example_dags/example_branch_operator_decorator.py for tasks to queue
[2026-07-15T16:36:11.959+0200] {logging_mixin.py:151} INFO - [2026-07-15T16:36:11.959+0200] {dagbag.py:536} INFO - Filling up the DagBag from /home/ai/.local/lib/python3.9/site-packages/airflow/example_dags/example_branch_operator_decorator.py
[2026-07-15T16:36:11.970+0200] {processor.py:839} INFO - DAG(s) dict_keys(['example_branch_python_operator_decorator']) retrieved from /home/ai/.local/lib/python3.9/site-packages/airflow/example_dags/example_branch_operator_decorator.py
[2026-07-15T16:36:11.989+0200] {logging_mixin.py:151} INFO - [2026-07-15T16:36:11.988+0200] {dag.py:2941} INFO - Sync 1 DAGs
[2026-07-15T16:36:12.011+0200] {logging_mixin.py:151} INFO - [2026-07-15T16:36:12.011+0200] {dag.py:3722} INFO - Setting next_dagrun for example_branch_python_operator_decorator to 2026-07-14T00:00:00+00:00, run_after=2026-07-15T00:00:00+00:00
[2026-07-15T16:36:12.336+0200] {processor.py:179} INFO - Processing /home/ai/.local/lib/python3.9/site-packages/airflow/example_dags/example_branch_operator_decorator.py took 0.382 seconds
[2026-07-15T16:38:00.494+0200] {processor.py:157} INFO - Started process (PID=3429515) to work on /home/ai/.local/lib/python3.9/site-packages/airflow/example_dags/example_branch_operator_decorator.py
[2026-07-15T16:38:00.496+0200] {processor.py:829} INFO - Processing file /home/ai/.local/lib/python3.9/site-packages/airflow/example_dags/example_branch_operator_decorator.py for tasks to queue
[2026-07-15T16:38:00.497+0200] {logging_mixin.py:151} INFO - [2026-07-15T16:38:00.497+0200] {dagbag.py:536} INFO - Filling up the DagBag from /home/ai/.local/lib/python3.9/site-packages/airflow/example_dags/example_branch_operator_decorator.py
[2026-07-15T16:38:00.508+0200] {processor.py:839} INFO - DAG(s) dict_keys(['example_branch_python_operator_decorator']) retrieved from /home/ai/.local/lib/python3.9/site-packages/airflow/example_dags/example_branch_operator_decorator.py
[2026-07-15T16:38:00.525+0200] {logging_mixin.py:151} INFO - [2026-07-15T16:38:00.525+0200] {dag.py:2941} INFO - Sync 1 DAGs
[2026-07-15T16:38:00.544+0200] {logging_mixin.py:151} INFO - [2026-07-15T16:38:00.544+0200] {dag.py:3722} INFO - Setting next_dagrun for example_branch_python_operator_decorator to 2026-07-14T00:00:00+00:00, run_after=2026-07-15T00:00:00+00:00
[2026-07-15T16:38:02.084+0200] {processor.py:179} INFO - Processing /home/ai/.local/lib/python3.9/site-packages/airflow/example_dags/example_branch_operator_decorator.py took 1.595 seconds
[2026-07-15T16:39:35.693+0200] {processor.py:157} INFO - Started process (PID=3431245) to work on /home/ai/.local/lib/python3.9/site-packages/airflow/example_dags/example_branch_operator_decorator.py
[2026-07-15T16:39:35.695+0200] {processor.py:829} INFO - Processing file /home/ai/.local/lib/python3.9/site-packages/airflow/example_dags/example_branch_operator_decorator.py for tasks to queue
[2026-07-15T16:39:35.696+0200] {logging_mixin.py:151} INFO - [2026-07-15T16:39:35.695+0200] {dagbag.py:536} INFO - Filling up the DagBag from /home/ai/.local/lib/python3.9/site-packages/airflow/example_dags/example_branch_operator_decorator.py
[2026-07-15T16:39:35.706+0200] {processor.py:839} INFO - DAG(s) dict_keys(['example_branch_python_operator_decorator']) retrieved from /home/ai/.local/lib/python3.9/site-packages/airflow/example_dags/example_branch_operator_decorator.py
[2026-07-15T16:39:35.723+0200] {logging_mixin.py:151} INFO - [2026-07-15T16:39:35.722+0200] {dag.py:2941} INFO - Sync 1 DAGs
[2026-07-15T16:39:35.741+0200] {logging_mixin.py:151} INFO - [2026-07-15T16:39:35.741+0200] {dag.py:3722} INFO - Setting next_dagrun for example_branch_python_operator_decorator to 2026-07-14T00:00:00+00:00, run_after=2026-07-15T00:00:00+00:00
[2026-07-15T16:39:36.962+0200] {processor.py:179} INFO - Processing /home/ai/.local/lib/python3.9/site-packages/airflow/example_dags/example_branch_operator_decorator.py took 1.275 seconds
[2026-07-15T16:41:35.711+0200] {processor.py:157} INFO - Started process (PID=3433406) to work on /home/ai/.local/lib/python3.9/site-packages/airflow/example_dags/example_branch_operator_decorator.py
[2026-07-15T16:41:35.713+0200] {processor.py:829} INFO - Processing file /home/ai/.local/lib/python3.9/site-packages/airflow/example_dags/example_branch_operator_decorator.py for tasks to queue
[2026-07-15T16:41:35.714+0200] {logging_mixin.py:151} INFO - [2026-07-15T16:41:35.713+0200] {dagbag.py:536} INFO - Filling up the DagBag from /home/ai/.local/lib/python3.9/site-packages/airflow/example_dags/example_branch_operator_decorator.py
[2026-07-15T16:41:35.724+0200] {processor.py:839} INFO - DAG(s) dict_keys(['example_branch_python_operator_decorator']) retrieved from /home/ai/.local/lib/python3.9/site-packages/airflow/example_dags/example_branch_operator_decorator.py
[2026-07-15T16:41:35.742+0200] {logging_mixin.py:151} INFO - [2026-07-15T16:41:35.742+0200] {dag.py:2941} INFO - Sync 1 DAGs
[2026-07-15T16:41:35.761+0200] {logging_mixin.py:151} INFO - [2026-07-15T16:41:35.761+0200] {dag.py:3722} INFO - Setting next_dagrun for example_branch_python_operator_decorator to 2026-07-14T00:00:00+00:00, run_after=2026-07-15T00:00:00+00:00
[2026-07-15T16:41:38.924+0200] {processor.py:179} INFO - Processing /home/ai/.local/lib/python3.9/site-packages/airflow/example_dags/example_branch_operator_decorator.py took 3.218 seconds
[2026-07-15T16:43:16.092+0200] {processor.py:157} INFO - Started process (PID=3435188) to work on /home/ai/.local/lib/python3.9/site-packages/airflow/example_dags/example_branch_operator_decorator.py
[2026-07-15T16:43:16.094+0200] {processor.py:829} INFO - Processing file /home/ai/.local/lib/python3.9/site-packages/airflow/example_dags/example_branch_operator_decorator.py for tasks to queue
[2026-07-15T16:43:16.095+0200] {logging_mixin.py:151} INFO - [2026-07-15T16:43:16.094+0200] {dagbag.py:536} INFO - Filling up the DagBag from /home/ai/.local/lib/python3.9/site-packages/airflow/example_dags/example_branch_operator_decorator.py
[2026-07-15T16:43:16.104+0200] {processor.py:839} INFO - DAG(s) dict_keys(['example_branch_python_operator_decorator']) retrieved from /home/ai/.local/lib/python3.9/site-packages/airflow/example_dags/example_branch_operator_decorator.py
[2026-07-15T16:43:16.121+0200] {logging_mixin.py:151} INFO - [2026-07-15T16:43:16.121+0200] {dag.py:2941} INFO - Sync 1 DAGs
[2026-07-15T16:43:16.139+0200] {logging_mixin.py:151} INFO - [2026-07-15T16:43:16.139+0200] {dag.py:3722} INFO - Setting next_dagrun for example_branch_python_operator_decorator to 2026-07-14T00:00:00+00:00, run_after=2026-07-15T00:00:00+00:00
[2026-07-15T16:43:17.602+0200] {processor.py:179} INFO - Processing /home/ai/.local/lib/python3.9/site-packages/airflow/example_dags/example_branch_operator_decorator.py took 1.515 seconds
[2026-07-15T16:44:49.387+0200] {processor.py:157} INFO - Started process (PID=3436776) to work on /home/ai/.local/lib/python3.9/site-packages/airflow/example_dags/example_branch_operator_decorator.py
[2026-07-15T16:44:49.388+0200] {processor.py:829} INFO - Processing file /home/ai/.local/lib/python3.9/site-packages/airflow/example_dags/example_branch_operator_decorator.py for tasks to queue
[2026-07-15T16:44:49.389+0200] {logging_mixin.py:151} INFO - [2026-07-15T16:44:49.389+0200] {dagbag.py:536} INFO - Filling up the DagBag from /home/ai/.local/lib/python3.9/site-packages/airflow/example_dags/example_branch_operator_decorator.py
[2026-07-15T16:44:49.402+0200] {processor.py:839} INFO - DAG(s) dict_keys(['example_branch_python_operator_decorator']) retrieved from /home/ai/.local/lib/python3.9/site-packages/airflow/example_dags/example_branch_operator_decorator.py
[2026-07-15T16:44:49.427+0200] {logging_mixin.py:151} INFO - [2026-07-15T16:44:49.427+0200] {dag.py:2941} INFO - Sync 1 DAGs
[2026-07-15T16:44:49.446+0200] {logging_mixin.py:151} INFO - [2026-07-15T16:44:49.445+0200] {dag.py:3722} INFO - Setting next_dagrun for example_branch_python_operator_decorator to 2026-07-14T00:00:00+00:00, run_after=2026-07-15T00:00:00+00:00
[2026-07-15T16:44:51.268+0200] {processor.py:179} INFO - Processing /home/ai/.local/lib/python3.9/site-packages/airflow/example_dags/example_branch_operator_decorator.py took 1.886 seconds
[2026-07-15T16:46:51.941+0200] {processor.py:157} INFO - Started process (PID=3438914) to work on /home/ai/.local/lib/python3.9/site-packages/airflow/example_dags/example_branch_operator_decorator.py
[2026-07-15T16:46:51.943+0200] {processor.py:829} INFO - Processing file /home/ai/.local/lib/python3.9/site-packages/airflow/example_dags/example_branch_operator_decorator.py for tasks to queue
[2026-07-15T16:46:51.944+0200] {logging_mixin.py:151} INFO - [2026-07-15T16:46:51.944+0200] {dagbag.py:536} INFO - Filling up the DagBag from /home/ai/.local/lib/python3.9/site-packages/airflow/example_dags/example_branch_operator_decorator.py
[2026-07-15T16:46:51.955+0200] {processor.py:839} INFO - DAG(s) dict_keys(['example_branch_python_operator_decorator']) retrieved from /home/ai/.local/lib/python3.9/site-packages/airflow/example_dags/example_branch_operator_decorator.py
[2026-07-15T16:46:51.983+0200] {logging_mixin.py:151} INFO - [2026-07-15T16:46:51.983+0200] {dag.py:2941} INFO - Sync 1 DAGs
[2026-07-15T16:46:52.003+0200] {logging_mixin.py:151} INFO - [2026-07-15T16:46:52.002+0200] {dag.py:3722} INFO - Setting next_dagrun for example_branch_python_operator_decorator to 2026-07-14T00:00:00+00:00, run_after=2026-07-15T00:00:00+00:00
[2026-07-15T16:46:52.860+0200] {processor.py:179} INFO - Processing /home/ai/.local/lib/python3.9/site-packages/airflow/example_dags/example_branch_operator_decorator.py took 0.923 seconds
[2026-07-15T16:48:43.137+0200] {processor.py:157} INFO - Started process (PID=3440857) to work on /home/ai/.local/lib/python3.9/site-packages/airflow/example_dags/example_branch_operator_decorator.py
[2026-07-15T16:48:43.138+0200] {processor.py:829} INFO - Processing file /home/ai/.local/lib/python3.9/site-packages/airflow/example_dags/example_branch_operator_decorator.py for tasks to queue
[2026-07-15T16:48:43.139+0200] {logging_mixin.py:151} INFO - [2026-07-15T16:48:43.139+0200] {dagbag.py:536} INFO - Filling up the DagBag from /home/ai/.local/lib/python3.9/site-packages/airflow/example_dags/example_branch_operator_decorator.py
[2026-07-15T16:48:43.150+0200] {processor.py:839} INFO - DAG(s) dict_keys(['example_branch_python_operator_decorator']) retrieved from /home/ai/.local/lib/python3.9/site-packages/airflow/example_dags/example_branch_operator_decorator.py
[2026-07-15T16:48:43.174+0200] {logging_mixin.py:151} INFO - [2026-07-15T16:48:43.173+0200] {dag.py:2941} INFO - Sync 1 DAGs
[2026-07-15T16:48:43.209+0200] {logging_mixin.py:151} INFO - [2026-07-15T16:48:43.208+0200] {dag.py:3722} INFO - Setting next_dagrun for example_branch_python_operator_decorator to 2026-07-14T00:00:00+00:00, run_after=2026-07-15T00:00:00+00:00
[2026-07-15T16:48:43.237+0200] {processor.py:179} INFO - Processing /home/ai/.local/lib/python3.9/site-packages/airflow/example_dags/example_branch_operator_decorator.py took 0.106 seconds
[2026-07-15T16:50:39.157+0200] {processor.py:157} INFO - Started process (PID=3442821) to work on /home/ai/.local/lib/python3.9/site-packages/airflow/example_dags/example_branch_operator_decorator.py
[2026-07-15T16:50:39.159+0200] {processor.py:829} INFO - Processing file /home/ai/.local/lib/python3.9/site-packages/airflow/example_dags/example_branch_operator_decorator.py for tasks to queue
[2026-07-15T16:50:39.160+0200] {logging_mixin.py:151} INFO - [2026-07-15T16:50:39.160+0200] {dagbag.py:536} INFO - Filling up the DagBag from /home/ai/.local/lib/python3.9/site-packages/airflow/example_dags/example_branch_operator_decorator.py
[2026-07-15T16:50:39.170+0200] {processor.py:839} INFO - DAG(s) dict_keys(['example_branch_python_operator_decorator']) retrieved from /home/ai/.local/lib/python3.9/site-packages/airflow/example_dags/example_branch_operator_decorator.py
[2026-07-15T16:50:39.187+0200] {logging_mixin.py:151} INFO - [2026-07-15T16:50:39.187+0200] {dag.py:2941} INFO - Sync 1 DAGs
[2026-07-15T16:50:39.206+0200] {logging_mixin.py:151} INFO - [2026-07-15T16:50:39.206+0200] {dag.py:3722} INFO - Setting next_dagrun for example_branch_python_operator_decorator to 2026-07-14T00:00:00+00:00, run_after=2026-07-15T00:00:00+00:00
[2026-07-15T16:50:39.408+0200] {processor.py:179} INFO - Processing /home/ai/.local/lib/python3.9/site-packages/airflow/example_dags/example_branch_operator_decorator.py took 0.256 seconds
[2026-07-15T16:52:41.851+0200] {processor.py:157} INFO - Started process (PID=3444861) to work on /home/ai/.local/lib/python3.9/site-packages/airflow/example_dags/example_branch_operator_decorator.py
[2026-07-15T16:52:41.852+0200] {processor.py:829} INFO - Processing file /home/ai/.local/lib/python3.9/site-packages/airflow/example_dags/example_branch_operator_decorator.py for tasks to queue
[2026-07-15T16:52:41.854+0200] {logging_mixin.py:151} INFO - [2026-07-15T16:52:41.854+0200] {dagbag.py:536} INFO - Filling up the DagBag from /home/ai/.local/lib/python3.9/site-packages/airflow/example_dags/example_branch_operator_decorator.py
[2026-07-15T16:52:41.868+0200] {processor.py:839} INFO - DAG(s) dict_keys(['example_branch_python_operator_decorator']) retrieved from /home/ai/.local/lib/python3.9/site-packages/airflow/example_dags/example_branch_operator_decorator.py
[2026-07-15T16:52:41.886+0200] {logging_mixin.py:151} INFO - [2026-07-15T16:52:41.886+0200] {dag.py:2941} INFO - Sync 1 DAGs
[2026-07-15T16:52:41.908+0200] {logging_mixin.py:151} INFO - [2026-07-15T16:52:41.908+0200] {dag.py:3722} INFO - Setting next_dagrun for example_branch_python_operator_decorator to 2026-07-14T00:00:00+00:00, run_after=2026-07-15T00:00:00+00:00
[2026-07-15T16:52:42.234+0200] {processor.py:179} INFO - Processing /home/ai/.local/lib/python3.9/site-packages/airflow/example_dags/example_branch_operator_decorator.py took 0.390 seconds
[2026-07-15T16:54:56.582+0200] {processor.py:157} INFO - Started process (PID=3447224) to work on /home/ai/.local/lib/python3.9/site-packages/airflow/example_dags/example_branch_operator_decorator.py
[2026-07-15T16:54:56.583+0200] {processor.py:829} INFO - Processing file /home/ai/.local/lib/python3.9/site-packages/airflow/example_dags/example_branch_operator_decorator.py for tasks to queue
[2026-07-15T16:54:56.584+0200] {logging_mixin.py:151} INFO - [2026-07-15T16:54:56.584+0200] {dagbag.py:536} INFO - Filling up the DagBag from /home/ai/.local/lib/python3.9/site-packages/airflow/example_dags/example_branch_operator_decorator.py
[2026-07-15T16:54:56.594+0200] {processor.py:839} INFO - DAG(s) dict_keys(['example_branch_python_operator_decorator']) retrieved from /home/ai/.local/lib/python3.9/site-packages/airflow/example_dags/example_branch_operator_decorator.py
[2026-07-15T16:54:56.612+0200] {logging_mixin.py:151} INFO - [2026-07-15T16:54:56.611+0200] {dag.py:2941} INFO - Sync 1 DAGs
[2026-07-15T16:54:56.630+0200] {logging_mixin.py:151} INFO - [2026-07-15T16:54:56.630+0200] {dag.py:3722} INFO - Setting next_dagrun for example_branch_python_operator_decorator to 2026-07-14T00:00:00+00:00, run_after=2026-07-15T00:00:00+00:00
[2026-07-15T16:54:56.648+0200] {processor.py:179} INFO - Processing /home/ai/.local/lib/python3.9/site-packages/airflow/example_dags/example_branch_operator_decorator.py took 0.070 seconds
[2026-07-15T16:57:04.634+0200] {processor.py:157} INFO - Started process (PID=3449367) to work on /home/ai/.local/lib/python3.9/site-packages/airflow/example_dags/example_branch_operator_decorator.py
[2026-07-15T16:57:04.636+0200] {processor.py:829} INFO - Processing file /home/ai/.local/lib/python3.9/site-packages/airflow/example_dags/example_branch_operator_decorator.py for tasks to queue
[2026-07-15T16:57:04.637+0200] {logging_mixin.py:151} INFO - [2026-07-15T16:57:04.636+0200] {dagbag.py:536} INFO - Filling up the DagBag from /home/ai/.local/lib/python3.9/site-packages/airflow/example_dags/example_branch_operator_decorator.py
[2026-07-15T16:57:04.647+0200] {processor.py:839} INFO - DAG(s) dict_keys(['example_branch_python_operator_decorator']) retrieved from /home/ai/.local/lib/python3.9/site-packages/airflow/example_dags/example_branch_operator_decorator.py
[2026-07-15T16:57:04.665+0200] {logging_mixin.py:151} INFO - [2026-07-15T16:57:04.665+0200] {dag.py:2941} INFO - Sync 1 DAGs
[2026-07-15T16:57:04.685+0200] {logging_mixin.py:151} INFO - [2026-07-15T16:57:04.685+0200] {dag.py:3722} INFO - Setting next_dagrun for example_branch_python_operator_decorator to 2026-07-14T00:00:00+00:00, run_after=2026-07-15T00:00:00+00:00
[2026-07-15T16:57:04.702+0200] {processor.py:179} INFO - Processing /home/ai/.local/lib/python3.9/site-packages/airflow/example_dags/example_branch_operator_decorator.py took 0.072 seconds
[2026-07-15T17:00:14.231+0200] {processor.py:157} INFO - Started process (PID=3452696) to work on /home/ai/.local/lib/python3.9/site-packages/airflow/example_dags/example_branch_operator_decorator.py
[2026-07-15T17:00:14.232+0200] {processor.py:829} INFO - Processing file /home/ai/.local/lib/python3.9/site-packages/airflow/example_dags/example_branch_operator_decorator.py for tasks to queue
[2026-07-15T17:00:14.233+0200] {logging_mixin.py:151} INFO - [2026-07-15T17:00:14.233+0200] {dagbag.py:536} INFO - Filling up the DagBag from /home/ai/.local/lib/python3.9/site-packages/airflow/example_dags/example_branch_operator_decorator.py
[2026-07-15T17:00:14.244+0200] {processor.py:839} INFO - DAG(s) dict_keys(['example_branch_python_operator_decorator']) retrieved from /home/ai/.local/lib/python3.9/site-packages/airflow/example_dags/example_branch_operator_decorator.py
[2026-07-15T17:00:14.263+0200] {logging_mixin.py:151} INFO - [2026-07-15T17:00:14.263+0200] {dag.py:2941} INFO - Sync 1 DAGs
[2026-07-15T17:00:14.282+0200] {logging_mixin.py:151} INFO - [2026-07-15T17:00:14.282+0200] {dag.py:3722} INFO - Setting next_dagrun for example_branch_python_operator_decorator to 2026-07-14T00:00:00+00:00, run_after=2026-07-15T00:00:00+00:00
[2026-07-15T17:00:15.005+0200] {processor.py:179} INFO - Processing /home/ai/.local/lib/python3.9/site-packages/airflow/example_dags/example_branch_operator_decorator.py took 0.781 seconds
[2026-07-15T17:03:44.752+0200] {processor.py:157} INFO - Started process (PID=3456423) to work on /home/ai/.local/lib/python3.9/site-packages/airflow/example_dags/example_branch_operator_decorator.py
[2026-07-15T17:03:44.754+0200] {processor.py:829} INFO - Processing file /home/ai/.local/lib/python3.9/site-packages/airflow/example_dags/example_branch_operator_decorator.py for tasks to queue
[2026-07-15T17:03:44.755+0200] {logging_mixin.py:151} INFO - [2026-07-15T17:03:44.754+0200] {dagbag.py:536} INFO - Filling up the DagBag from /home/ai/.local/lib/python3.9/site-packages/airflow/example_dags/example_branch_operator_decorator.py
[2026-07-15T17:03:44.766+0200] {processor.py:839} INFO - DAG(s) dict_keys(['example_branch_python_operator_decorator']) retrieved from /home/ai/.local/lib/python3.9/site-packages/airflow/example_dags/example_branch_operator_decorator.py
[2026-07-15T17:03:44.784+0200] {logging_mixin.py:151} INFO - [2026-07-15T17:03:44.784+0200] {dag.py:2941} INFO - Sync 1 DAGs
[2026-07-15T17:03:44.804+0200] {logging_mixin.py:151} INFO - [2026-07-15T17:03:44.804+0200] {dag.py:3722} INFO - Setting next_dagrun for example_branch_python_operator_decorator to 2026-07-14T00:00:00+00:00, run_after=2026-07-15T00:00:00+00:00
[2026-07-15T17:03:44.832+0200] {processor.py:179} INFO - Processing /home/ai/.local/lib/python3.9/site-packages/airflow/example_dags/example_branch_operator_decorator.py took 0.084 seconds
[2026-07-15T17:05:54.905+0200] {processor.py:157} INFO - Started process (PID=3458562) to work on /home/ai/.local/lib/python3.9/site-packages/airflow/example_dags/example_branch_operator_decorator.py
[2026-07-15T17:05:55.451+0200] {processor.py:829} INFO - Processing file /home/ai/.local/lib/python3.9/site-packages/airflow/example_dags/example_branch_operator_decorator.py for tasks to queue
[2026-07-15T17:05:55.454+0200] {logging_mixin.py:151} INFO - [2026-07-15T17:05:55.453+0200] {dagbag.py:536} INFO - Filling up the DagBag from /home/ai/.local/lib/python3.9/site-packages/airflow/example_dags/example_branch_operator_decorator.py
[2026-07-15T17:05:55.470+0200] {processor.py:839} INFO - DAG(s) dict_keys(['example_branch_python_operator_decorator']) retrieved from /home/ai/.local/lib/python3.9/site-packages/airflow/example_dags/example_branch_operator_decorator.py
[2026-07-15T17:05:55.488+0200] {logging_mixin.py:151} INFO - [2026-07-15T17:05:55.488+0200] {dag.py:2941} INFO - Sync 1 DAGs
[2026-07-15T17:05:55.509+0200] {logging_mixin.py:151} INFO - [2026-07-15T17:05:55.509+0200] {dag.py:3722} INFO - Setting next_dagrun for example_branch_python_operator_decorator to 2026-07-14T00:00:00+00:00, run_after=2026-07-15T00:00:00+00:00
[2026-07-15T17:05:58.716+0200] {processor.py:179} INFO - Processing /home/ai/.local/lib/python3.9/site-packages/airflow/example_dags/example_branch_operator_decorator.py took 3.816 seconds
[2026-07-15T17:08:19.354+0200] {processor.py:157} INFO - Started process (PID=3460987) to work on /home/ai/.local/lib/python3.9/site-packages/airflow/example_dags/example_branch_operator_decorator.py
[2026-07-15T17:08:19.579+0200] {processor.py:829} INFO - Processing file /home/ai/.local/lib/python3.9/site-packages/airflow/example_dags/example_branch_operator_decorator.py for tasks to queue
[2026-07-15T17:08:19.581+0200] {logging_mixin.py:151} INFO - [2026-07-15T17:08:19.580+0200] {dagbag.py:536} INFO - Filling up the DagBag from /home/ai/.local/lib/python3.9/site-packages/airflow/example_dags/example_branch_operator_decorator.py
[2026-07-15T17:08:19.604+0200] {processor.py:839} INFO - DAG(s) dict_keys(['example_branch_python_operator_decorator']) retrieved from /home/ai/.local/lib/python3.9/site-packages/airflow/example_dags/example_branch_operator_decorator.py
[2026-07-15T17:08:19.622+0200] {logging_mixin.py:151} INFO - [2026-07-15T17:08:19.622+0200] {dag.py:2941} INFO - Sync 1 DAGs
[2026-07-15T17:08:19.651+0200] {logging_mixin.py:151} INFO - [2026-07-15T17:08:19.650+0200] {dag.py:3722} INFO - Setting next_dagrun for example_branch_python_operator_decorator to 2026-07-14T00:00:00+00:00, run_after=2026-07-15T00:00:00+00:00
[2026-07-15T17:08:20.169+0200] {processor.py:179} INFO - Processing /home/ai/.local/lib/python3.9/site-packages/airflow/example_dags/example_branch_operator_decorator.py took 0.820 seconds
[2026-07-15T17:11:43.401+0200] {processor.py:157} INFO - Started process (PID=3464390) to work on /home/ai/.local/lib/python3.9/site-packages/airflow/example_dags/example_branch_operator_decorator.py
[2026-07-15T17:11:44.086+0200] {processor.py:829} INFO - Processing file /home/ai/.local/lib/python3.9/site-packages/airflow/example_dags/example_branch_operator_decorator.py for tasks to queue
[2026-07-15T17:11:44.088+0200] {logging_mixin.py:151} INFO - [2026-07-15T17:11:44.087+0200] {dagbag.py:536} INFO - Filling up the DagBag from /home/ai/.local/lib/python3.9/site-packages/airflow/example_dags/example_branch_operator_decorator.py
[2026-07-15T17:11:44.104+0200] {processor.py:839} INFO - DAG(s) dict_keys(['example_branch_python_operator_decorator']) retrieved from /home/ai/.local/lib/python3.9/site-packages/airflow/example_dags/example_branch_operator_decorator.py
[2026-07-15T17:11:44.121+0200] {logging_mixin.py:151} INFO - [2026-07-15T17:11:44.121+0200] {dag.py:2941} INFO - Sync 1 DAGs
[2026-07-15T17:11:44.140+0200] {logging_mixin.py:151} INFO - [2026-07-15T17:11:44.139+0200] {dag.py:3722} INFO - Setting next_dagrun for example_branch_python_operator_decorator to 2026-07-14T00:00:00+00:00, run_after=2026-07-15T00:00:00+00:00
[2026-07-15T17:11:44.611+0200] {processor.py:179} INFO - Processing /home/ai/.local/lib/python3.9/site-packages/airflow/example_dags/example_branch_operator_decorator.py took 1.215 seconds
[2026-07-15T17:14:39.437+0200] {processor.py:157} INFO - Started process (PID=3467603) to work on /home/ai/.local/lib/python3.9/site-packages/airflow/example_dags/example_branch_operator_decorator.py
[2026-07-15T17:14:39.439+0200] {processor.py:829} INFO - Processing file /home/ai/.local/lib/python3.9/site-packages/airflow/example_dags/example_branch_operator_decorator.py for tasks to queue
[2026-07-15T17:14:39.440+0200] {logging_mixin.py:151} INFO - [2026-07-15T17:14:39.439+0200] {dagbag.py:536} INFO - Filling up the DagBag from /home/ai/.local/lib/python3.9/site-packages/airflow/example_dags/example_branch_operator_decorator.py
[2026-07-15T17:14:39.451+0200] {processor.py:839} INFO - DAG(s) dict_keys(['example_branch_python_operator_decorator']) retrieved from /home/ai/.local/lib/python3.9/site-packages/airflow/example_dags/example_branch_operator_decorator.py
[2026-07-15T17:14:39.470+0200] {logging_mixin.py:151} INFO - [2026-07-15T17:14:39.469+0200] {dag.py:2941} INFO - Sync 1 DAGs
[2026-07-15T17:14:39.490+0200] {logging_mixin.py:151} INFO - [2026-07-15T17:14:39.490+0200] {dag.py:3722} INFO - Setting next_dagrun for example_branch_python_operator_decorator to 2026-07-14T00:00:00+00:00, run_after=2026-07-15T00:00:00+00:00
[2026-07-15T17:14:40.239+0200] {processor.py:179} INFO - Processing /home/ai/.local/lib/python3.9/site-packages/airflow/example_dags/example_branch_operator_decorator.py took 0.807 seconds
[2026-07-15T17:16:34.375+0200] {processor.py:157} INFO - Started process (PID=3469956) to work on /home/ai/.local/lib/python3.9/site-packages/airflow/example_dags/example_branch_operator_decorator.py
[2026-07-15T17:16:34.376+0200] {processor.py:829} INFO - Processing file /home/ai/.local/lib/python3.9/site-packages/airflow/example_dags/example_branch_operator_decorator.py for tasks to queue
[2026-07-15T17:16:34.377+0200] {logging_mixin.py:151} INFO - [2026-07-15T17:16:34.377+0200] {dagbag.py:536} INFO - Filling up the DagBag from /home/ai/.local/lib/python3.9/site-packages/airflow/example_dags/example_branch_operator_decorator.py
[2026-07-15T17:16:34.388+0200] {processor.py:839} INFO - DAG(s) dict_keys(['example_branch_python_operator_decorator']) retrieved from /home/ai/.local/lib/python3.9/site-packages/airflow/example_dags/example_branch_operator_decorator.py
[2026-07-15T17:16:34.406+0200] {logging_mixin.py:151} INFO - [2026-07-15T17:16:34.406+0200] {dag.py:2941} INFO - Sync 1 DAGs
[2026-07-15T17:16:34.425+0200] {logging_mixin.py:151} INFO - [2026-07-15T17:16:34.425+0200] {dag.py:3722} INFO - Setting next_dagrun for example_branch_python_operator_decorator to 2026-07-14T00:00:00+00:00, run_after=2026-07-15T00:00:00+00:00
[2026-07-15T17:16:34.502+0200] {processor.py:179} INFO - Processing /home/ai/.local/lib/python3.9/site-packages/airflow/example_dags/example_branch_operator_decorator.py took 0.133 seconds
[2026-07-15T17:18:27.418+0200] {processor.py:157} INFO - Started process (PID=3472566) to work on /home/ai/.local/lib/python3.9/site-packages/airflow/example_dags/example_branch_operator_decorator.py
[2026-07-15T17:18:27.419+0200] {processor.py:829} INFO - Processing file /home/ai/.local/lib/python3.9/site-packages/airflow/example_dags/example_branch_operator_decorator.py for tasks to queue
[2026-07-15T17:18:27.420+0200] {logging_mixin.py:151} INFO - [2026-07-15T17:18:27.420+0200] {dagbag.py:536} INFO - Filling up the DagBag from /home/ai/.local/lib/python3.9/site-packages/airflow/example_dags/example_branch_operator_decorator.py
[2026-07-15T17:18:27.443+0200] {processor.py:839} INFO - DAG(s) dict_keys(['example_branch_python_operator_decorator']) retrieved from /home/ai/.local/lib/python3.9/site-packages/airflow/example_dags/example_branch_operator_decorator.py
[2026-07-15T17:18:27.463+0200] {logging_mixin.py:151} INFO - [2026-07-15T17:18:27.463+0200] {dag.py:2941} INFO - Sync 1 DAGs
[2026-07-15T17:18:27.485+0200] {logging_mixin.py:151} INFO - [2026-07-15T17:18:27.484+0200] {dag.py:3722} INFO - Setting next_dagrun for example_branch_python_operator_decorator to 2026-07-14T00:00:00+00:00, run_after=2026-07-15T00:00:00+00:00
[2026-07-15T17:18:29.301+0200] {processor.py:179} INFO - Processing /home/ai/.local/lib/python3.9/site-packages/airflow/example_dags/example_branch_operator_decorator.py took 1.887 seconds
