[2026-07-15T16:15:57.650+0200] {processor.py:157} INFO - Started process (PID=3406437) to work on /home/ai/.local/lib/python3.9/site-packages/airflow/example_dags/example_branch_day_of_week_operator.py
[2026-07-15T16:15:57.651+0200] {processor.py:829} INFO - Processing file /home/ai/.local/lib/python3.9/site-packages/airflow/example_dags/example_branch_day_of_week_operator.py for tasks to queue
[2026-07-15T16:15:57.652+0200] {logging_mixin.py:151} INFO - [2026-07-15T16:15:57.651+0200] {dagbag.py:536} INFO - Filling up the DagBag from /home/ai/.local/lib/python3.9/site-packages/airflow/example_dags/example_branch_day_of_week_operator.py
[2026-07-15T16:15:57.660+0200] {processor.py:839} INFO - DAG(s) dict_keys(['example_weekday_branch_operator']) retrieved from /home/ai/.local/lib/python3.9/site-packages/airflow/example_dags/example_branch_day_of_week_operator.py
[2026-07-15T16:15:57.675+0200] {logging_mixin.py:151} INFO - [2026-07-15T16:15:57.675+0200] {dag.py:2941} INFO - Sync 1 DAGs
[2026-07-15T16:15:57.694+0200] {logging_mixin.py:151} INFO - [2026-07-15T16:15:57.693+0200] {dag.py:3722} INFO - Setting next_dagrun for example_weekday_branch_operator to 2026-07-14T00:00:00+00:00, run_after=2026-07-15T00:00:00+00:00
[2026-07-15T16:15:57.720+0200] {processor.py:179} INFO - Processing /home/ai/.local/lib/python3.9/site-packages/airflow/example_dags/example_branch_day_of_week_operator.py took 0.074 seconds
[2026-07-15T16:17:35.291+0200] {processor.py:157} INFO - Started process (PID=3408042) to work on /home/ai/.local/lib/python3.9/site-packages/airflow/example_dags/example_branch_day_of_week_operator.py
[2026-07-15T16:17:35.294+0200] {processor.py:829} INFO - Processing file /home/ai/.local/lib/python3.9/site-packages/airflow/example_dags/example_branch_day_of_week_operator.py for tasks to queue
[2026-07-15T16:17:35.298+0200] {logging_mixin.py:151} INFO - [2026-07-15T16:17:35.296+0200] {dagbag.py:536} INFO - Filling up the DagBag from /home/ai/.local/lib/python3.9/site-packages/airflow/example_dags/example_branch_day_of_week_operator.py
[2026-07-15T16:17:35.311+0200] {processor.py:839} INFO - DAG(s) dict_keys(['example_weekday_branch_operator']) retrieved from /home/ai/.local/lib/python3.9/site-packages/airflow/example_dags/example_branch_day_of_week_operator.py
[2026-07-15T16:17:35.331+0200] {logging_mixin.py:151} INFO - [2026-07-15T16:17:35.330+0200] {dag.py:2941} INFO - Sync 1 DAGs
[2026-07-15T16:17:35.353+0200] {logging_mixin.py:151} INFO - [2026-07-15T16:17:35.353+0200] {dag.py:3722} INFO - Setting next_dagrun for example_weekday_branch_operator to 2026-07-14T00:00:00+00:00, run_after=2026-07-15T00:00:00+00:00
[2026-07-15T16:17:36.586+0200] {processor.py:179} INFO - Processing /home/ai/.local/lib/python3.9/site-packages/airflow/example_dags/example_branch_day_of_week_operator.py took 1.301 seconds
[2026-07-15T16:19:05.633+0200] {processor.py:157} INFO - Started process (PID=3409687) to work on /home/ai/.local/lib/python3.9/site-packages/airflow/example_dags/example_branch_day_of_week_operator.py
[2026-07-15T16:19:05.635+0200] {processor.py:829} INFO - Processing file /home/ai/.local/lib/python3.9/site-packages/airflow/example_dags/example_branch_day_of_week_operator.py for tasks to queue
[2026-07-15T16:19:05.636+0200] {logging_mixin.py:151} INFO - [2026-07-15T16:19:05.635+0200] {dagbag.py:536} INFO - Filling up the DagBag from /home/ai/.local/lib/python3.9/site-packages/airflow/example_dags/example_branch_day_of_week_operator.py
[2026-07-15T16:19:05.644+0200] {processor.py:839} INFO - DAG(s) dict_keys(['example_weekday_branch_operator']) retrieved from /home/ai/.local/lib/python3.9/site-packages/airflow/example_dags/example_branch_day_of_week_operator.py
[2026-07-15T16:19:05.660+0200] {logging_mixin.py:151} INFO - [2026-07-15T16:19:05.660+0200] {dag.py:2941} INFO - Sync 1 DAGs
[2026-07-15T16:19:05.680+0200] {logging_mixin.py:151} INFO - [2026-07-15T16:19:05.679+0200] {dag.py:3722} INFO - Setting next_dagrun for example_weekday_branch_operator to 2026-07-14T00:00:00+00:00, run_after=2026-07-15T00:00:00+00:00
[2026-07-15T16:19:05.851+0200] {processor.py:179} INFO - Processing /home/ai/.local/lib/python3.9/site-packages/airflow/example_dags/example_branch_day_of_week_operator.py took 0.223 seconds
[2026-07-15T16:20:52.366+0200] {processor.py:157} INFO - Started process (PID=3411396) to work on /home/ai/.local/lib/python3.9/site-packages/airflow/example_dags/example_branch_day_of_week_operator.py
[2026-07-15T16:20:52.368+0200] {processor.py:829} INFO - Processing file /home/ai/.local/lib/python3.9/site-packages/airflow/example_dags/example_branch_day_of_week_operator.py for tasks to queue
[2026-07-15T16:20:52.369+0200] {logging_mixin.py:151} INFO - [2026-07-15T16:20:52.368+0200] {dagbag.py:536} INFO - Filling up the DagBag from /home/ai/.local/lib/python3.9/site-packages/airflow/example_dags/example_branch_day_of_week_operator.py
[2026-07-15T16:20:52.377+0200] {processor.py:839} INFO - DAG(s) dict_keys(['example_weekday_branch_operator']) retrieved from /home/ai/.local/lib/python3.9/site-packages/airflow/example_dags/example_branch_day_of_week_operator.py
[2026-07-15T16:20:52.395+0200] {logging_mixin.py:151} INFO - [2026-07-15T16:20:52.395+0200] {dag.py:2941} INFO - Sync 1 DAGs
[2026-07-15T16:20:52.416+0200] {logging_mixin.py:151} INFO - [2026-07-15T16:20:52.416+0200] {dag.py:3722} INFO - Setting next_dagrun for example_weekday_branch_operator to 2026-07-14T00:00:00+00:00, run_after=2026-07-15T00:00:00+00:00
[2026-07-15T16:20:52.439+0200] {processor.py:179} INFO - Processing /home/ai/.local/lib/python3.9/site-packages/airflow/example_dags/example_branch_day_of_week_operator.py took 0.077 seconds
[2026-07-15T16:22:17.641+0200] {processor.py:157} INFO - Started process (PID=3412903) to work on /home/ai/.local/lib/python3.9/site-packages/airflow/example_dags/example_branch_day_of_week_operator.py
[2026-07-15T16:22:17.643+0200] {processor.py:829} INFO - Processing file /home/ai/.local/lib/python3.9/site-packages/airflow/example_dags/example_branch_day_of_week_operator.py for tasks to queue
[2026-07-15T16:22:17.644+0200] {logging_mixin.py:151} INFO - [2026-07-15T16:22:17.644+0200] {dagbag.py:536} INFO - Filling up the DagBag from /home/ai/.local/lib/python3.9/site-packages/airflow/example_dags/example_branch_day_of_week_operator.py
[2026-07-15T16:22:17.653+0200] {processor.py:839} INFO - DAG(s) dict_keys(['example_weekday_branch_operator']) retrieved from /home/ai/.local/lib/python3.9/site-packages/airflow/example_dags/example_branch_day_of_week_operator.py
[2026-07-15T16:22:17.670+0200] {logging_mixin.py:151} INFO - [2026-07-15T16:22:17.670+0200] {dag.py:2941} INFO - Sync 1 DAGs
[2026-07-15T16:22:17.689+0200] {logging_mixin.py:151} INFO - [2026-07-15T16:22:17.689+0200] {dag.py:3722} INFO - Setting next_dagrun for example_weekday_branch_operator to 2026-07-14T00:00:00+00:00, run_after=2026-07-15T00:00:00+00:00
[2026-07-15T16:22:17.709+0200] {processor.py:179} INFO - Processing /home/ai/.local/lib/python3.9/site-packages/airflow/example_dags/example_branch_day_of_week_operator.py took 0.072 seconds
[2026-07-15T16:23:46.456+0200] {processor.py:157} INFO - Started process (PID=3414414) to work on /home/ai/.local/lib/python3.9/site-packages/airflow/example_dags/example_branch_day_of_week_operator.py
[2026-07-15T16:23:46.458+0200] {processor.py:829} INFO - Processing file /home/ai/.local/lib/python3.9/site-packages/airflow/example_dags/example_branch_day_of_week_operator.py for tasks to queue
[2026-07-15T16:23:46.459+0200] {logging_mixin.py:151} INFO - [2026-07-15T16:23:46.459+0200] {dagbag.py:536} INFO - Filling up the DagBag from /home/ai/.local/lib/python3.9/site-packages/airflow/example_dags/example_branch_day_of_week_operator.py
[2026-07-15T16:23:46.470+0200] {processor.py:839} INFO - DAG(s) dict_keys(['example_weekday_branch_operator']) retrieved from /home/ai/.local/lib/python3.9/site-packages/airflow/example_dags/example_branch_day_of_week_operator.py
[2026-07-15T16:23:46.487+0200] {logging_mixin.py:151} INFO - [2026-07-15T16:23:46.487+0200] {dag.py:2941} INFO - Sync 1 DAGs
[2026-07-15T16:23:46.505+0200] {logging_mixin.py:151} INFO - [2026-07-15T16:23:46.505+0200] {dag.py:3722} INFO - Setting next_dagrun for example_weekday_branch_operator to 2026-07-14T00:00:00+00:00, run_after=2026-07-15T00:00:00+00:00
[2026-07-15T16:23:47.252+0200] {processor.py:179} INFO - Processing /home/ai/.local/lib/python3.9/site-packages/airflow/example_dags/example_branch_day_of_week_operator.py took 0.803 seconds
[2026-07-15T16:25:06.834+0200] {processor.py:157} INFO - Started process (PID=3415733) to work on /home/ai/.local/lib/python3.9/site-packages/airflow/example_dags/example_branch_day_of_week_operator.py
[2026-07-15T16:25:06.836+0200] {processor.py:829} INFO - Processing file /home/ai/.local/lib/python3.9/site-packages/airflow/example_dags/example_branch_day_of_week_operator.py for tasks to queue
[2026-07-15T16:25:06.837+0200] {logging_mixin.py:151} INFO - [2026-07-15T16:25:06.836+0200] {dagbag.py:536} INFO - Filling up the DagBag from /home/ai/.local/lib/python3.9/site-packages/airflow/example_dags/example_branch_day_of_week_operator.py
[2026-07-15T16:25:06.845+0200] {processor.py:839} INFO - DAG(s) dict_keys(['example_weekday_branch_operator']) retrieved from /home/ai/.local/lib/python3.9/site-packages/airflow/example_dags/example_branch_day_of_week_operator.py
[2026-07-15T16:25:06.862+0200] {logging_mixin.py:151} INFO - [2026-07-15T16:25:06.862+0200] {dag.py:2941} INFO - Sync 1 DAGs
[2026-07-15T16:25:06.881+0200] {logging_mixin.py:151} INFO - [2026-07-15T16:25:06.881+0200] {dag.py:3722} INFO - Setting next_dagrun for example_weekday_branch_operator to 2026-07-14T00:00:00+00:00, run_after=2026-07-15T00:00:00+00:00
[2026-07-15T16:25:07.882+0200] {processor.py:179} INFO - Processing /home/ai/.local/lib/python3.9/site-packages/airflow/example_dags/example_branch_day_of_week_operator.py took 1.053 seconds
[2026-07-15T16:26:38.375+0200] {processor.py:157} INFO - Started process (PID=3417306) to work on /home/ai/.local/lib/python3.9/site-packages/airflow/example_dags/example_branch_day_of_week_operator.py
[2026-07-15T16:26:38.377+0200] {processor.py:829} INFO - Processing file /home/ai/.local/lib/python3.9/site-packages/airflow/example_dags/example_branch_day_of_week_operator.py for tasks to queue
[2026-07-15T16:26:38.378+0200] {logging_mixin.py:151} INFO - [2026-07-15T16:26:38.377+0200] {dagbag.py:536} INFO - Filling up the DagBag from /home/ai/.local/lib/python3.9/site-packages/airflow/example_dags/example_branch_day_of_week_operator.py
[2026-07-15T16:26:38.386+0200] {processor.py:839} INFO - DAG(s) dict_keys(['example_weekday_branch_operator']) retrieved from /home/ai/.local/lib/python3.9/site-packages/airflow/example_dags/example_branch_day_of_week_operator.py
[2026-07-15T16:26:38.405+0200] {logging_mixin.py:151} INFO - [2026-07-15T16:26:38.404+0200] {dag.py:2941} INFO - Sync 1 DAGs
[2026-07-15T16:26:38.426+0200] {logging_mixin.py:151} INFO - [2026-07-15T16:26:38.426+0200] {dag.py:3722} INFO - Setting next_dagrun for example_weekday_branch_operator to 2026-07-14T00:00:00+00:00, run_after=2026-07-15T00:00:00+00:00
[2026-07-15T16:26:38.446+0200] {processor.py:179} INFO - Processing /home/ai/.local/lib/python3.9/site-packages/airflow/example_dags/example_branch_day_of_week_operator.py took 0.075 seconds
[2026-07-15T16:28:30.554+0200] {processor.py:157} INFO - Started process (PID=3419285) to work on /home/ai/.local/lib/python3.9/site-packages/airflow/example_dags/example_branch_day_of_week_operator.py
[2026-07-15T16:28:30.556+0200] {processor.py:829} INFO - Processing file /home/ai/.local/lib/python3.9/site-packages/airflow/example_dags/example_branch_day_of_week_operator.py for tasks to queue
[2026-07-15T16:28:30.558+0200] {logging_mixin.py:151} INFO - [2026-07-15T16:28:30.557+0200] {dagbag.py:536} INFO - Filling up the DagBag from /home/ai/.local/lib/python3.9/site-packages/airflow/example_dags/example_branch_day_of_week_operator.py
[2026-07-15T16:28:30.567+0200] {processor.py:839} INFO - DAG(s) dict_keys(['example_weekday_branch_operator']) retrieved from /home/ai/.local/lib/python3.9/site-packages/airflow/example_dags/example_branch_day_of_week_operator.py
[2026-07-15T16:28:30.584+0200] {logging_mixin.py:151} INFO - [2026-07-15T16:28:30.584+0200] {dag.py:2941} INFO - Sync 1 DAGs
[2026-07-15T16:28:30.603+0200] {logging_mixin.py:151} INFO - [2026-07-15T16:28:30.603+0200] {dag.py:3722} INFO - Setting next_dagrun for example_weekday_branch_operator to 2026-07-14T00:00:00+00:00, run_after=2026-07-15T00:00:00+00:00
[2026-07-15T16:28:30.786+0200] {processor.py:179} INFO - Processing /home/ai/.local/lib/python3.9/site-packages/airflow/example_dags/example_branch_day_of_week_operator.py took 0.237 seconds
[2026-07-15T16:29:55.088+0200] {processor.py:157} INFO - Started process (PID=3420739) to work on /home/ai/.local/lib/python3.9/site-packages/airflow/example_dags/example_branch_day_of_week_operator.py
[2026-07-15T16:29:55.090+0200] {processor.py:829} INFO - Processing file /home/ai/.local/lib/python3.9/site-packages/airflow/example_dags/example_branch_day_of_week_operator.py for tasks to queue
[2026-07-15T16:29:55.091+0200] {logging_mixin.py:151} INFO - [2026-07-15T16:29:55.090+0200] {dagbag.py:536} INFO - Filling up the DagBag from /home/ai/.local/lib/python3.9/site-packages/airflow/example_dags/example_branch_day_of_week_operator.py
[2026-07-15T16:29:55.099+0200] {processor.py:839} INFO - DAG(s) dict_keys(['example_weekday_branch_operator']) retrieved from /home/ai/.local/lib/python3.9/site-packages/airflow/example_dags/example_branch_day_of_week_operator.py
[2026-07-15T16:29:55.114+0200] {logging_mixin.py:151} INFO - [2026-07-15T16:29:55.114+0200] {dag.py:2941} INFO - Sync 1 DAGs
[2026-07-15T16:29:55.132+0200] {logging_mixin.py:151} INFO - [2026-07-15T16:29:55.132+0200] {dag.py:3722} INFO - Setting next_dagrun for example_weekday_branch_operator to 2026-07-14T00:00:00+00:00, run_after=2026-07-15T00:00:00+00:00
[2026-07-15T16:29:56.968+0200] {processor.py:179} INFO - Processing /home/ai/.local/lib/python3.9/site-packages/airflow/example_dags/example_branch_day_of_week_operator.py took 1.884 seconds
[2026-07-15T16:31:43.587+0200] {processor.py:157} INFO - Started process (PID=3422474) to work on /home/ai/.local/lib/python3.9/site-packages/airflow/example_dags/example_branch_day_of_week_operator.py
[2026-07-15T16:31:43.589+0200] {processor.py:829} INFO - Processing file /home/ai/.local/lib/python3.9/site-packages/airflow/example_dags/example_branch_day_of_week_operator.py for tasks to queue
[2026-07-15T16:31:43.590+0200] {logging_mixin.py:151} INFO - [2026-07-15T16:31:43.590+0200] {dagbag.py:536} INFO - Filling up the DagBag from /home/ai/.local/lib/python3.9/site-packages/airflow/example_dags/example_branch_day_of_week_operator.py
[2026-07-15T16:31:43.599+0200] {processor.py:839} INFO - DAG(s) dict_keys(['example_weekday_branch_operator']) retrieved from /home/ai/.local/lib/python3.9/site-packages/airflow/example_dags/example_branch_day_of_week_operator.py
[2026-07-15T16:31:43.618+0200] {logging_mixin.py:151} INFO - [2026-07-15T16:31:43.618+0200] {dag.py:2941} INFO - Sync 1 DAGs
[2026-07-15T16:31:43.638+0200] {logging_mixin.py:151} INFO - [2026-07-15T16:31:43.638+0200] {dag.py:3722} INFO - Setting next_dagrun for example_weekday_branch_operator to 2026-07-14T00:00:00+00:00, run_after=2026-07-15T00:00:00+00:00
[2026-07-15T16:31:43.687+0200] {processor.py:179} INFO - Processing /home/ai/.local/lib/python3.9/site-packages/airflow/example_dags/example_branch_day_of_week_operator.py took 0.105 seconds
[2026-07-15T16:33:11.264+0200] {processor.py:157} INFO - Started process (PID=3424055) to work on /home/ai/.local/lib/python3.9/site-packages/airflow/example_dags/example_branch_day_of_week_operator.py
[2026-07-15T16:33:11.265+0200] {processor.py:829} INFO - Processing file /home/ai/.local/lib/python3.9/site-packages/airflow/example_dags/example_branch_day_of_week_operator.py for tasks to queue
[2026-07-15T16:33:11.266+0200] {logging_mixin.py:151} INFO - [2026-07-15T16:33:11.265+0200] {dagbag.py:536} INFO - Filling up the DagBag from /home/ai/.local/lib/python3.9/site-packages/airflow/example_dags/example_branch_day_of_week_operator.py
[2026-07-15T16:33:11.274+0200] {processor.py:839} INFO - DAG(s) dict_keys(['example_weekday_branch_operator']) retrieved from /home/ai/.local/lib/python3.9/site-packages/airflow/example_dags/example_branch_day_of_week_operator.py
[2026-07-15T16:33:11.293+0200] {logging_mixin.py:151} INFO - [2026-07-15T16:33:11.292+0200] {dag.py:2941} INFO - Sync 1 DAGs
[2026-07-15T16:33:11.312+0200] {logging_mixin.py:151} INFO - [2026-07-15T16:33:11.312+0200] {dag.py:3722} INFO - Setting next_dagrun for example_weekday_branch_operator to 2026-07-14T00:00:00+00:00, run_after=2026-07-15T00:00:00+00:00
[2026-07-15T16:33:12.719+0200] {processor.py:179} INFO - Processing /home/ai/.local/lib/python3.9/site-packages/airflow/example_dags/example_branch_day_of_week_operator.py took 1.461 seconds
[2026-07-15T16:34:37.013+0200] {processor.py:157} INFO - Started process (PID=3425477) to work on /home/ai/.local/lib/python3.9/site-packages/airflow/example_dags/example_branch_day_of_week_operator.py
[2026-07-15T16:34:37.015+0200] {processor.py:829} INFO - Processing file /home/ai/.local/lib/python3.9/site-packages/airflow/example_dags/example_branch_day_of_week_operator.py for tasks to queue
[2026-07-15T16:34:37.016+0200] {logging_mixin.py:151} INFO - [2026-07-15T16:34:37.016+0200] {dagbag.py:536} INFO - Filling up the DagBag from /home/ai/.local/lib/python3.9/site-packages/airflow/example_dags/example_branch_day_of_week_operator.py
[2026-07-15T16:34:37.026+0200] {processor.py:839} INFO - DAG(s) dict_keys(['example_weekday_branch_operator']) retrieved from /home/ai/.local/lib/python3.9/site-packages/airflow/example_dags/example_branch_day_of_week_operator.py
[2026-07-15T16:34:37.050+0200] {logging_mixin.py:151} INFO - [2026-07-15T16:34:37.050+0200] {dag.py:2941} INFO - Sync 1 DAGs
[2026-07-15T16:34:37.070+0200] {logging_mixin.py:151} INFO - [2026-07-15T16:34:37.069+0200] {dag.py:3722} INFO - Setting next_dagrun for example_weekday_branch_operator to 2026-07-14T00:00:00+00:00, run_after=2026-07-15T00:00:00+00:00
[2026-07-15T16:34:37.111+0200] {processor.py:179} INFO - Processing /home/ai/.local/lib/python3.9/site-packages/airflow/example_dags/example_branch_day_of_week_operator.py took 0.103 seconds
[2026-07-15T16:36:08.861+0200] {processor.py:157} INFO - Started process (PID=3427148) to work on /home/ai/.local/lib/python3.9/site-packages/airflow/example_dags/example_branch_day_of_week_operator.py
[2026-07-15T16:36:08.863+0200] {processor.py:829} INFO - Processing file /home/ai/.local/lib/python3.9/site-packages/airflow/example_dags/example_branch_day_of_week_operator.py for tasks to queue
[2026-07-15T16:36:08.864+0200] {logging_mixin.py:151} INFO - [2026-07-15T16:36:08.863+0200] {dagbag.py:536} INFO - Filling up the DagBag from /home/ai/.local/lib/python3.9/site-packages/airflow/example_dags/example_branch_day_of_week_operator.py
[2026-07-15T16:36:08.872+0200] {processor.py:839} INFO - DAG(s) dict_keys(['example_weekday_branch_operator']) retrieved from /home/ai/.local/lib/python3.9/site-packages/airflow/example_dags/example_branch_day_of_week_operator.py
[2026-07-15T16:36:08.888+0200] {logging_mixin.py:151} INFO - [2026-07-15T16:36:08.887+0200] {dag.py:2941} INFO - Sync 1 DAGs
[2026-07-15T16:36:08.906+0200] {logging_mixin.py:151} INFO - [2026-07-15T16:36:08.906+0200] {dag.py:3722} INFO - Setting next_dagrun for example_weekday_branch_operator to 2026-07-14T00:00:00+00:00, run_after=2026-07-15T00:00:00+00:00
[2026-07-15T16:36:08.986+0200] {processor.py:179} INFO - Processing /home/ai/.local/lib/python3.9/site-packages/airflow/example_dags/example_branch_day_of_week_operator.py took 0.128 seconds
[2026-07-15T16:37:56.915+0200] {processor.py:157} INFO - Started process (PID=3429479) to work on /home/ai/.local/lib/python3.9/site-packages/airflow/example_dags/example_branch_day_of_week_operator.py
[2026-07-15T16:37:56.916+0200] {processor.py:829} INFO - Processing file /home/ai/.local/lib/python3.9/site-packages/airflow/example_dags/example_branch_day_of_week_operator.py for tasks to queue
[2026-07-15T16:37:56.917+0200] {logging_mixin.py:151} INFO - [2026-07-15T16:37:56.917+0200] {dagbag.py:536} INFO - Filling up the DagBag from /home/ai/.local/lib/python3.9/site-packages/airflow/example_dags/example_branch_day_of_week_operator.py
[2026-07-15T16:37:56.925+0200] {processor.py:839} INFO - DAG(s) dict_keys(['example_weekday_branch_operator']) retrieved from /home/ai/.local/lib/python3.9/site-packages/airflow/example_dags/example_branch_day_of_week_operator.py
[2026-07-15T16:37:56.944+0200] {logging_mixin.py:151} INFO - [2026-07-15T16:37:56.944+0200] {dag.py:2941} INFO - Sync 1 DAGs
[2026-07-15T16:37:56.964+0200] {logging_mixin.py:151} INFO - [2026-07-15T16:37:56.964+0200] {dag.py:3722} INFO - Setting next_dagrun for example_weekday_branch_operator to 2026-07-14T00:00:00+00:00, run_after=2026-07-15T00:00:00+00:00
[2026-07-15T16:37:57.383+0200] {processor.py:179} INFO - Processing /home/ai/.local/lib/python3.9/site-packages/airflow/example_dags/example_branch_day_of_week_operator.py took 0.471 seconds
[2026-07-15T16:39:27.963+0200] {processor.py:157} INFO - Started process (PID=3431167) to work on /home/ai/.local/lib/python3.9/site-packages/airflow/example_dags/example_branch_day_of_week_operator.py
[2026-07-15T16:39:27.964+0200] {processor.py:829} INFO - Processing file /home/ai/.local/lib/python3.9/site-packages/airflow/example_dags/example_branch_day_of_week_operator.py for tasks to queue
[2026-07-15T16:39:27.966+0200] {logging_mixin.py:151} INFO - [2026-07-15T16:39:27.965+0200] {dagbag.py:536} INFO - Filling up the DagBag from /home/ai/.local/lib/python3.9/site-packages/airflow/example_dags/example_branch_day_of_week_operator.py
[2026-07-15T16:39:27.974+0200] {processor.py:839} INFO - DAG(s) dict_keys(['example_weekday_branch_operator']) retrieved from /home/ai/.local/lib/python3.9/site-packages/airflow/example_dags/example_branch_day_of_week_operator.py
[2026-07-15T16:39:27.992+0200] {logging_mixin.py:151} INFO - [2026-07-15T16:39:27.992+0200] {dag.py:2941} INFO - Sync 1 DAGs
[2026-07-15T16:39:28.013+0200] {logging_mixin.py:151} INFO - [2026-07-15T16:39:28.013+0200] {dag.py:3722} INFO - Setting next_dagrun for example_weekday_branch_operator to 2026-07-14T00:00:00+00:00, run_after=2026-07-15T00:00:00+00:00
[2026-07-15T16:39:30.307+0200] {processor.py:179} INFO - Processing /home/ai/.local/lib/python3.9/site-packages/airflow/example_dags/example_branch_day_of_week_operator.py took 2.348 seconds
[2026-07-15T16:41:29.446+0200] {processor.py:157} INFO - Started process (PID=3433301) to work on /home/ai/.local/lib/python3.9/site-packages/airflow/example_dags/example_branch_day_of_week_operator.py
[2026-07-15T16:41:29.448+0200] {processor.py:829} INFO - Processing file /home/ai/.local/lib/python3.9/site-packages/airflow/example_dags/example_branch_day_of_week_operator.py for tasks to queue
[2026-07-15T16:41:29.449+0200] {logging_mixin.py:151} INFO - [2026-07-15T16:41:29.449+0200] {dagbag.py:536} INFO - Filling up the DagBag from /home/ai/.local/lib/python3.9/site-packages/airflow/example_dags/example_branch_day_of_week_operator.py
[2026-07-15T16:41:29.459+0200] {processor.py:839} INFO - DAG(s) dict_keys(['example_weekday_branch_operator']) retrieved from /home/ai/.local/lib/python3.9/site-packages/airflow/example_dags/example_branch_day_of_week_operator.py
[2026-07-15T16:41:29.476+0200] {logging_mixin.py:151} INFO - [2026-07-15T16:41:29.476+0200] {dag.py:2941} INFO - Sync 1 DAGs
[2026-07-15T16:41:29.497+0200] {logging_mixin.py:151} INFO - [2026-07-15T16:41:29.496+0200] {dag.py:3722} INFO - Setting next_dagrun for example_weekday_branch_operator to 2026-07-14T00:00:00+00:00, run_after=2026-07-15T00:00:00+00:00
[2026-07-15T16:41:30.589+0200] {processor.py:179} INFO - Processing /home/ai/.local/lib/python3.9/site-packages/airflow/example_dags/example_branch_day_of_week_operator.py took 1.146 seconds
[2026-07-15T16:43:11.633+0200] {processor.py:157} INFO - Started process (PID=3435099) to work on /home/ai/.local/lib/python3.9/site-packages/airflow/example_dags/example_branch_day_of_week_operator.py
[2026-07-15T16:43:11.634+0200] {processor.py:829} INFO - Processing file /home/ai/.local/lib/python3.9/site-packages/airflow/example_dags/example_branch_day_of_week_operator.py for tasks to queue
[2026-07-15T16:43:11.635+0200] {logging_mixin.py:151} INFO - [2026-07-15T16:43:11.635+0200] {dagbag.py:536} INFO - Filling up the DagBag from /home/ai/.local/lib/python3.9/site-packages/airflow/example_dags/example_branch_day_of_week_operator.py
[2026-07-15T16:43:11.644+0200] {processor.py:839} INFO - DAG(s) dict_keys(['example_weekday_branch_operator']) retrieved from /home/ai/.local/lib/python3.9/site-packages/airflow/example_dags/example_branch_day_of_week_operator.py
[2026-07-15T16:43:11.660+0200] {logging_mixin.py:151} INFO - [2026-07-15T16:43:11.660+0200] {dag.py:2941} INFO - Sync 1 DAGs
[2026-07-15T16:43:11.678+0200] {logging_mixin.py:151} INFO - [2026-07-15T16:43:11.678+0200] {dag.py:3722} INFO - Setting next_dagrun for example_weekday_branch_operator to 2026-07-14T00:00:00+00:00, run_after=2026-07-15T00:00:00+00:00
[2026-07-15T16:43:12.637+0200] {processor.py:179} INFO - Processing /home/ai/.local/lib/python3.9/site-packages/airflow/example_dags/example_branch_day_of_week_operator.py took 1.009 seconds
[2026-07-15T16:44:39.801+0200] {processor.py:157} INFO - Started process (PID=3436649) to work on /home/ai/.local/lib/python3.9/site-packages/airflow/example_dags/example_branch_day_of_week_operator.py
[2026-07-15T16:44:39.802+0200] {processor.py:829} INFO - Processing file /home/ai/.local/lib/python3.9/site-packages/airflow/example_dags/example_branch_day_of_week_operator.py for tasks to queue
[2026-07-15T16:44:39.803+0200] {logging_mixin.py:151} INFO - [2026-07-15T16:44:39.803+0200] {dagbag.py:536} INFO - Filling up the DagBag from /home/ai/.local/lib/python3.9/site-packages/airflow/example_dags/example_branch_day_of_week_operator.py
[2026-07-15T16:44:39.812+0200] {processor.py:839} INFO - DAG(s) dict_keys(['example_weekday_branch_operator']) retrieved from /home/ai/.local/lib/python3.9/site-packages/airflow/example_dags/example_branch_day_of_week_operator.py
[2026-07-15T16:44:39.828+0200] {logging_mixin.py:151} INFO - [2026-07-15T16:44:39.828+0200] {dag.py:2941} INFO - Sync 1 DAGs
[2026-07-15T16:44:39.847+0200] {logging_mixin.py:151} INFO - [2026-07-15T16:44:39.847+0200] {dag.py:3722} INFO - Setting next_dagrun for example_weekday_branch_operator to 2026-07-14T00:00:00+00:00, run_after=2026-07-15T00:00:00+00:00
[2026-07-15T16:44:40.088+0200] {processor.py:179} INFO - Processing /home/ai/.local/lib/python3.9/site-packages/airflow/example_dags/example_branch_day_of_week_operator.py took 0.291 seconds
[2026-07-15T16:46:45.944+0200] {processor.py:157} INFO - Started process (PID=3438834) to work on /home/ai/.local/lib/python3.9/site-packages/airflow/example_dags/example_branch_day_of_week_operator.py
[2026-07-15T16:46:45.946+0200] {processor.py:829} INFO - Processing file /home/ai/.local/lib/python3.9/site-packages/airflow/example_dags/example_branch_day_of_week_operator.py for tasks to queue
[2026-07-15T16:46:45.946+0200] {logging_mixin.py:151} INFO - [2026-07-15T16:46:45.946+0200] {dagbag.py:536} INFO - Filling up the DagBag from /home/ai/.local/lib/python3.9/site-packages/airflow/example_dags/example_branch_day_of_week_operator.py
[2026-07-15T16:46:45.955+0200] {processor.py:839} INFO - DAG(s) dict_keys(['example_weekday_branch_operator']) retrieved from /home/ai/.local/lib/python3.9/site-packages/airflow/example_dags/example_branch_day_of_week_operator.py
[2026-07-15T16:46:45.972+0200] {logging_mixin.py:151} INFO - [2026-07-15T16:46:45.972+0200] {dag.py:2941} INFO - Sync 1 DAGs
[2026-07-15T16:46:45.991+0200] {logging_mixin.py:151} INFO - [2026-07-15T16:46:45.991+0200] {dag.py:3722} INFO - Setting next_dagrun for example_weekday_branch_operator to 2026-07-14T00:00:00+00:00, run_after=2026-07-15T00:00:00+00:00
[2026-07-15T16:46:46.636+0200] {processor.py:179} INFO - Processing /home/ai/.local/lib/python3.9/site-packages/airflow/example_dags/example_branch_day_of_week_operator.py took 0.696 seconds
[2026-07-15T16:48:39.568+0200] {processor.py:157} INFO - Started process (PID=3440839) to work on /home/ai/.local/lib/python3.9/site-packages/airflow/example_dags/example_branch_day_of_week_operator.py
[2026-07-15T16:48:39.570+0200] {processor.py:829} INFO - Processing file /home/ai/.local/lib/python3.9/site-packages/airflow/example_dags/example_branch_day_of_week_operator.py for tasks to queue
[2026-07-15T16:48:39.571+0200] {logging_mixin.py:151} INFO - [2026-07-15T16:48:39.571+0200] {dagbag.py:536} INFO - Filling up the DagBag from /home/ai/.local/lib/python3.9/site-packages/airflow/example_dags/example_branch_day_of_week_operator.py
[2026-07-15T16:48:39.580+0200] {processor.py:839} INFO - DAG(s) dict_keys(['example_weekday_branch_operator']) retrieved from /home/ai/.local/lib/python3.9/site-packages/airflow/example_dags/example_branch_day_of_week_operator.py
[2026-07-15T16:48:39.598+0200] {logging_mixin.py:151} INFO - [2026-07-15T16:48:39.597+0200] {dag.py:2941} INFO - Sync 1 DAGs
[2026-07-15T16:48:39.617+0200] {logging_mixin.py:151} INFO - [2026-07-15T16:48:39.617+0200] {dag.py:3722} INFO - Setting next_dagrun for example_weekday_branch_operator to 2026-07-14T00:00:00+00:00, run_after=2026-07-15T00:00:00+00:00
[2026-07-15T16:48:40.674+0200] {processor.py:179} INFO - Processing /home/ai/.local/lib/python3.9/site-packages/airflow/example_dags/example_branch_day_of_week_operator.py took 1.111 seconds
[2026-07-15T16:50:30.905+0200] {processor.py:157} INFO - Started process (PID=3442695) to work on /home/ai/.local/lib/python3.9/site-packages/airflow/example_dags/example_branch_day_of_week_operator.py
[2026-07-15T16:50:30.918+0200] {processor.py:829} INFO - Processing file /home/ai/.local/lib/python3.9/site-packages/airflow/example_dags/example_branch_day_of_week_operator.py for tasks to queue
[2026-07-15T16:50:30.920+0200] {logging_mixin.py:151} INFO - [2026-07-15T16:50:30.919+0200] {dagbag.py:536} INFO - Filling up the DagBag from /home/ai/.local/lib/python3.9/site-packages/airflow/example_dags/example_branch_day_of_week_operator.py
[2026-07-15T16:50:30.933+0200] {processor.py:839} INFO - DAG(s) dict_keys(['example_weekday_branch_operator']) retrieved from /home/ai/.local/lib/python3.9/site-packages/airflow/example_dags/example_branch_day_of_week_operator.py
[2026-07-15T16:50:30.949+0200] {logging_mixin.py:151} INFO - [2026-07-15T16:50:30.949+0200] {dag.py:2941} INFO - Sync 1 DAGs
[2026-07-15T16:50:30.969+0200] {logging_mixin.py:151} INFO - [2026-07-15T16:50:30.969+0200] {dag.py:3722} INFO - Setting next_dagrun for example_weekday_branch_operator to 2026-07-14T00:00:00+00:00, run_after=2026-07-15T00:00:00+00:00
[2026-07-15T16:50:31.739+0200] {processor.py:179} INFO - Processing /home/ai/.local/lib/python3.9/site-packages/airflow/example_dags/example_branch_day_of_week_operator.py took 0.839 seconds
[2026-07-15T16:52:34.768+0200] {processor.py:157} INFO - Started process (PID=3444755) to work on /home/ai/.local/lib/python3.9/site-packages/airflow/example_dags/example_branch_day_of_week_operator.py
[2026-07-15T16:52:34.770+0200] {processor.py:829} INFO - Processing file /home/ai/.local/lib/python3.9/site-packages/airflow/example_dags/example_branch_day_of_week_operator.py for tasks to queue
[2026-07-15T16:52:34.772+0200] {logging_mixin.py:151} INFO - [2026-07-15T16:52:34.771+0200] {dagbag.py:536} INFO - Filling up the DagBag from /home/ai/.local/lib/python3.9/site-packages/airflow/example_dags/example_branch_day_of_week_operator.py
[2026-07-15T16:52:34.783+0200] {processor.py:839} INFO - DAG(s) dict_keys(['example_weekday_branch_operator']) retrieved from /home/ai/.local/lib/python3.9/site-packages/airflow/example_dags/example_branch_day_of_week_operator.py
[2026-07-15T16:52:34.798+0200] {logging_mixin.py:151} INFO - [2026-07-15T16:52:34.798+0200] {dag.py:2941} INFO - Sync 1 DAGs
[2026-07-15T16:52:34.817+0200] {logging_mixin.py:151} INFO - [2026-07-15T16:52:34.817+0200] {dag.py:3722} INFO - Setting next_dagrun for example_weekday_branch_operator to 2026-07-14T00:00:00+00:00, run_after=2026-07-15T00:00:00+00:00
[2026-07-15T16:52:34.886+0200] {processor.py:179} INFO - Processing /home/ai/.local/lib/python3.9/site-packages/airflow/example_dags/example_branch_day_of_week_operator.py took 0.127 seconds
[2026-07-15T16:54:52.850+0200] {processor.py:157} INFO - Started process (PID=3447118) to work on /home/ai/.local/lib/python3.9/site-packages/airflow/example_dags/example_branch_day_of_week_operator.py
[2026-07-15T16:54:52.851+0200] {processor.py:829} INFO - Processing file /home/ai/.local/lib/python3.9/site-packages/airflow/example_dags/example_branch_day_of_week_operator.py for tasks to queue
[2026-07-15T16:54:52.852+0200] {logging_mixin.py:151} INFO - [2026-07-15T16:54:52.852+0200] {dagbag.py:536} INFO - Filling up the DagBag from /home/ai/.local/lib/python3.9/site-packages/airflow/example_dags/example_branch_day_of_week_operator.py
[2026-07-15T16:54:52.861+0200] {processor.py:839} INFO - DAG(s) dict_keys(['example_weekday_branch_operator']) retrieved from /home/ai/.local/lib/python3.9/site-packages/airflow/example_dags/example_branch_day_of_week_operator.py
[2026-07-15T16:54:52.880+0200] {logging_mixin.py:151} INFO - [2026-07-15T16:54:52.880+0200] {dag.py:2941} INFO - Sync 1 DAGs
[2026-07-15T16:54:52.901+0200] {logging_mixin.py:151} INFO - [2026-07-15T16:54:52.901+0200] {dag.py:3722} INFO - Setting next_dagrun for example_weekday_branch_operator to 2026-07-14T00:00:00+00:00, run_after=2026-07-15T00:00:00+00:00
[2026-07-15T16:54:52.922+0200] {processor.py:179} INFO - Processing /home/ai/.local/lib/python3.9/site-packages/airflow/example_dags/example_branch_day_of_week_operator.py took 0.079 seconds
[2026-07-15T16:56:58.858+0200] {processor.py:157} INFO - Started process (PID=3449258) to work on /home/ai/.local/lib/python3.9/site-packages/airflow/example_dags/example_branch_day_of_week_operator.py
[2026-07-15T16:56:58.860+0200] {processor.py:829} INFO - Processing file /home/ai/.local/lib/python3.9/site-packages/airflow/example_dags/example_branch_day_of_week_operator.py for tasks to queue
[2026-07-15T16:56:58.860+0200] {logging_mixin.py:151} INFO - [2026-07-15T16:56:58.860+0200] {dagbag.py:536} INFO - Filling up the DagBag from /home/ai/.local/lib/python3.9/site-packages/airflow/example_dags/example_branch_day_of_week_operator.py
[2026-07-15T16:56:58.869+0200] {processor.py:839} INFO - DAG(s) dict_keys(['example_weekday_branch_operator']) retrieved from /home/ai/.local/lib/python3.9/site-packages/airflow/example_dags/example_branch_day_of_week_operator.py
[2026-07-15T16:56:58.886+0200] {logging_mixin.py:151} INFO - [2026-07-15T16:56:58.886+0200] {dag.py:2941} INFO - Sync 1 DAGs
[2026-07-15T16:56:58.907+0200] {logging_mixin.py:151} INFO - [2026-07-15T16:56:58.906+0200] {dag.py:3722} INFO - Setting next_dagrun for example_weekday_branch_operator to 2026-07-14T00:00:00+00:00, run_after=2026-07-15T00:00:00+00:00
[2026-07-15T16:56:59.127+0200] {processor.py:179} INFO - Processing /home/ai/.local/lib/python3.9/site-packages/airflow/example_dags/example_branch_day_of_week_operator.py took 0.276 seconds
[2026-07-15T17:00:00.398+0200] {processor.py:157} INFO - Started process (PID=3452431) to work on /home/ai/.local/lib/python3.9/site-packages/airflow/example_dags/example_branch_day_of_week_operator.py
[2026-07-15T17:00:00.399+0200] {processor.py:829} INFO - Processing file /home/ai/.local/lib/python3.9/site-packages/airflow/example_dags/example_branch_day_of_week_operator.py for tasks to queue
[2026-07-15T17:00:00.400+0200] {logging_mixin.py:151} INFO - [2026-07-15T17:00:00.400+0200] {dagbag.py:536} INFO - Filling up the DagBag from /home/ai/.local/lib/python3.9/site-packages/airflow/example_dags/example_branch_day_of_week_operator.py
[2026-07-15T17:00:00.407+0200] {processor.py:839} INFO - DAG(s) dict_keys(['example_weekday_branch_operator']) retrieved from /home/ai/.local/lib/python3.9/site-packages/airflow/example_dags/example_branch_day_of_week_operator.py
[2026-07-15T17:00:00.424+0200] {logging_mixin.py:151} INFO - [2026-07-15T17:00:00.424+0200] {dag.py:2941} INFO - Sync 1 DAGs
[2026-07-15T17:00:00.443+0200] {logging_mixin.py:151} INFO - [2026-07-15T17:00:00.443+0200] {dag.py:3722} INFO - Setting next_dagrun for example_weekday_branch_operator to 2026-07-14T00:00:00+00:00, run_after=2026-07-15T00:00:00+00:00
[2026-07-15T17:00:03.165+0200] {processor.py:179} INFO - Processing /home/ai/.local/lib/python3.9/site-packages/airflow/example_dags/example_branch_day_of_week_operator.py took 2.774 seconds
[2026-07-15T17:03:33.414+0200] {processor.py:157} INFO - Started process (PID=3456220) to work on /home/ai/.local/lib/python3.9/site-packages/airflow/example_dags/example_branch_day_of_week_operator.py
[2026-07-15T17:03:33.415+0200] {processor.py:829} INFO - Processing file /home/ai/.local/lib/python3.9/site-packages/airflow/example_dags/example_branch_day_of_week_operator.py for tasks to queue
[2026-07-15T17:03:33.416+0200] {logging_mixin.py:151} INFO - [2026-07-15T17:03:33.415+0200] {dagbag.py:536} INFO - Filling up the DagBag from /home/ai/.local/lib/python3.9/site-packages/airflow/example_dags/example_branch_day_of_week_operator.py
[2026-07-15T17:03:33.424+0200] {processor.py:839} INFO - DAG(s) dict_keys(['example_weekday_branch_operator']) retrieved from /home/ai/.local/lib/python3.9/site-packages/airflow/example_dags/example_branch_day_of_week_operator.py
[2026-07-15T17:03:33.441+0200] {logging_mixin.py:151} INFO - [2026-07-15T17:03:33.441+0200] {dag.py:2941} INFO - Sync 1 DAGs
[2026-07-15T17:03:33.460+0200] {logging_mixin.py:151} INFO - [2026-07-15T17:03:33.460+0200] {dag.py:3722} INFO - Setting next_dagrun for example_weekday_branch_operator to 2026-07-14T00:00:00+00:00, run_after=2026-07-15T00:00:00+00:00
[2026-07-15T17:03:34.094+0200] {processor.py:179} INFO - Processing /home/ai/.local/lib/python3.9/site-packages/airflow/example_dags/example_branch_day_of_week_operator.py took 0.687 seconds
[2026-07-15T17:05:49.747+0200] {processor.py:157} INFO - Started process (PID=3458498) to work on /home/ai/.local/lib/python3.9/site-packages/airflow/example_dags/example_branch_day_of_week_operator.py
[2026-07-15T17:05:51.177+0200] {processor.py:829} INFO - Processing file /home/ai/.local/lib/python3.9/site-packages/airflow/example_dags/example_branch_day_of_week_operator.py for tasks to queue
[2026-07-15T17:05:51.180+0200] {logging_mixin.py:151} INFO - [2026-07-15T17:05:51.178+0200] {dagbag.py:536} INFO - Filling up the DagBag from /home/ai/.local/lib/python3.9/site-packages/airflow/example_dags/example_branch_day_of_week_operator.py
[2026-07-15T17:05:51.192+0200] {processor.py:839} INFO - DAG(s) dict_keys(['example_weekday_branch_operator']) retrieved from /home/ai/.local/lib/python3.9/site-packages/airflow/example_dags/example_branch_day_of_week_operator.py
[2026-07-15T17:05:51.215+0200] {logging_mixin.py:151} INFO - [2026-07-15T17:05:51.214+0200] {dag.py:2941} INFO - Sync 1 DAGs
[2026-07-15T17:05:51.236+0200] {logging_mixin.py:151} INFO - [2026-07-15T17:05:51.236+0200] {dag.py:3722} INFO - Setting next_dagrun for example_weekday_branch_operator to 2026-07-14T00:00:00+00:00, run_after=2026-07-15T00:00:00+00:00
[2026-07-15T17:05:51.306+0200] {processor.py:179} INFO - Processing /home/ai/.local/lib/python3.9/site-packages/airflow/example_dags/example_branch_day_of_week_operator.py took 1.569 seconds
[2026-07-15T17:08:13.392+0200] {processor.py:157} INFO - Started process (PID=3460898) to work on /home/ai/.local/lib/python3.9/site-packages/airflow/example_dags/example_branch_day_of_week_operator.py
[2026-07-15T17:08:13.523+0200] {processor.py:829} INFO - Processing file /home/ai/.local/lib/python3.9/site-packages/airflow/example_dags/example_branch_day_of_week_operator.py for tasks to queue
[2026-07-15T17:08:13.526+0200] {logging_mixin.py:151} INFO - [2026-07-15T17:08:13.525+0200] {dagbag.py:536} INFO - Filling up the DagBag from /home/ai/.local/lib/python3.9/site-packages/airflow/example_dags/example_branch_day_of_week_operator.py
[2026-07-15T17:08:13.538+0200] {processor.py:839} INFO - DAG(s) dict_keys(['example_weekday_branch_operator']) retrieved from /home/ai/.local/lib/python3.9/site-packages/airflow/example_dags/example_branch_day_of_week_operator.py
[2026-07-15T17:08:13.556+0200] {logging_mixin.py:151} INFO - [2026-07-15T17:08:13.556+0200] {dag.py:2941} INFO - Sync 1 DAGs
[2026-07-15T17:08:13.575+0200] {logging_mixin.py:151} INFO - [2026-07-15T17:08:13.575+0200] {dag.py:3722} INFO - Setting next_dagrun for example_weekday_branch_operator to 2026-07-14T00:00:00+00:00, run_after=2026-07-15T00:00:00+00:00
[2026-07-15T17:08:14.699+0200] {processor.py:179} INFO - Processing /home/ai/.local/lib/python3.9/site-packages/airflow/example_dags/example_branch_day_of_week_operator.py took 1.313 seconds
[2026-07-15T17:11:34.661+0200] {processor.py:157} INFO - Started process (PID=3464272) to work on /home/ai/.local/lib/python3.9/site-packages/airflow/example_dags/example_branch_day_of_week_operator.py
[2026-07-15T17:11:35.728+0200] {processor.py:829} INFO - Processing file /home/ai/.local/lib/python3.9/site-packages/airflow/example_dags/example_branch_day_of_week_operator.py for tasks to queue
[2026-07-15T17:11:35.730+0200] {logging_mixin.py:151} INFO - [2026-07-15T17:11:35.729+0200] {dagbag.py:536} INFO - Filling up the DagBag from /home/ai/.local/lib/python3.9/site-packages/airflow/example_dags/example_branch_day_of_week_operator.py
[2026-07-15T17:11:35.738+0200] {processor.py:839} INFO - DAG(s) dict_keys(['example_weekday_branch_operator']) retrieved from /home/ai/.local/lib/python3.9/site-packages/airflow/example_dags/example_branch_day_of_week_operator.py
[2026-07-15T17:11:35.769+0200] {logging_mixin.py:151} INFO - [2026-07-15T17:11:35.769+0200] {dag.py:2941} INFO - Sync 1 DAGs
[2026-07-15T17:11:35.791+0200] {logging_mixin.py:151} INFO - [2026-07-15T17:11:35.791+0200] {dag.py:3722} INFO - Setting next_dagrun for example_weekday_branch_operator to 2026-07-14T00:00:00+00:00, run_after=2026-07-15T00:00:00+00:00
[2026-07-15T17:11:36.446+0200] {processor.py:179} INFO - Processing /home/ai/.local/lib/python3.9/site-packages/airflow/example_dags/example_branch_day_of_week_operator.py took 1.789 seconds
[2026-07-15T17:14:30.439+0200] {processor.py:157} INFO - Started process (PID=3467445) to work on /home/ai/.local/lib/python3.9/site-packages/airflow/example_dags/example_branch_day_of_week_operator.py
[2026-07-15T17:14:30.440+0200] {processor.py:829} INFO - Processing file /home/ai/.local/lib/python3.9/site-packages/airflow/example_dags/example_branch_day_of_week_operator.py for tasks to queue
[2026-07-15T17:14:30.441+0200] {logging_mixin.py:151} INFO - [2026-07-15T17:14:30.441+0200] {dagbag.py:536} INFO - Filling up the DagBag from /home/ai/.local/lib/python3.9/site-packages/airflow/example_dags/example_branch_day_of_week_operator.py
[2026-07-15T17:14:30.450+0200] {processor.py:839} INFO - DAG(s) dict_keys(['example_weekday_branch_operator']) retrieved from /home/ai/.local/lib/python3.9/site-packages/airflow/example_dags/example_branch_day_of_week_operator.py
[2026-07-15T17:14:30.467+0200] {logging_mixin.py:151} INFO - [2026-07-15T17:14:30.467+0200] {dag.py:2941} INFO - Sync 1 DAGs
[2026-07-15T17:14:30.485+0200] {logging_mixin.py:151} INFO - [2026-07-15T17:14:30.485+0200] {dag.py:3722} INFO - Setting next_dagrun for example_weekday_branch_operator to 2026-07-14T00:00:00+00:00, run_after=2026-07-15T00:00:00+00:00
[2026-07-15T17:14:30.502+0200] {processor.py:179} INFO - Processing /home/ai/.local/lib/python3.9/site-packages/airflow/example_dags/example_branch_day_of_week_operator.py took 0.070 seconds
[2026-07-15T17:16:30.779+0200] {processor.py:157} INFO - Started process (PID=3469915) to work on /home/ai/.local/lib/python3.9/site-packages/airflow/example_dags/example_branch_day_of_week_operator.py
[2026-07-15T17:16:30.781+0200] {processor.py:829} INFO - Processing file /home/ai/.local/lib/python3.9/site-packages/airflow/example_dags/example_branch_day_of_week_operator.py for tasks to queue
[2026-07-15T17:16:30.782+0200] {logging_mixin.py:151} INFO - [2026-07-15T17:16:30.781+0200] {dagbag.py:536} INFO - Filling up the DagBag from /home/ai/.local/lib/python3.9/site-packages/airflow/example_dags/example_branch_day_of_week_operator.py
[2026-07-15T17:16:30.790+0200] {processor.py:839} INFO - DAG(s) dict_keys(['example_weekday_branch_operator']) retrieved from /home/ai/.local/lib/python3.9/site-packages/airflow/example_dags/example_branch_day_of_week_operator.py
[2026-07-15T17:16:30.806+0200] {logging_mixin.py:151} INFO - [2026-07-15T17:16:30.806+0200] {dag.py:2941} INFO - Sync 1 DAGs
[2026-07-15T17:16:30.828+0200] {logging_mixin.py:151} INFO - [2026-07-15T17:16:30.827+0200] {dag.py:3722} INFO - Setting next_dagrun for example_weekday_branch_operator to 2026-07-14T00:00:00+00:00, run_after=2026-07-15T00:00:00+00:00
[2026-07-15T17:16:30.847+0200] {processor.py:179} INFO - Processing /home/ai/.local/lib/python3.9/site-packages/airflow/example_dags/example_branch_day_of_week_operator.py took 0.072 seconds
[2026-07-15T17:18:21.641+0200] {processor.py:157} INFO - Started process (PID=3472355) to work on /home/ai/.local/lib/python3.9/site-packages/airflow/example_dags/example_branch_day_of_week_operator.py
[2026-07-15T17:18:21.643+0200] {processor.py:829} INFO - Processing file /home/ai/.local/lib/python3.9/site-packages/airflow/example_dags/example_branch_day_of_week_operator.py for tasks to queue
[2026-07-15T17:18:21.644+0200] {logging_mixin.py:151} INFO - [2026-07-15T17:18:21.643+0200] {dagbag.py:536} INFO - Filling up the DagBag from /home/ai/.local/lib/python3.9/site-packages/airflow/example_dags/example_branch_day_of_week_operator.py
[2026-07-15T17:18:21.652+0200] {processor.py:839} INFO - DAG(s) dict_keys(['example_weekday_branch_operator']) retrieved from /home/ai/.local/lib/python3.9/site-packages/airflow/example_dags/example_branch_day_of_week_operator.py
[2026-07-15T17:18:21.668+0200] {logging_mixin.py:151} INFO - [2026-07-15T17:18:21.668+0200] {dag.py:2941} INFO - Sync 1 DAGs
[2026-07-15T17:18:21.686+0200] {logging_mixin.py:151} INFO - [2026-07-15T17:18:21.686+0200] {dag.py:3722} INFO - Setting next_dagrun for example_weekday_branch_operator to 2026-07-14T00:00:00+00:00, run_after=2026-07-15T00:00:00+00:00
[2026-07-15T17:18:21.712+0200] {processor.py:179} INFO - Processing /home/ai/.local/lib/python3.9/site-packages/airflow/example_dags/example_branch_day_of_week_operator.py took 0.075 seconds
