[2026-07-15T16:15:21.243+0200] {processor.py:157} INFO - Started process (PID=3405849) to work on /home/ai/.local/lib/python3.9/site-packages/airflow/example_dags/example_trigger_controller_dag.py
[2026-07-15T16:15:21.243+0200] {processor.py:829} INFO - Processing file /home/ai/.local/lib/python3.9/site-packages/airflow/example_dags/example_trigger_controller_dag.py for tasks to queue
[2026-07-15T16:15:21.244+0200] {logging_mixin.py:151} INFO - [2026-07-15T16:15:21.244+0200] {dagbag.py:536} INFO - Filling up the DagBag from /home/ai/.local/lib/python3.9/site-packages/airflow/example_dags/example_trigger_controller_dag.py
[2026-07-15T16:15:21.248+0200] {processor.py:839} INFO - DAG(s) dict_keys(['example_trigger_controller_dag']) retrieved from /home/ai/.local/lib/python3.9/site-packages/airflow/example_dags/example_trigger_controller_dag.py
[2026-07-15T16:15:21.265+0200] {logging_mixin.py:151} INFO - [2026-07-15T16:15:21.265+0200] {dag.py:2941} INFO - Sync 1 DAGs
[2026-07-15T16:15:21.282+0200] {logging_mixin.py:151} INFO - [2026-07-15T16:15:21.281+0200] {dag.py:3722} INFO - Setting next_dagrun for example_trigger_controller_dag to 2021-01-01T00:00:00+00:00, run_after=2021-01-01T00:00:00+00:00
[2026-07-15T16:15:22.320+0200] {processor.py:179} INFO - Processing /home/ai/.local/lib/python3.9/site-packages/airflow/example_dags/example_trigger_controller_dag.py took 1.085 seconds
[2026-07-15T16:16:43.797+0200] {processor.py:157} INFO - Started process (PID=3407075) to work on /home/ai/.local/lib/python3.9/site-packages/airflow/example_dags/example_trigger_controller_dag.py
[2026-07-15T16:16:43.799+0200] {processor.py:829} INFO - Processing file /home/ai/.local/lib/python3.9/site-packages/airflow/example_dags/example_trigger_controller_dag.py for tasks to queue
[2026-07-15T16:16:43.800+0200] {logging_mixin.py:151} INFO - [2026-07-15T16:16:43.799+0200] {dagbag.py:536} INFO - Filling up the DagBag from /home/ai/.local/lib/python3.9/site-packages/airflow/example_dags/example_trigger_controller_dag.py
[2026-07-15T16:16:43.804+0200] {processor.py:839} INFO - DAG(s) dict_keys(['example_trigger_controller_dag']) retrieved from /home/ai/.local/lib/python3.9/site-packages/airflow/example_dags/example_trigger_controller_dag.py
[2026-07-15T16:16:43.819+0200] {logging_mixin.py:151} INFO - [2026-07-15T16:16:43.819+0200] {dag.py:2941} INFO - Sync 1 DAGs
[2026-07-15T16:16:43.836+0200] {logging_mixin.py:151} INFO - [2026-07-15T16:16:43.836+0200] {dag.py:3722} INFO - Setting next_dagrun for example_trigger_controller_dag to 2021-01-01T00:00:00+00:00, run_after=2021-01-01T00:00:00+00:00
[2026-07-15T16:16:43.855+0200] {processor.py:179} INFO - Processing /home/ai/.local/lib/python3.9/site-packages/airflow/example_dags/example_trigger_controller_dag.py took 0.061 seconds
[2026-07-15T16:18:12.273+0200] {processor.py:157} INFO - Started process (PID=3408691) to work on /home/ai/.local/lib/python3.9/site-packages/airflow/example_dags/example_trigger_controller_dag.py
[2026-07-15T16:18:12.275+0200] {processor.py:829} INFO - Processing file /home/ai/.local/lib/python3.9/site-packages/airflow/example_dags/example_trigger_controller_dag.py for tasks to queue
[2026-07-15T16:18:12.276+0200] {logging_mixin.py:151} INFO - [2026-07-15T16:18:12.275+0200] {dagbag.py:536} INFO - Filling up the DagBag from /home/ai/.local/lib/python3.9/site-packages/airflow/example_dags/example_trigger_controller_dag.py
[2026-07-15T16:18:12.281+0200] {processor.py:839} INFO - DAG(s) dict_keys(['example_trigger_controller_dag']) retrieved from /home/ai/.local/lib/python3.9/site-packages/airflow/example_dags/example_trigger_controller_dag.py
[2026-07-15T16:18:12.305+0200] {logging_mixin.py:151} INFO - [2026-07-15T16:18:12.305+0200] {dag.py:2941} INFO - Sync 1 DAGs
[2026-07-15T16:18:12.322+0200] {logging_mixin.py:151} INFO - [2026-07-15T16:18:12.322+0200] {dag.py:3722} INFO - Setting next_dagrun for example_trigger_controller_dag to 2021-01-01T00:00:00+00:00, run_after=2021-01-01T00:00:00+00:00
[2026-07-15T16:18:12.340+0200] {processor.py:179} INFO - Processing /home/ai/.local/lib/python3.9/site-packages/airflow/example_dags/example_trigger_controller_dag.py took 0.072 seconds
[2026-07-15T16:19:45.484+0200] {processor.py:157} INFO - Started process (PID=3410299) to work on /home/ai/.local/lib/python3.9/site-packages/airflow/example_dags/example_trigger_controller_dag.py
[2026-07-15T16:19:45.486+0200] {processor.py:829} INFO - Processing file /home/ai/.local/lib/python3.9/site-packages/airflow/example_dags/example_trigger_controller_dag.py for tasks to queue
[2026-07-15T16:19:45.487+0200] {logging_mixin.py:151} INFO - [2026-07-15T16:19:45.486+0200] {dagbag.py:536} INFO - Filling up the DagBag from /home/ai/.local/lib/python3.9/site-packages/airflow/example_dags/example_trigger_controller_dag.py
[2026-07-15T16:19:45.492+0200] {processor.py:839} INFO - DAG(s) dict_keys(['example_trigger_controller_dag']) retrieved from /home/ai/.local/lib/python3.9/site-packages/airflow/example_dags/example_trigger_controller_dag.py
[2026-07-15T16:19:45.507+0200] {logging_mixin.py:151} INFO - [2026-07-15T16:19:45.507+0200] {dag.py:2941} INFO - Sync 1 DAGs
[2026-07-15T16:19:45.524+0200] {logging_mixin.py:151} INFO - [2026-07-15T16:19:45.524+0200] {dag.py:3722} INFO - Setting next_dagrun for example_trigger_controller_dag to 2021-01-01T00:00:00+00:00, run_after=2021-01-01T00:00:00+00:00
[2026-07-15T16:19:46.178+0200] {processor.py:179} INFO - Processing /home/ai/.local/lib/python3.9/site-packages/airflow/example_dags/example_trigger_controller_dag.py took 0.700 seconds
[2026-07-15T16:21:20.575+0200] {processor.py:157} INFO - Started process (PID=3411930) to work on /home/ai/.local/lib/python3.9/site-packages/airflow/example_dags/example_trigger_controller_dag.py
[2026-07-15T16:21:20.577+0200] {processor.py:829} INFO - Processing file /home/ai/.local/lib/python3.9/site-packages/airflow/example_dags/example_trigger_controller_dag.py for tasks to queue
[2026-07-15T16:21:20.578+0200] {logging_mixin.py:151} INFO - [2026-07-15T16:21:20.577+0200] {dagbag.py:536} INFO - Filling up the DagBag from /home/ai/.local/lib/python3.9/site-packages/airflow/example_dags/example_trigger_controller_dag.py
[2026-07-15T16:21:20.583+0200] {processor.py:839} INFO - DAG(s) dict_keys(['example_trigger_controller_dag']) retrieved from /home/ai/.local/lib/python3.9/site-packages/airflow/example_dags/example_trigger_controller_dag.py
[2026-07-15T16:21:20.599+0200] {logging_mixin.py:151} INFO - [2026-07-15T16:21:20.598+0200] {dag.py:2941} INFO - Sync 1 DAGs
[2026-07-15T16:21:20.617+0200] {logging_mixin.py:151} INFO - [2026-07-15T16:21:20.616+0200] {dag.py:3722} INFO - Setting next_dagrun for example_trigger_controller_dag to 2021-01-01T00:00:00+00:00, run_after=2021-01-01T00:00:00+00:00
[2026-07-15T16:21:23.658+0200] {processor.py:179} INFO - Processing /home/ai/.local/lib/python3.9/site-packages/airflow/example_dags/example_trigger_controller_dag.py took 3.088 seconds
[2026-07-15T16:22:50.551+0200] {processor.py:157} INFO - Started process (PID=3413502) to work on /home/ai/.local/lib/python3.9/site-packages/airflow/example_dags/example_trigger_controller_dag.py
[2026-07-15T16:22:50.552+0200] {processor.py:829} INFO - Processing file /home/ai/.local/lib/python3.9/site-packages/airflow/example_dags/example_trigger_controller_dag.py for tasks to queue
[2026-07-15T16:22:50.553+0200] {logging_mixin.py:151} INFO - [2026-07-15T16:22:50.553+0200] {dagbag.py:536} INFO - Filling up the DagBag from /home/ai/.local/lib/python3.9/site-packages/airflow/example_dags/example_trigger_controller_dag.py
[2026-07-15T16:22:50.558+0200] {processor.py:839} INFO - DAG(s) dict_keys(['example_trigger_controller_dag']) retrieved from /home/ai/.local/lib/python3.9/site-packages/airflow/example_dags/example_trigger_controller_dag.py
[2026-07-15T16:22:50.574+0200] {logging_mixin.py:151} INFO - [2026-07-15T16:22:50.574+0200] {dag.py:2941} INFO - Sync 1 DAGs
[2026-07-15T16:22:50.594+0200] {logging_mixin.py:151} INFO - [2026-07-15T16:22:50.593+0200] {dag.py:3722} INFO - Setting next_dagrun for example_trigger_controller_dag to 2021-01-01T00:00:00+00:00, run_after=2021-01-01T00:00:00+00:00
[2026-07-15T16:22:50.768+0200] {processor.py:179} INFO - Processing /home/ai/.local/lib/python3.9/site-packages/airflow/example_dags/example_trigger_controller_dag.py took 0.223 seconds
[2026-07-15T16:24:12.888+0200] {processor.py:157} INFO - Started process (PID=3414898) to work on /home/ai/.local/lib/python3.9/site-packages/airflow/example_dags/example_trigger_controller_dag.py
[2026-07-15T16:24:12.890+0200] {processor.py:829} INFO - Processing file /home/ai/.local/lib/python3.9/site-packages/airflow/example_dags/example_trigger_controller_dag.py for tasks to queue
[2026-07-15T16:24:12.891+0200] {logging_mixin.py:151} INFO - [2026-07-15T16:24:12.890+0200] {dagbag.py:536} INFO - Filling up the DagBag from /home/ai/.local/lib/python3.9/site-packages/airflow/example_dags/example_trigger_controller_dag.py
[2026-07-15T16:24:12.896+0200] {processor.py:839} INFO - DAG(s) dict_keys(['example_trigger_controller_dag']) retrieved from /home/ai/.local/lib/python3.9/site-packages/airflow/example_dags/example_trigger_controller_dag.py
[2026-07-15T16:24:12.913+0200] {logging_mixin.py:151} INFO - [2026-07-15T16:24:12.912+0200] {dag.py:2941} INFO - Sync 1 DAGs
[2026-07-15T16:24:12.931+0200] {logging_mixin.py:151} INFO - [2026-07-15T16:24:12.931+0200] {dag.py:3722} INFO - Setting next_dagrun for example_trigger_controller_dag to 2021-01-01T00:00:00+00:00, run_after=2021-01-01T00:00:00+00:00
[2026-07-15T16:24:14.273+0200] {processor.py:179} INFO - Processing /home/ai/.local/lib/python3.9/site-packages/airflow/example_dags/example_trigger_controller_dag.py took 1.391 seconds
[2026-07-15T16:25:33.512+0200] {processor.py:157} INFO - Started process (PID=3416213) to work on /home/ai/.local/lib/python3.9/site-packages/airflow/example_dags/example_trigger_controller_dag.py
[2026-07-15T16:25:33.514+0200] {processor.py:829} INFO - Processing file /home/ai/.local/lib/python3.9/site-packages/airflow/example_dags/example_trigger_controller_dag.py for tasks to queue
[2026-07-15T16:25:33.515+0200] {logging_mixin.py:151} INFO - [2026-07-15T16:25:33.514+0200] {dagbag.py:536} INFO - Filling up the DagBag from /home/ai/.local/lib/python3.9/site-packages/airflow/example_dags/example_trigger_controller_dag.py
[2026-07-15T16:25:33.520+0200] {processor.py:839} INFO - DAG(s) dict_keys(['example_trigger_controller_dag']) retrieved from /home/ai/.local/lib/python3.9/site-packages/airflow/example_dags/example_trigger_controller_dag.py
[2026-07-15T16:25:33.536+0200] {logging_mixin.py:151} INFO - [2026-07-15T16:25:33.536+0200] {dag.py:2941} INFO - Sync 1 DAGs
[2026-07-15T16:25:33.554+0200] {logging_mixin.py:151} INFO - [2026-07-15T16:25:33.554+0200] {dag.py:3722} INFO - Setting next_dagrun for example_trigger_controller_dag to 2021-01-01T00:00:00+00:00, run_after=2021-01-01T00:00:00+00:00
[2026-07-15T16:25:33.656+0200] {processor.py:179} INFO - Processing /home/ai/.local/lib/python3.9/site-packages/airflow/example_dags/example_trigger_controller_dag.py took 0.149 seconds
[2026-07-15T16:27:24.714+0200] {processor.py:157} INFO - Started process (PID=3418199) to work on /home/ai/.local/lib/python3.9/site-packages/airflow/example_dags/example_trigger_controller_dag.py
[2026-07-15T16:27:24.716+0200] {processor.py:829} INFO - Processing file /home/ai/.local/lib/python3.9/site-packages/airflow/example_dags/example_trigger_controller_dag.py for tasks to queue
[2026-07-15T16:27:24.718+0200] {logging_mixin.py:151} INFO - [2026-07-15T16:27:24.717+0200] {dagbag.py:536} INFO - Filling up the DagBag from /home/ai/.local/lib/python3.9/site-packages/airflow/example_dags/example_trigger_controller_dag.py
[2026-07-15T16:27:24.723+0200] {processor.py:839} INFO - DAG(s) dict_keys(['example_trigger_controller_dag']) retrieved from /home/ai/.local/lib/python3.9/site-packages/airflow/example_dags/example_trigger_controller_dag.py
[2026-07-15T16:27:24.738+0200] {logging_mixin.py:151} INFO - [2026-07-15T16:27:24.738+0200] {dag.py:2941} INFO - Sync 1 DAGs
[2026-07-15T16:27:24.755+0200] {logging_mixin.py:151} INFO - [2026-07-15T16:27:24.754+0200] {dag.py:3722} INFO - Setting next_dagrun for example_trigger_controller_dag to 2021-01-01T00:00:00+00:00, run_after=2021-01-01T00:00:00+00:00
[2026-07-15T16:27:25.975+0200] {processor.py:179} INFO - Processing /home/ai/.local/lib/python3.9/site-packages/airflow/example_dags/example_trigger_controller_dag.py took 1.266 seconds
[2026-07-15T16:29:02.415+0200] {processor.py:157} INFO - Started process (PID=3419830) to work on /home/ai/.local/lib/python3.9/site-packages/airflow/example_dags/example_trigger_controller_dag.py
[2026-07-15T16:29:02.416+0200] {processor.py:829} INFO - Processing file /home/ai/.local/lib/python3.9/site-packages/airflow/example_dags/example_trigger_controller_dag.py for tasks to queue
[2026-07-15T16:29:02.417+0200] {logging_mixin.py:151} INFO - [2026-07-15T16:29:02.417+0200] {dagbag.py:536} INFO - Filling up the DagBag from /home/ai/.local/lib/python3.9/site-packages/airflow/example_dags/example_trigger_controller_dag.py
[2026-07-15T16:29:02.422+0200] {processor.py:839} INFO - DAG(s) dict_keys(['example_trigger_controller_dag']) retrieved from /home/ai/.local/lib/python3.9/site-packages/airflow/example_dags/example_trigger_controller_dag.py
[2026-07-15T16:29:02.437+0200] {logging_mixin.py:151} INFO - [2026-07-15T16:29:02.437+0200] {dag.py:2941} INFO - Sync 1 DAGs
[2026-07-15T16:29:02.456+0200] {logging_mixin.py:151} INFO - [2026-07-15T16:29:02.456+0200] {dag.py:3722} INFO - Setting next_dagrun for example_trigger_controller_dag to 2021-01-01T00:00:00+00:00, run_after=2021-01-01T00:00:00+00:00
[2026-07-15T16:29:04.062+0200] {processor.py:179} INFO - Processing /home/ai/.local/lib/python3.9/site-packages/airflow/example_dags/example_trigger_controller_dag.py took 1.653 seconds
[2026-07-15T16:30:42.393+0200] {processor.py:157} INFO - Started process (PID=3421466) to work on /home/ai/.local/lib/python3.9/site-packages/airflow/example_dags/example_trigger_controller_dag.py
[2026-07-15T16:30:42.394+0200] {processor.py:829} INFO - Processing file /home/ai/.local/lib/python3.9/site-packages/airflow/example_dags/example_trigger_controller_dag.py for tasks to queue
[2026-07-15T16:30:42.395+0200] {logging_mixin.py:151} INFO - [2026-07-15T16:30:42.395+0200] {dagbag.py:536} INFO - Filling up the DagBag from /home/ai/.local/lib/python3.9/site-packages/airflow/example_dags/example_trigger_controller_dag.py
[2026-07-15T16:30:42.401+0200] {processor.py:839} INFO - DAG(s) dict_keys(['example_trigger_controller_dag']) retrieved from /home/ai/.local/lib/python3.9/site-packages/airflow/example_dags/example_trigger_controller_dag.py
[2026-07-15T16:30:42.417+0200] {logging_mixin.py:151} INFO - [2026-07-15T16:30:42.417+0200] {dag.py:2941} INFO - Sync 1 DAGs
[2026-07-15T16:30:42.436+0200] {logging_mixin.py:151} INFO - [2026-07-15T16:30:42.436+0200] {dag.py:3722} INFO - Setting next_dagrun for example_trigger_controller_dag to 2021-01-01T00:00:00+00:00, run_after=2021-01-01T00:00:00+00:00
[2026-07-15T16:30:43.745+0200] {processor.py:179} INFO - Processing /home/ai/.local/lib/python3.9/site-packages/airflow/example_dags/example_trigger_controller_dag.py took 1.357 seconds
[2026-07-15T16:32:14.316+0200] {processor.py:157} INFO - Started process (PID=3422997) to work on /home/ai/.local/lib/python3.9/site-packages/airflow/example_dags/example_trigger_controller_dag.py
[2026-07-15T16:32:14.319+0200] {processor.py:829} INFO - Processing file /home/ai/.local/lib/python3.9/site-packages/airflow/example_dags/example_trigger_controller_dag.py for tasks to queue
[2026-07-15T16:32:14.320+0200] {logging_mixin.py:151} INFO - [2026-07-15T16:32:14.319+0200] {dagbag.py:536} INFO - Filling up the DagBag from /home/ai/.local/lib/python3.9/site-packages/airflow/example_dags/example_trigger_controller_dag.py
[2026-07-15T16:32:14.325+0200] {processor.py:839} INFO - DAG(s) dict_keys(['example_trigger_controller_dag']) retrieved from /home/ai/.local/lib/python3.9/site-packages/airflow/example_dags/example_trigger_controller_dag.py
[2026-07-15T16:32:14.341+0200] {logging_mixin.py:151} INFO - [2026-07-15T16:32:14.341+0200] {dag.py:2941} INFO - Sync 1 DAGs
[2026-07-15T16:32:14.359+0200] {logging_mixin.py:151} INFO - [2026-07-15T16:32:14.358+0200] {dag.py:3722} INFO - Setting next_dagrun for example_trigger_controller_dag to 2021-01-01T00:00:00+00:00, run_after=2021-01-01T00:00:00+00:00
[2026-07-15T16:32:14.377+0200] {processor.py:179} INFO - Processing /home/ai/.local/lib/python3.9/site-packages/airflow/example_dags/example_trigger_controller_dag.py took 0.065 seconds
[2026-07-15T16:33:45.440+0200] {processor.py:157} INFO - Started process (PID=3424651) to work on /home/ai/.local/lib/python3.9/site-packages/airflow/example_dags/example_trigger_controller_dag.py
[2026-07-15T16:33:45.442+0200] {processor.py:829} INFO - Processing file /home/ai/.local/lib/python3.9/site-packages/airflow/example_dags/example_trigger_controller_dag.py for tasks to queue
[2026-07-15T16:33:45.443+0200] {logging_mixin.py:151} INFO - [2026-07-15T16:33:45.442+0200] {dagbag.py:536} INFO - Filling up the DagBag from /home/ai/.local/lib/python3.9/site-packages/airflow/example_dags/example_trigger_controller_dag.py
[2026-07-15T16:33:45.448+0200] {processor.py:839} INFO - DAG(s) dict_keys(['example_trigger_controller_dag']) retrieved from /home/ai/.local/lib/python3.9/site-packages/airflow/example_dags/example_trigger_controller_dag.py
[2026-07-15T16:33:45.465+0200] {logging_mixin.py:151} INFO - [2026-07-15T16:33:45.464+0200] {dag.py:2941} INFO - Sync 1 DAGs
[2026-07-15T16:33:45.483+0200] {logging_mixin.py:151} INFO - [2026-07-15T16:33:45.483+0200] {dag.py:3722} INFO - Setting next_dagrun for example_trigger_controller_dag to 2021-01-01T00:00:00+00:00, run_after=2021-01-01T00:00:00+00:00
[2026-07-15T16:33:45.503+0200] {processor.py:179} INFO - Processing /home/ai/.local/lib/python3.9/site-packages/airflow/example_dags/example_trigger_controller_dag.py took 0.069 seconds
[2026-07-15T16:35:13.596+0200] {processor.py:157} INFO - Started process (PID=3426091) to work on /home/ai/.local/lib/python3.9/site-packages/airflow/example_dags/example_trigger_controller_dag.py
[2026-07-15T16:35:13.597+0200] {processor.py:829} INFO - Processing file /home/ai/.local/lib/python3.9/site-packages/airflow/example_dags/example_trigger_controller_dag.py for tasks to queue
[2026-07-15T16:35:13.598+0200] {logging_mixin.py:151} INFO - [2026-07-15T16:35:13.598+0200] {dagbag.py:536} INFO - Filling up the DagBag from /home/ai/.local/lib/python3.9/site-packages/airflow/example_dags/example_trigger_controller_dag.py
[2026-07-15T16:35:13.604+0200] {processor.py:839} INFO - DAG(s) dict_keys(['example_trigger_controller_dag']) retrieved from /home/ai/.local/lib/python3.9/site-packages/airflow/example_dags/example_trigger_controller_dag.py
[2026-07-15T16:35:13.622+0200] {logging_mixin.py:151} INFO - [2026-07-15T16:35:13.622+0200] {dag.py:2941} INFO - Sync 1 DAGs
[2026-07-15T16:35:13.643+0200] {logging_mixin.py:151} INFO - [2026-07-15T16:35:13.643+0200] {dag.py:3722} INFO - Setting next_dagrun for example_trigger_controller_dag to 2021-01-01T00:00:00+00:00, run_after=2021-01-01T00:00:00+00:00
[2026-07-15T16:35:13.663+0200] {processor.py:179} INFO - Processing /home/ai/.local/lib/python3.9/site-packages/airflow/example_dags/example_trigger_controller_dag.py took 0.073 seconds
[2026-07-15T16:36:41.517+0200] {processor.py:157} INFO - Started process (PID=3427937) to work on /home/ai/.local/lib/python3.9/site-packages/airflow/example_dags/example_trigger_controller_dag.py
[2026-07-15T16:36:41.518+0200] {processor.py:829} INFO - Processing file /home/ai/.local/lib/python3.9/site-packages/airflow/example_dags/example_trigger_controller_dag.py for tasks to queue
[2026-07-15T16:36:41.520+0200] {logging_mixin.py:151} INFO - [2026-07-15T16:36:41.519+0200] {dagbag.py:536} INFO - Filling up the DagBag from /home/ai/.local/lib/python3.9/site-packages/airflow/example_dags/example_trigger_controller_dag.py
[2026-07-15T16:36:41.525+0200] {processor.py:839} INFO - DAG(s) dict_keys(['example_trigger_controller_dag']) retrieved from /home/ai/.local/lib/python3.9/site-packages/airflow/example_dags/example_trigger_controller_dag.py
[2026-07-15T16:36:41.542+0200] {logging_mixin.py:151} INFO - [2026-07-15T16:36:41.542+0200] {dag.py:2941} INFO - Sync 1 DAGs
[2026-07-15T16:36:41.561+0200] {logging_mixin.py:151} INFO - [2026-07-15T16:36:41.561+0200] {dag.py:3722} INFO - Setting next_dagrun for example_trigger_controller_dag to 2021-01-01T00:00:00+00:00, run_after=2021-01-01T00:00:00+00:00
[2026-07-15T16:36:41.858+0200] {processor.py:179} INFO - Processing /home/ai/.local/lib/python3.9/site-packages/airflow/example_dags/example_trigger_controller_dag.py took 0.346 seconds
[2026-07-15T16:37:36.783+0200] {processor.py:157} INFO - Started process (PID=3428989) to work on /home/ai/.local/lib/python3.9/site-packages/airflow/example_dags/example_trigger_controller_dag.py
[2026-07-15T16:37:36.785+0200] {processor.py:829} INFO - Processing file /home/ai/.local/lib/python3.9/site-packages/airflow/example_dags/example_trigger_controller_dag.py for tasks to queue
[2026-07-15T16:37:36.786+0200] {logging_mixin.py:151} INFO - [2026-07-15T16:37:36.785+0200] {dagbag.py:536} INFO - Filling up the DagBag from /home/ai/.local/lib/python3.9/site-packages/airflow/example_dags/example_trigger_controller_dag.py
[2026-07-15T16:37:36.791+0200] {processor.py:839} INFO - DAG(s) dict_keys(['example_trigger_controller_dag']) retrieved from /home/ai/.local/lib/python3.9/site-packages/airflow/example_dags/example_trigger_controller_dag.py
[2026-07-15T16:37:36.807+0200] {logging_mixin.py:151} INFO - [2026-07-15T16:37:36.807+0200] {dag.py:2941} INFO - Sync 1 DAGs
[2026-07-15T16:37:36.824+0200] {logging_mixin.py:151} INFO - [2026-07-15T16:37:36.824+0200] {dag.py:3722} INFO - Setting next_dagrun for example_trigger_controller_dag to 2021-01-01T00:00:00+00:00, run_after=2021-01-01T00:00:00+00:00
[2026-07-15T16:37:38.445+0200] {processor.py:179} INFO - Processing /home/ai/.local/lib/python3.9/site-packages/airflow/example_dags/example_trigger_controller_dag.py took 1.667 seconds
[2026-07-15T16:39:13.498+0200] {processor.py:157} INFO - Started process (PID=3430863) to work on /home/ai/.local/lib/python3.9/site-packages/airflow/example_dags/example_trigger_controller_dag.py
[2026-07-15T16:39:13.500+0200] {processor.py:829} INFO - Processing file /home/ai/.local/lib/python3.9/site-packages/airflow/example_dags/example_trigger_controller_dag.py for tasks to queue
[2026-07-15T16:39:13.501+0200] {logging_mixin.py:151} INFO - [2026-07-15T16:39:13.501+0200] {dagbag.py:536} INFO - Filling up the DagBag from /home/ai/.local/lib/python3.9/site-packages/airflow/example_dags/example_trigger_controller_dag.py
[2026-07-15T16:39:13.506+0200] {processor.py:839} INFO - DAG(s) dict_keys(['example_trigger_controller_dag']) retrieved from /home/ai/.local/lib/python3.9/site-packages/airflow/example_dags/example_trigger_controller_dag.py
[2026-07-15T16:39:13.523+0200] {logging_mixin.py:151} INFO - [2026-07-15T16:39:13.523+0200] {dag.py:2941} INFO - Sync 1 DAGs
[2026-07-15T16:39:13.541+0200] {logging_mixin.py:151} INFO - [2026-07-15T16:39:13.541+0200] {dag.py:3722} INFO - Setting next_dagrun for example_trigger_controller_dag to 2021-01-01T00:00:00+00:00, run_after=2021-01-01T00:00:00+00:00
[2026-07-15T16:39:14.978+0200] {processor.py:179} INFO - Processing /home/ai/.local/lib/python3.9/site-packages/airflow/example_dags/example_trigger_controller_dag.py took 1.485 seconds
[2026-07-15T16:40:19.159+0200] {processor.py:157} INFO - Started process (PID=3432009) to work on /home/ai/.local/lib/python3.9/site-packages/airflow/example_dags/example_trigger_controller_dag.py
[2026-07-15T16:40:19.162+0200] {processor.py:829} INFO - Processing file /home/ai/.local/lib/python3.9/site-packages/airflow/example_dags/example_trigger_controller_dag.py for tasks to queue
[2026-07-15T16:40:19.163+0200] {logging_mixin.py:151} INFO - [2026-07-15T16:40:19.162+0200] {dagbag.py:536} INFO - Filling up the DagBag from /home/ai/.local/lib/python3.9/site-packages/airflow/example_dags/example_trigger_controller_dag.py
[2026-07-15T16:40:19.168+0200] {processor.py:839} INFO - DAG(s) dict_keys(['example_trigger_controller_dag']) retrieved from /home/ai/.local/lib/python3.9/site-packages/airflow/example_dags/example_trigger_controller_dag.py
[2026-07-15T16:40:19.183+0200] {logging_mixin.py:151} INFO - [2026-07-15T16:40:19.182+0200] {dag.py:2941} INFO - Sync 1 DAGs
[2026-07-15T16:40:19.200+0200] {logging_mixin.py:151} INFO - [2026-07-15T16:40:19.199+0200] {dag.py:3722} INFO - Setting next_dagrun for example_trigger_controller_dag to 2021-01-01T00:00:00+00:00, run_after=2021-01-01T00:00:00+00:00
[2026-07-15T16:40:19.219+0200] {processor.py:179} INFO - Processing /home/ai/.local/lib/python3.9/site-packages/airflow/example_dags/example_trigger_controller_dag.py took 0.065 seconds
[2026-07-15T16:41:24.299+0200] {processor.py:157} INFO - Started process (PID=3433199) to work on /home/ai/.local/lib/python3.9/site-packages/airflow/example_dags/example_trigger_controller_dag.py
[2026-07-15T16:41:24.301+0200] {processor.py:829} INFO - Processing file /home/ai/.local/lib/python3.9/site-packages/airflow/example_dags/example_trigger_controller_dag.py for tasks to queue
[2026-07-15T16:41:24.302+0200] {logging_mixin.py:151} INFO - [2026-07-15T16:41:24.302+0200] {dagbag.py:536} INFO - Filling up the DagBag from /home/ai/.local/lib/python3.9/site-packages/airflow/example_dags/example_trigger_controller_dag.py
[2026-07-15T16:41:24.308+0200] {processor.py:839} INFO - DAG(s) dict_keys(['example_trigger_controller_dag']) retrieved from /home/ai/.local/lib/python3.9/site-packages/airflow/example_dags/example_trigger_controller_dag.py
[2026-07-15T16:41:24.324+0200] {logging_mixin.py:151} INFO - [2026-07-15T16:41:24.324+0200] {dag.py:2941} INFO - Sync 1 DAGs
[2026-07-15T16:41:24.341+0200] {logging_mixin.py:151} INFO - [2026-07-15T16:41:24.341+0200] {dag.py:3722} INFO - Setting next_dagrun for example_trigger_controller_dag to 2021-01-01T00:00:00+00:00, run_after=2021-01-01T00:00:00+00:00
[2026-07-15T16:41:24.359+0200] {processor.py:179} INFO - Processing /home/ai/.local/lib/python3.9/site-packages/airflow/example_dags/example_trigger_controller_dag.py took 0.066 seconds
[2026-07-15T16:43:02.065+0200] {processor.py:157} INFO - Started process (PID=3434967) to work on /home/ai/.local/lib/python3.9/site-packages/airflow/example_dags/example_trigger_controller_dag.py
[2026-07-15T16:43:02.067+0200] {processor.py:829} INFO - Processing file /home/ai/.local/lib/python3.9/site-packages/airflow/example_dags/example_trigger_controller_dag.py for tasks to queue
[2026-07-15T16:43:02.068+0200] {logging_mixin.py:151} INFO - [2026-07-15T16:43:02.067+0200] {dagbag.py:536} INFO - Filling up the DagBag from /home/ai/.local/lib/python3.9/site-packages/airflow/example_dags/example_trigger_controller_dag.py
[2026-07-15T16:43:02.074+0200] {processor.py:839} INFO - DAG(s) dict_keys(['example_trigger_controller_dag']) retrieved from /home/ai/.local/lib/python3.9/site-packages/airflow/example_dags/example_trigger_controller_dag.py
[2026-07-15T16:43:02.090+0200] {logging_mixin.py:151} INFO - [2026-07-15T16:43:02.090+0200] {dag.py:2941} INFO - Sync 1 DAGs
[2026-07-15T16:43:02.107+0200] {logging_mixin.py:151} INFO - [2026-07-15T16:43:02.107+0200] {dag.py:3722} INFO - Setting next_dagrun for example_trigger_controller_dag to 2021-01-01T00:00:00+00:00, run_after=2021-01-01T00:00:00+00:00
[2026-07-15T16:43:03.252+0200] {processor.py:179} INFO - Processing /home/ai/.local/lib/python3.9/site-packages/airflow/example_dags/example_trigger_controller_dag.py took 1.191 seconds
[2026-07-15T16:44:32.619+0200] {processor.py:157} INFO - Started process (PID=3436562) to work on /home/ai/.local/lib/python3.9/site-packages/airflow/example_dags/example_trigger_controller_dag.py
[2026-07-15T16:44:32.621+0200] {processor.py:829} INFO - Processing file /home/ai/.local/lib/python3.9/site-packages/airflow/example_dags/example_trigger_controller_dag.py for tasks to queue
[2026-07-15T16:44:32.622+0200] {logging_mixin.py:151} INFO - [2026-07-15T16:44:32.621+0200] {dagbag.py:536} INFO - Filling up the DagBag from /home/ai/.local/lib/python3.9/site-packages/airflow/example_dags/example_trigger_controller_dag.py
[2026-07-15T16:44:32.627+0200] {processor.py:839} INFO - DAG(s) dict_keys(['example_trigger_controller_dag']) retrieved from /home/ai/.local/lib/python3.9/site-packages/airflow/example_dags/example_trigger_controller_dag.py
[2026-07-15T16:44:32.643+0200] {logging_mixin.py:151} INFO - [2026-07-15T16:44:32.643+0200] {dag.py:2941} INFO - Sync 1 DAGs
[2026-07-15T16:44:32.662+0200] {logging_mixin.py:151} INFO - [2026-07-15T16:44:32.661+0200] {dag.py:3722} INFO - Setting next_dagrun for example_trigger_controller_dag to 2021-01-01T00:00:00+00:00, run_after=2021-01-01T00:00:00+00:00
[2026-07-15T16:44:32.680+0200] {processor.py:179} INFO - Processing /home/ai/.local/lib/python3.9/site-packages/airflow/example_dags/example_trigger_controller_dag.py took 0.067 seconds
[2026-07-15T16:46:29.456+0200] {processor.py:157} INFO - Started process (PID=3438593) to work on /home/ai/.local/lib/python3.9/site-packages/airflow/example_dags/example_trigger_controller_dag.py
[2026-07-15T16:46:29.458+0200] {processor.py:829} INFO - Processing file /home/ai/.local/lib/python3.9/site-packages/airflow/example_dags/example_trigger_controller_dag.py for tasks to queue
[2026-07-15T16:46:29.459+0200] {logging_mixin.py:151} INFO - [2026-07-15T16:46:29.459+0200] {dagbag.py:536} INFO - Filling up the DagBag from /home/ai/.local/lib/python3.9/site-packages/airflow/example_dags/example_trigger_controller_dag.py
[2026-07-15T16:46:29.465+0200] {processor.py:839} INFO - DAG(s) dict_keys(['example_trigger_controller_dag']) retrieved from /home/ai/.local/lib/python3.9/site-packages/airflow/example_dags/example_trigger_controller_dag.py
[2026-07-15T16:46:29.490+0200] {logging_mixin.py:151} INFO - [2026-07-15T16:46:29.490+0200] {dag.py:2941} INFO - Sync 1 DAGs
[2026-07-15T16:46:29.509+0200] {logging_mixin.py:151} INFO - [2026-07-15T16:46:29.509+0200] {dag.py:3722} INFO - Setting next_dagrun for example_trigger_controller_dag to 2021-01-01T00:00:00+00:00, run_after=2021-01-01T00:00:00+00:00
[2026-07-15T16:46:30.038+0200] {processor.py:179} INFO - Processing /home/ai/.local/lib/python3.9/site-packages/airflow/example_dags/example_trigger_controller_dag.py took 0.586 seconds
[2026-07-15T16:48:22.321+0200] {processor.py:157} INFO - Started process (PID=3440500) to work on /home/ai/.local/lib/python3.9/site-packages/airflow/example_dags/example_trigger_controller_dag.py
[2026-07-15T16:48:22.323+0200] {processor.py:829} INFO - Processing file /home/ai/.local/lib/python3.9/site-packages/airflow/example_dags/example_trigger_controller_dag.py for tasks to queue
[2026-07-15T16:48:22.324+0200] {logging_mixin.py:151} INFO - [2026-07-15T16:48:22.323+0200] {dagbag.py:536} INFO - Filling up the DagBag from /home/ai/.local/lib/python3.9/site-packages/airflow/example_dags/example_trigger_controller_dag.py
[2026-07-15T16:48:22.330+0200] {processor.py:839} INFO - DAG(s) dict_keys(['example_trigger_controller_dag']) retrieved from /home/ai/.local/lib/python3.9/site-packages/airflow/example_dags/example_trigger_controller_dag.py
[2026-07-15T16:48:22.349+0200] {logging_mixin.py:151} INFO - [2026-07-15T16:48:22.348+0200] {dag.py:2941} INFO - Sync 1 DAGs
[2026-07-15T16:48:22.373+0200] {logging_mixin.py:151} INFO - [2026-07-15T16:48:22.373+0200] {dag.py:3722} INFO - Setting next_dagrun for example_trigger_controller_dag to 2021-01-01T00:00:00+00:00, run_after=2021-01-01T00:00:00+00:00
[2026-07-15T16:48:22.535+0200] {processor.py:179} INFO - Processing /home/ai/.local/lib/python3.9/site-packages/airflow/example_dags/example_trigger_controller_dag.py took 0.218 seconds
[2026-07-15T16:49:26.267+0200] {processor.py:157} INFO - Started process (PID=3441596) to work on /home/ai/.local/lib/python3.9/site-packages/airflow/example_dags/example_trigger_controller_dag.py
[2026-07-15T16:49:26.269+0200] {processor.py:829} INFO - Processing file /home/ai/.local/lib/python3.9/site-packages/airflow/example_dags/example_trigger_controller_dag.py for tasks to queue
[2026-07-15T16:49:26.270+0200] {logging_mixin.py:151} INFO - [2026-07-15T16:49:26.269+0200] {dagbag.py:536} INFO - Filling up the DagBag from /home/ai/.local/lib/python3.9/site-packages/airflow/example_dags/example_trigger_controller_dag.py
[2026-07-15T16:49:26.276+0200] {processor.py:839} INFO - DAG(s) dict_keys(['example_trigger_controller_dag']) retrieved from /home/ai/.local/lib/python3.9/site-packages/airflow/example_dags/example_trigger_controller_dag.py
[2026-07-15T16:49:26.291+0200] {logging_mixin.py:151} INFO - [2026-07-15T16:49:26.291+0200] {dag.py:2941} INFO - Sync 1 DAGs
[2026-07-15T16:49:26.310+0200] {logging_mixin.py:151} INFO - [2026-07-15T16:49:26.310+0200] {dag.py:3722} INFO - Setting next_dagrun for example_trigger_controller_dag to 2021-01-01T00:00:00+00:00, run_after=2021-01-01T00:00:00+00:00
[2026-07-15T16:49:27.660+0200] {processor.py:179} INFO - Processing /home/ai/.local/lib/python3.9/site-packages/airflow/example_dags/example_trigger_controller_dag.py took 1.397 seconds
[2026-07-15T16:51:21.898+0200] {processor.py:157} INFO - Started process (PID=3443556) to work on /home/ai/.local/lib/python3.9/site-packages/airflow/example_dags/example_trigger_controller_dag.py
[2026-07-15T16:51:21.900+0200] {processor.py:829} INFO - Processing file /home/ai/.local/lib/python3.9/site-packages/airflow/example_dags/example_trigger_controller_dag.py for tasks to queue
[2026-07-15T16:51:21.901+0200] {logging_mixin.py:151} INFO - [2026-07-15T16:51:21.901+0200] {dagbag.py:536} INFO - Filling up the DagBag from /home/ai/.local/lib/python3.9/site-packages/airflow/example_dags/example_trigger_controller_dag.py
[2026-07-15T16:51:21.909+0200] {processor.py:839} INFO - DAG(s) dict_keys(['example_trigger_controller_dag']) retrieved from /home/ai/.local/lib/python3.9/site-packages/airflow/example_dags/example_trigger_controller_dag.py
[2026-07-15T16:51:21.930+0200] {logging_mixin.py:151} INFO - [2026-07-15T16:51:21.930+0200] {dag.py:2941} INFO - Sync 1 DAGs
[2026-07-15T16:51:21.946+0200] {logging_mixin.py:151} INFO - [2026-07-15T16:51:21.946+0200] {dag.py:3722} INFO - Setting next_dagrun for example_trigger_controller_dag to 2021-01-01T00:00:00+00:00, run_after=2021-01-01T00:00:00+00:00
[2026-07-15T16:51:23.503+0200] {processor.py:179} INFO - Processing /home/ai/.local/lib/python3.9/site-packages/airflow/example_dags/example_trigger_controller_dag.py took 1.610 seconds
[2026-07-15T16:53:24.463+0200] {processor.py:157} INFO - Started process (PID=3445665) to work on /home/ai/.local/lib/python3.9/site-packages/airflow/example_dags/example_trigger_controller_dag.py
[2026-07-15T16:53:24.465+0200] {processor.py:829} INFO - Processing file /home/ai/.local/lib/python3.9/site-packages/airflow/example_dags/example_trigger_controller_dag.py for tasks to queue
[2026-07-15T16:53:24.466+0200] {logging_mixin.py:151} INFO - [2026-07-15T16:53:24.466+0200] {dagbag.py:536} INFO - Filling up the DagBag from /home/ai/.local/lib/python3.9/site-packages/airflow/example_dags/example_trigger_controller_dag.py
[2026-07-15T16:53:24.471+0200] {processor.py:839} INFO - DAG(s) dict_keys(['example_trigger_controller_dag']) retrieved from /home/ai/.local/lib/python3.9/site-packages/airflow/example_dags/example_trigger_controller_dag.py
[2026-07-15T16:53:24.488+0200] {logging_mixin.py:151} INFO - [2026-07-15T16:53:24.488+0200] {dag.py:2941} INFO - Sync 1 DAGs
[2026-07-15T16:53:24.507+0200] {logging_mixin.py:151} INFO - [2026-07-15T16:53:24.506+0200] {dag.py:3722} INFO - Setting next_dagrun for example_trigger_controller_dag to 2021-01-01T00:00:00+00:00, run_after=2021-01-01T00:00:00+00:00
[2026-07-15T16:53:26.199+0200] {processor.py:179} INFO - Processing /home/ai/.local/lib/python3.9/site-packages/airflow/example_dags/example_trigger_controller_dag.py took 1.740 seconds
[2026-07-15T16:54:34.459+0200] {processor.py:157} INFO - Started process (PID=3446796) to work on /home/ai/.local/lib/python3.9/site-packages/airflow/example_dags/example_trigger_controller_dag.py
[2026-07-15T16:54:34.460+0200] {processor.py:829} INFO - Processing file /home/ai/.local/lib/python3.9/site-packages/airflow/example_dags/example_trigger_controller_dag.py for tasks to queue
[2026-07-15T16:54:34.461+0200] {logging_mixin.py:151} INFO - [2026-07-15T16:54:34.461+0200] {dagbag.py:536} INFO - Filling up the DagBag from /home/ai/.local/lib/python3.9/site-packages/airflow/example_dags/example_trigger_controller_dag.py
[2026-07-15T16:54:34.467+0200] {processor.py:839} INFO - DAG(s) dict_keys(['example_trigger_controller_dag']) retrieved from /home/ai/.local/lib/python3.9/site-packages/airflow/example_dags/example_trigger_controller_dag.py
[2026-07-15T16:54:34.483+0200] {logging_mixin.py:151} INFO - [2026-07-15T16:54:34.483+0200] {dag.py:2941} INFO - Sync 1 DAGs
[2026-07-15T16:54:34.501+0200] {logging_mixin.py:151} INFO - [2026-07-15T16:54:34.501+0200] {dag.py:3722} INFO - Setting next_dagrun for example_trigger_controller_dag to 2021-01-01T00:00:00+00:00, run_after=2021-01-01T00:00:00+00:00
[2026-07-15T16:54:35.036+0200] {processor.py:179} INFO - Processing /home/ai/.local/lib/python3.9/site-packages/airflow/example_dags/example_trigger_controller_dag.py took 0.581 seconds
[2026-07-15T16:55:39.708+0200] {processor.py:157} INFO - Started process (PID=3447854) to work on /home/ai/.local/lib/python3.9/site-packages/airflow/example_dags/example_trigger_controller_dag.py
[2026-07-15T16:55:39.710+0200] {processor.py:829} INFO - Processing file /home/ai/.local/lib/python3.9/site-packages/airflow/example_dags/example_trigger_controller_dag.py for tasks to queue
[2026-07-15T16:55:39.711+0200] {logging_mixin.py:151} INFO - [2026-07-15T16:55:39.710+0200] {dagbag.py:536} INFO - Filling up the DagBag from /home/ai/.local/lib/python3.9/site-packages/airflow/example_dags/example_trigger_controller_dag.py
[2026-07-15T16:55:39.716+0200] {processor.py:839} INFO - DAG(s) dict_keys(['example_trigger_controller_dag']) retrieved from /home/ai/.local/lib/python3.9/site-packages/airflow/example_dags/example_trigger_controller_dag.py
[2026-07-15T16:55:39.751+0200] {logging_mixin.py:151} INFO - [2026-07-15T16:55:39.751+0200] {dag.py:2941} INFO - Sync 1 DAGs
[2026-07-15T16:55:39.771+0200] {logging_mixin.py:151} INFO - [2026-07-15T16:55:39.770+0200] {dag.py:3722} INFO - Setting next_dagrun for example_trigger_controller_dag to 2021-01-01T00:00:00+00:00, run_after=2021-01-01T00:00:00+00:00
[2026-07-15T16:55:40.443+0200] {processor.py:179} INFO - Processing /home/ai/.local/lib/python3.9/site-packages/airflow/example_dags/example_trigger_controller_dag.py took 0.739 seconds
[2026-07-15T16:57:47.700+0200] {processor.py:157} INFO - Started process (PID=3450096) to work on /home/ai/.local/lib/python3.9/site-packages/airflow/example_dags/example_trigger_controller_dag.py
[2026-07-15T16:57:47.701+0200] {processor.py:829} INFO - Processing file /home/ai/.local/lib/python3.9/site-packages/airflow/example_dags/example_trigger_controller_dag.py for tasks to queue
[2026-07-15T16:57:47.702+0200] {logging_mixin.py:151} INFO - [2026-07-15T16:57:47.702+0200] {dagbag.py:536} INFO - Filling up the DagBag from /home/ai/.local/lib/python3.9/site-packages/airflow/example_dags/example_trigger_controller_dag.py
[2026-07-15T16:57:47.709+0200] {processor.py:839} INFO - DAG(s) dict_keys(['example_trigger_controller_dag']) retrieved from /home/ai/.local/lib/python3.9/site-packages/airflow/example_dags/example_trigger_controller_dag.py
[2026-07-15T16:57:47.725+0200] {logging_mixin.py:151} INFO - [2026-07-15T16:57:47.725+0200] {dag.py:2941} INFO - Sync 1 DAGs
[2026-07-15T16:57:47.743+0200] {logging_mixin.py:151} INFO - [2026-07-15T16:57:47.743+0200] {dag.py:3722} INFO - Setting next_dagrun for example_trigger_controller_dag to 2021-01-01T00:00:00+00:00, run_after=2021-01-01T00:00:00+00:00
[2026-07-15T16:57:48.148+0200] {processor.py:179} INFO - Processing /home/ai/.local/lib/python3.9/site-packages/airflow/example_dags/example_trigger_controller_dag.py took 0.454 seconds
[2026-07-15T16:59:23.871+0200] {processor.py:157} INFO - Started process (PID=3451845) to work on /home/ai/.local/lib/python3.9/site-packages/airflow/example_dags/example_trigger_controller_dag.py
[2026-07-15T16:59:23.872+0200] {processor.py:829} INFO - Processing file /home/ai/.local/lib/python3.9/site-packages/airflow/example_dags/example_trigger_controller_dag.py for tasks to queue
[2026-07-15T16:59:23.873+0200] {logging_mixin.py:151} INFO - [2026-07-15T16:59:23.873+0200] {dagbag.py:536} INFO - Filling up the DagBag from /home/ai/.local/lib/python3.9/site-packages/airflow/example_dags/example_trigger_controller_dag.py
[2026-07-15T16:59:23.879+0200] {processor.py:839} INFO - DAG(s) dict_keys(['example_trigger_controller_dag']) retrieved from /home/ai/.local/lib/python3.9/site-packages/airflow/example_dags/example_trigger_controller_dag.py
[2026-07-15T16:59:23.894+0200] {logging_mixin.py:151} INFO - [2026-07-15T16:59:23.894+0200] {dag.py:2941} INFO - Sync 1 DAGs
[2026-07-15T16:59:23.911+0200] {logging_mixin.py:151} INFO - [2026-07-15T16:59:23.911+0200] {dag.py:3722} INFO - Setting next_dagrun for example_trigger_controller_dag to 2021-01-01T00:00:00+00:00, run_after=2021-01-01T00:00:00+00:00
[2026-07-15T16:59:26.051+0200] {processor.py:179} INFO - Processing /home/ai/.local/lib/python3.9/site-packages/airflow/example_dags/example_trigger_controller_dag.py took 2.185 seconds
[2026-07-15T17:01:05.649+0200] {processor.py:157} INFO - Started process (PID=3453605) to work on /home/ai/.local/lib/python3.9/site-packages/airflow/example_dags/example_trigger_controller_dag.py
[2026-07-15T17:01:05.651+0200] {processor.py:829} INFO - Processing file /home/ai/.local/lib/python3.9/site-packages/airflow/example_dags/example_trigger_controller_dag.py for tasks to queue
[2026-07-15T17:01:05.652+0200] {logging_mixin.py:151} INFO - [2026-07-15T17:01:05.651+0200] {dagbag.py:536} INFO - Filling up the DagBag from /home/ai/.local/lib/python3.9/site-packages/airflow/example_dags/example_trigger_controller_dag.py
[2026-07-15T17:01:05.659+0200] {processor.py:839} INFO - DAG(s) dict_keys(['example_trigger_controller_dag']) retrieved from /home/ai/.local/lib/python3.9/site-packages/airflow/example_dags/example_trigger_controller_dag.py
[2026-07-15T17:01:05.680+0200] {logging_mixin.py:151} INFO - [2026-07-15T17:01:05.680+0200] {dag.py:2941} INFO - Sync 1 DAGs
[2026-07-15T17:01:05.706+0200] {logging_mixin.py:151} INFO - [2026-07-15T17:01:05.705+0200] {dag.py:3722} INFO - Setting next_dagrun for example_trigger_controller_dag to 2021-01-01T00:00:00+00:00, run_after=2021-01-01T00:00:00+00:00
[2026-07-15T17:01:08.922+0200] {processor.py:179} INFO - Processing /home/ai/.local/lib/python3.9/site-packages/airflow/example_dags/example_trigger_controller_dag.py took 3.281 seconds
[2026-07-15T17:03:12.435+0200] {processor.py:157} INFO - Started process (PID=3455881) to work on /home/ai/.local/lib/python3.9/site-packages/airflow/example_dags/example_trigger_controller_dag.py
[2026-07-15T17:03:12.437+0200] {processor.py:829} INFO - Processing file /home/ai/.local/lib/python3.9/site-packages/airflow/example_dags/example_trigger_controller_dag.py for tasks to queue
[2026-07-15T17:03:12.437+0200] {logging_mixin.py:151} INFO - [2026-07-15T17:03:12.437+0200] {dagbag.py:536} INFO - Filling up the DagBag from /home/ai/.local/lib/python3.9/site-packages/airflow/example_dags/example_trigger_controller_dag.py
[2026-07-15T17:03:12.444+0200] {processor.py:839} INFO - DAG(s) dict_keys(['example_trigger_controller_dag']) retrieved from /home/ai/.local/lib/python3.9/site-packages/airflow/example_dags/example_trigger_controller_dag.py
[2026-07-15T17:03:12.468+0200] {logging_mixin.py:151} INFO - [2026-07-15T17:03:12.468+0200] {dag.py:2941} INFO - Sync 1 DAGs
[2026-07-15T17:03:12.486+0200] {logging_mixin.py:151} INFO - [2026-07-15T17:03:12.485+0200] {dag.py:3722} INFO - Setting next_dagrun for example_trigger_controller_dag to 2021-01-01T00:00:00+00:00, run_after=2021-01-01T00:00:00+00:00
[2026-07-15T17:03:12.731+0200] {processor.py:179} INFO - Processing /home/ai/.local/lib/python3.9/site-packages/airflow/example_dags/example_trigger_controller_dag.py took 0.303 seconds
[2026-07-15T17:04:25.922+0200] {processor.py:157} INFO - Started process (PID=3457135) to work on /home/ai/.local/lib/python3.9/site-packages/airflow/example_dags/example_trigger_controller_dag.py
[2026-07-15T17:04:25.924+0200] {processor.py:829} INFO - Processing file /home/ai/.local/lib/python3.9/site-packages/airflow/example_dags/example_trigger_controller_dag.py for tasks to queue
[2026-07-15T17:04:25.925+0200] {logging_mixin.py:151} INFO - [2026-07-15T17:04:25.924+0200] {dagbag.py:536} INFO - Filling up the DagBag from /home/ai/.local/lib/python3.9/site-packages/airflow/example_dags/example_trigger_controller_dag.py
[2026-07-15T17:04:25.930+0200] {processor.py:839} INFO - DAG(s) dict_keys(['example_trigger_controller_dag']) retrieved from /home/ai/.local/lib/python3.9/site-packages/airflow/example_dags/example_trigger_controller_dag.py
[2026-07-15T17:04:25.946+0200] {logging_mixin.py:151} INFO - [2026-07-15T17:04:25.945+0200] {dag.py:2941} INFO - Sync 1 DAGs
[2026-07-15T17:04:25.963+0200] {logging_mixin.py:151} INFO - [2026-07-15T17:04:25.963+0200] {dag.py:3722} INFO - Setting next_dagrun for example_trigger_controller_dag to 2021-01-01T00:00:00+00:00, run_after=2021-01-01T00:00:00+00:00
[2026-07-15T17:04:25.980+0200] {processor.py:179} INFO - Processing /home/ai/.local/lib/python3.9/site-packages/airflow/example_dags/example_trigger_controller_dag.py took 0.062 seconds
[2026-07-15T17:05:25.813+0200] {processor.py:157} INFO - Started process (PID=3458125) to work on /home/ai/.local/lib/python3.9/site-packages/airflow/example_dags/example_trigger_controller_dag.py
[2026-07-15T17:05:25.814+0200] {processor.py:829} INFO - Processing file /home/ai/.local/lib/python3.9/site-packages/airflow/example_dags/example_trigger_controller_dag.py for tasks to queue
[2026-07-15T17:05:25.816+0200] {logging_mixin.py:151} INFO - [2026-07-15T17:05:25.815+0200] {dagbag.py:536} INFO - Filling up the DagBag from /home/ai/.local/lib/python3.9/site-packages/airflow/example_dags/example_trigger_controller_dag.py
[2026-07-15T17:05:25.822+0200] {processor.py:839} INFO - DAG(s) dict_keys(['example_trigger_controller_dag']) retrieved from /home/ai/.local/lib/python3.9/site-packages/airflow/example_dags/example_trigger_controller_dag.py
[2026-07-15T17:05:25.838+0200] {logging_mixin.py:151} INFO - [2026-07-15T17:05:25.838+0200] {dag.py:2941} INFO - Sync 1 DAGs
[2026-07-15T17:05:25.857+0200] {logging_mixin.py:151} INFO - [2026-07-15T17:05:25.857+0200] {dag.py:3722} INFO - Setting next_dagrun for example_trigger_controller_dag to 2021-01-01T00:00:00+00:00, run_after=2021-01-01T00:00:00+00:00
[2026-07-15T17:05:27.690+0200] {processor.py:179} INFO - Processing /home/ai/.local/lib/python3.9/site-packages/airflow/example_dags/example_trigger_controller_dag.py took 1.882 seconds
[2026-07-15T17:06:38.528+0200] {processor.py:157} INFO - Started process (PID=3459276) to work on /home/ai/.local/lib/python3.9/site-packages/airflow/example_dags/example_trigger_controller_dag.py
[2026-07-15T17:06:38.530+0200] {processor.py:829} INFO - Processing file /home/ai/.local/lib/python3.9/site-packages/airflow/example_dags/example_trigger_controller_dag.py for tasks to queue
[2026-07-15T17:06:38.531+0200] {logging_mixin.py:151} INFO - [2026-07-15T17:06:38.531+0200] {dagbag.py:536} INFO - Filling up the DagBag from /home/ai/.local/lib/python3.9/site-packages/airflow/example_dags/example_trigger_controller_dag.py
[2026-07-15T17:06:38.537+0200] {processor.py:839} INFO - DAG(s) dict_keys(['example_trigger_controller_dag']) retrieved from /home/ai/.local/lib/python3.9/site-packages/airflow/example_dags/example_trigger_controller_dag.py
[2026-07-15T17:06:38.554+0200] {logging_mixin.py:151} INFO - [2026-07-15T17:06:38.553+0200] {dag.py:2941} INFO - Sync 1 DAGs
[2026-07-15T17:06:38.572+0200] {logging_mixin.py:151} INFO - [2026-07-15T17:06:38.571+0200] {dag.py:3722} INFO - Setting next_dagrun for example_trigger_controller_dag to 2021-01-01T00:00:00+00:00, run_after=2021-01-01T00:00:00+00:00
[2026-07-15T17:06:39.058+0200] {processor.py:179} INFO - Processing /home/ai/.local/lib/python3.9/site-packages/airflow/example_dags/example_trigger_controller_dag.py took 0.534 seconds
[2026-07-15T17:07:51.193+0200] {processor.py:157} INFO - Started process (PID=3460582) to work on /home/ai/.local/lib/python3.9/site-packages/airflow/example_dags/example_trigger_controller_dag.py
[2026-07-15T17:07:51.194+0200] {processor.py:829} INFO - Processing file /home/ai/.local/lib/python3.9/site-packages/airflow/example_dags/example_trigger_controller_dag.py for tasks to queue
[2026-07-15T17:07:51.195+0200] {logging_mixin.py:151} INFO - [2026-07-15T17:07:51.195+0200] {dagbag.py:536} INFO - Filling up the DagBag from /home/ai/.local/lib/python3.9/site-packages/airflow/example_dags/example_trigger_controller_dag.py
[2026-07-15T17:07:51.201+0200] {processor.py:839} INFO - DAG(s) dict_keys(['example_trigger_controller_dag']) retrieved from /home/ai/.local/lib/python3.9/site-packages/airflow/example_dags/example_trigger_controller_dag.py
[2026-07-15T17:07:51.217+0200] {logging_mixin.py:151} INFO - [2026-07-15T17:07:51.217+0200] {dag.py:2941} INFO - Sync 1 DAGs
[2026-07-15T17:07:51.240+0200] {logging_mixin.py:151} INFO - [2026-07-15T17:07:51.240+0200] {dag.py:3722} INFO - Setting next_dagrun for example_trigger_controller_dag to 2021-01-01T00:00:00+00:00, run_after=2021-01-01T00:00:00+00:00
[2026-07-15T17:07:51.261+0200] {processor.py:179} INFO - Processing /home/ai/.local/lib/python3.9/site-packages/airflow/example_dags/example_trigger_controller_dag.py took 0.071 seconds
[2026-07-15T17:09:20.087+0200] {processor.py:157} INFO - Started process (PID=3461989) to work on /home/ai/.local/lib/python3.9/site-packages/airflow/example_dags/example_trigger_controller_dag.py
[2026-07-15T17:09:20.089+0200] {processor.py:829} INFO - Processing file /home/ai/.local/lib/python3.9/site-packages/airflow/example_dags/example_trigger_controller_dag.py for tasks to queue
[2026-07-15T17:09:20.090+0200] {logging_mixin.py:151} INFO - [2026-07-15T17:09:20.090+0200] {dagbag.py:536} INFO - Filling up the DagBag from /home/ai/.local/lib/python3.9/site-packages/airflow/example_dags/example_trigger_controller_dag.py
[2026-07-15T17:09:20.095+0200] {processor.py:839} INFO - DAG(s) dict_keys(['example_trigger_controller_dag']) retrieved from /home/ai/.local/lib/python3.9/site-packages/airflow/example_dags/example_trigger_controller_dag.py
[2026-07-15T17:09:20.109+0200] {logging_mixin.py:151} INFO - [2026-07-15T17:09:20.109+0200] {dag.py:2941} INFO - Sync 1 DAGs
[2026-07-15T17:09:20.134+0200] {logging_mixin.py:151} INFO - [2026-07-15T17:09:20.133+0200] {dag.py:3722} INFO - Setting next_dagrun for example_trigger_controller_dag to 2021-01-01T00:00:00+00:00, run_after=2021-01-01T00:00:00+00:00
[2026-07-15T17:09:21.065+0200] {processor.py:179} INFO - Processing /home/ai/.local/lib/python3.9/site-packages/airflow/example_dags/example_trigger_controller_dag.py took 0.983 seconds
[2026-07-15T17:11:07.679+0200] {processor.py:157} INFO - Started process (PID=3463857) to work on /home/ai/.local/lib/python3.9/site-packages/airflow/example_dags/example_trigger_controller_dag.py
[2026-07-15T17:11:07.861+0200] {processor.py:829} INFO - Processing file /home/ai/.local/lib/python3.9/site-packages/airflow/example_dags/example_trigger_controller_dag.py for tasks to queue
[2026-07-15T17:11:07.863+0200] {logging_mixin.py:151} INFO - [2026-07-15T17:11:07.862+0200] {dagbag.py:536} INFO - Filling up the DagBag from /home/ai/.local/lib/python3.9/site-packages/airflow/example_dags/example_trigger_controller_dag.py
[2026-07-15T17:11:07.873+0200] {processor.py:839} INFO - DAG(s) dict_keys(['example_trigger_controller_dag']) retrieved from /home/ai/.local/lib/python3.9/site-packages/airflow/example_dags/example_trigger_controller_dag.py
[2026-07-15T17:11:07.889+0200] {logging_mixin.py:151} INFO - [2026-07-15T17:11:07.889+0200] {dag.py:2941} INFO - Sync 1 DAGs
[2026-07-15T17:11:07.907+0200] {logging_mixin.py:151} INFO - [2026-07-15T17:11:07.906+0200] {dag.py:3722} INFO - Setting next_dagrun for example_trigger_controller_dag to 2021-01-01T00:00:00+00:00, run_after=2021-01-01T00:00:00+00:00
[2026-07-15T17:11:08.489+0200] {processor.py:179} INFO - Processing /home/ai/.local/lib/python3.9/site-packages/airflow/example_dags/example_trigger_controller_dag.py took 0.817 seconds
[2026-07-15T17:12:17.651+0200] {processor.py:157} INFO - Started process (PID=3465011) to work on /home/ai/.local/lib/python3.9/site-packages/airflow/example_dags/example_trigger_controller_dag.py
[2026-07-15T17:12:17.653+0200] {processor.py:829} INFO - Processing file /home/ai/.local/lib/python3.9/site-packages/airflow/example_dags/example_trigger_controller_dag.py for tasks to queue
[2026-07-15T17:12:17.654+0200] {logging_mixin.py:151} INFO - [2026-07-15T17:12:17.653+0200] {dagbag.py:536} INFO - Filling up the DagBag from /home/ai/.local/lib/python3.9/site-packages/airflow/example_dags/example_trigger_controller_dag.py
[2026-07-15T17:12:17.659+0200] {processor.py:839} INFO - DAG(s) dict_keys(['example_trigger_controller_dag']) retrieved from /home/ai/.local/lib/python3.9/site-packages/airflow/example_dags/example_trigger_controller_dag.py
[2026-07-15T17:12:17.676+0200] {logging_mixin.py:151} INFO - [2026-07-15T17:12:17.676+0200] {dag.py:2941} INFO - Sync 1 DAGs
[2026-07-15T17:12:17.695+0200] {logging_mixin.py:151} INFO - [2026-07-15T17:12:17.694+0200] {dag.py:3722} INFO - Setting next_dagrun for example_trigger_controller_dag to 2021-01-01T00:00:00+00:00, run_after=2021-01-01T00:00:00+00:00
[2026-07-15T17:12:18.045+0200] {processor.py:179} INFO - Processing /home/ai/.local/lib/python3.9/site-packages/airflow/example_dags/example_trigger_controller_dag.py took 0.398 seconds
[2026-07-15T17:13:55.419+0200] {processor.py:157} INFO - Started process (PID=3466864) to work on /home/ai/.local/lib/python3.9/site-packages/airflow/example_dags/example_trigger_controller_dag.py
[2026-07-15T17:13:55.421+0200] {processor.py:829} INFO - Processing file /home/ai/.local/lib/python3.9/site-packages/airflow/example_dags/example_trigger_controller_dag.py for tasks to queue
[2026-07-15T17:13:55.422+0200] {logging_mixin.py:151} INFO - [2026-07-15T17:13:55.421+0200] {dagbag.py:536} INFO - Filling up the DagBag from /home/ai/.local/lib/python3.9/site-packages/airflow/example_dags/example_trigger_controller_dag.py
[2026-07-15T17:13:55.426+0200] {processor.py:839} INFO - DAG(s) dict_keys(['example_trigger_controller_dag']) retrieved from /home/ai/.local/lib/python3.9/site-packages/airflow/example_dags/example_trigger_controller_dag.py
[2026-07-15T17:13:55.447+0200] {logging_mixin.py:151} INFO - [2026-07-15T17:13:55.447+0200] {dag.py:2941} INFO - Sync 1 DAGs
[2026-07-15T17:13:55.465+0200] {logging_mixin.py:151} INFO - [2026-07-15T17:13:55.465+0200] {dag.py:3722} INFO - Setting next_dagrun for example_trigger_controller_dag to 2021-01-01T00:00:00+00:00, run_after=2021-01-01T00:00:00+00:00
[2026-07-15T17:13:56.174+0200] {processor.py:179} INFO - Processing /home/ai/.local/lib/python3.9/site-packages/airflow/example_dags/example_trigger_controller_dag.py took 0.759 seconds
[2026-07-15T17:15:23.103+0200] {processor.py:157} INFO - Started process (PID=3468515) to work on /home/ai/.local/lib/python3.9/site-packages/airflow/example_dags/example_trigger_controller_dag.py
[2026-07-15T17:15:23.109+0200] {processor.py:829} INFO - Processing file /home/ai/.local/lib/python3.9/site-packages/airflow/example_dags/example_trigger_controller_dag.py for tasks to queue
[2026-07-15T17:15:23.110+0200] {logging_mixin.py:151} INFO - [2026-07-15T17:15:23.110+0200] {dagbag.py:536} INFO - Filling up the DagBag from /home/ai/.local/lib/python3.9/site-packages/airflow/example_dags/example_trigger_controller_dag.py
[2026-07-15T17:15:23.116+0200] {processor.py:839} INFO - DAG(s) dict_keys(['example_trigger_controller_dag']) retrieved from /home/ai/.local/lib/python3.9/site-packages/airflow/example_dags/example_trigger_controller_dag.py
[2026-07-15T17:15:23.220+0200] {logging_mixin.py:151} INFO - [2026-07-15T17:15:23.220+0200] {dag.py:2941} INFO - Sync 1 DAGs
[2026-07-15T17:15:23.250+0200] {logging_mixin.py:151} INFO - [2026-07-15T17:15:23.250+0200] {dag.py:3722} INFO - Setting next_dagrun for example_trigger_controller_dag to 2021-01-01T00:00:00+00:00, run_after=2021-01-01T00:00:00+00:00
[2026-07-15T17:15:23.288+0200] {processor.py:179} INFO - Processing /home/ai/.local/lib/python3.9/site-packages/airflow/example_dags/example_trigger_controller_dag.py took 0.193 seconds
[2026-07-15T17:17:04.465+0200] {processor.py:157} INFO - Started process (PID=3470786) to work on /home/ai/.local/lib/python3.9/site-packages/airflow/example_dags/example_trigger_controller_dag.py
[2026-07-15T17:17:04.467+0200] {processor.py:829} INFO - Processing file /home/ai/.local/lib/python3.9/site-packages/airflow/example_dags/example_trigger_controller_dag.py for tasks to queue
[2026-07-15T17:17:04.467+0200] {logging_mixin.py:151} INFO - [2026-07-15T17:17:04.467+0200] {dagbag.py:536} INFO - Filling up the DagBag from /home/ai/.local/lib/python3.9/site-packages/airflow/example_dags/example_trigger_controller_dag.py
[2026-07-15T17:17:04.472+0200] {processor.py:839} INFO - DAG(s) dict_keys(['example_trigger_controller_dag']) retrieved from /home/ai/.local/lib/python3.9/site-packages/airflow/example_dags/example_trigger_controller_dag.py
[2026-07-15T17:17:04.489+0200] {logging_mixin.py:151} INFO - [2026-07-15T17:17:04.489+0200] {dag.py:2941} INFO - Sync 1 DAGs
[2026-07-15T17:17:04.509+0200] {logging_mixin.py:151} INFO - [2026-07-15T17:17:04.508+0200] {dag.py:3722} INFO - Setting next_dagrun for example_trigger_controller_dag to 2021-01-01T00:00:00+00:00, run_after=2021-01-01T00:00:00+00:00
[2026-07-15T17:17:05.269+0200] {processor.py:179} INFO - Processing /home/ai/.local/lib/python3.9/site-packages/airflow/example_dags/example_trigger_controller_dag.py took 0.810 seconds
[2026-07-15T17:19:17.793+0200] {processor.py:157} INFO - Started process (PID=3473384) to work on /home/ai/.local/lib/python3.9/site-packages/airflow/example_dags/example_trigger_controller_dag.py
[2026-07-15T17:19:17.795+0200] {processor.py:829} INFO - Processing file /home/ai/.local/lib/python3.9/site-packages/airflow/example_dags/example_trigger_controller_dag.py for tasks to queue
[2026-07-15T17:19:17.796+0200] {logging_mixin.py:151} INFO - [2026-07-15T17:19:17.795+0200] {dagbag.py:536} INFO - Filling up the DagBag from /home/ai/.local/lib/python3.9/site-packages/airflow/example_dags/example_trigger_controller_dag.py
[2026-07-15T17:19:17.801+0200] {processor.py:839} INFO - DAG(s) dict_keys(['example_trigger_controller_dag']) retrieved from /home/ai/.local/lib/python3.9/site-packages/airflow/example_dags/example_trigger_controller_dag.py
[2026-07-15T17:19:17.817+0200] {logging_mixin.py:151} INFO - [2026-07-15T17:19:17.817+0200] {dag.py:2941} INFO - Sync 1 DAGs
[2026-07-15T17:19:17.835+0200] {logging_mixin.py:151} INFO - [2026-07-15T17:19:17.835+0200] {dag.py:3722} INFO - Setting next_dagrun for example_trigger_controller_dag to 2021-01-01T00:00:00+00:00, run_after=2021-01-01T00:00:00+00:00
[2026-07-15T17:19:17.937+0200] {processor.py:179} INFO - Processing /home/ai/.local/lib/python3.9/site-packages/airflow/example_dags/example_trigger_controller_dag.py took 0.149 seconds
