[2026-07-15T16:15:25.229+0200] {processor.py:157} INFO - Started process (PID=3405908) to work on /home/ai/.local/lib/python3.9/site-packages/airflow/example_dags/example_short_circuit_operator.py
[2026-07-15T16:15:25.230+0200] {processor.py:829} INFO - Processing file /home/ai/.local/lib/python3.9/site-packages/airflow/example_dags/example_short_circuit_operator.py for tasks to queue
[2026-07-15T16:15:25.231+0200] {logging_mixin.py:151} INFO - [2026-07-15T16:15:25.231+0200] {dagbag.py:536} INFO - Filling up the DagBag from /home/ai/.local/lib/python3.9/site-packages/airflow/example_dags/example_short_circuit_operator.py
[2026-07-15T16:15:25.239+0200] {processor.py:839} INFO - DAG(s) dict_keys(['example_short_circuit_operator']) retrieved from /home/ai/.local/lib/python3.9/site-packages/airflow/example_dags/example_short_circuit_operator.py
[2026-07-15T16:15:25.259+0200] {logging_mixin.py:151} INFO - [2026-07-15T16:15:25.259+0200] {dag.py:2941} INFO - Sync 1 DAGs
[2026-07-15T16:15:25.281+0200] {logging_mixin.py:151} INFO - [2026-07-15T16:15:25.281+0200] {dag.py:3722} INFO - Setting next_dagrun for example_short_circuit_operator to 2026-07-14T14:15:25.280816+00:00, run_after=2026-07-15T14:15:25.280816+00:00
[2026-07-15T16:15:25.300+0200] {processor.py:179} INFO - Processing /home/ai/.local/lib/python3.9/site-packages/airflow/example_dags/example_short_circuit_operator.py took 0.078 seconds
[2026-07-15T16:16:47.797+0200] {processor.py:157} INFO - Started process (PID=3407240) to work on /home/ai/.local/lib/python3.9/site-packages/airflow/example_dags/example_short_circuit_operator.py
[2026-07-15T16:16:47.799+0200] {processor.py:829} INFO - Processing file /home/ai/.local/lib/python3.9/site-packages/airflow/example_dags/example_short_circuit_operator.py for tasks to queue
[2026-07-15T16:16:47.800+0200] {logging_mixin.py:151} INFO - [2026-07-15T16:16:47.799+0200] {dagbag.py:536} INFO - Filling up the DagBag from /home/ai/.local/lib/python3.9/site-packages/airflow/example_dags/example_short_circuit_operator.py
[2026-07-15T16:16:47.808+0200] {processor.py:839} INFO - DAG(s) dict_keys(['example_short_circuit_operator']) retrieved from /home/ai/.local/lib/python3.9/site-packages/airflow/example_dags/example_short_circuit_operator.py
[2026-07-15T16:16:47.827+0200] {logging_mixin.py:151} INFO - [2026-07-15T16:16:47.827+0200] {dag.py:2941} INFO - Sync 1 DAGs
[2026-07-15T16:16:47.846+0200] {logging_mixin.py:151} INFO - [2026-07-15T16:16:47.845+0200] {dag.py:3722} INFO - Setting next_dagrun for example_short_circuit_operator to 2026-07-14T14:16:47.845719+00:00, run_after=2026-07-15T14:16:47.845719+00:00
[2026-07-15T16:16:47.866+0200] {processor.py:179} INFO - Processing /home/ai/.local/lib/python3.9/site-packages/airflow/example_dags/example_short_circuit_operator.py took 0.076 seconds
[2026-07-15T16:18:17.185+0200] {processor.py:157} INFO - Started process (PID=3408779) to work on /home/ai/.local/lib/python3.9/site-packages/airflow/example_dags/example_short_circuit_operator.py
[2026-07-15T16:18:17.186+0200] {processor.py:829} INFO - Processing file /home/ai/.local/lib/python3.9/site-packages/airflow/example_dags/example_short_circuit_operator.py for tasks to queue
[2026-07-15T16:18:17.187+0200] {logging_mixin.py:151} INFO - [2026-07-15T16:18:17.187+0200] {dagbag.py:536} INFO - Filling up the DagBag from /home/ai/.local/lib/python3.9/site-packages/airflow/example_dags/example_short_circuit_operator.py
[2026-07-15T16:18:17.205+0200] {processor.py:839} INFO - DAG(s) dict_keys(['example_short_circuit_operator']) retrieved from /home/ai/.local/lib/python3.9/site-packages/airflow/example_dags/example_short_circuit_operator.py
[2026-07-15T16:18:17.223+0200] {logging_mixin.py:151} INFO - [2026-07-15T16:18:17.223+0200] {dag.py:2941} INFO - Sync 1 DAGs
[2026-07-15T16:18:17.240+0200] {logging_mixin.py:151} INFO - [2026-07-15T16:18:17.239+0200] {dag.py:3722} INFO - Setting next_dagrun for example_short_circuit_operator to 2026-07-14T14:18:17.239639+00:00, run_after=2026-07-15T14:18:17.239639+00:00
[2026-07-15T16:18:17.533+0200] {processor.py:179} INFO - Processing /home/ai/.local/lib/python3.9/site-packages/airflow/example_dags/example_short_circuit_operator.py took 0.354 seconds
[2026-07-15T16:19:53.511+0200] {processor.py:157} INFO - Started process (PID=3410427) to work on /home/ai/.local/lib/python3.9/site-packages/airflow/example_dags/example_short_circuit_operator.py
[2026-07-15T16:19:53.513+0200] {processor.py:829} INFO - Processing file /home/ai/.local/lib/python3.9/site-packages/airflow/example_dags/example_short_circuit_operator.py for tasks to queue
[2026-07-15T16:19:53.514+0200] {logging_mixin.py:151} INFO - [2026-07-15T16:19:53.513+0200] {dagbag.py:536} INFO - Filling up the DagBag from /home/ai/.local/lib/python3.9/site-packages/airflow/example_dags/example_short_circuit_operator.py
[2026-07-15T16:19:53.522+0200] {processor.py:839} INFO - DAG(s) dict_keys(['example_short_circuit_operator']) retrieved from /home/ai/.local/lib/python3.9/site-packages/airflow/example_dags/example_short_circuit_operator.py
[2026-07-15T16:19:53.541+0200] {logging_mixin.py:151} INFO - [2026-07-15T16:19:53.541+0200] {dag.py:2941} INFO - Sync 1 DAGs
[2026-07-15T16:19:53.559+0200] {logging_mixin.py:151} INFO - [2026-07-15T16:19:53.559+0200] {dag.py:3722} INFO - Setting next_dagrun for example_short_circuit_operator to 2026-07-14T14:19:53.559004+00:00, run_after=2026-07-15T14:19:53.559004+00:00
[2026-07-15T16:19:53.715+0200] {processor.py:179} INFO - Processing /home/ai/.local/lib/python3.9/site-packages/airflow/example_dags/example_short_circuit_operator.py took 0.210 seconds
[2026-07-15T16:21:29.196+0200] {processor.py:157} INFO - Started process (PID=3412048) to work on /home/ai/.local/lib/python3.9/site-packages/airflow/example_dags/example_short_circuit_operator.py
[2026-07-15T16:21:29.198+0200] {processor.py:829} INFO - Processing file /home/ai/.local/lib/python3.9/site-packages/airflow/example_dags/example_short_circuit_operator.py for tasks to queue
[2026-07-15T16:21:29.198+0200] {logging_mixin.py:151} INFO - [2026-07-15T16:21:29.198+0200] {dagbag.py:536} INFO - Filling up the DagBag from /home/ai/.local/lib/python3.9/site-packages/airflow/example_dags/example_short_circuit_operator.py
[2026-07-15T16:21:29.208+0200] {processor.py:839} INFO - DAG(s) dict_keys(['example_short_circuit_operator']) retrieved from /home/ai/.local/lib/python3.9/site-packages/airflow/example_dags/example_short_circuit_operator.py
[2026-07-15T16:21:29.225+0200] {logging_mixin.py:151} INFO - [2026-07-15T16:21:29.225+0200] {dag.py:2941} INFO - Sync 1 DAGs
[2026-07-15T16:21:29.243+0200] {logging_mixin.py:151} INFO - [2026-07-15T16:21:29.243+0200] {dag.py:3722} INFO - Setting next_dagrun for example_short_circuit_operator to 2026-07-14T14:21:29.242406+00:00, run_after=2026-07-15T14:21:29.242406+00:00
[2026-07-15T16:21:29.269+0200] {processor.py:179} INFO - Processing /home/ai/.local/lib/python3.9/site-packages/airflow/example_dags/example_short_circuit_operator.py took 0.077 seconds
[2026-07-15T16:22:56.984+0200] {processor.py:157} INFO - Started process (PID=3413585) to work on /home/ai/.local/lib/python3.9/site-packages/airflow/example_dags/example_short_circuit_operator.py
[2026-07-15T16:22:56.986+0200] {processor.py:829} INFO - Processing file /home/ai/.local/lib/python3.9/site-packages/airflow/example_dags/example_short_circuit_operator.py for tasks to queue
[2026-07-15T16:22:56.987+0200] {logging_mixin.py:151} INFO - [2026-07-15T16:22:56.986+0200] {dagbag.py:536} INFO - Filling up the DagBag from /home/ai/.local/lib/python3.9/site-packages/airflow/example_dags/example_short_circuit_operator.py
[2026-07-15T16:22:56.996+0200] {processor.py:839} INFO - DAG(s) dict_keys(['example_short_circuit_operator']) retrieved from /home/ai/.local/lib/python3.9/site-packages/airflow/example_dags/example_short_circuit_operator.py
[2026-07-15T16:22:57.014+0200] {logging_mixin.py:151} INFO - [2026-07-15T16:22:57.014+0200] {dag.py:2941} INFO - Sync 1 DAGs
[2026-07-15T16:22:57.033+0200] {logging_mixin.py:151} INFO - [2026-07-15T16:22:57.032+0200] {dag.py:3722} INFO - Setting next_dagrun for example_short_circuit_operator to 2026-07-14T14:22:57.032590+00:00, run_after=2026-07-15T14:22:57.032590+00:00
[2026-07-15T16:22:58.022+0200] {processor.py:179} INFO - Processing /home/ai/.local/lib/python3.9/site-packages/airflow/example_dags/example_short_circuit_operator.py took 1.042 seconds
[2026-07-15T16:24:19.196+0200] {processor.py:157} INFO - Started process (PID=3415033) to work on /home/ai/.local/lib/python3.9/site-packages/airflow/example_dags/example_short_circuit_operator.py
[2026-07-15T16:24:19.197+0200] {processor.py:829} INFO - Processing file /home/ai/.local/lib/python3.9/site-packages/airflow/example_dags/example_short_circuit_operator.py for tasks to queue
[2026-07-15T16:24:19.198+0200] {logging_mixin.py:151} INFO - [2026-07-15T16:24:19.198+0200] {dagbag.py:536} INFO - Filling up the DagBag from /home/ai/.local/lib/python3.9/site-packages/airflow/example_dags/example_short_circuit_operator.py
[2026-07-15T16:24:19.207+0200] {processor.py:839} INFO - DAG(s) dict_keys(['example_short_circuit_operator']) retrieved from /home/ai/.local/lib/python3.9/site-packages/airflow/example_dags/example_short_circuit_operator.py
[2026-07-15T16:24:19.224+0200] {logging_mixin.py:151} INFO - [2026-07-15T16:24:19.224+0200] {dag.py:2941} INFO - Sync 1 DAGs
[2026-07-15T16:24:19.242+0200] {logging_mixin.py:151} INFO - [2026-07-15T16:24:19.242+0200] {dag.py:3722} INFO - Setting next_dagrun for example_short_circuit_operator to 2026-07-14T14:24:19.242109+00:00, run_after=2026-07-15T14:24:19.242109+00:00
[2026-07-15T16:24:20.044+0200] {processor.py:179} INFO - Processing /home/ai/.local/lib/python3.9/site-packages/airflow/example_dags/example_short_circuit_operator.py took 0.855 seconds
[2026-07-15T16:25:39.816+0200] {processor.py:157} INFO - Started process (PID=3416314) to work on /home/ai/.local/lib/python3.9/site-packages/airflow/example_dags/example_short_circuit_operator.py
[2026-07-15T16:25:39.817+0200] {processor.py:829} INFO - Processing file /home/ai/.local/lib/python3.9/site-packages/airflow/example_dags/example_short_circuit_operator.py for tasks to queue
[2026-07-15T16:25:39.818+0200] {logging_mixin.py:151} INFO - [2026-07-15T16:25:39.818+0200] {dagbag.py:536} INFO - Filling up the DagBag from /home/ai/.local/lib/python3.9/site-packages/airflow/example_dags/example_short_circuit_operator.py
[2026-07-15T16:25:39.827+0200] {processor.py:839} INFO - DAG(s) dict_keys(['example_short_circuit_operator']) retrieved from /home/ai/.local/lib/python3.9/site-packages/airflow/example_dags/example_short_circuit_operator.py
[2026-07-15T16:25:39.845+0200] {logging_mixin.py:151} INFO - [2026-07-15T16:25:39.845+0200] {dag.py:2941} INFO - Sync 1 DAGs
[2026-07-15T16:25:39.865+0200] {logging_mixin.py:151} INFO - [2026-07-15T16:25:39.865+0200] {dag.py:3722} INFO - Setting next_dagrun for example_short_circuit_operator to 2026-07-14T14:25:39.864741+00:00, run_after=2026-07-15T14:25:39.864741+00:00
[2026-07-15T16:25:40.689+0200] {processor.py:179} INFO - Processing /home/ai/.local/lib/python3.9/site-packages/airflow/example_dags/example_short_circuit_operator.py took 0.878 seconds
[2026-07-15T16:27:34.470+0200] {processor.py:157} INFO - Started process (PID=3418317) to work on /home/ai/.local/lib/python3.9/site-packages/airflow/example_dags/example_short_circuit_operator.py
[2026-07-15T16:27:34.472+0200] {processor.py:829} INFO - Processing file /home/ai/.local/lib/python3.9/site-packages/airflow/example_dags/example_short_circuit_operator.py for tasks to queue
[2026-07-15T16:27:34.473+0200] {logging_mixin.py:151} INFO - [2026-07-15T16:27:34.472+0200] {dagbag.py:536} INFO - Filling up the DagBag from /home/ai/.local/lib/python3.9/site-packages/airflow/example_dags/example_short_circuit_operator.py
[2026-07-15T16:27:34.482+0200] {processor.py:839} INFO - DAG(s) dict_keys(['example_short_circuit_operator']) retrieved from /home/ai/.local/lib/python3.9/site-packages/airflow/example_dags/example_short_circuit_operator.py
[2026-07-15T16:27:34.500+0200] {logging_mixin.py:151} INFO - [2026-07-15T16:27:34.500+0200] {dag.py:2941} INFO - Sync 1 DAGs
[2026-07-15T16:27:34.518+0200] {logging_mixin.py:151} INFO - [2026-07-15T16:27:34.517+0200] {dag.py:3722} INFO - Setting next_dagrun for example_short_circuit_operator to 2026-07-14T14:27:34.517725+00:00, run_after=2026-07-15T14:27:34.517725+00:00
[2026-07-15T16:27:34.537+0200] {processor.py:179} INFO - Processing /home/ai/.local/lib/python3.9/site-packages/airflow/example_dags/example_short_circuit_operator.py took 0.071 seconds
[2026-07-15T16:29:08.747+0200] {processor.py:157} INFO - Started process (PID=3419869) to work on /home/ai/.local/lib/python3.9/site-packages/airflow/example_dags/example_short_circuit_operator.py
[2026-07-15T16:29:08.749+0200] {processor.py:829} INFO - Processing file /home/ai/.local/lib/python3.9/site-packages/airflow/example_dags/example_short_circuit_operator.py for tasks to queue
[2026-07-15T16:29:08.750+0200] {logging_mixin.py:151} INFO - [2026-07-15T16:29:08.750+0200] {dagbag.py:536} INFO - Filling up the DagBag from /home/ai/.local/lib/python3.9/site-packages/airflow/example_dags/example_short_circuit_operator.py
[2026-07-15T16:29:08.758+0200] {processor.py:839} INFO - DAG(s) dict_keys(['example_short_circuit_operator']) retrieved from /home/ai/.local/lib/python3.9/site-packages/airflow/example_dags/example_short_circuit_operator.py
[2026-07-15T16:29:08.775+0200] {logging_mixin.py:151} INFO - [2026-07-15T16:29:08.774+0200] {dag.py:2941} INFO - Sync 1 DAGs
[2026-07-15T16:29:08.792+0200] {logging_mixin.py:151} INFO - [2026-07-15T16:29:08.792+0200] {dag.py:3722} INFO - Setting next_dagrun for example_short_circuit_operator to 2026-07-14T14:29:08.792235+00:00, run_after=2026-07-15T14:29:08.792235+00:00
[2026-07-15T16:29:08.810+0200] {processor.py:179} INFO - Processing /home/ai/.local/lib/python3.9/site-packages/airflow/example_dags/example_short_circuit_operator.py took 0.068 seconds
[2026-07-15T16:30:50.603+0200] {processor.py:157} INFO - Started process (PID=3421617) to work on /home/ai/.local/lib/python3.9/site-packages/airflow/example_dags/example_short_circuit_operator.py
[2026-07-15T16:30:50.605+0200] {processor.py:829} INFO - Processing file /home/ai/.local/lib/python3.9/site-packages/airflow/example_dags/example_short_circuit_operator.py for tasks to queue
[2026-07-15T16:30:50.605+0200] {logging_mixin.py:151} INFO - [2026-07-15T16:30:50.605+0200] {dagbag.py:536} INFO - Filling up the DagBag from /home/ai/.local/lib/python3.9/site-packages/airflow/example_dags/example_short_circuit_operator.py
[2026-07-15T16:30:50.614+0200] {processor.py:839} INFO - DAG(s) dict_keys(['example_short_circuit_operator']) retrieved from /home/ai/.local/lib/python3.9/site-packages/airflow/example_dags/example_short_circuit_operator.py
[2026-07-15T16:30:50.631+0200] {logging_mixin.py:151} INFO - [2026-07-15T16:30:50.630+0200] {dag.py:2941} INFO - Sync 1 DAGs
[2026-07-15T16:30:50.648+0200] {logging_mixin.py:151} INFO - [2026-07-15T16:30:50.648+0200] {dag.py:3722} INFO - Setting next_dagrun for example_short_circuit_operator to 2026-07-14T14:30:50.648205+00:00, run_after=2026-07-15T14:30:50.648205+00:00
[2026-07-15T16:30:50.668+0200] {processor.py:179} INFO - Processing /home/ai/.local/lib/python3.9/site-packages/airflow/example_dags/example_short_circuit_operator.py took 0.068 seconds
[2026-07-15T16:32:21.303+0200] {processor.py:157} INFO - Started process (PID=3423112) to work on /home/ai/.local/lib/python3.9/site-packages/airflow/example_dags/example_short_circuit_operator.py
[2026-07-15T16:32:21.305+0200] {processor.py:829} INFO - Processing file /home/ai/.local/lib/python3.9/site-packages/airflow/example_dags/example_short_circuit_operator.py for tasks to queue
[2026-07-15T16:32:21.306+0200] {logging_mixin.py:151} INFO - [2026-07-15T16:32:21.306+0200] {dagbag.py:536} INFO - Filling up the DagBag from /home/ai/.local/lib/python3.9/site-packages/airflow/example_dags/example_short_circuit_operator.py
[2026-07-15T16:32:21.315+0200] {processor.py:839} INFO - DAG(s) dict_keys(['example_short_circuit_operator']) retrieved from /home/ai/.local/lib/python3.9/site-packages/airflow/example_dags/example_short_circuit_operator.py
[2026-07-15T16:32:21.332+0200] {logging_mixin.py:151} INFO - [2026-07-15T16:32:21.332+0200] {dag.py:2941} INFO - Sync 1 DAGs
[2026-07-15T16:32:21.351+0200] {logging_mixin.py:151} INFO - [2026-07-15T16:32:21.351+0200] {dag.py:3722} INFO - Setting next_dagrun for example_short_circuit_operator to 2026-07-14T14:32:21.351272+00:00, run_after=2026-07-15T14:32:21.351272+00:00
[2026-07-15T16:32:21.653+0200] {processor.py:179} INFO - Processing /home/ai/.local/lib/python3.9/site-packages/airflow/example_dags/example_short_circuit_operator.py took 0.355 seconds
[2026-07-15T16:33:51.754+0200] {processor.py:157} INFO - Started process (PID=3424764) to work on /home/ai/.local/lib/python3.9/site-packages/airflow/example_dags/example_short_circuit_operator.py
[2026-07-15T16:33:51.756+0200] {processor.py:829} INFO - Processing file /home/ai/.local/lib/python3.9/site-packages/airflow/example_dags/example_short_circuit_operator.py for tasks to queue
[2026-07-15T16:33:51.757+0200] {logging_mixin.py:151} INFO - [2026-07-15T16:33:51.757+0200] {dagbag.py:536} INFO - Filling up the DagBag from /home/ai/.local/lib/python3.9/site-packages/airflow/example_dags/example_short_circuit_operator.py
[2026-07-15T16:33:51.766+0200] {processor.py:839} INFO - DAG(s) dict_keys(['example_short_circuit_operator']) retrieved from /home/ai/.local/lib/python3.9/site-packages/airflow/example_dags/example_short_circuit_operator.py
[2026-07-15T16:33:51.785+0200] {logging_mixin.py:151} INFO - [2026-07-15T16:33:51.784+0200] {dag.py:2941} INFO - Sync 1 DAGs
[2026-07-15T16:33:51.803+0200] {logging_mixin.py:151} INFO - [2026-07-15T16:33:51.802+0200] {dag.py:3722} INFO - Setting next_dagrun for example_short_circuit_operator to 2026-07-14T14:33:51.802765+00:00, run_after=2026-07-15T14:33:51.802765+00:00
[2026-07-15T16:33:52.206+0200] {processor.py:179} INFO - Processing /home/ai/.local/lib/python3.9/site-packages/airflow/example_dags/example_short_circuit_operator.py took 0.456 seconds
[2026-07-15T16:35:20.610+0200] {processor.py:157} INFO - Started process (PID=3426208) to work on /home/ai/.local/lib/python3.9/site-packages/airflow/example_dags/example_short_circuit_operator.py
[2026-07-15T16:35:20.612+0200] {processor.py:829} INFO - Processing file /home/ai/.local/lib/python3.9/site-packages/airflow/example_dags/example_short_circuit_operator.py for tasks to queue
[2026-07-15T16:35:20.613+0200] {logging_mixin.py:151} INFO - [2026-07-15T16:35:20.612+0200] {dagbag.py:536} INFO - Filling up the DagBag from /home/ai/.local/lib/python3.9/site-packages/airflow/example_dags/example_short_circuit_operator.py
[2026-07-15T16:35:20.621+0200] {processor.py:839} INFO - DAG(s) dict_keys(['example_short_circuit_operator']) retrieved from /home/ai/.local/lib/python3.9/site-packages/airflow/example_dags/example_short_circuit_operator.py
[2026-07-15T16:35:20.639+0200] {logging_mixin.py:151} INFO - [2026-07-15T16:35:20.639+0200] {dag.py:2941} INFO - Sync 1 DAGs
[2026-07-15T16:35:20.665+0200] {logging_mixin.py:151} INFO - [2026-07-15T16:35:20.665+0200] {dag.py:3722} INFO - Setting next_dagrun for example_short_circuit_operator to 2026-07-14T14:35:20.664854+00:00, run_after=2026-07-15T14:35:20.664854+00:00
[2026-07-15T16:35:21.678+0200] {processor.py:179} INFO - Processing /home/ai/.local/lib/python3.9/site-packages/airflow/example_dags/example_short_circuit_operator.py took 1.075 seconds
[2026-07-15T16:36:47.140+0200] {processor.py:157} INFO - Started process (PID=3428002) to work on /home/ai/.local/lib/python3.9/site-packages/airflow/example_dags/example_short_circuit_operator.py
[2026-07-15T16:36:47.143+0200] {processor.py:829} INFO - Processing file /home/ai/.local/lib/python3.9/site-packages/airflow/example_dags/example_short_circuit_operator.py for tasks to queue
[2026-07-15T16:36:47.145+0200] {logging_mixin.py:151} INFO - [2026-07-15T16:36:47.144+0200] {dagbag.py:536} INFO - Filling up the DagBag from /home/ai/.local/lib/python3.9/site-packages/airflow/example_dags/example_short_circuit_operator.py
[2026-07-15T16:36:47.156+0200] {processor.py:839} INFO - DAG(s) dict_keys(['example_short_circuit_operator']) retrieved from /home/ai/.local/lib/python3.9/site-packages/airflow/example_dags/example_short_circuit_operator.py
[2026-07-15T16:36:47.181+0200] {logging_mixin.py:151} INFO - [2026-07-15T16:36:47.181+0200] {dag.py:2941} INFO - Sync 1 DAGs
[2026-07-15T16:36:47.210+0200] {logging_mixin.py:151} INFO - [2026-07-15T16:36:47.210+0200] {dag.py:3722} INFO - Setting next_dagrun for example_short_circuit_operator to 2026-07-14T14:36:47.210182+00:00, run_after=2026-07-15T14:36:47.210182+00:00
[2026-07-15T16:36:55.567+0200] {processor.py:179} INFO - Processing /home/ai/.local/lib/python3.9/site-packages/airflow/example_dags/example_short_circuit_operator.py took 8.438 seconds
[2026-07-15T16:38:45.044+0200] {processor.py:157} INFO - Started process (PID=3430361) to work on /home/ai/.local/lib/python3.9/site-packages/airflow/example_dags/example_short_circuit_operator.py
[2026-07-15T16:38:45.046+0200] {processor.py:829} INFO - Processing file /home/ai/.local/lib/python3.9/site-packages/airflow/example_dags/example_short_circuit_operator.py for tasks to queue
[2026-07-15T16:38:45.047+0200] {logging_mixin.py:151} INFO - [2026-07-15T16:38:45.047+0200] {dagbag.py:536} INFO - Filling up the DagBag from /home/ai/.local/lib/python3.9/site-packages/airflow/example_dags/example_short_circuit_operator.py
[2026-07-15T16:38:45.055+0200] {processor.py:839} INFO - DAG(s) dict_keys(['example_short_circuit_operator']) retrieved from /home/ai/.local/lib/python3.9/site-packages/airflow/example_dags/example_short_circuit_operator.py
[2026-07-15T16:38:45.071+0200] {logging_mixin.py:151} INFO - [2026-07-15T16:38:45.071+0200] {dag.py:2941} INFO - Sync 1 DAGs
[2026-07-15T16:38:45.090+0200] {logging_mixin.py:151} INFO - [2026-07-15T16:38:45.090+0200] {dag.py:3722} INFO - Setting next_dagrun for example_short_circuit_operator to 2026-07-14T14:38:45.090022+00:00, run_after=2026-07-15T14:38:45.090022+00:00
[2026-07-15T16:38:45.230+0200] {processor.py:179} INFO - Processing /home/ai/.local/lib/python3.9/site-packages/airflow/example_dags/example_short_circuit_operator.py took 0.192 seconds
[2026-07-15T16:40:23.169+0200] {processor.py:157} INFO - Started process (PID=3432116) to work on /home/ai/.local/lib/python3.9/site-packages/airflow/example_dags/example_short_circuit_operator.py
[2026-07-15T16:40:23.171+0200] {processor.py:829} INFO - Processing file /home/ai/.local/lib/python3.9/site-packages/airflow/example_dags/example_short_circuit_operator.py for tasks to queue
[2026-07-15T16:40:23.171+0200] {logging_mixin.py:151} INFO - [2026-07-15T16:40:23.171+0200] {dagbag.py:536} INFO - Filling up the DagBag from /home/ai/.local/lib/python3.9/site-packages/airflow/example_dags/example_short_circuit_operator.py
[2026-07-15T16:40:23.180+0200] {processor.py:839} INFO - DAG(s) dict_keys(['example_short_circuit_operator']) retrieved from /home/ai/.local/lib/python3.9/site-packages/airflow/example_dags/example_short_circuit_operator.py
[2026-07-15T16:40:23.197+0200] {logging_mixin.py:151} INFO - [2026-07-15T16:40:23.197+0200] {dag.py:2941} INFO - Sync 1 DAGs
[2026-07-15T16:40:23.215+0200] {logging_mixin.py:151} INFO - [2026-07-15T16:40:23.215+0200] {dag.py:3722} INFO - Setting next_dagrun for example_short_circuit_operator to 2026-07-14T14:40:23.215189+00:00, run_after=2026-07-15T14:40:23.215189+00:00
[2026-07-15T16:40:23.235+0200] {processor.py:179} INFO - Processing /home/ai/.local/lib/python3.9/site-packages/airflow/example_dags/example_short_circuit_operator.py took 0.074 seconds
[2026-07-15T16:42:07.888+0200] {processor.py:157} INFO - Started process (PID=3433987) to work on /home/ai/.local/lib/python3.9/site-packages/airflow/example_dags/example_short_circuit_operator.py
[2026-07-15T16:42:07.891+0200] {processor.py:829} INFO - Processing file /home/ai/.local/lib/python3.9/site-packages/airflow/example_dags/example_short_circuit_operator.py for tasks to queue
[2026-07-15T16:42:07.892+0200] {logging_mixin.py:151} INFO - [2026-07-15T16:42:07.891+0200] {dagbag.py:536} INFO - Filling up the DagBag from /home/ai/.local/lib/python3.9/site-packages/airflow/example_dags/example_short_circuit_operator.py
[2026-07-15T16:42:07.900+0200] {processor.py:839} INFO - DAG(s) dict_keys(['example_short_circuit_operator']) retrieved from /home/ai/.local/lib/python3.9/site-packages/airflow/example_dags/example_short_circuit_operator.py
[2026-07-15T16:42:07.917+0200] {logging_mixin.py:151} INFO - [2026-07-15T16:42:07.917+0200] {dag.py:2941} INFO - Sync 1 DAGs
[2026-07-15T16:42:07.933+0200] {logging_mixin.py:151} INFO - [2026-07-15T16:42:07.933+0200] {dag.py:3722} INFO - Setting next_dagrun for example_short_circuit_operator to 2026-07-14T14:42:07.933136+00:00, run_after=2026-07-15T14:42:07.933136+00:00
[2026-07-15T16:42:08.002+0200] {processor.py:179} INFO - Processing /home/ai/.local/lib/python3.9/site-packages/airflow/example_dags/example_short_circuit_operator.py took 0.119 seconds
[2026-07-15T16:43:49.241+0200] {processor.py:157} INFO - Started process (PID=3435739) to work on /home/ai/.local/lib/python3.9/site-packages/airflow/example_dags/example_short_circuit_operator.py
[2026-07-15T16:43:49.243+0200] {processor.py:829} INFO - Processing file /home/ai/.local/lib/python3.9/site-packages/airflow/example_dags/example_short_circuit_operator.py for tasks to queue
[2026-07-15T16:43:49.244+0200] {logging_mixin.py:151} INFO - [2026-07-15T16:43:49.243+0200] {dagbag.py:536} INFO - Filling up the DagBag from /home/ai/.local/lib/python3.9/site-packages/airflow/example_dags/example_short_circuit_operator.py
[2026-07-15T16:43:49.252+0200] {processor.py:839} INFO - DAG(s) dict_keys(['example_short_circuit_operator']) retrieved from /home/ai/.local/lib/python3.9/site-packages/airflow/example_dags/example_short_circuit_operator.py
[2026-07-15T16:43:49.270+0200] {logging_mixin.py:151} INFO - [2026-07-15T16:43:49.270+0200] {dag.py:2941} INFO - Sync 1 DAGs
[2026-07-15T16:43:49.289+0200] {logging_mixin.py:151} INFO - [2026-07-15T16:43:49.289+0200] {dag.py:3722} INFO - Setting next_dagrun for example_short_circuit_operator to 2026-07-14T14:43:49.288905+00:00, run_after=2026-07-15T14:43:49.288905+00:00
[2026-07-15T16:43:49.312+0200] {processor.py:179} INFO - Processing /home/ai/.local/lib/python3.9/site-packages/airflow/example_dags/example_short_circuit_operator.py took 0.077 seconds
[2026-07-15T16:45:26.637+0200] {processor.py:157} INFO - Started process (PID=3437507) to work on /home/ai/.local/lib/python3.9/site-packages/airflow/example_dags/example_short_circuit_operator.py
[2026-07-15T16:45:26.638+0200] {processor.py:829} INFO - Processing file /home/ai/.local/lib/python3.9/site-packages/airflow/example_dags/example_short_circuit_operator.py for tasks to queue
[2026-07-15T16:45:26.639+0200] {logging_mixin.py:151} INFO - [2026-07-15T16:45:26.639+0200] {dagbag.py:536} INFO - Filling up the DagBag from /home/ai/.local/lib/python3.9/site-packages/airflow/example_dags/example_short_circuit_operator.py
[2026-07-15T16:45:26.647+0200] {processor.py:839} INFO - DAG(s) dict_keys(['example_short_circuit_operator']) retrieved from /home/ai/.local/lib/python3.9/site-packages/airflow/example_dags/example_short_circuit_operator.py
[2026-07-15T16:45:26.663+0200] {logging_mixin.py:151} INFO - [2026-07-15T16:45:26.663+0200] {dag.py:2941} INFO - Sync 1 DAGs
[2026-07-15T16:45:26.681+0200] {logging_mixin.py:151} INFO - [2026-07-15T16:45:26.681+0200] {dag.py:3722} INFO - Setting next_dagrun for example_short_circuit_operator to 2026-07-14T14:45:26.681458+00:00, run_after=2026-07-15T14:45:26.681458+00:00
[2026-07-15T16:45:26.699+0200] {processor.py:179} INFO - Processing /home/ai/.local/lib/python3.9/site-packages/airflow/example_dags/example_short_circuit_operator.py took 0.068 seconds
[2026-07-15T16:46:38.098+0200] {processor.py:157} INFO - Started process (PID=3438754) to work on /home/ai/.local/lib/python3.9/site-packages/airflow/example_dags/example_short_circuit_operator.py
[2026-07-15T16:46:38.100+0200] {processor.py:829} INFO - Processing file /home/ai/.local/lib/python3.9/site-packages/airflow/example_dags/example_short_circuit_operator.py for tasks to queue
[2026-07-15T16:46:38.101+0200] {logging_mixin.py:151} INFO - [2026-07-15T16:46:38.100+0200] {dagbag.py:536} INFO - Filling up the DagBag from /home/ai/.local/lib/python3.9/site-packages/airflow/example_dags/example_short_circuit_operator.py
[2026-07-15T16:46:38.110+0200] {processor.py:839} INFO - DAG(s) dict_keys(['example_short_circuit_operator']) retrieved from /home/ai/.local/lib/python3.9/site-packages/airflow/example_dags/example_short_circuit_operator.py
[2026-07-15T16:46:38.131+0200] {logging_mixin.py:151} INFO - [2026-07-15T16:46:38.131+0200] {dag.py:2941} INFO - Sync 1 DAGs
[2026-07-15T16:46:38.151+0200] {logging_mixin.py:151} INFO - [2026-07-15T16:46:38.151+0200] {dag.py:3722} INFO - Setting next_dagrun for example_short_circuit_operator to 2026-07-14T14:46:38.151477+00:00, run_after=2026-07-15T14:46:38.151477+00:00
[2026-07-15T16:46:39.301+0200] {processor.py:179} INFO - Processing /home/ai/.local/lib/python3.9/site-packages/airflow/example_dags/example_short_circuit_operator.py took 1.208 seconds
[2026-07-15T16:48:30.480+0200] {processor.py:157} INFO - Started process (PID=3440672) to work on /home/ai/.local/lib/python3.9/site-packages/airflow/example_dags/example_short_circuit_operator.py
[2026-07-15T16:48:30.482+0200] {processor.py:829} INFO - Processing file /home/ai/.local/lib/python3.9/site-packages/airflow/example_dags/example_short_circuit_operator.py for tasks to queue
[2026-07-15T16:48:30.482+0200] {logging_mixin.py:151} INFO - [2026-07-15T16:48:30.482+0200] {dagbag.py:536} INFO - Filling up the DagBag from /home/ai/.local/lib/python3.9/site-packages/airflow/example_dags/example_short_circuit_operator.py
[2026-07-15T16:48:30.494+0200] {processor.py:839} INFO - DAG(s) dict_keys(['example_short_circuit_operator']) retrieved from /home/ai/.local/lib/python3.9/site-packages/airflow/example_dags/example_short_circuit_operator.py
[2026-07-15T16:48:30.512+0200] {logging_mixin.py:151} INFO - [2026-07-15T16:48:30.512+0200] {dag.py:2941} INFO - Sync 1 DAGs
[2026-07-15T16:48:30.530+0200] {logging_mixin.py:151} INFO - [2026-07-15T16:48:30.529+0200] {dag.py:3722} INFO - Setting next_dagrun for example_short_circuit_operator to 2026-07-14T14:48:30.529735+00:00, run_after=2026-07-15T14:48:30.529735+00:00
[2026-07-15T16:48:30.995+0200] {processor.py:179} INFO - Processing /home/ai/.local/lib/python3.9/site-packages/airflow/example_dags/example_short_circuit_operator.py took 0.519 seconds
[2026-07-15T16:50:23.419+0200] {processor.py:157} INFO - Started process (PID=3442536) to work on /home/ai/.local/lib/python3.9/site-packages/airflow/example_dags/example_short_circuit_operator.py
[2026-07-15T16:50:23.420+0200] {processor.py:829} INFO - Processing file /home/ai/.local/lib/python3.9/site-packages/airflow/example_dags/example_short_circuit_operator.py for tasks to queue
[2026-07-15T16:50:23.421+0200] {logging_mixin.py:151} INFO - [2026-07-15T16:50:23.421+0200] {dagbag.py:536} INFO - Filling up the DagBag from /home/ai/.local/lib/python3.9/site-packages/airflow/example_dags/example_short_circuit_operator.py
[2026-07-15T16:50:23.430+0200] {processor.py:839} INFO - DAG(s) dict_keys(['example_short_circuit_operator']) retrieved from /home/ai/.local/lib/python3.9/site-packages/airflow/example_dags/example_short_circuit_operator.py
[2026-07-15T16:50:23.448+0200] {logging_mixin.py:151} INFO - [2026-07-15T16:50:23.448+0200] {dag.py:2941} INFO - Sync 1 DAGs
[2026-07-15T16:50:23.466+0200] {logging_mixin.py:151} INFO - [2026-07-15T16:50:23.466+0200] {dag.py:3722} INFO - Setting next_dagrun for example_short_circuit_operator to 2026-07-14T14:50:23.466168+00:00, run_after=2026-07-15T14:50:23.466168+00:00
[2026-07-15T16:50:23.600+0200] {processor.py:179} INFO - Processing /home/ai/.local/lib/python3.9/site-packages/airflow/example_dags/example_short_circuit_operator.py took 0.186 seconds
[2026-07-15T16:52:22.558+0200] {processor.py:157} INFO - Started process (PID=3444589) to work on /home/ai/.local/lib/python3.9/site-packages/airflow/example_dags/example_short_circuit_operator.py
[2026-07-15T16:52:22.560+0200] {processor.py:829} INFO - Processing file /home/ai/.local/lib/python3.9/site-packages/airflow/example_dags/example_short_circuit_operator.py for tasks to queue
[2026-07-15T16:52:22.561+0200] {logging_mixin.py:151} INFO - [2026-07-15T16:52:22.561+0200] {dagbag.py:536} INFO - Filling up the DagBag from /home/ai/.local/lib/python3.9/site-packages/airflow/example_dags/example_short_circuit_operator.py
[2026-07-15T16:52:22.570+0200] {processor.py:839} INFO - DAG(s) dict_keys(['example_short_circuit_operator']) retrieved from /home/ai/.local/lib/python3.9/site-packages/airflow/example_dags/example_short_circuit_operator.py
[2026-07-15T16:52:22.587+0200] {logging_mixin.py:151} INFO - [2026-07-15T16:52:22.587+0200] {dag.py:2941} INFO - Sync 1 DAGs
[2026-07-15T16:52:22.605+0200] {logging_mixin.py:151} INFO - [2026-07-15T16:52:22.604+0200] {dag.py:3722} INFO - Setting next_dagrun for example_short_circuit_operator to 2026-07-14T14:52:22.604625+00:00, run_after=2026-07-15T14:52:22.604625+00:00
[2026-07-15T16:52:23.222+0200] {processor.py:179} INFO - Processing /home/ai/.local/lib/python3.9/site-packages/airflow/example_dags/example_short_circuit_operator.py took 0.670 seconds
[2026-07-15T16:54:40.667+0200] {processor.py:157} INFO - Started process (PID=3446873) to work on /home/ai/.local/lib/python3.9/site-packages/airflow/example_dags/example_short_circuit_operator.py
[2026-07-15T16:54:40.668+0200] {processor.py:829} INFO - Processing file /home/ai/.local/lib/python3.9/site-packages/airflow/example_dags/example_short_circuit_operator.py for tasks to queue
[2026-07-15T16:54:40.670+0200] {logging_mixin.py:151} INFO - [2026-07-15T16:54:40.669+0200] {dagbag.py:536} INFO - Filling up the DagBag from /home/ai/.local/lib/python3.9/site-packages/airflow/example_dags/example_short_circuit_operator.py
[2026-07-15T16:54:40.680+0200] {processor.py:839} INFO - DAG(s) dict_keys(['example_short_circuit_operator']) retrieved from /home/ai/.local/lib/python3.9/site-packages/airflow/example_dags/example_short_circuit_operator.py
[2026-07-15T16:54:40.699+0200] {logging_mixin.py:151} INFO - [2026-07-15T16:54:40.698+0200] {dag.py:2941} INFO - Sync 1 DAGs
[2026-07-15T16:54:40.718+0200] {logging_mixin.py:151} INFO - [2026-07-15T16:54:40.718+0200] {dag.py:3722} INFO - Setting next_dagrun for example_short_circuit_operator to 2026-07-14T14:54:40.717780+00:00, run_after=2026-07-15T14:54:40.717780+00:00
[2026-07-15T16:54:40.806+0200] {processor.py:179} INFO - Processing /home/ai/.local/lib/python3.9/site-packages/airflow/example_dags/example_short_circuit_operator.py took 0.149 seconds
[2026-07-15T16:56:47.998+0200] {processor.py:157} INFO - Started process (PID=3448998) to work on /home/ai/.local/lib/python3.9/site-packages/airflow/example_dags/example_short_circuit_operator.py
[2026-07-15T16:56:48.000+0200] {processor.py:829} INFO - Processing file /home/ai/.local/lib/python3.9/site-packages/airflow/example_dags/example_short_circuit_operator.py for tasks to queue
[2026-07-15T16:56:48.001+0200] {logging_mixin.py:151} INFO - [2026-07-15T16:56:48.000+0200] {dagbag.py:536} INFO - Filling up the DagBag from /home/ai/.local/lib/python3.9/site-packages/airflow/example_dags/example_short_circuit_operator.py
[2026-07-15T16:56:48.010+0200] {processor.py:839} INFO - DAG(s) dict_keys(['example_short_circuit_operator']) retrieved from /home/ai/.local/lib/python3.9/site-packages/airflow/example_dags/example_short_circuit_operator.py
[2026-07-15T16:56:48.030+0200] {logging_mixin.py:151} INFO - [2026-07-15T16:56:48.029+0200] {dag.py:2941} INFO - Sync 1 DAGs
[2026-07-15T16:56:48.048+0200] {logging_mixin.py:151} INFO - [2026-07-15T16:56:48.048+0200] {dag.py:3722} INFO - Setting next_dagrun for example_short_circuit_operator to 2026-07-14T14:56:48.047847+00:00, run_after=2026-07-15T14:56:48.047847+00:00
[2026-07-15T16:56:51.187+0200] {processor.py:179} INFO - Processing /home/ai/.local/lib/python3.9/site-packages/airflow/example_dags/example_short_circuit_operator.py took 3.194 seconds
[2026-07-15T16:59:38.378+0200] {processor.py:157} INFO - Started process (PID=3452119) to work on /home/ai/.local/lib/python3.9/site-packages/airflow/example_dags/example_short_circuit_operator.py
[2026-07-15T16:59:38.379+0200] {processor.py:829} INFO - Processing file /home/ai/.local/lib/python3.9/site-packages/airflow/example_dags/example_short_circuit_operator.py for tasks to queue
[2026-07-15T16:59:38.380+0200] {logging_mixin.py:151} INFO - [2026-07-15T16:59:38.380+0200] {dagbag.py:536} INFO - Filling up the DagBag from /home/ai/.local/lib/python3.9/site-packages/airflow/example_dags/example_short_circuit_operator.py
[2026-07-15T16:59:38.390+0200] {processor.py:839} INFO - DAG(s) dict_keys(['example_short_circuit_operator']) retrieved from /home/ai/.local/lib/python3.9/site-packages/airflow/example_dags/example_short_circuit_operator.py
[2026-07-15T16:59:38.407+0200] {logging_mixin.py:151} INFO - [2026-07-15T16:59:38.407+0200] {dag.py:2941} INFO - Sync 1 DAGs
[2026-07-15T16:59:38.426+0200] {logging_mixin.py:151} INFO - [2026-07-15T16:59:38.426+0200] {dag.py:3722} INFO - Setting next_dagrun for example_short_circuit_operator to 2026-07-14T14:59:38.426137+00:00, run_after=2026-07-15T14:59:38.426137+00:00
[2026-07-15T16:59:38.448+0200] {processor.py:179} INFO - Processing /home/ai/.local/lib/python3.9/site-packages/airflow/example_dags/example_short_circuit_operator.py took 0.074 seconds
[2026-07-15T17:01:17.577+0200] {processor.py:157} INFO - Started process (PID=3453826) to work on /home/ai/.local/lib/python3.9/site-packages/airflow/example_dags/example_short_circuit_operator.py
[2026-07-15T17:01:17.579+0200] {processor.py:829} INFO - Processing file /home/ai/.local/lib/python3.9/site-packages/airflow/example_dags/example_short_circuit_operator.py for tasks to queue
[2026-07-15T17:01:17.580+0200] {logging_mixin.py:151} INFO - [2026-07-15T17:01:17.579+0200] {dagbag.py:536} INFO - Filling up the DagBag from /home/ai/.local/lib/python3.9/site-packages/airflow/example_dags/example_short_circuit_operator.py
[2026-07-15T17:01:17.588+0200] {processor.py:839} INFO - DAG(s) dict_keys(['example_short_circuit_operator']) retrieved from /home/ai/.local/lib/python3.9/site-packages/airflow/example_dags/example_short_circuit_operator.py
[2026-07-15T17:01:17.606+0200] {logging_mixin.py:151} INFO - [2026-07-15T17:01:17.606+0200] {dag.py:2941} INFO - Sync 1 DAGs
[2026-07-15T17:01:17.623+0200] {logging_mixin.py:151} INFO - [2026-07-15T17:01:17.623+0200] {dag.py:3722} INFO - Setting next_dagrun for example_short_circuit_operator to 2026-07-14T15:01:17.623414+00:00, run_after=2026-07-15T15:01:17.623414+00:00
[2026-07-15T17:01:20.034+0200] {processor.py:179} INFO - Processing /home/ai/.local/lib/python3.9/site-packages/airflow/example_dags/example_short_circuit_operator.py took 2.462 seconds
[2026-07-15T17:03:18.424+0200] {processor.py:157} INFO - Started process (PID=3456012) to work on /home/ai/.local/lib/python3.9/site-packages/airflow/example_dags/example_short_circuit_operator.py
[2026-07-15T17:03:18.425+0200] {processor.py:829} INFO - Processing file /home/ai/.local/lib/python3.9/site-packages/airflow/example_dags/example_short_circuit_operator.py for tasks to queue
[2026-07-15T17:03:18.426+0200] {logging_mixin.py:151} INFO - [2026-07-15T17:03:18.426+0200] {dagbag.py:536} INFO - Filling up the DagBag from /home/ai/.local/lib/python3.9/site-packages/airflow/example_dags/example_short_circuit_operator.py
[2026-07-15T17:03:18.436+0200] {processor.py:839} INFO - DAG(s) dict_keys(['example_short_circuit_operator']) retrieved from /home/ai/.local/lib/python3.9/site-packages/airflow/example_dags/example_short_circuit_operator.py
[2026-07-15T17:03:18.456+0200] {logging_mixin.py:151} INFO - [2026-07-15T17:03:18.456+0200] {dag.py:2941} INFO - Sync 1 DAGs
[2026-07-15T17:03:18.476+0200] {logging_mixin.py:151} INFO - [2026-07-15T17:03:18.476+0200] {dag.py:3722} INFO - Setting next_dagrun for example_short_circuit_operator to 2026-07-14T15:03:18.475911+00:00, run_after=2026-07-15T15:03:18.475911+00:00
[2026-07-15T17:03:18.767+0200] {processor.py:179} INFO - Processing /home/ai/.local/lib/python3.9/site-packages/airflow/example_dags/example_short_circuit_operator.py took 0.348 seconds
[2026-07-15T17:04:34.183+0200] {processor.py:157} INFO - Started process (PID=3457230) to work on /home/ai/.local/lib/python3.9/site-packages/airflow/example_dags/example_short_circuit_operator.py
[2026-07-15T17:04:34.185+0200] {processor.py:829} INFO - Processing file /home/ai/.local/lib/python3.9/site-packages/airflow/example_dags/example_short_circuit_operator.py for tasks to queue
[2026-07-15T17:04:34.187+0200] {logging_mixin.py:151} INFO - [2026-07-15T17:04:34.186+0200] {dagbag.py:536} INFO - Filling up the DagBag from /home/ai/.local/lib/python3.9/site-packages/airflow/example_dags/example_short_circuit_operator.py
[2026-07-15T17:04:34.197+0200] {processor.py:839} INFO - DAG(s) dict_keys(['example_short_circuit_operator']) retrieved from /home/ai/.local/lib/python3.9/site-packages/airflow/example_dags/example_short_circuit_operator.py
[2026-07-15T17:04:34.224+0200] {logging_mixin.py:151} INFO - [2026-07-15T17:04:34.223+0200] {dag.py:2941} INFO - Sync 1 DAGs
[2026-07-15T17:04:34.243+0200] {logging_mixin.py:151} INFO - [2026-07-15T17:04:34.242+0200] {dag.py:3722} INFO - Setting next_dagrun for example_short_circuit_operator to 2026-07-14T15:04:34.242650+00:00, run_after=2026-07-15T15:04:34.242650+00:00
[2026-07-15T17:04:34.286+0200] {processor.py:179} INFO - Processing /home/ai/.local/lib/python3.9/site-packages/airflow/example_dags/example_short_circuit_operator.py took 0.112 seconds
[2026-07-15T17:06:45.481+0200] {processor.py:157} INFO - Started process (PID=3459371) to work on /home/ai/.local/lib/python3.9/site-packages/airflow/example_dags/example_short_circuit_operator.py
[2026-07-15T17:06:45.727+0200] {processor.py:829} INFO - Processing file /home/ai/.local/lib/python3.9/site-packages/airflow/example_dags/example_short_circuit_operator.py for tasks to queue
[2026-07-15T17:06:45.729+0200] {logging_mixin.py:151} INFO - [2026-07-15T17:06:45.728+0200] {dagbag.py:536} INFO - Filling up the DagBag from /home/ai/.local/lib/python3.9/site-packages/airflow/example_dags/example_short_circuit_operator.py
[2026-07-15T17:06:45.743+0200] {processor.py:839} INFO - DAG(s) dict_keys(['example_short_circuit_operator']) retrieved from /home/ai/.local/lib/python3.9/site-packages/airflow/example_dags/example_short_circuit_operator.py
[2026-07-15T17:06:45.769+0200] {logging_mixin.py:151} INFO - [2026-07-15T17:06:45.768+0200] {dag.py:2941} INFO - Sync 1 DAGs
[2026-07-15T17:06:45.788+0200] {logging_mixin.py:151} INFO - [2026-07-15T17:06:45.787+0200] {dag.py:3722} INFO - Setting next_dagrun for example_short_circuit_operator to 2026-07-14T15:06:45.787701+00:00, run_after=2026-07-15T15:06:45.787701+00:00
[2026-07-15T17:06:46.084+0200] {processor.py:179} INFO - Processing /home/ai/.local/lib/python3.9/site-packages/airflow/example_dags/example_short_circuit_operator.py took 0.608 seconds
[2026-07-15T17:09:34.554+0200] {processor.py:157} INFO - Started process (PID=3462309) to work on /home/ai/.local/lib/python3.9/site-packages/airflow/example_dags/example_short_circuit_operator.py
[2026-07-15T17:09:34.556+0200] {processor.py:829} INFO - Processing file /home/ai/.local/lib/python3.9/site-packages/airflow/example_dags/example_short_circuit_operator.py for tasks to queue
[2026-07-15T17:09:34.557+0200] {logging_mixin.py:151} INFO - [2026-07-15T17:09:34.556+0200] {dagbag.py:536} INFO - Filling up the DagBag from /home/ai/.local/lib/python3.9/site-packages/airflow/example_dags/example_short_circuit_operator.py
[2026-07-15T17:09:34.565+0200] {processor.py:839} INFO - DAG(s) dict_keys(['example_short_circuit_operator']) retrieved from /home/ai/.local/lib/python3.9/site-packages/airflow/example_dags/example_short_circuit_operator.py
[2026-07-15T17:09:34.581+0200] {logging_mixin.py:151} INFO - [2026-07-15T17:09:34.581+0200] {dag.py:2941} INFO - Sync 1 DAGs
[2026-07-15T17:09:34.599+0200] {logging_mixin.py:151} INFO - [2026-07-15T17:09:34.599+0200] {dag.py:3722} INFO - Setting next_dagrun for example_short_circuit_operator to 2026-07-14T15:09:34.599425+00:00, run_after=2026-07-15T15:09:34.599425+00:00
[2026-07-15T17:09:34.825+0200] {processor.py:179} INFO - Processing /home/ai/.local/lib/python3.9/site-packages/airflow/example_dags/example_short_circuit_operator.py took 0.277 seconds
[2026-07-15T17:11:20.376+0200] {processor.py:157} INFO - Started process (PID=3464025) to work on /home/ai/.local/lib/python3.9/site-packages/airflow/example_dags/example_short_circuit_operator.py
[2026-07-15T17:11:20.378+0200] {processor.py:829} INFO - Processing file /home/ai/.local/lib/python3.9/site-packages/airflow/example_dags/example_short_circuit_operator.py for tasks to queue
[2026-07-15T17:11:20.379+0200] {logging_mixin.py:151} INFO - [2026-07-15T17:11:20.378+0200] {dagbag.py:536} INFO - Filling up the DagBag from /home/ai/.local/lib/python3.9/site-packages/airflow/example_dags/example_short_circuit_operator.py
[2026-07-15T17:11:20.387+0200] {processor.py:839} INFO - DAG(s) dict_keys(['example_short_circuit_operator']) retrieved from /home/ai/.local/lib/python3.9/site-packages/airflow/example_dags/example_short_circuit_operator.py
[2026-07-15T17:11:20.404+0200] {logging_mixin.py:151} INFO - [2026-07-15T17:11:20.404+0200] {dag.py:2941} INFO - Sync 1 DAGs
[2026-07-15T17:11:20.422+0200] {logging_mixin.py:151} INFO - [2026-07-15T17:11:20.422+0200] {dag.py:3722} INFO - Setting next_dagrun for example_short_circuit_operator to 2026-07-14T15:11:20.421990+00:00, run_after=2026-07-15T15:11:20.421990+00:00
[2026-07-15T17:11:21.111+0200] {processor.py:179} INFO - Processing /home/ai/.local/lib/python3.9/site-packages/airflow/example_dags/example_short_circuit_operator.py took 0.741 seconds
[2026-07-15T17:12:29.298+0200] {processor.py:157} INFO - Started process (PID=3465169) to work on /home/ai/.local/lib/python3.9/site-packages/airflow/example_dags/example_short_circuit_operator.py
[2026-07-15T17:12:29.299+0200] {processor.py:829} INFO - Processing file /home/ai/.local/lib/python3.9/site-packages/airflow/example_dags/example_short_circuit_operator.py for tasks to queue
[2026-07-15T17:12:29.300+0200] {logging_mixin.py:151} INFO - [2026-07-15T17:12:29.300+0200] {dagbag.py:536} INFO - Filling up the DagBag from /home/ai/.local/lib/python3.9/site-packages/airflow/example_dags/example_short_circuit_operator.py
[2026-07-15T17:12:29.310+0200] {processor.py:839} INFO - DAG(s) dict_keys(['example_short_circuit_operator']) retrieved from /home/ai/.local/lib/python3.9/site-packages/airflow/example_dags/example_short_circuit_operator.py
[2026-07-15T17:12:29.328+0200] {logging_mixin.py:151} INFO - [2026-07-15T17:12:29.328+0200] {dag.py:2941} INFO - Sync 1 DAGs
[2026-07-15T17:12:29.347+0200] {logging_mixin.py:151} INFO - [2026-07-15T17:12:29.347+0200] {dag.py:3722} INFO - Setting next_dagrun for example_short_circuit_operator to 2026-07-14T15:12:29.347480+00:00, run_after=2026-07-15T15:12:29.347480+00:00
[2026-07-15T17:12:29.645+0200] {processor.py:179} INFO - Processing /home/ai/.local/lib/python3.9/site-packages/airflow/example_dags/example_short_circuit_operator.py took 0.352 seconds
[2026-07-15T17:14:01.329+0200] {processor.py:157} INFO - Started process (PID=3466968) to work on /home/ai/.local/lib/python3.9/site-packages/airflow/example_dags/example_short_circuit_operator.py
[2026-07-15T17:14:01.331+0200] {processor.py:829} INFO - Processing file /home/ai/.local/lib/python3.9/site-packages/airflow/example_dags/example_short_circuit_operator.py for tasks to queue
[2026-07-15T17:14:01.332+0200] {logging_mixin.py:151} INFO - [2026-07-15T17:14:01.331+0200] {dagbag.py:536} INFO - Filling up the DagBag from /home/ai/.local/lib/python3.9/site-packages/airflow/example_dags/example_short_circuit_operator.py
[2026-07-15T17:14:01.340+0200] {processor.py:839} INFO - DAG(s) dict_keys(['example_short_circuit_operator']) retrieved from /home/ai/.local/lib/python3.9/site-packages/airflow/example_dags/example_short_circuit_operator.py
[2026-07-15T17:14:01.361+0200] {logging_mixin.py:151} INFO - [2026-07-15T17:14:01.361+0200] {dag.py:2941} INFO - Sync 1 DAGs
[2026-07-15T17:14:01.382+0200] {logging_mixin.py:151} INFO - [2026-07-15T17:14:01.381+0200] {dag.py:3722} INFO - Setting next_dagrun for example_short_circuit_operator to 2026-07-14T15:14:01.381757+00:00, run_after=2026-07-15T15:14:01.381757+00:00
[2026-07-15T17:14:02.068+0200] {processor.py:179} INFO - Processing /home/ai/.local/lib/python3.9/site-packages/airflow/example_dags/example_short_circuit_operator.py took 0.743 seconds
[2026-07-15T17:15:32.348+0200] {processor.py:157} INFO - Started process (PID=3468751) to work on /home/ai/.local/lib/python3.9/site-packages/airflow/example_dags/example_short_circuit_operator.py
[2026-07-15T17:15:32.350+0200] {processor.py:829} INFO - Processing file /home/ai/.local/lib/python3.9/site-packages/airflow/example_dags/example_short_circuit_operator.py for tasks to queue
[2026-07-15T17:15:32.351+0200] {logging_mixin.py:151} INFO - [2026-07-15T17:15:32.350+0200] {dagbag.py:536} INFO - Filling up the DagBag from /home/ai/.local/lib/python3.9/site-packages/airflow/example_dags/example_short_circuit_operator.py
[2026-07-15T17:15:32.360+0200] {processor.py:839} INFO - DAG(s) dict_keys(['example_short_circuit_operator']) retrieved from /home/ai/.local/lib/python3.9/site-packages/airflow/example_dags/example_short_circuit_operator.py
[2026-07-15T17:15:32.377+0200] {logging_mixin.py:151} INFO - [2026-07-15T17:15:32.377+0200] {dag.py:2941} INFO - Sync 1 DAGs
[2026-07-15T17:15:32.395+0200] {logging_mixin.py:151} INFO - [2026-07-15T17:15:32.395+0200] {dag.py:3722} INFO - Setting next_dagrun for example_short_circuit_operator to 2026-07-14T15:15:32.394954+00:00, run_after=2026-07-15T15:15:32.394954+00:00
[2026-07-15T17:15:33.460+0200] {processor.py:179} INFO - Processing /home/ai/.local/lib/python3.9/site-packages/airflow/example_dags/example_short_circuit_operator.py took 1.115 seconds
[2026-07-15T17:17:11.668+0200] {processor.py:157} INFO - Started process (PID=3470870) to work on /home/ai/.local/lib/python3.9/site-packages/airflow/example_dags/example_short_circuit_operator.py
[2026-07-15T17:17:13.040+0200] {processor.py:829} INFO - Processing file /home/ai/.local/lib/python3.9/site-packages/airflow/example_dags/example_short_circuit_operator.py for tasks to queue
[2026-07-15T17:17:13.042+0200] {logging_mixin.py:151} INFO - [2026-07-15T17:17:13.041+0200] {dagbag.py:536} INFO - Filling up the DagBag from /home/ai/.local/lib/python3.9/site-packages/airflow/example_dags/example_short_circuit_operator.py
[2026-07-15T17:17:13.058+0200] {processor.py:839} INFO - DAG(s) dict_keys(['example_short_circuit_operator']) retrieved from /home/ai/.local/lib/python3.9/site-packages/airflow/example_dags/example_short_circuit_operator.py
[2026-07-15T17:17:13.082+0200] {logging_mixin.py:151} INFO - [2026-07-15T17:17:13.081+0200] {dag.py:2941} INFO - Sync 1 DAGs
[2026-07-15T17:17:13.101+0200] {logging_mixin.py:151} INFO - [2026-07-15T17:17:13.101+0200] {dag.py:3722} INFO - Setting next_dagrun for example_short_circuit_operator to 2026-07-14T15:17:13.100829+00:00, run_after=2026-07-15T15:17:13.100829+00:00
[2026-07-15T17:17:14.459+0200] {processor.py:179} INFO - Processing /home/ai/.local/lib/python3.9/site-packages/airflow/example_dags/example_short_circuit_operator.py took 2.794 seconds
[2026-07-15T17:19:26.263+0200] {processor.py:157} INFO - Started process (PID=3473610) to work on /home/ai/.local/lib/python3.9/site-packages/airflow/example_dags/example_short_circuit_operator.py
[2026-07-15T17:19:26.265+0200] {processor.py:829} INFO - Processing file /home/ai/.local/lib/python3.9/site-packages/airflow/example_dags/example_short_circuit_operator.py for tasks to queue
[2026-07-15T17:19:26.266+0200] {logging_mixin.py:151} INFO - [2026-07-15T17:19:26.265+0200] {dagbag.py:536} INFO - Filling up the DagBag from /home/ai/.local/lib/python3.9/site-packages/airflow/example_dags/example_short_circuit_operator.py
[2026-07-15T17:19:26.274+0200] {processor.py:839} INFO - DAG(s) dict_keys(['example_short_circuit_operator']) retrieved from /home/ai/.local/lib/python3.9/site-packages/airflow/example_dags/example_short_circuit_operator.py
[2026-07-15T17:19:26.293+0200] {logging_mixin.py:151} INFO - [2026-07-15T17:19:26.292+0200] {dag.py:2941} INFO - Sync 1 DAGs
[2026-07-15T17:19:26.311+0200] {logging_mixin.py:151} INFO - [2026-07-15T17:19:26.310+0200] {dag.py:3722} INFO - Setting next_dagrun for example_short_circuit_operator to 2026-07-14T15:19:26.310666+00:00, run_after=2026-07-15T15:19:26.310666+00:00
[2026-07-15T17:19:26.396+0200] {processor.py:179} INFO - Processing /home/ai/.local/lib/python3.9/site-packages/airflow/example_dags/example_short_circuit_operator.py took 0.138 seconds
