[2026-07-15T16:15:51.319+0200] {processor.py:157} INFO - Started process (PID=3406355) to work on /home/ai/.local/lib/python3.9/site-packages/airflow/example_dags/example_datasets.py
[2026-07-15T16:15:51.320+0200] {processor.py:829} INFO - Processing file /home/ai/.local/lib/python3.9/site-packages/airflow/example_dags/example_datasets.py for tasks to queue
[2026-07-15T16:15:51.321+0200] {logging_mixin.py:151} INFO - [2026-07-15T16:15:51.321+0200] {dagbag.py:536} INFO - Filling up the DagBag from /home/ai/.local/lib/python3.9/site-packages/airflow/example_dags/example_datasets.py
[2026-07-15T16:15:51.332+0200] {processor.py:839} INFO - DAG(s) dict_keys(['dataset_produces_1', 'dataset_consumes_1_and_2', 'dataset_produces_2', 'dataset_consumes_1', 'dataset_consumes_unknown_never_scheduled', 'dataset_consumes_1_never_scheduled']) retrieved from /home/ai/.local/lib/python3.9/site-packages/airflow/example_dags/example_datasets.py
[2026-07-15T16:15:51.362+0200] {logging_mixin.py:151} INFO - [2026-07-15T16:15:51.361+0200] {dag.py:2941} INFO - Sync 6 DAGs
[2026-07-15T16:15:51.381+0200] {logging_mixin.py:151} INFO - [2026-07-15T16:15:51.381+0200] {dag.py:3722} INFO - Setting next_dagrun for dataset_consumes_1 to None, run_after=None
[2026-07-15T16:15:51.384+0200] {logging_mixin.py:151} INFO - [2026-07-15T16:15:51.383+0200] {dag.py:3722} INFO - Setting next_dagrun for dataset_consumes_1_and_2 to None, run_after=None
[2026-07-15T16:15:51.385+0200] {logging_mixin.py:151} INFO - [2026-07-15T16:15:51.384+0200] {dag.py:3722} INFO - Setting next_dagrun for dataset_consumes_1_never_scheduled to None, run_after=None
[2026-07-15T16:15:51.385+0200] {logging_mixin.py:151} INFO - [2026-07-15T16:15:51.385+0200] {dag.py:3722} INFO - Setting next_dagrun for dataset_consumes_unknown_never_scheduled to None, run_after=None
[2026-07-15T16:15:51.388+0200] {logging_mixin.py:151} INFO - [2026-07-15T16:15:51.388+0200] {dag.py:3722} INFO - Setting next_dagrun for dataset_produces_1 to 2026-07-14T00:00:00+00:00, run_after=2026-07-15T00:00:00+00:00
[2026-07-15T16:15:51.389+0200] {logging_mixin.py:151} INFO - [2026-07-15T16:15:51.389+0200] {dag.py:3722} INFO - Setting next_dagrun for dataset_produces_2 to None, run_after=None
[2026-07-15T16:15:51.425+0200] {processor.py:179} INFO - Processing /home/ai/.local/lib/python3.9/site-packages/airflow/example_dags/example_datasets.py took 0.111 seconds
[2026-07-15T16:17:27.829+0200] {processor.py:157} INFO - Started process (PID=3407965) to work on /home/ai/.local/lib/python3.9/site-packages/airflow/example_dags/example_datasets.py
[2026-07-15T16:17:27.830+0200] {processor.py:829} INFO - Processing file /home/ai/.local/lib/python3.9/site-packages/airflow/example_dags/example_datasets.py for tasks to queue
[2026-07-15T16:17:27.831+0200] {logging_mixin.py:151} INFO - [2026-07-15T16:17:27.831+0200] {dagbag.py:536} INFO - Filling up the DagBag from /home/ai/.local/lib/python3.9/site-packages/airflow/example_dags/example_datasets.py
[2026-07-15T16:17:27.841+0200] {processor.py:839} INFO - DAG(s) dict_keys(['dataset_consumes_1_never_scheduled', 'dataset_produces_1', 'dataset_consumes_1_and_2', 'dataset_consumes_1', 'dataset_produces_2', 'dataset_consumes_unknown_never_scheduled']) retrieved from /home/ai/.local/lib/python3.9/site-packages/airflow/example_dags/example_datasets.py
[2026-07-15T16:17:27.867+0200] {logging_mixin.py:151} INFO - [2026-07-15T16:17:27.867+0200] {dag.py:2941} INFO - Sync 6 DAGs
[2026-07-15T16:17:27.886+0200] {logging_mixin.py:151} INFO - [2026-07-15T16:17:27.886+0200] {dag.py:3722} INFO - Setting next_dagrun for dataset_consumes_1 to None, run_after=None
[2026-07-15T16:17:27.889+0200] {logging_mixin.py:151} INFO - [2026-07-15T16:17:27.889+0200] {dag.py:3722} INFO - Setting next_dagrun for dataset_consumes_1_and_2 to None, run_after=None
[2026-07-15T16:17:27.890+0200] {logging_mixin.py:151} INFO - [2026-07-15T16:17:27.890+0200] {dag.py:3722} INFO - Setting next_dagrun for dataset_consumes_1_never_scheduled to None, run_after=None
[2026-07-15T16:17:27.891+0200] {logging_mixin.py:151} INFO - [2026-07-15T16:17:27.891+0200] {dag.py:3722} INFO - Setting next_dagrun for dataset_consumes_unknown_never_scheduled to None, run_after=None
[2026-07-15T16:17:27.893+0200] {logging_mixin.py:151} INFO - [2026-07-15T16:17:27.893+0200] {dag.py:3722} INFO - Setting next_dagrun for dataset_produces_1 to 2026-07-14T00:00:00+00:00, run_after=2026-07-15T00:00:00+00:00
[2026-07-15T16:17:27.894+0200] {logging_mixin.py:151} INFO - [2026-07-15T16:17:27.894+0200] {dag.py:3722} INFO - Setting next_dagrun for dataset_produces_2 to None, run_after=None
[2026-07-15T16:17:28.413+0200] {processor.py:179} INFO - Processing /home/ai/.local/lib/python3.9/site-packages/airflow/example_dags/example_datasets.py took 0.591 seconds
[2026-07-15T16:18:54.201+0200] {processor.py:157} INFO - Started process (PID=3409460) to work on /home/ai/.local/lib/python3.9/site-packages/airflow/example_dags/example_datasets.py
[2026-07-15T16:18:54.203+0200] {processor.py:829} INFO - Processing file /home/ai/.local/lib/python3.9/site-packages/airflow/example_dags/example_datasets.py for tasks to queue
[2026-07-15T16:18:54.204+0200] {logging_mixin.py:151} INFO - [2026-07-15T16:18:54.203+0200] {dagbag.py:536} INFO - Filling up the DagBag from /home/ai/.local/lib/python3.9/site-packages/airflow/example_dags/example_datasets.py
[2026-07-15T16:18:54.215+0200] {processor.py:839} INFO - DAG(s) dict_keys(['dataset_consumes_1_never_scheduled', 'dataset_produces_2', 'dataset_consumes_unknown_never_scheduled', 'dataset_consumes_1_and_2', 'dataset_produces_1', 'dataset_consumes_1']) retrieved from /home/ai/.local/lib/python3.9/site-packages/airflow/example_dags/example_datasets.py
[2026-07-15T16:18:54.242+0200] {logging_mixin.py:151} INFO - [2026-07-15T16:18:54.241+0200] {dag.py:2941} INFO - Sync 6 DAGs
[2026-07-15T16:18:54.262+0200] {logging_mixin.py:151} INFO - [2026-07-15T16:18:54.262+0200] {dag.py:3722} INFO - Setting next_dagrun for dataset_consumes_1 to None, run_after=None
[2026-07-15T16:18:54.265+0200] {logging_mixin.py:151} INFO - [2026-07-15T16:18:54.264+0200] {dag.py:3722} INFO - Setting next_dagrun for dataset_consumes_1_and_2 to None, run_after=None
[2026-07-15T16:18:54.265+0200] {logging_mixin.py:151} INFO - [2026-07-15T16:18:54.265+0200] {dag.py:3722} INFO - Setting next_dagrun for dataset_consumes_1_never_scheduled to None, run_after=None
[2026-07-15T16:18:54.266+0200] {logging_mixin.py:151} INFO - [2026-07-15T16:18:54.266+0200] {dag.py:3722} INFO - Setting next_dagrun for dataset_consumes_unknown_never_scheduled to None, run_after=None
[2026-07-15T16:18:54.269+0200] {logging_mixin.py:151} INFO - [2026-07-15T16:18:54.269+0200] {dag.py:3722} INFO - Setting next_dagrun for dataset_produces_1 to 2026-07-14T00:00:00+00:00, run_after=2026-07-15T00:00:00+00:00
[2026-07-15T16:18:54.270+0200] {logging_mixin.py:151} INFO - [2026-07-15T16:18:54.269+0200] {dag.py:3722} INFO - Setting next_dagrun for dataset_produces_2 to None, run_after=None
[2026-07-15T16:18:55.331+0200] {processor.py:179} INFO - Processing /home/ai/.local/lib/python3.9/site-packages/airflow/example_dags/example_datasets.py took 1.136 seconds
[2026-07-15T16:20:44.474+0200] {processor.py:157} INFO - Started process (PID=3411274) to work on /home/ai/.local/lib/python3.9/site-packages/airflow/example_dags/example_datasets.py
[2026-07-15T16:20:44.475+0200] {processor.py:829} INFO - Processing file /home/ai/.local/lib/python3.9/site-packages/airflow/example_dags/example_datasets.py for tasks to queue
[2026-07-15T16:20:44.476+0200] {logging_mixin.py:151} INFO - [2026-07-15T16:20:44.476+0200] {dagbag.py:536} INFO - Filling up the DagBag from /home/ai/.local/lib/python3.9/site-packages/airflow/example_dags/example_datasets.py
[2026-07-15T16:20:44.486+0200] {processor.py:839} INFO - DAG(s) dict_keys(['dataset_produces_2', 'dataset_consumes_1_never_scheduled', 'dataset_consumes_1_and_2', 'dataset_consumes_unknown_never_scheduled', 'dataset_consumes_1', 'dataset_produces_1']) retrieved from /home/ai/.local/lib/python3.9/site-packages/airflow/example_dags/example_datasets.py
[2026-07-15T16:20:44.514+0200] {logging_mixin.py:151} INFO - [2026-07-15T16:20:44.514+0200] {dag.py:2941} INFO - Sync 6 DAGs
[2026-07-15T16:20:44.533+0200] {logging_mixin.py:151} INFO - [2026-07-15T16:20:44.532+0200] {dag.py:3722} INFO - Setting next_dagrun for dataset_consumes_1 to None, run_after=None
[2026-07-15T16:20:44.535+0200] {logging_mixin.py:151} INFO - [2026-07-15T16:20:44.535+0200] {dag.py:3722} INFO - Setting next_dagrun for dataset_consumes_1_and_2 to None, run_after=None
[2026-07-15T16:20:44.536+0200] {logging_mixin.py:151} INFO - [2026-07-15T16:20:44.536+0200] {dag.py:3722} INFO - Setting next_dagrun for dataset_consumes_1_never_scheduled to None, run_after=None
[2026-07-15T16:20:44.537+0200] {logging_mixin.py:151} INFO - [2026-07-15T16:20:44.537+0200] {dag.py:3722} INFO - Setting next_dagrun for dataset_consumes_unknown_never_scheduled to None, run_after=None
[2026-07-15T16:20:44.539+0200] {logging_mixin.py:151} INFO - [2026-07-15T16:20:44.539+0200] {dag.py:3722} INFO - Setting next_dagrun for dataset_produces_1 to 2026-07-14T00:00:00+00:00, run_after=2026-07-15T00:00:00+00:00
[2026-07-15T16:20:44.540+0200] {logging_mixin.py:151} INFO - [2026-07-15T16:20:44.540+0200] {dag.py:3722} INFO - Setting next_dagrun for dataset_produces_2 to None, run_after=None
[2026-07-15T16:20:44.673+0200] {processor.py:179} INFO - Processing /home/ai/.local/lib/python3.9/site-packages/airflow/example_dags/example_datasets.py took 0.206 seconds
[2026-07-15T16:22:10.224+0200] {processor.py:157} INFO - Started process (PID=3412800) to work on /home/ai/.local/lib/python3.9/site-packages/airflow/example_dags/example_datasets.py
[2026-07-15T16:22:10.226+0200] {processor.py:829} INFO - Processing file /home/ai/.local/lib/python3.9/site-packages/airflow/example_dags/example_datasets.py for tasks to queue
[2026-07-15T16:22:10.227+0200] {logging_mixin.py:151} INFO - [2026-07-15T16:22:10.226+0200] {dagbag.py:536} INFO - Filling up the DagBag from /home/ai/.local/lib/python3.9/site-packages/airflow/example_dags/example_datasets.py
[2026-07-15T16:22:10.237+0200] {processor.py:839} INFO - DAG(s) dict_keys(['dataset_consumes_unknown_never_scheduled', 'dataset_produces_2', 'dataset_consumes_1', 'dataset_consumes_1_never_scheduled', 'dataset_consumes_1_and_2', 'dataset_produces_1']) retrieved from /home/ai/.local/lib/python3.9/site-packages/airflow/example_dags/example_datasets.py
[2026-07-15T16:22:10.266+0200] {logging_mixin.py:151} INFO - [2026-07-15T16:22:10.265+0200] {dag.py:2941} INFO - Sync 6 DAGs
[2026-07-15T16:22:10.294+0200] {logging_mixin.py:151} INFO - [2026-07-15T16:22:10.294+0200] {dag.py:3722} INFO - Setting next_dagrun for dataset_consumes_1 to None, run_after=None
[2026-07-15T16:22:10.297+0200] {logging_mixin.py:151} INFO - [2026-07-15T16:22:10.297+0200] {dag.py:3722} INFO - Setting next_dagrun for dataset_consumes_1_and_2 to None, run_after=None
[2026-07-15T16:22:10.298+0200] {logging_mixin.py:151} INFO - [2026-07-15T16:22:10.298+0200] {dag.py:3722} INFO - Setting next_dagrun for dataset_consumes_1_never_scheduled to None, run_after=None
[2026-07-15T16:22:10.299+0200] {logging_mixin.py:151} INFO - [2026-07-15T16:22:10.298+0200] {dag.py:3722} INFO - Setting next_dagrun for dataset_consumes_unknown_never_scheduled to None, run_after=None
[2026-07-15T16:22:10.301+0200] {logging_mixin.py:151} INFO - [2026-07-15T16:22:10.301+0200] {dag.py:3722} INFO - Setting next_dagrun for dataset_produces_1 to 2026-07-14T00:00:00+00:00, run_after=2026-07-15T00:00:00+00:00
[2026-07-15T16:22:10.302+0200] {logging_mixin.py:151} INFO - [2026-07-15T16:22:10.302+0200] {dag.py:3722} INFO - Setting next_dagrun for dataset_produces_2 to None, run_after=None
[2026-07-15T16:22:10.336+0200] {processor.py:179} INFO - Processing /home/ai/.local/lib/python3.9/site-packages/airflow/example_dags/example_datasets.py took 0.116 seconds
[2026-07-15T16:23:41.399+0200] {processor.py:157} INFO - Started process (PID=3414369) to work on /home/ai/.local/lib/python3.9/site-packages/airflow/example_dags/example_datasets.py
[2026-07-15T16:23:41.401+0200] {processor.py:829} INFO - Processing file /home/ai/.local/lib/python3.9/site-packages/airflow/example_dags/example_datasets.py for tasks to queue
[2026-07-15T16:23:41.402+0200] {logging_mixin.py:151} INFO - [2026-07-15T16:23:41.402+0200] {dagbag.py:536} INFO - Filling up the DagBag from /home/ai/.local/lib/python3.9/site-packages/airflow/example_dags/example_datasets.py
[2026-07-15T16:23:41.411+0200] {processor.py:839} INFO - DAG(s) dict_keys(['dataset_consumes_1', 'dataset_consumes_1_never_scheduled', 'dataset_consumes_unknown_never_scheduled', 'dataset_consumes_1_and_2', 'dataset_produces_2', 'dataset_produces_1']) retrieved from /home/ai/.local/lib/python3.9/site-packages/airflow/example_dags/example_datasets.py
[2026-07-15T16:23:41.436+0200] {logging_mixin.py:151} INFO - [2026-07-15T16:23:41.436+0200] {dag.py:2941} INFO - Sync 6 DAGs
[2026-07-15T16:23:41.453+0200] {logging_mixin.py:151} INFO - [2026-07-15T16:23:41.453+0200] {dag.py:3722} INFO - Setting next_dagrun for dataset_consumes_1 to None, run_after=None
[2026-07-15T16:23:41.456+0200] {logging_mixin.py:151} INFO - [2026-07-15T16:23:41.456+0200] {dag.py:3722} INFO - Setting next_dagrun for dataset_consumes_1_and_2 to None, run_after=None
[2026-07-15T16:23:41.456+0200] {logging_mixin.py:151} INFO - [2026-07-15T16:23:41.456+0200] {dag.py:3722} INFO - Setting next_dagrun for dataset_consumes_1_never_scheduled to None, run_after=None
[2026-07-15T16:23:41.457+0200] {logging_mixin.py:151} INFO - [2026-07-15T16:23:41.457+0200] {dag.py:3722} INFO - Setting next_dagrun for dataset_consumes_unknown_never_scheduled to None, run_after=None
[2026-07-15T16:23:41.459+0200] {logging_mixin.py:151} INFO - [2026-07-15T16:23:41.459+0200] {dag.py:3722} INFO - Setting next_dagrun for dataset_produces_1 to 2026-07-14T00:00:00+00:00, run_after=2026-07-15T00:00:00+00:00
[2026-07-15T16:23:41.460+0200] {logging_mixin.py:151} INFO - [2026-07-15T16:23:41.460+0200] {dag.py:3722} INFO - Setting next_dagrun for dataset_produces_2 to None, run_after=None
[2026-07-15T16:23:41.484+0200] {processor.py:179} INFO - Processing /home/ai/.local/lib/python3.9/site-packages/airflow/example_dags/example_datasets.py took 0.091 seconds
[2026-07-15T16:24:59.305+0200] {processor.py:157} INFO - Started process (PID=3415664) to work on /home/ai/.local/lib/python3.9/site-packages/airflow/example_dags/example_datasets.py
[2026-07-15T16:24:59.307+0200] {processor.py:829} INFO - Processing file /home/ai/.local/lib/python3.9/site-packages/airflow/example_dags/example_datasets.py for tasks to queue
[2026-07-15T16:24:59.308+0200] {logging_mixin.py:151} INFO - [2026-07-15T16:24:59.307+0200] {dagbag.py:536} INFO - Filling up the DagBag from /home/ai/.local/lib/python3.9/site-packages/airflow/example_dags/example_datasets.py
[2026-07-15T16:24:59.320+0200] {processor.py:839} INFO - DAG(s) dict_keys(['dataset_consumes_1', 'dataset_consumes_1_and_2', 'dataset_consumes_unknown_never_scheduled', 'dataset_produces_1', 'dataset_consumes_1_never_scheduled', 'dataset_produces_2']) retrieved from /home/ai/.local/lib/python3.9/site-packages/airflow/example_dags/example_datasets.py
[2026-07-15T16:24:59.347+0200] {logging_mixin.py:151} INFO - [2026-07-15T16:24:59.346+0200] {dag.py:2941} INFO - Sync 6 DAGs
[2026-07-15T16:24:59.367+0200] {logging_mixin.py:151} INFO - [2026-07-15T16:24:59.367+0200] {dag.py:3722} INFO - Setting next_dagrun for dataset_consumes_1 to None, run_after=None
[2026-07-15T16:24:59.370+0200] {logging_mixin.py:151} INFO - [2026-07-15T16:24:59.370+0200] {dag.py:3722} INFO - Setting next_dagrun for dataset_consumes_1_and_2 to None, run_after=None
[2026-07-15T16:24:59.371+0200] {logging_mixin.py:151} INFO - [2026-07-15T16:24:59.371+0200] {dag.py:3722} INFO - Setting next_dagrun for dataset_consumes_1_never_scheduled to None, run_after=None
[2026-07-15T16:24:59.372+0200] {logging_mixin.py:151} INFO - [2026-07-15T16:24:59.372+0200] {dag.py:3722} INFO - Setting next_dagrun for dataset_consumes_unknown_never_scheduled to None, run_after=None
[2026-07-15T16:24:59.374+0200] {logging_mixin.py:151} INFO - [2026-07-15T16:24:59.374+0200] {dag.py:3722} INFO - Setting next_dagrun for dataset_produces_1 to 2026-07-14T00:00:00+00:00, run_after=2026-07-15T00:00:00+00:00
[2026-07-15T16:24:59.375+0200] {logging_mixin.py:151} INFO - [2026-07-15T16:24:59.375+0200] {dag.py:3722} INFO - Setting next_dagrun for dataset_produces_2 to None, run_after=None
[2026-07-15T16:24:59.441+0200] {processor.py:179} INFO - Processing /home/ai/.local/lib/python3.9/site-packages/airflow/example_dags/example_datasets.py took 0.142 seconds
[2026-07-15T16:26:28.718+0200] {processor.py:157} INFO - Started process (PID=3417216) to work on /home/ai/.local/lib/python3.9/site-packages/airflow/example_dags/example_datasets.py
[2026-07-15T16:26:28.721+0200] {processor.py:829} INFO - Processing file /home/ai/.local/lib/python3.9/site-packages/airflow/example_dags/example_datasets.py for tasks to queue
[2026-07-15T16:26:28.722+0200] {logging_mixin.py:151} INFO - [2026-07-15T16:26:28.722+0200] {dagbag.py:536} INFO - Filling up the DagBag from /home/ai/.local/lib/python3.9/site-packages/airflow/example_dags/example_datasets.py
[2026-07-15T16:26:28.732+0200] {processor.py:839} INFO - DAG(s) dict_keys(['dataset_produces_2', 'dataset_consumes_unknown_never_scheduled', 'dataset_consumes_1', 'dataset_consumes_1_never_scheduled', 'dataset_consumes_1_and_2', 'dataset_produces_1']) retrieved from /home/ai/.local/lib/python3.9/site-packages/airflow/example_dags/example_datasets.py
[2026-07-15T16:26:31.000+0200] {logging_mixin.py:151} INFO - [2026-07-15T16:26:31.000+0200] {dag.py:2941} INFO - Sync 6 DAGs
[2026-07-15T16:26:31.019+0200] {logging_mixin.py:151} INFO - [2026-07-15T16:26:31.019+0200] {dag.py:3722} INFO - Setting next_dagrun for dataset_consumes_1 to None, run_after=None
[2026-07-15T16:26:31.022+0200] {logging_mixin.py:151} INFO - [2026-07-15T16:26:31.022+0200] {dag.py:3722} INFO - Setting next_dagrun for dataset_consumes_1_and_2 to None, run_after=None
[2026-07-15T16:26:31.023+0200] {logging_mixin.py:151} INFO - [2026-07-15T16:26:31.023+0200] {dag.py:3722} INFO - Setting next_dagrun for dataset_consumes_1_never_scheduled to None, run_after=None
[2026-07-15T16:26:31.024+0200] {logging_mixin.py:151} INFO - [2026-07-15T16:26:31.023+0200] {dag.py:3722} INFO - Setting next_dagrun for dataset_consumes_unknown_never_scheduled to None, run_after=None
[2026-07-15T16:26:31.026+0200] {logging_mixin.py:151} INFO - [2026-07-15T16:26:31.026+0200] {dag.py:3722} INFO - Setting next_dagrun for dataset_produces_1 to 2026-07-14T00:00:00+00:00, run_after=2026-07-15T00:00:00+00:00
[2026-07-15T16:26:31.027+0200] {logging_mixin.py:151} INFO - [2026-07-15T16:26:31.027+0200] {dag.py:3722} INFO - Setting next_dagrun for dataset_produces_2 to None, run_after=None
[2026-07-15T16:26:31.053+0200] {processor.py:179} INFO - Processing /home/ai/.local/lib/python3.9/site-packages/airflow/example_dags/example_datasets.py took 2.344 seconds
[2026-07-15T16:28:22.906+0200] {processor.py:157} INFO - Started process (PID=3419139) to work on /home/ai/.local/lib/python3.9/site-packages/airflow/example_dags/example_datasets.py
[2026-07-15T16:28:22.907+0200] {processor.py:829} INFO - Processing file /home/ai/.local/lib/python3.9/site-packages/airflow/example_dags/example_datasets.py for tasks to queue
[2026-07-15T16:28:22.908+0200] {logging_mixin.py:151} INFO - [2026-07-15T16:28:22.908+0200] {dagbag.py:536} INFO - Filling up the DagBag from /home/ai/.local/lib/python3.9/site-packages/airflow/example_dags/example_datasets.py
[2026-07-15T16:28:22.918+0200] {processor.py:839} INFO - DAG(s) dict_keys(['dataset_consumes_1_never_scheduled', 'dataset_consumes_unknown_never_scheduled', 'dataset_produces_2', 'dataset_consumes_1_and_2', 'dataset_produces_1', 'dataset_consumes_1']) retrieved from /home/ai/.local/lib/python3.9/site-packages/airflow/example_dags/example_datasets.py
[2026-07-15T16:28:22.945+0200] {logging_mixin.py:151} INFO - [2026-07-15T16:28:22.945+0200] {dag.py:2941} INFO - Sync 6 DAGs
[2026-07-15T16:28:22.963+0200] {logging_mixin.py:151} INFO - [2026-07-15T16:28:22.963+0200] {dag.py:3722} INFO - Setting next_dagrun for dataset_consumes_1 to None, run_after=None
[2026-07-15T16:28:22.966+0200] {logging_mixin.py:151} INFO - [2026-07-15T16:28:22.966+0200] {dag.py:3722} INFO - Setting next_dagrun for dataset_consumes_1_and_2 to None, run_after=None
[2026-07-15T16:28:22.967+0200] {logging_mixin.py:151} INFO - [2026-07-15T16:28:22.967+0200] {dag.py:3722} INFO - Setting next_dagrun for dataset_consumes_1_never_scheduled to None, run_after=None
[2026-07-15T16:28:22.968+0200] {logging_mixin.py:151} INFO - [2026-07-15T16:28:22.968+0200] {dag.py:3722} INFO - Setting next_dagrun for dataset_consumes_unknown_never_scheduled to None, run_after=None
[2026-07-15T16:28:22.970+0200] {logging_mixin.py:151} INFO - [2026-07-15T16:28:22.970+0200] {dag.py:3722} INFO - Setting next_dagrun for dataset_produces_1 to 2026-07-14T00:00:00+00:00, run_after=2026-07-15T00:00:00+00:00
[2026-07-15T16:28:22.971+0200] {logging_mixin.py:151} INFO - [2026-07-15T16:28:22.971+0200] {dag.py:3722} INFO - Setting next_dagrun for dataset_produces_2 to None, run_after=None
[2026-07-15T16:28:22.997+0200] {processor.py:179} INFO - Processing /home/ai/.local/lib/python3.9/site-packages/airflow/example_dags/example_datasets.py took 0.097 seconds
[2026-07-15T16:29:45.226+0200] {processor.py:157} INFO - Started process (PID=3420511) to work on /home/ai/.local/lib/python3.9/site-packages/airflow/example_dags/example_datasets.py
[2026-07-15T16:29:45.227+0200] {processor.py:829} INFO - Processing file /home/ai/.local/lib/python3.9/site-packages/airflow/example_dags/example_datasets.py for tasks to queue
[2026-07-15T16:29:45.228+0200] {logging_mixin.py:151} INFO - [2026-07-15T16:29:45.228+0200] {dagbag.py:536} INFO - Filling up the DagBag from /home/ai/.local/lib/python3.9/site-packages/airflow/example_dags/example_datasets.py
[2026-07-15T16:29:45.237+0200] {processor.py:839} INFO - DAG(s) dict_keys(['dataset_consumes_1_and_2', 'dataset_produces_2', 'dataset_consumes_1', 'dataset_consumes_1_never_scheduled', 'dataset_consumes_unknown_never_scheduled', 'dataset_produces_1']) retrieved from /home/ai/.local/lib/python3.9/site-packages/airflow/example_dags/example_datasets.py
[2026-07-15T16:29:45.263+0200] {logging_mixin.py:151} INFO - [2026-07-15T16:29:45.263+0200] {dag.py:2941} INFO - Sync 6 DAGs
[2026-07-15T16:29:45.283+0200] {logging_mixin.py:151} INFO - [2026-07-15T16:29:45.283+0200] {dag.py:3722} INFO - Setting next_dagrun for dataset_consumes_1 to None, run_after=None
[2026-07-15T16:29:45.286+0200] {logging_mixin.py:151} INFO - [2026-07-15T16:29:45.286+0200] {dag.py:3722} INFO - Setting next_dagrun for dataset_consumes_1_and_2 to None, run_after=None
[2026-07-15T16:29:45.287+0200] {logging_mixin.py:151} INFO - [2026-07-15T16:29:45.287+0200] {dag.py:3722} INFO - Setting next_dagrun for dataset_consumes_1_never_scheduled to None, run_after=None
[2026-07-15T16:29:45.288+0200] {logging_mixin.py:151} INFO - [2026-07-15T16:29:45.288+0200] {dag.py:3722} INFO - Setting next_dagrun for dataset_consumes_unknown_never_scheduled to None, run_after=None
[2026-07-15T16:29:45.290+0200] {logging_mixin.py:151} INFO - [2026-07-15T16:29:45.290+0200] {dag.py:3722} INFO - Setting next_dagrun for dataset_produces_1 to 2026-07-14T00:00:00+00:00, run_after=2026-07-15T00:00:00+00:00
[2026-07-15T16:29:45.291+0200] {logging_mixin.py:151} INFO - [2026-07-15T16:29:45.291+0200] {dag.py:3722} INFO - Setting next_dagrun for dataset_produces_2 to None, run_after=None
[2026-07-15T16:29:48.628+0200] {processor.py:179} INFO - Processing /home/ai/.local/lib/python3.9/site-packages/airflow/example_dags/example_datasets.py took 3.406 seconds
[2026-07-15T16:31:36.785+0200] {processor.py:157} INFO - Started process (PID=3422368) to work on /home/ai/.local/lib/python3.9/site-packages/airflow/example_dags/example_datasets.py
[2026-07-15T16:31:36.786+0200] {processor.py:829} INFO - Processing file /home/ai/.local/lib/python3.9/site-packages/airflow/example_dags/example_datasets.py for tasks to queue
[2026-07-15T16:31:36.788+0200] {logging_mixin.py:151} INFO - [2026-07-15T16:31:36.787+0200] {dagbag.py:536} INFO - Filling up the DagBag from /home/ai/.local/lib/python3.9/site-packages/airflow/example_dags/example_datasets.py
[2026-07-15T16:31:36.798+0200] {processor.py:839} INFO - DAG(s) dict_keys(['dataset_consumes_1_and_2', 'dataset_consumes_1', 'dataset_produces_2', 'dataset_consumes_unknown_never_scheduled', 'dataset_produces_1', 'dataset_consumes_1_never_scheduled']) retrieved from /home/ai/.local/lib/python3.9/site-packages/airflow/example_dags/example_datasets.py
[2026-07-15T16:31:36.823+0200] {logging_mixin.py:151} INFO - [2026-07-15T16:31:36.823+0200] {dag.py:2941} INFO - Sync 6 DAGs
[2026-07-15T16:31:36.841+0200] {logging_mixin.py:151} INFO - [2026-07-15T16:31:36.841+0200] {dag.py:3722} INFO - Setting next_dagrun for dataset_consumes_1 to None, run_after=None
[2026-07-15T16:31:36.843+0200] {logging_mixin.py:151} INFO - [2026-07-15T16:31:36.843+0200] {dag.py:3722} INFO - Setting next_dagrun for dataset_consumes_1_and_2 to None, run_after=None
[2026-07-15T16:31:36.844+0200] {logging_mixin.py:151} INFO - [2026-07-15T16:31:36.844+0200] {dag.py:3722} INFO - Setting next_dagrun for dataset_consumes_1_never_scheduled to None, run_after=None
[2026-07-15T16:31:36.845+0200] {logging_mixin.py:151} INFO - [2026-07-15T16:31:36.845+0200] {dag.py:3722} INFO - Setting next_dagrun for dataset_consumes_unknown_never_scheduled to None, run_after=None
[2026-07-15T16:31:36.847+0200] {logging_mixin.py:151} INFO - [2026-07-15T16:31:36.847+0200] {dag.py:3722} INFO - Setting next_dagrun for dataset_produces_1 to 2026-07-14T00:00:00+00:00, run_after=2026-07-15T00:00:00+00:00
[2026-07-15T16:31:36.848+0200] {logging_mixin.py:151} INFO - [2026-07-15T16:31:36.847+0200] {dag.py:3722} INFO - Setting next_dagrun for dataset_produces_2 to None, run_after=None
[2026-07-15T16:31:36.873+0200] {processor.py:179} INFO - Processing /home/ai/.local/lib/python3.9/site-packages/airflow/example_dags/example_datasets.py took 0.092 seconds
[2026-07-15T16:33:02.398+0200] {processor.py:157} INFO - Started process (PID=3423940) to work on /home/ai/.local/lib/python3.9/site-packages/airflow/example_dags/example_datasets.py
[2026-07-15T16:33:02.399+0200] {processor.py:829} INFO - Processing file /home/ai/.local/lib/python3.9/site-packages/airflow/example_dags/example_datasets.py for tasks to queue
[2026-07-15T16:33:02.400+0200] {logging_mixin.py:151} INFO - [2026-07-15T16:33:02.400+0200] {dagbag.py:536} INFO - Filling up the DagBag from /home/ai/.local/lib/python3.9/site-packages/airflow/example_dags/example_datasets.py
[2026-07-15T16:33:02.410+0200] {processor.py:839} INFO - DAG(s) dict_keys(['dataset_consumes_1_never_scheduled', 'dataset_produces_2', 'dataset_consumes_1', 'dataset_produces_1', 'dataset_consumes_1_and_2', 'dataset_consumes_unknown_never_scheduled']) retrieved from /home/ai/.local/lib/python3.9/site-packages/airflow/example_dags/example_datasets.py
[2026-07-15T16:33:02.435+0200] {logging_mixin.py:151} INFO - [2026-07-15T16:33:02.435+0200] {dag.py:2941} INFO - Sync 6 DAGs
[2026-07-15T16:33:02.455+0200] {logging_mixin.py:151} INFO - [2026-07-15T16:33:02.455+0200] {dag.py:3722} INFO - Setting next_dagrun for dataset_consumes_1 to None, run_after=None
[2026-07-15T16:33:02.458+0200] {logging_mixin.py:151} INFO - [2026-07-15T16:33:02.458+0200] {dag.py:3722} INFO - Setting next_dagrun for dataset_consumes_1_and_2 to None, run_after=None
[2026-07-15T16:33:02.459+0200] {logging_mixin.py:151} INFO - [2026-07-15T16:33:02.459+0200] {dag.py:3722} INFO - Setting next_dagrun for dataset_consumes_1_never_scheduled to None, run_after=None
[2026-07-15T16:33:02.460+0200] {logging_mixin.py:151} INFO - [2026-07-15T16:33:02.460+0200] {dag.py:3722} INFO - Setting next_dagrun for dataset_consumes_unknown_never_scheduled to None, run_after=None
[2026-07-15T16:33:02.462+0200] {logging_mixin.py:151} INFO - [2026-07-15T16:33:02.462+0200] {dag.py:3722} INFO - Setting next_dagrun for dataset_produces_1 to 2026-07-14T00:00:00+00:00, run_after=2026-07-15T00:00:00+00:00
[2026-07-15T16:33:02.463+0200] {logging_mixin.py:151} INFO - [2026-07-15T16:33:02.463+0200] {dag.py:3722} INFO - Setting next_dagrun for dataset_produces_2 to None, run_after=None
[2026-07-15T16:33:03.288+0200] {processor.py:179} INFO - Processing /home/ai/.local/lib/python3.9/site-packages/airflow/example_dags/example_datasets.py took 0.894 seconds
[2026-07-15T16:34:31.502+0200] {processor.py:157} INFO - Started process (PID=3425347) to work on /home/ai/.local/lib/python3.9/site-packages/airflow/example_dags/example_datasets.py
[2026-07-15T16:34:31.503+0200] {processor.py:829} INFO - Processing file /home/ai/.local/lib/python3.9/site-packages/airflow/example_dags/example_datasets.py for tasks to queue
[2026-07-15T16:34:31.504+0200] {logging_mixin.py:151} INFO - [2026-07-15T16:34:31.504+0200] {dagbag.py:536} INFO - Filling up the DagBag from /home/ai/.local/lib/python3.9/site-packages/airflow/example_dags/example_datasets.py
[2026-07-15T16:34:31.514+0200] {processor.py:839} INFO - DAG(s) dict_keys(['dataset_produces_1', 'dataset_consumes_1_never_scheduled', 'dataset_consumes_1', 'dataset_consumes_1_and_2', 'dataset_produces_2', 'dataset_consumes_unknown_never_scheduled']) retrieved from /home/ai/.local/lib/python3.9/site-packages/airflow/example_dags/example_datasets.py
[2026-07-15T16:34:31.542+0200] {logging_mixin.py:151} INFO - [2026-07-15T16:34:31.542+0200] {dag.py:2941} INFO - Sync 6 DAGs
[2026-07-15T16:34:31.561+0200] {logging_mixin.py:151} INFO - [2026-07-15T16:34:31.561+0200] {dag.py:3722} INFO - Setting next_dagrun for dataset_consumes_1 to None, run_after=None
[2026-07-15T16:34:31.563+0200] {logging_mixin.py:151} INFO - [2026-07-15T16:34:31.563+0200] {dag.py:3722} INFO - Setting next_dagrun for dataset_consumes_1_and_2 to None, run_after=None
[2026-07-15T16:34:31.564+0200] {logging_mixin.py:151} INFO - [2026-07-15T16:34:31.564+0200] {dag.py:3722} INFO - Setting next_dagrun for dataset_consumes_1_never_scheduled to None, run_after=None
[2026-07-15T16:34:31.565+0200] {logging_mixin.py:151} INFO - [2026-07-15T16:34:31.565+0200] {dag.py:3722} INFO - Setting next_dagrun for dataset_consumes_unknown_never_scheduled to None, run_after=None
[2026-07-15T16:34:31.568+0200] {logging_mixin.py:151} INFO - [2026-07-15T16:34:31.568+0200] {dag.py:3722} INFO - Setting next_dagrun for dataset_produces_1 to 2026-07-14T00:00:00+00:00, run_after=2026-07-15T00:00:00+00:00
[2026-07-15T16:34:31.569+0200] {logging_mixin.py:151} INFO - [2026-07-15T16:34:31.569+0200] {dag.py:3722} INFO - Setting next_dagrun for dataset_produces_2 to None, run_after=None
[2026-07-15T16:34:31.596+0200] {processor.py:179} INFO - Processing /home/ai/.local/lib/python3.9/site-packages/airflow/example_dags/example_datasets.py took 0.099 seconds
[2026-07-15T16:36:03.728+0200] {processor.py:157} INFO - Started process (PID=3427026) to work on /home/ai/.local/lib/python3.9/site-packages/airflow/example_dags/example_datasets.py
[2026-07-15T16:36:03.730+0200] {processor.py:829} INFO - Processing file /home/ai/.local/lib/python3.9/site-packages/airflow/example_dags/example_datasets.py for tasks to queue
[2026-07-15T16:36:03.731+0200] {logging_mixin.py:151} INFO - [2026-07-15T16:36:03.730+0200] {dagbag.py:536} INFO - Filling up the DagBag from /home/ai/.local/lib/python3.9/site-packages/airflow/example_dags/example_datasets.py
[2026-07-15T16:36:03.741+0200] {processor.py:839} INFO - DAG(s) dict_keys(['dataset_produces_1', 'dataset_consumes_1_never_scheduled', 'dataset_consumes_1_and_2', 'dataset_produces_2', 'dataset_consumes_unknown_never_scheduled', 'dataset_consumes_1']) retrieved from /home/ai/.local/lib/python3.9/site-packages/airflow/example_dags/example_datasets.py
[2026-07-15T16:36:03.768+0200] {logging_mixin.py:151} INFO - [2026-07-15T16:36:03.768+0200] {dag.py:2941} INFO - Sync 6 DAGs
[2026-07-15T16:36:03.789+0200] {logging_mixin.py:151} INFO - [2026-07-15T16:36:03.789+0200] {dag.py:3722} INFO - Setting next_dagrun for dataset_consumes_1 to None, run_after=None
[2026-07-15T16:36:03.792+0200] {logging_mixin.py:151} INFO - [2026-07-15T16:36:03.792+0200] {dag.py:3722} INFO - Setting next_dagrun for dataset_consumes_1_and_2 to None, run_after=None
[2026-07-15T16:36:03.793+0200] {logging_mixin.py:151} INFO - [2026-07-15T16:36:03.793+0200] {dag.py:3722} INFO - Setting next_dagrun for dataset_consumes_1_never_scheduled to None, run_after=None
[2026-07-15T16:36:03.794+0200] {logging_mixin.py:151} INFO - [2026-07-15T16:36:03.793+0200] {dag.py:3722} INFO - Setting next_dagrun for dataset_consumes_unknown_never_scheduled to None, run_after=None
[2026-07-15T16:36:03.796+0200] {logging_mixin.py:151} INFO - [2026-07-15T16:36:03.796+0200] {dag.py:3722} INFO - Setting next_dagrun for dataset_produces_1 to 2026-07-14T00:00:00+00:00, run_after=2026-07-15T00:00:00+00:00
[2026-07-15T16:36:03.797+0200] {logging_mixin.py:151} INFO - [2026-07-15T16:36:03.797+0200] {dag.py:3722} INFO - Setting next_dagrun for dataset_produces_2 to None, run_after=None
[2026-07-15T16:36:03.841+0200] {processor.py:179} INFO - Processing /home/ai/.local/lib/python3.9/site-packages/airflow/example_dags/example_datasets.py took 0.117 seconds
[2026-07-15T16:37:42.653+0200] {processor.py:157} INFO - Started process (PID=3429114) to work on /home/ai/.local/lib/python3.9/site-packages/airflow/example_dags/example_datasets.py
[2026-07-15T16:37:42.654+0200] {processor.py:829} INFO - Processing file /home/ai/.local/lib/python3.9/site-packages/airflow/example_dags/example_datasets.py for tasks to queue
[2026-07-15T16:37:42.656+0200] {logging_mixin.py:151} INFO - [2026-07-15T16:37:42.655+0200] {dagbag.py:536} INFO - Filling up the DagBag from /home/ai/.local/lib/python3.9/site-packages/airflow/example_dags/example_datasets.py
[2026-07-15T16:37:42.667+0200] {processor.py:839} INFO - DAG(s) dict_keys(['dataset_consumes_1_never_scheduled', 'dataset_consumes_1_and_2', 'dataset_produces_2', 'dataset_consumes_1', 'dataset_produces_1', 'dataset_consumes_unknown_never_scheduled']) retrieved from /home/ai/.local/lib/python3.9/site-packages/airflow/example_dags/example_datasets.py
[2026-07-15T16:37:42.693+0200] {logging_mixin.py:151} INFO - [2026-07-15T16:37:42.693+0200] {dag.py:2941} INFO - Sync 6 DAGs
[2026-07-15T16:37:42.713+0200] {logging_mixin.py:151} INFO - [2026-07-15T16:37:42.713+0200] {dag.py:3722} INFO - Setting next_dagrun for dataset_consumes_1 to None, run_after=None
[2026-07-15T16:37:42.716+0200] {logging_mixin.py:151} INFO - [2026-07-15T16:37:42.716+0200] {dag.py:3722} INFO - Setting next_dagrun for dataset_consumes_1_and_2 to None, run_after=None
[2026-07-15T16:37:42.717+0200] {logging_mixin.py:151} INFO - [2026-07-15T16:37:42.717+0200] {dag.py:3722} INFO - Setting next_dagrun for dataset_consumes_1_never_scheduled to None, run_after=None
[2026-07-15T16:37:42.718+0200] {logging_mixin.py:151} INFO - [2026-07-15T16:37:42.718+0200] {dag.py:3722} INFO - Setting next_dagrun for dataset_consumes_unknown_never_scheduled to None, run_after=None
[2026-07-15T16:37:42.720+0200] {logging_mixin.py:151} INFO - [2026-07-15T16:37:42.720+0200] {dag.py:3722} INFO - Setting next_dagrun for dataset_produces_1 to 2026-07-14T00:00:00+00:00, run_after=2026-07-15T00:00:00+00:00
[2026-07-15T16:37:42.721+0200] {logging_mixin.py:151} INFO - [2026-07-15T16:37:42.721+0200] {dag.py:3722} INFO - Setting next_dagrun for dataset_produces_2 to None, run_after=None
[2026-07-15T16:37:45.337+0200] {processor.py:179} INFO - Processing /home/ai/.local/lib/python3.9/site-packages/airflow/example_dags/example_datasets.py took 2.689 seconds
[2026-07-15T16:39:17.857+0200] {processor.py:157} INFO - Started process (PID=3430969) to work on /home/ai/.local/lib/python3.9/site-packages/airflow/example_dags/example_datasets.py
[2026-07-15T16:39:17.858+0200] {processor.py:829} INFO - Processing file /home/ai/.local/lib/python3.9/site-packages/airflow/example_dags/example_datasets.py for tasks to queue
[2026-07-15T16:39:17.859+0200] {logging_mixin.py:151} INFO - [2026-07-15T16:39:17.859+0200] {dagbag.py:536} INFO - Filling up the DagBag from /home/ai/.local/lib/python3.9/site-packages/airflow/example_dags/example_datasets.py
[2026-07-15T16:39:17.869+0200] {processor.py:839} INFO - DAG(s) dict_keys(['dataset_produces_2', 'dataset_consumes_1_and_2', 'dataset_consumes_1_never_scheduled', 'dataset_consumes_1', 'dataset_consumes_unknown_never_scheduled', 'dataset_produces_1']) retrieved from /home/ai/.local/lib/python3.9/site-packages/airflow/example_dags/example_datasets.py
[2026-07-15T16:39:17.903+0200] {logging_mixin.py:151} INFO - [2026-07-15T16:39:17.900+0200] {dag.py:2941} INFO - Sync 6 DAGs
[2026-07-15T16:39:17.921+0200] {logging_mixin.py:151} INFO - [2026-07-15T16:39:17.921+0200] {dag.py:3722} INFO - Setting next_dagrun for dataset_consumes_1 to None, run_after=None
[2026-07-15T16:39:17.924+0200] {logging_mixin.py:151} INFO - [2026-07-15T16:39:17.924+0200] {dag.py:3722} INFO - Setting next_dagrun for dataset_consumes_1_and_2 to None, run_after=None
[2026-07-15T16:39:17.925+0200] {logging_mixin.py:151} INFO - [2026-07-15T16:39:17.925+0200] {dag.py:3722} INFO - Setting next_dagrun for dataset_consumes_1_never_scheduled to None, run_after=None
[2026-07-15T16:39:17.926+0200] {logging_mixin.py:151} INFO - [2026-07-15T16:39:17.926+0200] {dag.py:3722} INFO - Setting next_dagrun for dataset_consumes_unknown_never_scheduled to None, run_after=None
[2026-07-15T16:39:17.928+0200] {logging_mixin.py:151} INFO - [2026-07-15T16:39:17.928+0200] {dag.py:3722} INFO - Setting next_dagrun for dataset_produces_1 to 2026-07-14T00:00:00+00:00, run_after=2026-07-15T00:00:00+00:00
[2026-07-15T16:39:17.929+0200] {logging_mixin.py:151} INFO - [2026-07-15T16:39:17.929+0200] {dag.py:3722} INFO - Setting next_dagrun for dataset_produces_2 to None, run_after=None
[2026-07-15T16:39:17.954+0200] {processor.py:179} INFO - Processing /home/ai/.local/lib/python3.9/site-packages/airflow/example_dags/example_datasets.py took 0.101 seconds
[2026-07-15T16:40:47.936+0200] {processor.py:157} INFO - Started process (PID=3432548) to work on /home/ai/.local/lib/python3.9/site-packages/airflow/example_dags/example_datasets.py
[2026-07-15T16:40:47.937+0200] {processor.py:829} INFO - Processing file /home/ai/.local/lib/python3.9/site-packages/airflow/example_dags/example_datasets.py for tasks to queue
[2026-07-15T16:40:47.939+0200] {logging_mixin.py:151} INFO - [2026-07-15T16:40:47.938+0200] {dagbag.py:536} INFO - Filling up the DagBag from /home/ai/.local/lib/python3.9/site-packages/airflow/example_dags/example_datasets.py
[2026-07-15T16:40:47.949+0200] {processor.py:839} INFO - DAG(s) dict_keys(['dataset_consumes_1', 'dataset_consumes_unknown_never_scheduled', 'dataset_consumes_1_and_2', 'dataset_produces_2', 'dataset_consumes_1_never_scheduled', 'dataset_produces_1']) retrieved from /home/ai/.local/lib/python3.9/site-packages/airflow/example_dags/example_datasets.py
[2026-07-15T16:40:47.981+0200] {logging_mixin.py:151} INFO - [2026-07-15T16:40:47.981+0200] {dag.py:2941} INFO - Sync 6 DAGs
[2026-07-15T16:40:47.999+0200] {logging_mixin.py:151} INFO - [2026-07-15T16:40:47.999+0200] {dag.py:3722} INFO - Setting next_dagrun for dataset_consumes_1 to None, run_after=None
[2026-07-15T16:40:48.002+0200] {logging_mixin.py:151} INFO - [2026-07-15T16:40:48.001+0200] {dag.py:3722} INFO - Setting next_dagrun for dataset_consumes_1_and_2 to None, run_after=None
[2026-07-15T16:40:48.002+0200] {logging_mixin.py:151} INFO - [2026-07-15T16:40:48.002+0200] {dag.py:3722} INFO - Setting next_dagrun for dataset_consumes_1_never_scheduled to None, run_after=None
[2026-07-15T16:40:48.003+0200] {logging_mixin.py:151} INFO - [2026-07-15T16:40:48.003+0200] {dag.py:3722} INFO - Setting next_dagrun for dataset_consumes_unknown_never_scheduled to None, run_after=None
[2026-07-15T16:40:48.006+0200] {logging_mixin.py:151} INFO - [2026-07-15T16:40:48.005+0200] {dag.py:3722} INFO - Setting next_dagrun for dataset_produces_1 to 2026-07-14T00:00:00+00:00, run_after=2026-07-15T00:00:00+00:00
[2026-07-15T16:40:48.008+0200] {logging_mixin.py:151} INFO - [2026-07-15T16:40:48.006+0200] {dag.py:3722} INFO - Setting next_dagrun for dataset_produces_2 to None, run_after=None
[2026-07-15T16:40:48.042+0200] {processor.py:179} INFO - Processing /home/ai/.local/lib/python3.9/site-packages/airflow/example_dags/example_datasets.py took 0.110 seconds
[2026-07-15T16:42:29.838+0200] {processor.py:157} INFO - Started process (PID=3434400) to work on /home/ai/.local/lib/python3.9/site-packages/airflow/example_dags/example_datasets.py
[2026-07-15T16:42:29.840+0200] {processor.py:829} INFO - Processing file /home/ai/.local/lib/python3.9/site-packages/airflow/example_dags/example_datasets.py for tasks to queue
[2026-07-15T16:42:29.841+0200] {logging_mixin.py:151} INFO - [2026-07-15T16:42:29.840+0200] {dagbag.py:536} INFO - Filling up the DagBag from /home/ai/.local/lib/python3.9/site-packages/airflow/example_dags/example_datasets.py
[2026-07-15T16:42:29.850+0200] {processor.py:839} INFO - DAG(s) dict_keys(['dataset_produces_1', 'dataset_consumes_1_never_scheduled', 'dataset_produces_2', 'dataset_consumes_unknown_never_scheduled', 'dataset_consumes_1_and_2', 'dataset_consumes_1']) retrieved from /home/ai/.local/lib/python3.9/site-packages/airflow/example_dags/example_datasets.py
[2026-07-15T16:42:29.875+0200] {logging_mixin.py:151} INFO - [2026-07-15T16:42:29.875+0200] {dag.py:2941} INFO - Sync 6 DAGs
[2026-07-15T16:42:29.893+0200] {logging_mixin.py:151} INFO - [2026-07-15T16:42:29.893+0200] {dag.py:3722} INFO - Setting next_dagrun for dataset_consumes_1 to None, run_after=None
[2026-07-15T16:42:29.896+0200] {logging_mixin.py:151} INFO - [2026-07-15T16:42:29.896+0200] {dag.py:3722} INFO - Setting next_dagrun for dataset_consumes_1_and_2 to None, run_after=None
[2026-07-15T16:42:29.897+0200] {logging_mixin.py:151} INFO - [2026-07-15T16:42:29.897+0200] {dag.py:3722} INFO - Setting next_dagrun for dataset_consumes_1_never_scheduled to None, run_after=None
[2026-07-15T16:42:29.897+0200] {logging_mixin.py:151} INFO - [2026-07-15T16:42:29.897+0200] {dag.py:3722} INFO - Setting next_dagrun for dataset_consumes_unknown_never_scheduled to None, run_after=None
[2026-07-15T16:42:29.900+0200] {logging_mixin.py:151} INFO - [2026-07-15T16:42:29.900+0200] {dag.py:3722} INFO - Setting next_dagrun for dataset_produces_1 to 2026-07-14T00:00:00+00:00, run_after=2026-07-15T00:00:00+00:00
[2026-07-15T16:42:29.901+0200] {logging_mixin.py:151} INFO - [2026-07-15T16:42:29.900+0200] {dag.py:3722} INFO - Setting next_dagrun for dataset_produces_2 to None, run_after=None
[2026-07-15T16:42:29.933+0200] {processor.py:179} INFO - Processing /home/ai/.local/lib/python3.9/site-packages/airflow/example_dags/example_datasets.py took 0.101 seconds
[2026-07-15T16:44:06.903+0200] {processor.py:157} INFO - Started process (PID=3436059) to work on /home/ai/.local/lib/python3.9/site-packages/airflow/example_dags/example_datasets.py
[2026-07-15T16:44:06.905+0200] {processor.py:829} INFO - Processing file /home/ai/.local/lib/python3.9/site-packages/airflow/example_dags/example_datasets.py for tasks to queue
[2026-07-15T16:44:06.906+0200] {logging_mixin.py:151} INFO - [2026-07-15T16:44:06.905+0200] {dagbag.py:536} INFO - Filling up the DagBag from /home/ai/.local/lib/python3.9/site-packages/airflow/example_dags/example_datasets.py
[2026-07-15T16:44:06.916+0200] {processor.py:839} INFO - DAG(s) dict_keys(['dataset_consumes_1_and_2', 'dataset_consumes_1', 'dataset_consumes_1_never_scheduled', 'dataset_produces_1', 'dataset_consumes_unknown_never_scheduled', 'dataset_produces_2']) retrieved from /home/ai/.local/lib/python3.9/site-packages/airflow/example_dags/example_datasets.py
[2026-07-15T16:44:06.942+0200] {logging_mixin.py:151} INFO - [2026-07-15T16:44:06.942+0200] {dag.py:2941} INFO - Sync 6 DAGs
[2026-07-15T16:44:06.961+0200] {logging_mixin.py:151} INFO - [2026-07-15T16:44:06.961+0200] {dag.py:3722} INFO - Setting next_dagrun for dataset_consumes_1 to None, run_after=None
[2026-07-15T16:44:06.964+0200] {logging_mixin.py:151} INFO - [2026-07-15T16:44:06.963+0200] {dag.py:3722} INFO - Setting next_dagrun for dataset_consumes_1_and_2 to None, run_after=None
[2026-07-15T16:44:06.964+0200] {logging_mixin.py:151} INFO - [2026-07-15T16:44:06.964+0200] {dag.py:3722} INFO - Setting next_dagrun for dataset_consumes_1_never_scheduled to None, run_after=None
[2026-07-15T16:44:06.965+0200] {logging_mixin.py:151} INFO - [2026-07-15T16:44:06.965+0200] {dag.py:3722} INFO - Setting next_dagrun for dataset_consumes_unknown_never_scheduled to None, run_after=None
[2026-07-15T16:44:06.967+0200] {logging_mixin.py:151} INFO - [2026-07-15T16:44:06.967+0200] {dag.py:3722} INFO - Setting next_dagrun for dataset_produces_1 to 2026-07-14T00:00:00+00:00, run_after=2026-07-15T00:00:00+00:00
[2026-07-15T16:44:06.968+0200] {logging_mixin.py:151} INFO - [2026-07-15T16:44:06.968+0200] {dag.py:3722} INFO - Setting next_dagrun for dataset_produces_2 to None, run_after=None
[2026-07-15T16:44:07.510+0200] {processor.py:179} INFO - Processing /home/ai/.local/lib/python3.9/site-packages/airflow/example_dags/example_datasets.py took 0.610 seconds
[2026-07-15T16:45:53.801+0200] {processor.py:157} INFO - Started process (PID=3437943) to work on /home/ai/.local/lib/python3.9/site-packages/airflow/example_dags/example_datasets.py
[2026-07-15T16:45:53.802+0200] {processor.py:829} INFO - Processing file /home/ai/.local/lib/python3.9/site-packages/airflow/example_dags/example_datasets.py for tasks to queue
[2026-07-15T16:45:53.803+0200] {logging_mixin.py:151} INFO - [2026-07-15T16:45:53.803+0200] {dagbag.py:536} INFO - Filling up the DagBag from /home/ai/.local/lib/python3.9/site-packages/airflow/example_dags/example_datasets.py
[2026-07-15T16:45:53.813+0200] {processor.py:839} INFO - DAG(s) dict_keys(['dataset_consumes_1_never_scheduled', 'dataset_produces_1', 'dataset_consumes_1', 'dataset_consumes_1_and_2', 'dataset_produces_2', 'dataset_consumes_unknown_never_scheduled']) retrieved from /home/ai/.local/lib/python3.9/site-packages/airflow/example_dags/example_datasets.py
[2026-07-15T16:45:53.839+0200] {logging_mixin.py:151} INFO - [2026-07-15T16:45:53.838+0200] {dag.py:2941} INFO - Sync 6 DAGs
[2026-07-15T16:45:53.857+0200] {logging_mixin.py:151} INFO - [2026-07-15T16:45:53.857+0200] {dag.py:3722} INFO - Setting next_dagrun for dataset_consumes_1 to None, run_after=None
[2026-07-15T16:45:53.860+0200] {logging_mixin.py:151} INFO - [2026-07-15T16:45:53.860+0200] {dag.py:3722} INFO - Setting next_dagrun for dataset_consumes_1_and_2 to None, run_after=None
[2026-07-15T16:45:53.861+0200] {logging_mixin.py:151} INFO - [2026-07-15T16:45:53.861+0200] {dag.py:3722} INFO - Setting next_dagrun for dataset_consumes_1_never_scheduled to None, run_after=None
[2026-07-15T16:45:53.861+0200] {logging_mixin.py:151} INFO - [2026-07-15T16:45:53.861+0200] {dag.py:3722} INFO - Setting next_dagrun for dataset_consumes_unknown_never_scheduled to None, run_after=None
[2026-07-15T16:45:53.864+0200] {logging_mixin.py:151} INFO - [2026-07-15T16:45:53.863+0200] {dag.py:3722} INFO - Setting next_dagrun for dataset_produces_1 to 2026-07-14T00:00:00+00:00, run_after=2026-07-15T00:00:00+00:00
[2026-07-15T16:45:53.864+0200] {logging_mixin.py:151} INFO - [2026-07-15T16:45:53.864+0200] {dag.py:3722} INFO - Setting next_dagrun for dataset_produces_2 to None, run_after=None
[2026-07-15T16:45:53.889+0200] {processor.py:179} INFO - Processing /home/ai/.local/lib/python3.9/site-packages/airflow/example_dags/example_datasets.py took 0.094 seconds
[2026-07-15T16:47:48.735+0200] {processor.py:157} INFO - Started process (PID=3439964) to work on /home/ai/.local/lib/python3.9/site-packages/airflow/example_dags/example_datasets.py
[2026-07-15T16:47:48.736+0200] {processor.py:829} INFO - Processing file /home/ai/.local/lib/python3.9/site-packages/airflow/example_dags/example_datasets.py for tasks to queue
[2026-07-15T16:47:48.737+0200] {logging_mixin.py:151} INFO - [2026-07-15T16:47:48.737+0200] {dagbag.py:536} INFO - Filling up the DagBag from /home/ai/.local/lib/python3.9/site-packages/airflow/example_dags/example_datasets.py
[2026-07-15T16:47:48.747+0200] {processor.py:839} INFO - DAG(s) dict_keys(['dataset_produces_1', 'dataset_consumes_1_and_2', 'dataset_consumes_unknown_never_scheduled', 'dataset_consumes_1', 'dataset_consumes_1_never_scheduled', 'dataset_produces_2']) retrieved from /home/ai/.local/lib/python3.9/site-packages/airflow/example_dags/example_datasets.py
[2026-07-15T16:47:48.774+0200] {logging_mixin.py:151} INFO - [2026-07-15T16:47:48.774+0200] {dag.py:2941} INFO - Sync 6 DAGs
[2026-07-15T16:47:48.793+0200] {logging_mixin.py:151} INFO - [2026-07-15T16:47:48.793+0200] {dag.py:3722} INFO - Setting next_dagrun for dataset_consumes_1 to None, run_after=None
[2026-07-15T16:47:48.796+0200] {logging_mixin.py:151} INFO - [2026-07-15T16:47:48.796+0200] {dag.py:3722} INFO - Setting next_dagrun for dataset_consumes_1_and_2 to None, run_after=None
[2026-07-15T16:47:48.797+0200] {logging_mixin.py:151} INFO - [2026-07-15T16:47:48.797+0200] {dag.py:3722} INFO - Setting next_dagrun for dataset_consumes_1_never_scheduled to None, run_after=None
[2026-07-15T16:47:48.798+0200] {logging_mixin.py:151} INFO - [2026-07-15T16:47:48.798+0200] {dag.py:3722} INFO - Setting next_dagrun for dataset_consumes_unknown_never_scheduled to None, run_after=None
[2026-07-15T16:47:48.800+0200] {logging_mixin.py:151} INFO - [2026-07-15T16:47:48.800+0200] {dag.py:3722} INFO - Setting next_dagrun for dataset_produces_1 to 2026-07-14T00:00:00+00:00, run_after=2026-07-15T00:00:00+00:00
[2026-07-15T16:47:48.801+0200] {logging_mixin.py:151} INFO - [2026-07-15T16:47:48.801+0200] {dag.py:3722} INFO - Setting next_dagrun for dataset_produces_2 to None, run_after=None
[2026-07-15T16:47:49.727+0200] {processor.py:179} INFO - Processing /home/ai/.local/lib/python3.9/site-packages/airflow/example_dags/example_datasets.py took 0.998 seconds
[2026-07-15T16:49:43.730+0200] {processor.py:157} INFO - Started process (PID=3441906) to work on /home/ai/.local/lib/python3.9/site-packages/airflow/example_dags/example_datasets.py
[2026-07-15T16:49:43.733+0200] {processor.py:829} INFO - Processing file /home/ai/.local/lib/python3.9/site-packages/airflow/example_dags/example_datasets.py for tasks to queue
[2026-07-15T16:49:43.735+0200] {logging_mixin.py:151} INFO - [2026-07-15T16:49:43.734+0200] {dagbag.py:536} INFO - Filling up the DagBag from /home/ai/.local/lib/python3.9/site-packages/airflow/example_dags/example_datasets.py
[2026-07-15T16:49:43.748+0200] {processor.py:839} INFO - DAG(s) dict_keys(['dataset_consumes_1_never_scheduled', 'dataset_consumes_unknown_never_scheduled', 'dataset_consumes_1_and_2', 'dataset_produces_1', 'dataset_produces_2', 'dataset_consumes_1']) retrieved from /home/ai/.local/lib/python3.9/site-packages/airflow/example_dags/example_datasets.py
[2026-07-15T16:49:43.774+0200] {logging_mixin.py:151} INFO - [2026-07-15T16:49:43.773+0200] {dag.py:2941} INFO - Sync 6 DAGs
[2026-07-15T16:49:43.791+0200] {logging_mixin.py:151} INFO - [2026-07-15T16:49:43.791+0200] {dag.py:3722} INFO - Setting next_dagrun for dataset_consumes_1 to None, run_after=None
[2026-07-15T16:49:43.794+0200] {logging_mixin.py:151} INFO - [2026-07-15T16:49:43.794+0200] {dag.py:3722} INFO - Setting next_dagrun for dataset_consumes_1_and_2 to None, run_after=None
[2026-07-15T16:49:43.795+0200] {logging_mixin.py:151} INFO - [2026-07-15T16:49:43.794+0200] {dag.py:3722} INFO - Setting next_dagrun for dataset_consumes_1_never_scheduled to None, run_after=None
[2026-07-15T16:49:43.795+0200] {logging_mixin.py:151} INFO - [2026-07-15T16:49:43.795+0200] {dag.py:3722} INFO - Setting next_dagrun for dataset_consumes_unknown_never_scheduled to None, run_after=None
[2026-07-15T16:49:43.797+0200] {logging_mixin.py:151} INFO - [2026-07-15T16:49:43.797+0200] {dag.py:3722} INFO - Setting next_dagrun for dataset_produces_1 to 2026-07-14T00:00:00+00:00, run_after=2026-07-15T00:00:00+00:00
[2026-07-15T16:49:43.798+0200] {logging_mixin.py:151} INFO - [2026-07-15T16:49:43.798+0200] {dag.py:3722} INFO - Setting next_dagrun for dataset_produces_2 to None, run_after=None
[2026-07-15T16:49:47.364+0200] {processor.py:179} INFO - Processing /home/ai/.local/lib/python3.9/site-packages/airflow/example_dags/example_datasets.py took 3.640 seconds
[2026-07-15T16:51:42.882+0200] {processor.py:157} INFO - Started process (PID=3443861) to work on /home/ai/.local/lib/python3.9/site-packages/airflow/example_dags/example_datasets.py
[2026-07-15T16:51:42.884+0200] {processor.py:829} INFO - Processing file /home/ai/.local/lib/python3.9/site-packages/airflow/example_dags/example_datasets.py for tasks to queue
[2026-07-15T16:51:42.885+0200] {logging_mixin.py:151} INFO - [2026-07-15T16:51:42.884+0200] {dagbag.py:536} INFO - Filling up the DagBag from /home/ai/.local/lib/python3.9/site-packages/airflow/example_dags/example_datasets.py
[2026-07-15T16:51:42.894+0200] {processor.py:839} INFO - DAG(s) dict_keys(['dataset_consumes_1', 'dataset_produces_2', 'dataset_produces_1', 'dataset_consumes_1_never_scheduled', 'dataset_consumes_unknown_never_scheduled', 'dataset_consumes_1_and_2']) retrieved from /home/ai/.local/lib/python3.9/site-packages/airflow/example_dags/example_datasets.py
[2026-07-15T16:51:42.923+0200] {logging_mixin.py:151} INFO - [2026-07-15T16:51:42.922+0200] {dag.py:2941} INFO - Sync 6 DAGs
[2026-07-15T16:51:42.941+0200] {logging_mixin.py:151} INFO - [2026-07-15T16:51:42.941+0200] {dag.py:3722} INFO - Setting next_dagrun for dataset_consumes_1 to None, run_after=None
[2026-07-15T16:51:42.944+0200] {logging_mixin.py:151} INFO - [2026-07-15T16:51:42.944+0200] {dag.py:3722} INFO - Setting next_dagrun for dataset_consumes_1_and_2 to None, run_after=None
[2026-07-15T16:51:42.945+0200] {logging_mixin.py:151} INFO - [2026-07-15T16:51:42.945+0200] {dag.py:3722} INFO - Setting next_dagrun for dataset_consumes_1_never_scheduled to None, run_after=None
[2026-07-15T16:51:42.946+0200] {logging_mixin.py:151} INFO - [2026-07-15T16:51:42.945+0200] {dag.py:3722} INFO - Setting next_dagrun for dataset_consumes_unknown_never_scheduled to None, run_after=None
[2026-07-15T16:51:42.948+0200] {logging_mixin.py:151} INFO - [2026-07-15T16:51:42.948+0200] {dag.py:3722} INFO - Setting next_dagrun for dataset_produces_1 to 2026-07-14T00:00:00+00:00, run_after=2026-07-15T00:00:00+00:00
[2026-07-15T16:51:42.949+0200] {logging_mixin.py:151} INFO - [2026-07-15T16:51:42.949+0200] {dag.py:3722} INFO - Setting next_dagrun for dataset_produces_2 to None, run_after=None
[2026-07-15T16:51:44.375+0200] {processor.py:179} INFO - Processing /home/ai/.local/lib/python3.9/site-packages/airflow/example_dags/example_datasets.py took 1.496 seconds
[2026-07-15T16:53:50.940+0200] {processor.py:157} INFO - Started process (PID=3446103) to work on /home/ai/.local/lib/python3.9/site-packages/airflow/example_dags/example_datasets.py
[2026-07-15T16:53:50.941+0200] {processor.py:829} INFO - Processing file /home/ai/.local/lib/python3.9/site-packages/airflow/example_dags/example_datasets.py for tasks to queue
[2026-07-15T16:53:50.942+0200] {logging_mixin.py:151} INFO - [2026-07-15T16:53:50.942+0200] {dagbag.py:536} INFO - Filling up the DagBag from /home/ai/.local/lib/python3.9/site-packages/airflow/example_dags/example_datasets.py
[2026-07-15T16:53:50.952+0200] {processor.py:839} INFO - DAG(s) dict_keys(['dataset_produces_2', 'dataset_consumes_1_never_scheduled', 'dataset_consumes_1', 'dataset_consumes_1_and_2', 'dataset_consumes_unknown_never_scheduled', 'dataset_produces_1']) retrieved from /home/ai/.local/lib/python3.9/site-packages/airflow/example_dags/example_datasets.py
[2026-07-15T16:53:50.981+0200] {logging_mixin.py:151} INFO - [2026-07-15T16:53:50.981+0200] {dag.py:2941} INFO - Sync 6 DAGs
[2026-07-15T16:53:51.000+0200] {logging_mixin.py:151} INFO - [2026-07-15T16:53:51.000+0200] {dag.py:3722} INFO - Setting next_dagrun for dataset_consumes_1 to None, run_after=None
[2026-07-15T16:53:51.003+0200] {logging_mixin.py:151} INFO - [2026-07-15T16:53:51.003+0200] {dag.py:3722} INFO - Setting next_dagrun for dataset_consumes_1_and_2 to None, run_after=None
[2026-07-15T16:53:51.004+0200] {logging_mixin.py:151} INFO - [2026-07-15T16:53:51.004+0200] {dag.py:3722} INFO - Setting next_dagrun for dataset_consumes_1_never_scheduled to None, run_after=None
[2026-07-15T16:53:51.005+0200] {logging_mixin.py:151} INFO - [2026-07-15T16:53:51.005+0200] {dag.py:3722} INFO - Setting next_dagrun for dataset_consumes_unknown_never_scheduled to None, run_after=None
[2026-07-15T16:53:51.007+0200] {logging_mixin.py:151} INFO - [2026-07-15T16:53:51.007+0200] {dag.py:3722} INFO - Setting next_dagrun for dataset_produces_1 to 2026-07-14T00:00:00+00:00, run_after=2026-07-15T00:00:00+00:00
[2026-07-15T16:53:51.008+0200] {logging_mixin.py:151} INFO - [2026-07-15T16:53:51.008+0200] {dag.py:3722} INFO - Setting next_dagrun for dataset_produces_2 to None, run_after=None
[2026-07-15T16:53:51.603+0200] {processor.py:179} INFO - Processing /home/ai/.local/lib/python3.9/site-packages/airflow/example_dags/example_datasets.py took 0.669 seconds
[2026-07-15T16:56:03.182+0200] {processor.py:157} INFO - Started process (PID=3448323) to work on /home/ai/.local/lib/python3.9/site-packages/airflow/example_dags/example_datasets.py
[2026-07-15T16:56:03.183+0200] {processor.py:829} INFO - Processing file /home/ai/.local/lib/python3.9/site-packages/airflow/example_dags/example_datasets.py for tasks to queue
[2026-07-15T16:56:03.184+0200] {logging_mixin.py:151} INFO - [2026-07-15T16:56:03.183+0200] {dagbag.py:536} INFO - Filling up the DagBag from /home/ai/.local/lib/python3.9/site-packages/airflow/example_dags/example_datasets.py
[2026-07-15T16:56:03.193+0200] {processor.py:839} INFO - DAG(s) dict_keys(['dataset_produces_2', 'dataset_produces_1', 'dataset_consumes_1', 'dataset_consumes_unknown_never_scheduled', 'dataset_consumes_1_never_scheduled', 'dataset_consumes_1_and_2']) retrieved from /home/ai/.local/lib/python3.9/site-packages/airflow/example_dags/example_datasets.py
[2026-07-15T16:56:03.221+0200] {logging_mixin.py:151} INFO - [2026-07-15T16:56:03.221+0200] {dag.py:2941} INFO - Sync 6 DAGs
[2026-07-15T16:56:03.241+0200] {logging_mixin.py:151} INFO - [2026-07-15T16:56:03.241+0200] {dag.py:3722} INFO - Setting next_dagrun for dataset_consumes_1 to None, run_after=None
[2026-07-15T16:56:03.244+0200] {logging_mixin.py:151} INFO - [2026-07-15T16:56:03.244+0200] {dag.py:3722} INFO - Setting next_dagrun for dataset_consumes_1_and_2 to None, run_after=None
[2026-07-15T16:56:03.245+0200] {logging_mixin.py:151} INFO - [2026-07-15T16:56:03.245+0200] {dag.py:3722} INFO - Setting next_dagrun for dataset_consumes_1_never_scheduled to None, run_after=None
[2026-07-15T16:56:03.246+0200] {logging_mixin.py:151} INFO - [2026-07-15T16:56:03.245+0200] {dag.py:3722} INFO - Setting next_dagrun for dataset_consumes_unknown_never_scheduled to None, run_after=None
[2026-07-15T16:56:03.248+0200] {logging_mixin.py:151} INFO - [2026-07-15T16:56:03.248+0200] {dag.py:3722} INFO - Setting next_dagrun for dataset_produces_1 to 2026-07-14T00:00:00+00:00, run_after=2026-07-15T00:00:00+00:00
[2026-07-15T16:56:03.249+0200] {logging_mixin.py:151} INFO - [2026-07-15T16:56:03.249+0200] {dag.py:3722} INFO - Setting next_dagrun for dataset_produces_2 to None, run_after=None
[2026-07-15T16:56:03.275+0200] {processor.py:179} INFO - Processing /home/ai/.local/lib/python3.9/site-packages/airflow/example_dags/example_datasets.py took 0.100 seconds
[2026-07-15T16:58:20.762+0200] {processor.py:157} INFO - Started process (PID=3450700) to work on /home/ai/.local/lib/python3.9/site-packages/airflow/example_dags/example_datasets.py
[2026-07-15T16:58:20.764+0200] {processor.py:829} INFO - Processing file /home/ai/.local/lib/python3.9/site-packages/airflow/example_dags/example_datasets.py for tasks to queue
[2026-07-15T16:58:20.764+0200] {logging_mixin.py:151} INFO - [2026-07-15T16:58:20.764+0200] {dagbag.py:536} INFO - Filling up the DagBag from /home/ai/.local/lib/python3.9/site-packages/airflow/example_dags/example_datasets.py
[2026-07-15T16:58:20.774+0200] {processor.py:839} INFO - DAG(s) dict_keys(['dataset_produces_1', 'dataset_consumes_unknown_never_scheduled', 'dataset_produces_2', 'dataset_consumes_1_never_scheduled', 'dataset_consumes_1_and_2', 'dataset_consumes_1']) retrieved from /home/ai/.local/lib/python3.9/site-packages/airflow/example_dags/example_datasets.py
[2026-07-15T16:58:20.800+0200] {logging_mixin.py:151} INFO - [2026-07-15T16:58:20.800+0200] {dag.py:2941} INFO - Sync 6 DAGs
[2026-07-15T16:58:20.819+0200] {logging_mixin.py:151} INFO - [2026-07-15T16:58:20.818+0200] {dag.py:3722} INFO - Setting next_dagrun for dataset_consumes_1 to None, run_after=None
[2026-07-15T16:58:20.822+0200] {logging_mixin.py:151} INFO - [2026-07-15T16:58:20.822+0200] {dag.py:3722} INFO - Setting next_dagrun for dataset_consumes_1_and_2 to None, run_after=None
[2026-07-15T16:58:20.823+0200] {logging_mixin.py:151} INFO - [2026-07-15T16:58:20.823+0200] {dag.py:3722} INFO - Setting next_dagrun for dataset_consumes_1_never_scheduled to None, run_after=None
[2026-07-15T16:58:20.824+0200] {logging_mixin.py:151} INFO - [2026-07-15T16:58:20.824+0200] {dag.py:3722} INFO - Setting next_dagrun for dataset_consumes_unknown_never_scheduled to None, run_after=None
[2026-07-15T16:58:20.826+0200] {logging_mixin.py:151} INFO - [2026-07-15T16:58:20.826+0200] {dag.py:3722} INFO - Setting next_dagrun for dataset_produces_1 to 2026-07-14T00:00:00+00:00, run_after=2026-07-15T00:00:00+00:00
[2026-07-15T16:58:20.829+0200] {logging_mixin.py:151} INFO - [2026-07-15T16:58:20.828+0200] {dag.py:3722} INFO - Setting next_dagrun for dataset_produces_2 to None, run_after=None
[2026-07-15T16:58:21.045+0200] {processor.py:179} INFO - Processing /home/ai/.local/lib/python3.9/site-packages/airflow/example_dags/example_datasets.py took 0.287 seconds
[2026-07-15T17:02:07.319+0200] {processor.py:157} INFO - Started process (PID=3454634) to work on /home/ai/.local/lib/python3.9/site-packages/airflow/example_dags/example_datasets.py
[2026-07-15T17:02:07.321+0200] {processor.py:829} INFO - Processing file /home/ai/.local/lib/python3.9/site-packages/airflow/example_dags/example_datasets.py for tasks to queue
[2026-07-15T17:02:07.322+0200] {logging_mixin.py:151} INFO - [2026-07-15T17:02:07.322+0200] {dagbag.py:536} INFO - Filling up the DagBag from /home/ai/.local/lib/python3.9/site-packages/airflow/example_dags/example_datasets.py
[2026-07-15T17:02:07.333+0200] {processor.py:839} INFO - DAG(s) dict_keys(['dataset_produces_2', 'dataset_consumes_1_never_scheduled', 'dataset_consumes_1', 'dataset_produces_1', 'dataset_consumes_1_and_2', 'dataset_consumes_unknown_never_scheduled']) retrieved from /home/ai/.local/lib/python3.9/site-packages/airflow/example_dags/example_datasets.py
[2026-07-15T17:02:07.359+0200] {logging_mixin.py:151} INFO - [2026-07-15T17:02:07.359+0200] {dag.py:2941} INFO - Sync 6 DAGs
[2026-07-15T17:02:07.377+0200] {logging_mixin.py:151} INFO - [2026-07-15T17:02:07.377+0200] {dag.py:3722} INFO - Setting next_dagrun for dataset_consumes_1 to None, run_after=None
[2026-07-15T17:02:07.380+0200] {logging_mixin.py:151} INFO - [2026-07-15T17:02:07.379+0200] {dag.py:3722} INFO - Setting next_dagrun for dataset_consumes_1_and_2 to None, run_after=None
[2026-07-15T17:02:07.380+0200] {logging_mixin.py:151} INFO - [2026-07-15T17:02:07.380+0200] {dag.py:3722} INFO - Setting next_dagrun for dataset_consumes_1_never_scheduled to None, run_after=None
[2026-07-15T17:02:07.381+0200] {logging_mixin.py:151} INFO - [2026-07-15T17:02:07.381+0200] {dag.py:3722} INFO - Setting next_dagrun for dataset_consumes_unknown_never_scheduled to None, run_after=None
[2026-07-15T17:02:07.383+0200] {logging_mixin.py:151} INFO - [2026-07-15T17:02:07.383+0200] {dag.py:3722} INFO - Setting next_dagrun for dataset_produces_1 to 2026-07-14T00:00:00+00:00, run_after=2026-07-15T00:00:00+00:00
[2026-07-15T17:02:07.384+0200] {logging_mixin.py:151} INFO - [2026-07-15T17:02:07.384+0200] {dag.py:3722} INFO - Setting next_dagrun for dataset_produces_2 to None, run_after=None
[2026-07-15T17:02:10.036+0200] {processor.py:179} INFO - Processing /home/ai/.local/lib/python3.9/site-packages/airflow/example_dags/example_datasets.py took 2.723 seconds
[2026-07-15T17:04:48.388+0200] {processor.py:157} INFO - Started process (PID=3457498) to work on /home/ai/.local/lib/python3.9/site-packages/airflow/example_dags/example_datasets.py
[2026-07-15T17:04:48.457+0200] {processor.py:829} INFO - Processing file /home/ai/.local/lib/python3.9/site-packages/airflow/example_dags/example_datasets.py for tasks to queue
[2026-07-15T17:04:48.460+0200] {logging_mixin.py:151} INFO - [2026-07-15T17:04:48.459+0200] {dagbag.py:536} INFO - Filling up the DagBag from /home/ai/.local/lib/python3.9/site-packages/airflow/example_dags/example_datasets.py
[2026-07-15T17:04:48.475+0200] {processor.py:839} INFO - DAG(s) dict_keys(['dataset_consumes_unknown_never_scheduled', 'dataset_consumes_1_and_2', 'dataset_consumes_1', 'dataset_produces_2', 'dataset_consumes_1_never_scheduled', 'dataset_produces_1']) retrieved from /home/ai/.local/lib/python3.9/site-packages/airflow/example_dags/example_datasets.py
[2026-07-15T17:04:48.500+0200] {logging_mixin.py:151} INFO - [2026-07-15T17:04:48.500+0200] {dag.py:2941} INFO - Sync 6 DAGs
[2026-07-15T17:04:48.517+0200] {logging_mixin.py:151} INFO - [2026-07-15T17:04:48.516+0200] {dag.py:3722} INFO - Setting next_dagrun for dataset_consumes_1 to None, run_after=None
[2026-07-15T17:04:48.519+0200] {logging_mixin.py:151} INFO - [2026-07-15T17:04:48.519+0200] {dag.py:3722} INFO - Setting next_dagrun for dataset_consumes_1_and_2 to None, run_after=None
[2026-07-15T17:04:48.520+0200] {logging_mixin.py:151} INFO - [2026-07-15T17:04:48.520+0200] {dag.py:3722} INFO - Setting next_dagrun for dataset_consumes_1_never_scheduled to None, run_after=None
[2026-07-15T17:04:48.521+0200] {logging_mixin.py:151} INFO - [2026-07-15T17:04:48.521+0200] {dag.py:3722} INFO - Setting next_dagrun for dataset_consumes_unknown_never_scheduled to None, run_after=None
[2026-07-15T17:04:48.523+0200] {logging_mixin.py:151} INFO - [2026-07-15T17:04:48.523+0200] {dag.py:3722} INFO - Setting next_dagrun for dataset_produces_1 to 2026-07-14T00:00:00+00:00, run_after=2026-07-15T00:00:00+00:00
[2026-07-15T17:04:48.523+0200] {logging_mixin.py:151} INFO - [2026-07-15T17:04:48.523+0200] {dag.py:3722} INFO - Setting next_dagrun for dataset_produces_2 to None, run_after=None
[2026-07-15T17:04:48.549+0200] {processor.py:179} INFO - Processing /home/ai/.local/lib/python3.9/site-packages/airflow/example_dags/example_datasets.py took 0.164 seconds
[2026-07-15T17:06:56.536+0200] {processor.py:157} INFO - Started process (PID=3459608) to work on /home/ai/.local/lib/python3.9/site-packages/airflow/example_dags/example_datasets.py
[2026-07-15T17:06:56.538+0200] {processor.py:829} INFO - Processing file /home/ai/.local/lib/python3.9/site-packages/airflow/example_dags/example_datasets.py for tasks to queue
[2026-07-15T17:06:56.539+0200] {logging_mixin.py:151} INFO - [2026-07-15T17:06:56.538+0200] {dagbag.py:536} INFO - Filling up the DagBag from /home/ai/.local/lib/python3.9/site-packages/airflow/example_dags/example_datasets.py
[2026-07-15T17:06:56.549+0200] {processor.py:839} INFO - DAG(s) dict_keys(['dataset_produces_1', 'dataset_consumes_1_never_scheduled', 'dataset_consumes_1', 'dataset_produces_2', 'dataset_consumes_1_and_2', 'dataset_consumes_unknown_never_scheduled']) retrieved from /home/ai/.local/lib/python3.9/site-packages/airflow/example_dags/example_datasets.py
[2026-07-15T17:06:56.575+0200] {logging_mixin.py:151} INFO - [2026-07-15T17:06:56.574+0200] {dag.py:2941} INFO - Sync 6 DAGs
[2026-07-15T17:06:56.593+0200] {logging_mixin.py:151} INFO - [2026-07-15T17:06:56.593+0200] {dag.py:3722} INFO - Setting next_dagrun for dataset_consumes_1 to None, run_after=None
[2026-07-15T17:06:56.596+0200] {logging_mixin.py:151} INFO - [2026-07-15T17:06:56.596+0200] {dag.py:3722} INFO - Setting next_dagrun for dataset_consumes_1_and_2 to None, run_after=None
[2026-07-15T17:06:56.597+0200] {logging_mixin.py:151} INFO - [2026-07-15T17:06:56.596+0200] {dag.py:3722} INFO - Setting next_dagrun for dataset_consumes_1_never_scheduled to None, run_after=None
[2026-07-15T17:06:56.597+0200] {logging_mixin.py:151} INFO - [2026-07-15T17:06:56.597+0200] {dag.py:3722} INFO - Setting next_dagrun for dataset_consumes_unknown_never_scheduled to None, run_after=None
[2026-07-15T17:06:56.599+0200] {logging_mixin.py:151} INFO - [2026-07-15T17:06:56.599+0200] {dag.py:3722} INFO - Setting next_dagrun for dataset_produces_1 to 2026-07-14T00:00:00+00:00, run_after=2026-07-15T00:00:00+00:00
[2026-07-15T17:06:56.600+0200] {logging_mixin.py:151} INFO - [2026-07-15T17:06:56.600+0200] {dag.py:3722} INFO - Setting next_dagrun for dataset_produces_2 to None, run_after=None
[2026-07-15T17:06:57.392+0200] {processor.py:179} INFO - Processing /home/ai/.local/lib/python3.9/site-packages/airflow/example_dags/example_datasets.py took 0.861 seconds
[2026-07-15T17:10:03.469+0200] {processor.py:157} INFO - Started process (PID=3462851) to work on /home/ai/.local/lib/python3.9/site-packages/airflow/example_dags/example_datasets.py
[2026-07-15T17:10:04.155+0200] {processor.py:829} INFO - Processing file /home/ai/.local/lib/python3.9/site-packages/airflow/example_dags/example_datasets.py for tasks to queue
[2026-07-15T17:10:04.157+0200] {logging_mixin.py:151} INFO - [2026-07-15T17:10:04.156+0200] {dagbag.py:536} INFO - Filling up the DagBag from /home/ai/.local/lib/python3.9/site-packages/airflow/example_dags/example_datasets.py
[2026-07-15T17:10:04.174+0200] {processor.py:839} INFO - DAG(s) dict_keys(['dataset_produces_1', 'dataset_consumes_1_and_2', 'dataset_consumes_1', 'dataset_consumes_1_never_scheduled', 'dataset_consumes_unknown_never_scheduled', 'dataset_produces_2']) retrieved from /home/ai/.local/lib/python3.9/site-packages/airflow/example_dags/example_datasets.py
[2026-07-15T17:10:04.203+0200] {logging_mixin.py:151} INFO - [2026-07-15T17:10:04.203+0200] {dag.py:2941} INFO - Sync 6 DAGs
[2026-07-15T17:10:04.230+0200] {logging_mixin.py:151} INFO - [2026-07-15T17:10:04.230+0200] {dag.py:3722} INFO - Setting next_dagrun for dataset_consumes_1 to None, run_after=None
[2026-07-15T17:10:04.238+0200] {logging_mixin.py:151} INFO - [2026-07-15T17:10:04.238+0200] {dag.py:3722} INFO - Setting next_dagrun for dataset_consumes_1_and_2 to None, run_after=None
[2026-07-15T17:10:04.241+0200] {logging_mixin.py:151} INFO - [2026-07-15T17:10:04.241+0200] {dag.py:3722} INFO - Setting next_dagrun for dataset_consumes_1_never_scheduled to None, run_after=None
[2026-07-15T17:10:04.243+0200] {logging_mixin.py:151} INFO - [2026-07-15T17:10:04.243+0200] {dag.py:3722} INFO - Setting next_dagrun for dataset_consumes_unknown_never_scheduled to None, run_after=None
[2026-07-15T17:10:04.248+0200] {logging_mixin.py:151} INFO - [2026-07-15T17:10:04.248+0200] {dag.py:3722} INFO - Setting next_dagrun for dataset_produces_1 to 2026-07-14T00:00:00+00:00, run_after=2026-07-15T00:00:00+00:00
[2026-07-15T17:10:04.249+0200] {logging_mixin.py:151} INFO - [2026-07-15T17:10:04.249+0200] {dag.py:3722} INFO - Setting next_dagrun for dataset_produces_2 to None, run_after=None
[2026-07-15T17:10:05.510+0200] {processor.py:179} INFO - Processing /home/ai/.local/lib/python3.9/site-packages/airflow/example_dags/example_datasets.py took 2.045 seconds
[2026-07-15T17:14:23.521+0200] {processor.py:157} INFO - Started process (PID=3467318) to work on /home/ai/.local/lib/python3.9/site-packages/airflow/example_dags/example_datasets.py
[2026-07-15T17:14:23.533+0200] {processor.py:829} INFO - Processing file /home/ai/.local/lib/python3.9/site-packages/airflow/example_dags/example_datasets.py for tasks to queue
[2026-07-15T17:14:23.534+0200] {logging_mixin.py:151} INFO - [2026-07-15T17:14:23.533+0200] {dagbag.py:536} INFO - Filling up the DagBag from /home/ai/.local/lib/python3.9/site-packages/airflow/example_dags/example_datasets.py
[2026-07-15T17:14:23.546+0200] {processor.py:839} INFO - DAG(s) dict_keys(['dataset_consumes_1_never_scheduled', 'dataset_consumes_unknown_never_scheduled', 'dataset_consumes_1', 'dataset_produces_2', 'dataset_produces_1', 'dataset_consumes_1_and_2']) retrieved from /home/ai/.local/lib/python3.9/site-packages/airflow/example_dags/example_datasets.py
[2026-07-15T17:14:23.575+0200] {logging_mixin.py:151} INFO - [2026-07-15T17:14:23.575+0200] {dag.py:2941} INFO - Sync 6 DAGs
[2026-07-15T17:14:23.593+0200] {logging_mixin.py:151} INFO - [2026-07-15T17:14:23.593+0200] {dag.py:3722} INFO - Setting next_dagrun for dataset_consumes_1 to None, run_after=None
[2026-07-15T17:14:23.596+0200] {logging_mixin.py:151} INFO - [2026-07-15T17:14:23.595+0200] {dag.py:3722} INFO - Setting next_dagrun for dataset_consumes_1_and_2 to None, run_after=None
[2026-07-15T17:14:23.596+0200] {logging_mixin.py:151} INFO - [2026-07-15T17:14:23.596+0200] {dag.py:3722} INFO - Setting next_dagrun for dataset_consumes_1_never_scheduled to None, run_after=None
[2026-07-15T17:14:23.597+0200] {logging_mixin.py:151} INFO - [2026-07-15T17:14:23.597+0200] {dag.py:3722} INFO - Setting next_dagrun for dataset_consumes_unknown_never_scheduled to None, run_after=None
[2026-07-15T17:14:23.599+0200] {logging_mixin.py:151} INFO - [2026-07-15T17:14:23.599+0200] {dag.py:3722} INFO - Setting next_dagrun for dataset_produces_1 to 2026-07-14T00:00:00+00:00, run_after=2026-07-15T00:00:00+00:00
[2026-07-15T17:14:23.600+0200] {logging_mixin.py:151} INFO - [2026-07-15T17:14:23.600+0200] {dag.py:3722} INFO - Setting next_dagrun for dataset_produces_2 to None, run_after=None
[2026-07-15T17:14:23.811+0200] {processor.py:179} INFO - Processing /home/ai/.local/lib/python3.9/site-packages/airflow/example_dags/example_datasets.py took 0.294 seconds
[2026-07-15T17:16:24.545+0200] {processor.py:157} INFO - Started process (PID=3469803) to work on /home/ai/.local/lib/python3.9/site-packages/airflow/example_dags/example_datasets.py
[2026-07-15T17:16:24.546+0200] {processor.py:829} INFO - Processing file /home/ai/.local/lib/python3.9/site-packages/airflow/example_dags/example_datasets.py for tasks to queue
[2026-07-15T17:16:24.547+0200] {logging_mixin.py:151} INFO - [2026-07-15T17:16:24.547+0200] {dagbag.py:536} INFO - Filling up the DagBag from /home/ai/.local/lib/python3.9/site-packages/airflow/example_dags/example_datasets.py
[2026-07-15T17:16:24.557+0200] {processor.py:839} INFO - DAG(s) dict_keys(['dataset_produces_1', 'dataset_consumes_unknown_never_scheduled', 'dataset_consumes_1_never_scheduled', 'dataset_consumes_1', 'dataset_consumes_1_and_2', 'dataset_produces_2']) retrieved from /home/ai/.local/lib/python3.9/site-packages/airflow/example_dags/example_datasets.py
[2026-07-15T17:16:24.582+0200] {logging_mixin.py:151} INFO - [2026-07-15T17:16:24.582+0200] {dag.py:2941} INFO - Sync 6 DAGs
[2026-07-15T17:16:24.600+0200] {logging_mixin.py:151} INFO - [2026-07-15T17:16:24.600+0200] {dag.py:3722} INFO - Setting next_dagrun for dataset_consumes_1 to None, run_after=None
[2026-07-15T17:16:24.603+0200] {logging_mixin.py:151} INFO - [2026-07-15T17:16:24.603+0200] {dag.py:3722} INFO - Setting next_dagrun for dataset_consumes_1_and_2 to None, run_after=None
[2026-07-15T17:16:24.604+0200] {logging_mixin.py:151} INFO - [2026-07-15T17:16:24.604+0200] {dag.py:3722} INFO - Setting next_dagrun for dataset_consumes_1_never_scheduled to None, run_after=None
[2026-07-15T17:16:24.605+0200] {logging_mixin.py:151} INFO - [2026-07-15T17:16:24.605+0200] {dag.py:3722} INFO - Setting next_dagrun for dataset_consumes_unknown_never_scheduled to None, run_after=None
[2026-07-15T17:16:24.607+0200] {logging_mixin.py:151} INFO - [2026-07-15T17:16:24.607+0200] {dag.py:3722} INFO - Setting next_dagrun for dataset_produces_1 to 2026-07-14T00:00:00+00:00, run_after=2026-07-15T00:00:00+00:00
[2026-07-15T17:16:24.608+0200] {logging_mixin.py:151} INFO - [2026-07-15T17:16:24.608+0200] {dag.py:3722} INFO - Setting next_dagrun for dataset_produces_2 to None, run_after=None
[2026-07-15T17:16:24.633+0200] {processor.py:179} INFO - Processing /home/ai/.local/lib/python3.9/site-packages/airflow/example_dags/example_datasets.py took 0.094 seconds
[2026-07-15T17:18:06.728+0200] {processor.py:157} INFO - Started process (PID=3472066) to work on /home/ai/.local/lib/python3.9/site-packages/airflow/example_dags/example_datasets.py
[2026-07-15T17:18:06.730+0200] {processor.py:829} INFO - Processing file /home/ai/.local/lib/python3.9/site-packages/airflow/example_dags/example_datasets.py for tasks to queue
[2026-07-15T17:18:06.731+0200] {logging_mixin.py:151} INFO - [2026-07-15T17:18:06.730+0200] {dagbag.py:536} INFO - Filling up the DagBag from /home/ai/.local/lib/python3.9/site-packages/airflow/example_dags/example_datasets.py
[2026-07-15T17:18:06.741+0200] {processor.py:839} INFO - DAG(s) dict_keys(['dataset_consumes_unknown_never_scheduled', 'dataset_produces_1', 'dataset_consumes_1_never_scheduled', 'dataset_consumes_1_and_2', 'dataset_produces_2', 'dataset_consumes_1']) retrieved from /home/ai/.local/lib/python3.9/site-packages/airflow/example_dags/example_datasets.py
[2026-07-15T17:18:06.769+0200] {logging_mixin.py:151} INFO - [2026-07-15T17:18:06.769+0200] {dag.py:2941} INFO - Sync 6 DAGs
[2026-07-15T17:18:06.788+0200] {logging_mixin.py:151} INFO - [2026-07-15T17:18:06.788+0200] {dag.py:3722} INFO - Setting next_dagrun for dataset_consumes_1 to None, run_after=None
[2026-07-15T17:18:06.792+0200] {logging_mixin.py:151} INFO - [2026-07-15T17:18:06.792+0200] {dag.py:3722} INFO - Setting next_dagrun for dataset_consumes_1_and_2 to None, run_after=None
[2026-07-15T17:18:06.793+0200] {logging_mixin.py:151} INFO - [2026-07-15T17:18:06.793+0200] {dag.py:3722} INFO - Setting next_dagrun for dataset_consumes_1_never_scheduled to None, run_after=None
[2026-07-15T17:18:06.794+0200] {logging_mixin.py:151} INFO - [2026-07-15T17:18:06.793+0200] {dag.py:3722} INFO - Setting next_dagrun for dataset_consumes_unknown_never_scheduled to None, run_after=None
[2026-07-15T17:18:06.796+0200] {logging_mixin.py:151} INFO - [2026-07-15T17:18:06.796+0200] {dag.py:3722} INFO - Setting next_dagrun for dataset_produces_1 to 2026-07-14T00:00:00+00:00, run_after=2026-07-15T00:00:00+00:00
[2026-07-15T17:18:06.797+0200] {logging_mixin.py:151} INFO - [2026-07-15T17:18:06.797+0200] {dag.py:3722} INFO - Setting next_dagrun for dataset_produces_2 to None, run_after=None
[2026-07-15T17:18:07.024+0200] {processor.py:179} INFO - Processing /home/ai/.local/lib/python3.9/site-packages/airflow/example_dags/example_datasets.py took 0.300 seconds
[2026-07-15T17:19:55.592+0200] {processor.py:157} INFO - Started process (PID=3474155) to work on /home/ai/.local/lib/python3.9/site-packages/airflow/example_dags/example_datasets.py
[2026-07-15T17:19:55.594+0200] {processor.py:829} INFO - Processing file /home/ai/.local/lib/python3.9/site-packages/airflow/example_dags/example_datasets.py for tasks to queue
[2026-07-15T17:19:55.595+0200] {logging_mixin.py:151} INFO - [2026-07-15T17:19:55.594+0200] {dagbag.py:536} INFO - Filling up the DagBag from /home/ai/.local/lib/python3.9/site-packages/airflow/example_dags/example_datasets.py
[2026-07-15T17:19:55.606+0200] {processor.py:839} INFO - DAG(s) dict_keys(['dataset_consumes_unknown_never_scheduled', 'dataset_consumes_1_and_2', 'dataset_produces_2', 'dataset_produces_1', 'dataset_consumes_1', 'dataset_consumes_1_never_scheduled']) retrieved from /home/ai/.local/lib/python3.9/site-packages/airflow/example_dags/example_datasets.py
[2026-07-15T17:19:55.632+0200] {logging_mixin.py:151} INFO - [2026-07-15T17:19:55.632+0200] {dag.py:2941} INFO - Sync 6 DAGs
[2026-07-15T17:19:55.650+0200] {logging_mixin.py:151} INFO - [2026-07-15T17:19:55.650+0200] {dag.py:3722} INFO - Setting next_dagrun for dataset_consumes_1 to None, run_after=None
[2026-07-15T17:19:55.653+0200] {logging_mixin.py:151} INFO - [2026-07-15T17:19:55.653+0200] {dag.py:3722} INFO - Setting next_dagrun for dataset_consumes_1_and_2 to None, run_after=None
[2026-07-15T17:19:55.654+0200] {logging_mixin.py:151} INFO - [2026-07-15T17:19:55.654+0200] {dag.py:3722} INFO - Setting next_dagrun for dataset_consumes_1_never_scheduled to None, run_after=None
[2026-07-15T17:19:55.655+0200] {logging_mixin.py:151} INFO - [2026-07-15T17:19:55.654+0200] {dag.py:3722} INFO - Setting next_dagrun for dataset_consumes_unknown_never_scheduled to None, run_after=None
[2026-07-15T17:19:55.657+0200] {logging_mixin.py:151} INFO - [2026-07-15T17:19:55.657+0200] {dag.py:3722} INFO - Setting next_dagrun for dataset_produces_1 to 2026-07-14T00:00:00+00:00, run_after=2026-07-15T00:00:00+00:00
[2026-07-15T17:19:55.658+0200] {logging_mixin.py:151} INFO - [2026-07-15T17:19:55.658+0200] {dag.py:3722} INFO - Setting next_dagrun for dataset_produces_2 to None, run_after=None
[2026-07-15T17:19:55.847+0200] {processor.py:179} INFO - Processing /home/ai/.local/lib/python3.9/site-packages/airflow/example_dags/example_datasets.py took 0.259 seconds
