[2026-07-15T16:15:13.346+0200] {processor.py:157} INFO - Started process (PID=3405676) to work on /home/ai/.local/lib/python3.9/site-packages/airflow/example_dags/tutorial_taskflow_api_virtualenv.py
[2026-07-15T16:15:13.347+0200] {processor.py:829} INFO - Processing file /home/ai/.local/lib/python3.9/site-packages/airflow/example_dags/tutorial_taskflow_api_virtualenv.py for tasks to queue
[2026-07-15T16:15:13.348+0200] {logging_mixin.py:151} INFO - [2026-07-15T16:15:13.348+0200] {dagbag.py:536} INFO - Filling up the DagBag from /home/ai/.local/lib/python3.9/site-packages/airflow/example_dags/tutorial_taskflow_api_virtualenv.py
[2026-07-15T16:15:13.351+0200] {logging_mixin.py:151} INFO - [2026-07-15T16:15:13.351+0200] {tutorial_taskflow_api_virtualenv.py:29} WARNING - The tutorial_taskflow_api_virtualenv example DAG requires virtualenv, please install it.
[2026-07-15T16:15:13.351+0200] {processor.py:841} WARNING - No viable dags retrieved from /home/ai/.local/lib/python3.9/site-packages/airflow/example_dags/tutorial_taskflow_api_virtualenv.py
[2026-07-15T16:15:13.361+0200] {processor.py:179} INFO - Processing /home/ai/.local/lib/python3.9/site-packages/airflow/example_dags/tutorial_taskflow_api_virtualenv.py took 0.019 seconds
[2026-07-15T16:16:28.523+0200] {processor.py:157} INFO - Started process (PID=3406914) to work on /home/ai/.local/lib/python3.9/site-packages/airflow/example_dags/tutorial_taskflow_api_virtualenv.py
[2026-07-15T16:16:28.525+0200] {processor.py:829} INFO - Processing file /home/ai/.local/lib/python3.9/site-packages/airflow/example_dags/tutorial_taskflow_api_virtualenv.py for tasks to queue
[2026-07-15T16:16:28.526+0200] {logging_mixin.py:151} INFO - [2026-07-15T16:16:28.525+0200] {dagbag.py:536} INFO - Filling up the DagBag from /home/ai/.local/lib/python3.9/site-packages/airflow/example_dags/tutorial_taskflow_api_virtualenv.py
[2026-07-15T16:16:28.529+0200] {logging_mixin.py:151} INFO - [2026-07-15T16:16:28.529+0200] {tutorial_taskflow_api_virtualenv.py:29} WARNING - The tutorial_taskflow_api_virtualenv example DAG requires virtualenv, please install it.
[2026-07-15T16:16:28.529+0200] {processor.py:841} WARNING - No viable dags retrieved from /home/ai/.local/lib/python3.9/site-packages/airflow/example_dags/tutorial_taskflow_api_virtualenv.py
[2026-07-15T16:16:28.539+0200] {processor.py:179} INFO - Processing /home/ai/.local/lib/python3.9/site-packages/airflow/example_dags/tutorial_taskflow_api_virtualenv.py took 0.021 seconds
[2026-07-15T16:17:12.884+0200] {processor.py:157} INFO - Started process (PID=3407658) to work on /home/ai/.local/lib/python3.9/site-packages/airflow/example_dags/tutorial_taskflow_api_virtualenv.py
[2026-07-15T16:17:12.886+0200] {processor.py:829} INFO - Processing file /home/ai/.local/lib/python3.9/site-packages/airflow/example_dags/tutorial_taskflow_api_virtualenv.py for tasks to queue
[2026-07-15T16:17:12.886+0200] {logging_mixin.py:151} INFO - [2026-07-15T16:17:12.886+0200] {dagbag.py:536} INFO - Filling up the DagBag from /home/ai/.local/lib/python3.9/site-packages/airflow/example_dags/tutorial_taskflow_api_virtualenv.py
[2026-07-15T16:17:12.890+0200] {logging_mixin.py:151} INFO - [2026-07-15T16:17:12.889+0200] {tutorial_taskflow_api_virtualenv.py:29} WARNING - The tutorial_taskflow_api_virtualenv example DAG requires virtualenv, please install it.
[2026-07-15T16:17:12.890+0200] {processor.py:841} WARNING - No viable dags retrieved from /home/ai/.local/lib/python3.9/site-packages/airflow/example_dags/tutorial_taskflow_api_virtualenv.py
[2026-07-15T16:17:12.900+0200] {processor.py:179} INFO - Processing /home/ai/.local/lib/python3.9/site-packages/airflow/example_dags/tutorial_taskflow_api_virtualenv.py took 0.022 seconds
[2026-07-15T16:18:04.818+0200] {processor.py:157} INFO - Started process (PID=3408612) to work on /home/ai/.local/lib/python3.9/site-packages/airflow/example_dags/tutorial_taskflow_api_virtualenv.py
[2026-07-15T16:18:04.819+0200] {processor.py:829} INFO - Processing file /home/ai/.local/lib/python3.9/site-packages/airflow/example_dags/tutorial_taskflow_api_virtualenv.py for tasks to queue
[2026-07-15T16:18:04.821+0200] {logging_mixin.py:151} INFO - [2026-07-15T16:18:04.820+0200] {dagbag.py:536} INFO - Filling up the DagBag from /home/ai/.local/lib/python3.9/site-packages/airflow/example_dags/tutorial_taskflow_api_virtualenv.py
[2026-07-15T16:18:04.824+0200] {logging_mixin.py:151} INFO - [2026-07-15T16:18:04.824+0200] {tutorial_taskflow_api_virtualenv.py:29} WARNING - The tutorial_taskflow_api_virtualenv example DAG requires virtualenv, please install it.
[2026-07-15T16:18:04.825+0200] {processor.py:841} WARNING - No viable dags retrieved from /home/ai/.local/lib/python3.9/site-packages/airflow/example_dags/tutorial_taskflow_api_virtualenv.py
[2026-07-15T16:18:04.835+0200] {processor.py:179} INFO - Processing /home/ai/.local/lib/python3.9/site-packages/airflow/example_dags/tutorial_taskflow_api_virtualenv.py took 0.024 seconds
[2026-07-15T16:19:31.802+0200] {processor.py:157} INFO - Started process (PID=3410099) to work on /home/ai/.local/lib/python3.9/site-packages/airflow/example_dags/tutorial_taskflow_api_virtualenv.py
[2026-07-15T16:19:31.804+0200] {processor.py:829} INFO - Processing file /home/ai/.local/lib/python3.9/site-packages/airflow/example_dags/tutorial_taskflow_api_virtualenv.py for tasks to queue
[2026-07-15T16:19:31.804+0200] {logging_mixin.py:151} INFO - [2026-07-15T16:19:31.804+0200] {dagbag.py:536} INFO - Filling up the DagBag from /home/ai/.local/lib/python3.9/site-packages/airflow/example_dags/tutorial_taskflow_api_virtualenv.py
[2026-07-15T16:19:31.809+0200] {logging_mixin.py:151} INFO - [2026-07-15T16:19:31.808+0200] {tutorial_taskflow_api_virtualenv.py:29} WARNING - The tutorial_taskflow_api_virtualenv example DAG requires virtualenv, please install it.
[2026-07-15T16:19:31.809+0200] {processor.py:841} WARNING - No viable dags retrieved from /home/ai/.local/lib/python3.9/site-packages/airflow/example_dags/tutorial_taskflow_api_virtualenv.py
[2026-07-15T16:19:31.819+0200] {processor.py:179} INFO - Processing /home/ai/.local/lib/python3.9/site-packages/airflow/example_dags/tutorial_taskflow_api_virtualenv.py took 0.020 seconds
[2026-07-15T16:20:31.837+0200] {processor.py:157} INFO - Started process (PID=3411103) to work on /home/ai/.local/lib/python3.9/site-packages/airflow/example_dags/tutorial_taskflow_api_virtualenv.py
[2026-07-15T16:20:31.839+0200] {processor.py:829} INFO - Processing file /home/ai/.local/lib/python3.9/site-packages/airflow/example_dags/tutorial_taskflow_api_virtualenv.py for tasks to queue
[2026-07-15T16:20:31.840+0200] {logging_mixin.py:151} INFO - [2026-07-15T16:20:31.840+0200] {dagbag.py:536} INFO - Filling up the DagBag from /home/ai/.local/lib/python3.9/site-packages/airflow/example_dags/tutorial_taskflow_api_virtualenv.py
[2026-07-15T16:20:31.843+0200] {logging_mixin.py:151} INFO - [2026-07-15T16:20:31.843+0200] {tutorial_taskflow_api_virtualenv.py:29} WARNING - The tutorial_taskflow_api_virtualenv example DAG requires virtualenv, please install it.
[2026-07-15T16:20:31.843+0200] {processor.py:841} WARNING - No viable dags retrieved from /home/ai/.local/lib/python3.9/site-packages/airflow/example_dags/tutorial_taskflow_api_virtualenv.py
[2026-07-15T16:20:31.853+0200] {processor.py:179} INFO - Processing /home/ai/.local/lib/python3.9/site-packages/airflow/example_dags/tutorial_taskflow_api_virtualenv.py took 0.020 seconds
[2026-07-15T16:22:00.605+0200] {processor.py:157} INFO - Started process (PID=3412574) to work on /home/ai/.local/lib/python3.9/site-packages/airflow/example_dags/tutorial_taskflow_api_virtualenv.py
[2026-07-15T16:22:00.606+0200] {processor.py:829} INFO - Processing file /home/ai/.local/lib/python3.9/site-packages/airflow/example_dags/tutorial_taskflow_api_virtualenv.py for tasks to queue
[2026-07-15T16:22:00.607+0200] {logging_mixin.py:151} INFO - [2026-07-15T16:22:00.607+0200] {dagbag.py:536} INFO - Filling up the DagBag from /home/ai/.local/lib/python3.9/site-packages/airflow/example_dags/tutorial_taskflow_api_virtualenv.py
[2026-07-15T16:22:00.610+0200] {logging_mixin.py:151} INFO - [2026-07-15T16:22:00.610+0200] {tutorial_taskflow_api_virtualenv.py:29} WARNING - The tutorial_taskflow_api_virtualenv example DAG requires virtualenv, please install it.
[2026-07-15T16:22:00.611+0200] {processor.py:841} WARNING - No viable dags retrieved from /home/ai/.local/lib/python3.9/site-packages/airflow/example_dags/tutorial_taskflow_api_virtualenv.py
[2026-07-15T16:22:00.620+0200] {processor.py:179} INFO - Processing /home/ai/.local/lib/python3.9/site-packages/airflow/example_dags/tutorial_taskflow_api_virtualenv.py took 0.020 seconds
[2026-07-15T16:22:45.353+0200] {processor.py:157} INFO - Started process (PID=3413408) to work on /home/ai/.local/lib/python3.9/site-packages/airflow/example_dags/tutorial_taskflow_api_virtualenv.py
[2026-07-15T16:22:45.355+0200] {processor.py:829} INFO - Processing file /home/ai/.local/lib/python3.9/site-packages/airflow/example_dags/tutorial_taskflow_api_virtualenv.py for tasks to queue
[2026-07-15T16:22:45.356+0200] {logging_mixin.py:151} INFO - [2026-07-15T16:22:45.356+0200] {dagbag.py:536} INFO - Filling up the DagBag from /home/ai/.local/lib/python3.9/site-packages/airflow/example_dags/tutorial_taskflow_api_virtualenv.py
[2026-07-15T16:22:45.359+0200] {logging_mixin.py:151} INFO - [2026-07-15T16:22:45.359+0200] {tutorial_taskflow_api_virtualenv.py:29} WARNING - The tutorial_taskflow_api_virtualenv example DAG requires virtualenv, please install it.
[2026-07-15T16:22:45.360+0200] {processor.py:841} WARNING - No viable dags retrieved from /home/ai/.local/lib/python3.9/site-packages/airflow/example_dags/tutorial_taskflow_api_virtualenv.py
[2026-07-15T16:22:45.371+0200] {processor.py:179} INFO - Processing /home/ai/.local/lib/python3.9/site-packages/airflow/example_dags/tutorial_taskflow_api_virtualenv.py took 0.023 seconds
[2026-07-15T16:24:10.169+0200] {processor.py:157} INFO - Started process (PID=3414852) to work on /home/ai/.local/lib/python3.9/site-packages/airflow/example_dags/tutorial_taskflow_api_virtualenv.py
[2026-07-15T16:24:10.171+0200] {processor.py:829} INFO - Processing file /home/ai/.local/lib/python3.9/site-packages/airflow/example_dags/tutorial_taskflow_api_virtualenv.py for tasks to queue
[2026-07-15T16:24:10.171+0200] {logging_mixin.py:151} INFO - [2026-07-15T16:24:10.171+0200] {dagbag.py:536} INFO - Filling up the DagBag from /home/ai/.local/lib/python3.9/site-packages/airflow/example_dags/tutorial_taskflow_api_virtualenv.py
[2026-07-15T16:24:10.175+0200] {logging_mixin.py:151} INFO - [2026-07-15T16:24:10.175+0200] {tutorial_taskflow_api_virtualenv.py:29} WARNING - The tutorial_taskflow_api_virtualenv example DAG requires virtualenv, please install it.
[2026-07-15T16:24:10.175+0200] {processor.py:841} WARNING - No viable dags retrieved from /home/ai/.local/lib/python3.9/site-packages/airflow/example_dags/tutorial_taskflow_api_virtualenv.py
[2026-07-15T16:24:10.185+0200] {processor.py:179} INFO - Processing /home/ai/.local/lib/python3.9/site-packages/airflow/example_dags/tutorial_taskflow_api_virtualenv.py took 0.022 seconds
[2026-07-15T16:25:30.369+0200] {processor.py:157} INFO - Started process (PID=3416197) to work on /home/ai/.local/lib/python3.9/site-packages/airflow/example_dags/tutorial_taskflow_api_virtualenv.py
[2026-07-15T16:25:30.371+0200] {processor.py:829} INFO - Processing file /home/ai/.local/lib/python3.9/site-packages/airflow/example_dags/tutorial_taskflow_api_virtualenv.py for tasks to queue
[2026-07-15T16:25:30.372+0200] {logging_mixin.py:151} INFO - [2026-07-15T16:25:30.371+0200] {dagbag.py:536} INFO - Filling up the DagBag from /home/ai/.local/lib/python3.9/site-packages/airflow/example_dags/tutorial_taskflow_api_virtualenv.py
[2026-07-15T16:25:30.375+0200] {logging_mixin.py:151} INFO - [2026-07-15T16:25:30.375+0200] {tutorial_taskflow_api_virtualenv.py:29} WARNING - The tutorial_taskflow_api_virtualenv example DAG requires virtualenv, please install it.
[2026-07-15T16:25:30.375+0200] {processor.py:841} WARNING - No viable dags retrieved from /home/ai/.local/lib/python3.9/site-packages/airflow/example_dags/tutorial_taskflow_api_virtualenv.py
[2026-07-15T16:25:30.386+0200] {processor.py:179} INFO - Processing /home/ai/.local/lib/python3.9/site-packages/airflow/example_dags/tutorial_taskflow_api_virtualenv.py took 0.020 seconds
[2026-07-15T16:27:15.679+0200] {processor.py:157} INFO - Started process (PID=3418009) to work on /home/ai/.local/lib/python3.9/site-packages/airflow/example_dags/tutorial_taskflow_api_virtualenv.py
[2026-07-15T16:27:15.680+0200] {processor.py:829} INFO - Processing file /home/ai/.local/lib/python3.9/site-packages/airflow/example_dags/tutorial_taskflow_api_virtualenv.py for tasks to queue
[2026-07-15T16:27:15.681+0200] {logging_mixin.py:151} INFO - [2026-07-15T16:27:15.681+0200] {dagbag.py:536} INFO - Filling up the DagBag from /home/ai/.local/lib/python3.9/site-packages/airflow/example_dags/tutorial_taskflow_api_virtualenv.py
[2026-07-15T16:27:15.684+0200] {logging_mixin.py:151} INFO - [2026-07-15T16:27:15.684+0200] {tutorial_taskflow_api_virtualenv.py:29} WARNING - The tutorial_taskflow_api_virtualenv example DAG requires virtualenv, please install it.
[2026-07-15T16:27:15.684+0200] {processor.py:841} WARNING - No viable dags retrieved from /home/ai/.local/lib/python3.9/site-packages/airflow/example_dags/tutorial_taskflow_api_virtualenv.py
[2026-07-15T16:27:15.695+0200] {processor.py:179} INFO - Processing /home/ai/.local/lib/python3.9/site-packages/airflow/example_dags/tutorial_taskflow_api_virtualenv.py took 0.023 seconds
[2026-07-15T16:28:12.740+0200] {processor.py:157} INFO - Started process (PID=3418937) to work on /home/ai/.local/lib/python3.9/site-packages/airflow/example_dags/tutorial_taskflow_api_virtualenv.py
[2026-07-15T16:28:12.742+0200] {processor.py:829} INFO - Processing file /home/ai/.local/lib/python3.9/site-packages/airflow/example_dags/tutorial_taskflow_api_virtualenv.py for tasks to queue
[2026-07-15T16:28:12.743+0200] {logging_mixin.py:151} INFO - [2026-07-15T16:28:12.743+0200] {dagbag.py:536} INFO - Filling up the DagBag from /home/ai/.local/lib/python3.9/site-packages/airflow/example_dags/tutorial_taskflow_api_virtualenv.py
[2026-07-15T16:28:12.754+0200] {logging_mixin.py:151} INFO - [2026-07-15T16:28:12.754+0200] {tutorial_taskflow_api_virtualenv.py:29} WARNING - The tutorial_taskflow_api_virtualenv example DAG requires virtualenv, please install it.
[2026-07-15T16:28:12.755+0200] {processor.py:841} WARNING - No viable dags retrieved from /home/ai/.local/lib/python3.9/site-packages/airflow/example_dags/tutorial_taskflow_api_virtualenv.py
[2026-07-15T16:28:12.767+0200] {processor.py:179} INFO - Processing /home/ai/.local/lib/python3.9/site-packages/airflow/example_dags/tutorial_taskflow_api_virtualenv.py took 0.032 seconds
[2026-07-15T16:28:59.501+0200] {processor.py:157} INFO - Started process (PID=3419809) to work on /home/ai/.local/lib/python3.9/site-packages/airflow/example_dags/tutorial_taskflow_api_virtualenv.py
[2026-07-15T16:28:59.502+0200] {processor.py:829} INFO - Processing file /home/ai/.local/lib/python3.9/site-packages/airflow/example_dags/tutorial_taskflow_api_virtualenv.py for tasks to queue
[2026-07-15T16:28:59.503+0200] {logging_mixin.py:151} INFO - [2026-07-15T16:28:59.502+0200] {dagbag.py:536} INFO - Filling up the DagBag from /home/ai/.local/lib/python3.9/site-packages/airflow/example_dags/tutorial_taskflow_api_virtualenv.py
[2026-07-15T16:28:59.506+0200] {logging_mixin.py:151} INFO - [2026-07-15T16:28:59.506+0200] {tutorial_taskflow_api_virtualenv.py:29} WARNING - The tutorial_taskflow_api_virtualenv example DAG requires virtualenv, please install it.
[2026-07-15T16:28:59.506+0200] {processor.py:841} WARNING - No viable dags retrieved from /home/ai/.local/lib/python3.9/site-packages/airflow/example_dags/tutorial_taskflow_api_virtualenv.py
[2026-07-15T16:28:59.516+0200] {processor.py:179} INFO - Processing /home/ai/.local/lib/python3.9/site-packages/airflow/example_dags/tutorial_taskflow_api_virtualenv.py took 0.020 seconds
[2026-07-15T16:30:29.630+0200] {processor.py:157} INFO - Started process (PID=3421273) to work on /home/ai/.local/lib/python3.9/site-packages/airflow/example_dags/tutorial_taskflow_api_virtualenv.py
[2026-07-15T16:30:29.632+0200] {processor.py:829} INFO - Processing file /home/ai/.local/lib/python3.9/site-packages/airflow/example_dags/tutorial_taskflow_api_virtualenv.py for tasks to queue
[2026-07-15T16:30:29.633+0200] {logging_mixin.py:151} INFO - [2026-07-15T16:30:29.632+0200] {dagbag.py:536} INFO - Filling up the DagBag from /home/ai/.local/lib/python3.9/site-packages/airflow/example_dags/tutorial_taskflow_api_virtualenv.py
[2026-07-15T16:30:29.636+0200] {logging_mixin.py:151} INFO - [2026-07-15T16:30:29.635+0200] {tutorial_taskflow_api_virtualenv.py:29} WARNING - The tutorial_taskflow_api_virtualenv example DAG requires virtualenv, please install it.
[2026-07-15T16:30:29.636+0200] {processor.py:841} WARNING - No viable dags retrieved from /home/ai/.local/lib/python3.9/site-packages/airflow/example_dags/tutorial_taskflow_api_virtualenv.py
[2026-07-15T16:30:29.646+0200] {processor.py:179} INFO - Processing /home/ai/.local/lib/python3.9/site-packages/airflow/example_dags/tutorial_taskflow_api_virtualenv.py took 0.019 seconds
[2026-07-15T16:31:28.148+0200] {processor.py:157} INFO - Started process (PID=3422228) to work on /home/ai/.local/lib/python3.9/site-packages/airflow/example_dags/tutorial_taskflow_api_virtualenv.py
[2026-07-15T16:31:28.150+0200] {processor.py:829} INFO - Processing file /home/ai/.local/lib/python3.9/site-packages/airflow/example_dags/tutorial_taskflow_api_virtualenv.py for tasks to queue
[2026-07-15T16:31:28.151+0200] {logging_mixin.py:151} INFO - [2026-07-15T16:31:28.150+0200] {dagbag.py:536} INFO - Filling up the DagBag from /home/ai/.local/lib/python3.9/site-packages/airflow/example_dags/tutorial_taskflow_api_virtualenv.py
[2026-07-15T16:31:28.154+0200] {logging_mixin.py:151} INFO - [2026-07-15T16:31:28.154+0200] {tutorial_taskflow_api_virtualenv.py:29} WARNING - The tutorial_taskflow_api_virtualenv example DAG requires virtualenv, please install it.
[2026-07-15T16:31:28.154+0200] {processor.py:841} WARNING - No viable dags retrieved from /home/ai/.local/lib/python3.9/site-packages/airflow/example_dags/tutorial_taskflow_api_virtualenv.py
[2026-07-15T16:31:28.164+0200] {processor.py:179} INFO - Processing /home/ai/.local/lib/python3.9/site-packages/airflow/example_dags/tutorial_taskflow_api_virtualenv.py took 0.020 seconds
[2026-07-15T16:32:50.211+0200] {processor.py:157} INFO - Started process (PID=3423654) to work on /home/ai/.local/lib/python3.9/site-packages/airflow/example_dags/tutorial_taskflow_api_virtualenv.py
[2026-07-15T16:32:50.212+0200] {processor.py:829} INFO - Processing file /home/ai/.local/lib/python3.9/site-packages/airflow/example_dags/tutorial_taskflow_api_virtualenv.py for tasks to queue
[2026-07-15T16:32:50.213+0200] {logging_mixin.py:151} INFO - [2026-07-15T16:32:50.212+0200] {dagbag.py:536} INFO - Filling up the DagBag from /home/ai/.local/lib/python3.9/site-packages/airflow/example_dags/tutorial_taskflow_api_virtualenv.py
[2026-07-15T16:32:50.216+0200] {logging_mixin.py:151} INFO - [2026-07-15T16:32:50.216+0200] {tutorial_taskflow_api_virtualenv.py:29} WARNING - The tutorial_taskflow_api_virtualenv example DAG requires virtualenv, please install it.
[2026-07-15T16:32:50.216+0200] {processor.py:841} WARNING - No viable dags retrieved from /home/ai/.local/lib/python3.9/site-packages/airflow/example_dags/tutorial_taskflow_api_virtualenv.py
[2026-07-15T16:32:50.227+0200] {processor.py:179} INFO - Processing /home/ai/.local/lib/python3.9/site-packages/airflow/example_dags/tutorial_taskflow_api_virtualenv.py took 0.021 seconds
[2026-07-15T16:33:40.369+0200] {processor.py:157} INFO - Started process (PID=3424533) to work on /home/ai/.local/lib/python3.9/site-packages/airflow/example_dags/tutorial_taskflow_api_virtualenv.py
[2026-07-15T16:33:40.371+0200] {processor.py:829} INFO - Processing file /home/ai/.local/lib/python3.9/site-packages/airflow/example_dags/tutorial_taskflow_api_virtualenv.py for tasks to queue
[2026-07-15T16:33:40.372+0200] {logging_mixin.py:151} INFO - [2026-07-15T16:33:40.372+0200] {dagbag.py:536} INFO - Filling up the DagBag from /home/ai/.local/lib/python3.9/site-packages/airflow/example_dags/tutorial_taskflow_api_virtualenv.py
[2026-07-15T16:33:40.375+0200] {logging_mixin.py:151} INFO - [2026-07-15T16:33:40.375+0200] {tutorial_taskflow_api_virtualenv.py:29} WARNING - The tutorial_taskflow_api_virtualenv example DAG requires virtualenv, please install it.
[2026-07-15T16:33:40.376+0200] {processor.py:841} WARNING - No viable dags retrieved from /home/ai/.local/lib/python3.9/site-packages/airflow/example_dags/tutorial_taskflow_api_virtualenv.py
[2026-07-15T16:33:40.386+0200] {processor.py:179} INFO - Processing /home/ai/.local/lib/python3.9/site-packages/airflow/example_dags/tutorial_taskflow_api_virtualenv.py took 0.024 seconds
[2026-07-15T16:35:07.064+0200] {processor.py:157} INFO - Started process (PID=3426007) to work on /home/ai/.local/lib/python3.9/site-packages/airflow/example_dags/tutorial_taskflow_api_virtualenv.py
[2026-07-15T16:35:07.066+0200] {processor.py:829} INFO - Processing file /home/ai/.local/lib/python3.9/site-packages/airflow/example_dags/tutorial_taskflow_api_virtualenv.py for tasks to queue
[2026-07-15T16:35:07.066+0200] {logging_mixin.py:151} INFO - [2026-07-15T16:35:07.066+0200] {dagbag.py:536} INFO - Filling up the DagBag from /home/ai/.local/lib/python3.9/site-packages/airflow/example_dags/tutorial_taskflow_api_virtualenv.py
[2026-07-15T16:35:07.069+0200] {logging_mixin.py:151} INFO - [2026-07-15T16:35:07.069+0200] {tutorial_taskflow_api_virtualenv.py:29} WARNING - The tutorial_taskflow_api_virtualenv example DAG requires virtualenv, please install it.
[2026-07-15T16:35:07.070+0200] {processor.py:841} WARNING - No viable dags retrieved from /home/ai/.local/lib/python3.9/site-packages/airflow/example_dags/tutorial_taskflow_api_virtualenv.py
[2026-07-15T16:35:07.080+0200] {processor.py:179} INFO - Processing /home/ai/.local/lib/python3.9/site-packages/airflow/example_dags/tutorial_taskflow_api_virtualenv.py took 0.021 seconds
[2026-07-15T16:35:52.781+0200] {processor.py:157} INFO - Started process (PID=3426834) to work on /home/ai/.local/lib/python3.9/site-packages/airflow/example_dags/tutorial_taskflow_api_virtualenv.py
[2026-07-15T16:35:52.783+0200] {processor.py:829} INFO - Processing file /home/ai/.local/lib/python3.9/site-packages/airflow/example_dags/tutorial_taskflow_api_virtualenv.py for tasks to queue
[2026-07-15T16:35:52.784+0200] {logging_mixin.py:151} INFO - [2026-07-15T16:35:52.783+0200] {dagbag.py:536} INFO - Filling up the DagBag from /home/ai/.local/lib/python3.9/site-packages/airflow/example_dags/tutorial_taskflow_api_virtualenv.py
[2026-07-15T16:35:52.787+0200] {logging_mixin.py:151} INFO - [2026-07-15T16:35:52.787+0200] {tutorial_taskflow_api_virtualenv.py:29} WARNING - The tutorial_taskflow_api_virtualenv example DAG requires virtualenv, please install it.
[2026-07-15T16:35:52.787+0200] {processor.py:841} WARNING - No viable dags retrieved from /home/ai/.local/lib/python3.9/site-packages/airflow/example_dags/tutorial_taskflow_api_virtualenv.py
[2026-07-15T16:35:52.797+0200] {processor.py:179} INFO - Processing /home/ai/.local/lib/python3.9/site-packages/airflow/example_dags/tutorial_taskflow_api_virtualenv.py took 0.022 seconds
[2026-07-15T16:37:30.756+0200] {processor.py:157} INFO - Started process (PID=3428905) to work on /home/ai/.local/lib/python3.9/site-packages/airflow/example_dags/tutorial_taskflow_api_virtualenv.py
[2026-07-15T16:37:30.757+0200] {processor.py:829} INFO - Processing file /home/ai/.local/lib/python3.9/site-packages/airflow/example_dags/tutorial_taskflow_api_virtualenv.py for tasks to queue
[2026-07-15T16:37:30.758+0200] {logging_mixin.py:151} INFO - [2026-07-15T16:37:30.758+0200] {dagbag.py:536} INFO - Filling up the DagBag from /home/ai/.local/lib/python3.9/site-packages/airflow/example_dags/tutorial_taskflow_api_virtualenv.py
[2026-07-15T16:37:30.761+0200] {logging_mixin.py:151} INFO - [2026-07-15T16:37:30.761+0200] {tutorial_taskflow_api_virtualenv.py:29} WARNING - The tutorial_taskflow_api_virtualenv example DAG requires virtualenv, please install it.
[2026-07-15T16:37:30.762+0200] {processor.py:841} WARNING - No viable dags retrieved from /home/ai/.local/lib/python3.9/site-packages/airflow/example_dags/tutorial_taskflow_api_virtualenv.py
[2026-07-15T16:37:30.772+0200] {processor.py:179} INFO - Processing /home/ai/.local/lib/python3.9/site-packages/airflow/example_dags/tutorial_taskflow_api_virtualenv.py took 0.020 seconds
[2026-07-15T16:38:29.517+0200] {processor.py:157} INFO - Started process (PID=3430086) to work on /home/ai/.local/lib/python3.9/site-packages/airflow/example_dags/tutorial_taskflow_api_virtualenv.py
[2026-07-15T16:38:29.518+0200] {processor.py:829} INFO - Processing file /home/ai/.local/lib/python3.9/site-packages/airflow/example_dags/tutorial_taskflow_api_virtualenv.py for tasks to queue
[2026-07-15T16:38:29.519+0200] {logging_mixin.py:151} INFO - [2026-07-15T16:38:29.519+0200] {dagbag.py:536} INFO - Filling up the DagBag from /home/ai/.local/lib/python3.9/site-packages/airflow/example_dags/tutorial_taskflow_api_virtualenv.py
[2026-07-15T16:38:29.522+0200] {logging_mixin.py:151} INFO - [2026-07-15T16:38:29.522+0200] {tutorial_taskflow_api_virtualenv.py:29} WARNING - The tutorial_taskflow_api_virtualenv example DAG requires virtualenv, please install it.
[2026-07-15T16:38:29.522+0200] {processor.py:841} WARNING - No viable dags retrieved from /home/ai/.local/lib/python3.9/site-packages/airflow/example_dags/tutorial_taskflow_api_virtualenv.py
[2026-07-15T16:38:29.532+0200] {processor.py:179} INFO - Processing /home/ai/.local/lib/python3.9/site-packages/airflow/example_dags/tutorial_taskflow_api_virtualenv.py took 0.020 seconds
[2026-07-15T16:40:12.214+0200] {processor.py:157} INFO - Started process (PID=3431853) to work on /home/ai/.local/lib/python3.9/site-packages/airflow/example_dags/tutorial_taskflow_api_virtualenv.py
[2026-07-15T16:40:12.216+0200] {processor.py:829} INFO - Processing file /home/ai/.local/lib/python3.9/site-packages/airflow/example_dags/tutorial_taskflow_api_virtualenv.py for tasks to queue
[2026-07-15T16:40:12.216+0200] {logging_mixin.py:151} INFO - [2026-07-15T16:40:12.216+0200] {dagbag.py:536} INFO - Filling up the DagBag from /home/ai/.local/lib/python3.9/site-packages/airflow/example_dags/tutorial_taskflow_api_virtualenv.py
[2026-07-15T16:40:12.219+0200] {logging_mixin.py:151} INFO - [2026-07-15T16:40:12.219+0200] {tutorial_taskflow_api_virtualenv.py:29} WARNING - The tutorial_taskflow_api_virtualenv example DAG requires virtualenv, please install it.
[2026-07-15T16:40:12.220+0200] {processor.py:841} WARNING - No viable dags retrieved from /home/ai/.local/lib/python3.9/site-packages/airflow/example_dags/tutorial_taskflow_api_virtualenv.py
[2026-07-15T16:40:12.230+0200] {processor.py:179} INFO - Processing /home/ai/.local/lib/python3.9/site-packages/airflow/example_dags/tutorial_taskflow_api_virtualenv.py took 0.020 seconds
[2026-07-15T16:41:12.383+0200] {processor.py:157} INFO - Started process (PID=3432975) to work on /home/ai/.local/lib/python3.9/site-packages/airflow/example_dags/tutorial_taskflow_api_virtualenv.py
[2026-07-15T16:41:12.385+0200] {processor.py:829} INFO - Processing file /home/ai/.local/lib/python3.9/site-packages/airflow/example_dags/tutorial_taskflow_api_virtualenv.py for tasks to queue
[2026-07-15T16:41:12.385+0200] {logging_mixin.py:151} INFO - [2026-07-15T16:41:12.385+0200] {dagbag.py:536} INFO - Filling up the DagBag from /home/ai/.local/lib/python3.9/site-packages/airflow/example_dags/tutorial_taskflow_api_virtualenv.py
[2026-07-15T16:41:12.388+0200] {logging_mixin.py:151} INFO - [2026-07-15T16:41:12.388+0200] {tutorial_taskflow_api_virtualenv.py:29} WARNING - The tutorial_taskflow_api_virtualenv example DAG requires virtualenv, please install it.
[2026-07-15T16:41:12.389+0200] {processor.py:841} WARNING - No viable dags retrieved from /home/ai/.local/lib/python3.9/site-packages/airflow/example_dags/tutorial_taskflow_api_virtualenv.py
[2026-07-15T16:41:12.398+0200] {processor.py:179} INFO - Processing /home/ai/.local/lib/python3.9/site-packages/airflow/example_dags/tutorial_taskflow_api_virtualenv.py took 0.021 seconds
[2026-07-15T16:42:03.887+0200] {processor.py:157} INFO - Started process (PID=3433901) to work on /home/ai/.local/lib/python3.9/site-packages/airflow/example_dags/tutorial_taskflow_api_virtualenv.py
[2026-07-15T16:42:03.888+0200] {processor.py:829} INFO - Processing file /home/ai/.local/lib/python3.9/site-packages/airflow/example_dags/tutorial_taskflow_api_virtualenv.py for tasks to queue
[2026-07-15T16:42:03.890+0200] {logging_mixin.py:151} INFO - [2026-07-15T16:42:03.889+0200] {dagbag.py:536} INFO - Filling up the DagBag from /home/ai/.local/lib/python3.9/site-packages/airflow/example_dags/tutorial_taskflow_api_virtualenv.py
[2026-07-15T16:42:03.893+0200] {logging_mixin.py:151} INFO - [2026-07-15T16:42:03.893+0200] {tutorial_taskflow_api_virtualenv.py:29} WARNING - The tutorial_taskflow_api_virtualenv example DAG requires virtualenv, please install it.
[2026-07-15T16:42:03.893+0200] {processor.py:841} WARNING - No viable dags retrieved from /home/ai/.local/lib/python3.9/site-packages/airflow/example_dags/tutorial_taskflow_api_virtualenv.py
[2026-07-15T16:42:03.903+0200] {processor.py:179} INFO - Processing /home/ai/.local/lib/python3.9/site-packages/airflow/example_dags/tutorial_taskflow_api_virtualenv.py took 0.020 seconds
[2026-07-15T16:43:46.165+0200] {processor.py:157} INFO - Started process (PID=3435692) to work on /home/ai/.local/lib/python3.9/site-packages/airflow/example_dags/tutorial_taskflow_api_virtualenv.py
[2026-07-15T16:43:46.166+0200] {processor.py:829} INFO - Processing file /home/ai/.local/lib/python3.9/site-packages/airflow/example_dags/tutorial_taskflow_api_virtualenv.py for tasks to queue
[2026-07-15T16:43:46.167+0200] {logging_mixin.py:151} INFO - [2026-07-15T16:43:46.167+0200] {dagbag.py:536} INFO - Filling up the DagBag from /home/ai/.local/lib/python3.9/site-packages/airflow/example_dags/tutorial_taskflow_api_virtualenv.py
[2026-07-15T16:43:46.170+0200] {logging_mixin.py:151} INFO - [2026-07-15T16:43:46.170+0200] {tutorial_taskflow_api_virtualenv.py:29} WARNING - The tutorial_taskflow_api_virtualenv example DAG requires virtualenv, please install it.
[2026-07-15T16:43:46.171+0200] {processor.py:841} WARNING - No viable dags retrieved from /home/ai/.local/lib/python3.9/site-packages/airflow/example_dags/tutorial_taskflow_api_virtualenv.py
[2026-07-15T16:43:46.181+0200] {processor.py:179} INFO - Processing /home/ai/.local/lib/python3.9/site-packages/airflow/example_dags/tutorial_taskflow_api_virtualenv.py took 0.020 seconds
[2026-07-15T16:45:22.629+0200] {processor.py:157} INFO - Started process (PID=3437398) to work on /home/ai/.local/lib/python3.9/site-packages/airflow/example_dags/tutorial_taskflow_api_virtualenv.py
[2026-07-15T16:45:22.632+0200] {processor.py:829} INFO - Processing file /home/ai/.local/lib/python3.9/site-packages/airflow/example_dags/tutorial_taskflow_api_virtualenv.py for tasks to queue
[2026-07-15T16:45:22.634+0200] {logging_mixin.py:151} INFO - [2026-07-15T16:45:22.633+0200] {dagbag.py:536} INFO - Filling up the DagBag from /home/ai/.local/lib/python3.9/site-packages/airflow/example_dags/tutorial_taskflow_api_virtualenv.py
[2026-07-15T16:45:22.641+0200] {logging_mixin.py:151} INFO - [2026-07-15T16:45:22.641+0200] {tutorial_taskflow_api_virtualenv.py:29} WARNING - The tutorial_taskflow_api_virtualenv example DAG requires virtualenv, please install it.
[2026-07-15T16:45:22.641+0200] {processor.py:841} WARNING - No viable dags retrieved from /home/ai/.local/lib/python3.9/site-packages/airflow/example_dags/tutorial_taskflow_api_virtualenv.py
[2026-07-15T16:45:22.652+0200] {processor.py:179} INFO - Processing /home/ai/.local/lib/python3.9/site-packages/airflow/example_dags/tutorial_taskflow_api_virtualenv.py took 0.035 seconds
[2026-07-15T16:46:17.220+0200] {processor.py:157} INFO - Started process (PID=3438328) to work on /home/ai/.local/lib/python3.9/site-packages/airflow/example_dags/tutorial_taskflow_api_virtualenv.py
[2026-07-15T16:46:17.222+0200] {processor.py:829} INFO - Processing file /home/ai/.local/lib/python3.9/site-packages/airflow/example_dags/tutorial_taskflow_api_virtualenv.py for tasks to queue
[2026-07-15T16:46:17.223+0200] {logging_mixin.py:151} INFO - [2026-07-15T16:46:17.223+0200] {dagbag.py:536} INFO - Filling up the DagBag from /home/ai/.local/lib/python3.9/site-packages/airflow/example_dags/tutorial_taskflow_api_virtualenv.py
[2026-07-15T16:46:17.229+0200] {logging_mixin.py:151} INFO - [2026-07-15T16:46:17.229+0200] {tutorial_taskflow_api_virtualenv.py:29} WARNING - The tutorial_taskflow_api_virtualenv example DAG requires virtualenv, please install it.
[2026-07-15T16:46:17.230+0200] {processor.py:841} WARNING - No viable dags retrieved from /home/ai/.local/lib/python3.9/site-packages/airflow/example_dags/tutorial_taskflow_api_virtualenv.py
[2026-07-15T16:46:17.244+0200] {processor.py:179} INFO - Processing /home/ai/.local/lib/python3.9/site-packages/airflow/example_dags/tutorial_taskflow_api_virtualenv.py took 0.030 seconds
[2026-07-15T16:47:17.725+0200] {processor.py:157} INFO - Started process (PID=3439348) to work on /home/ai/.local/lib/python3.9/site-packages/airflow/example_dags/tutorial_taskflow_api_virtualenv.py
[2026-07-15T16:47:17.726+0200] {processor.py:829} INFO - Processing file /home/ai/.local/lib/python3.9/site-packages/airflow/example_dags/tutorial_taskflow_api_virtualenv.py for tasks to queue
[2026-07-15T16:47:17.728+0200] {logging_mixin.py:151} INFO - [2026-07-15T16:47:17.727+0200] {dagbag.py:536} INFO - Filling up the DagBag from /home/ai/.local/lib/python3.9/site-packages/airflow/example_dags/tutorial_taskflow_api_virtualenv.py
[2026-07-15T16:47:17.731+0200] {logging_mixin.py:151} INFO - [2026-07-15T16:47:17.731+0200] {tutorial_taskflow_api_virtualenv.py:29} WARNING - The tutorial_taskflow_api_virtualenv example DAG requires virtualenv, please install it.
[2026-07-15T16:47:17.731+0200] {processor.py:841} WARNING - No viable dags retrieved from /home/ai/.local/lib/python3.9/site-packages/airflow/example_dags/tutorial_taskflow_api_virtualenv.py
[2026-07-15T16:47:17.741+0200] {processor.py:179} INFO - Processing /home/ai/.local/lib/python3.9/site-packages/airflow/example_dags/tutorial_taskflow_api_virtualenv.py took 0.020 seconds
[2026-07-15T16:48:11.510+0200] {processor.py:157} INFO - Started process (PID=3440335) to work on /home/ai/.local/lib/python3.9/site-packages/airflow/example_dags/tutorial_taskflow_api_virtualenv.py
[2026-07-15T16:48:11.511+0200] {processor.py:829} INFO - Processing file /home/ai/.local/lib/python3.9/site-packages/airflow/example_dags/tutorial_taskflow_api_virtualenv.py for tasks to queue
[2026-07-15T16:48:11.512+0200] {logging_mixin.py:151} INFO - [2026-07-15T16:48:11.512+0200] {dagbag.py:536} INFO - Filling up the DagBag from /home/ai/.local/lib/python3.9/site-packages/airflow/example_dags/tutorial_taskflow_api_virtualenv.py
[2026-07-15T16:48:11.516+0200] {logging_mixin.py:151} INFO - [2026-07-15T16:48:11.515+0200] {tutorial_taskflow_api_virtualenv.py:29} WARNING - The tutorial_taskflow_api_virtualenv example DAG requires virtualenv, please install it.
[2026-07-15T16:48:11.516+0200] {processor.py:841} WARNING - No viable dags retrieved from /home/ai/.local/lib/python3.9/site-packages/airflow/example_dags/tutorial_taskflow_api_virtualenv.py
[2026-07-15T16:48:11.526+0200] {processor.py:179} INFO - Processing /home/ai/.local/lib/python3.9/site-packages/airflow/example_dags/tutorial_taskflow_api_virtualenv.py took 0.021 seconds
[2026-07-15T16:49:15.039+0200] {processor.py:157} INFO - Started process (PID=3441401) to work on /home/ai/.local/lib/python3.9/site-packages/airflow/example_dags/tutorial_taskflow_api_virtualenv.py
[2026-07-15T16:49:15.041+0200] {processor.py:829} INFO - Processing file /home/ai/.local/lib/python3.9/site-packages/airflow/example_dags/tutorial_taskflow_api_virtualenv.py for tasks to queue
[2026-07-15T16:49:15.042+0200] {logging_mixin.py:151} INFO - [2026-07-15T16:49:15.041+0200] {dagbag.py:536} INFO - Filling up the DagBag from /home/ai/.local/lib/python3.9/site-packages/airflow/example_dags/tutorial_taskflow_api_virtualenv.py
[2026-07-15T16:49:15.046+0200] {logging_mixin.py:151} INFO - [2026-07-15T16:49:15.045+0200] {tutorial_taskflow_api_virtualenv.py:29} WARNING - The tutorial_taskflow_api_virtualenv example DAG requires virtualenv, please install it.
[2026-07-15T16:49:15.046+0200] {processor.py:841} WARNING - No viable dags retrieved from /home/ai/.local/lib/python3.9/site-packages/airflow/example_dags/tutorial_taskflow_api_virtualenv.py
[2026-07-15T16:49:15.056+0200] {processor.py:179} INFO - Processing /home/ai/.local/lib/python3.9/site-packages/airflow/example_dags/tutorial_taskflow_api_virtualenv.py took 0.023 seconds
[2026-07-15T16:50:15.082+0200] {processor.py:157} INFO - Started process (PID=3442423) to work on /home/ai/.local/lib/python3.9/site-packages/airflow/example_dags/tutorial_taskflow_api_virtualenv.py
[2026-07-15T16:50:15.083+0200] {processor.py:829} INFO - Processing file /home/ai/.local/lib/python3.9/site-packages/airflow/example_dags/tutorial_taskflow_api_virtualenv.py for tasks to queue
[2026-07-15T16:50:15.084+0200] {logging_mixin.py:151} INFO - [2026-07-15T16:50:15.083+0200] {dagbag.py:536} INFO - Filling up the DagBag from /home/ai/.local/lib/python3.9/site-packages/airflow/example_dags/tutorial_taskflow_api_virtualenv.py
[2026-07-15T16:50:15.087+0200] {logging_mixin.py:151} INFO - [2026-07-15T16:50:15.087+0200] {tutorial_taskflow_api_virtualenv.py:29} WARNING - The tutorial_taskflow_api_virtualenv example DAG requires virtualenv, please install it.
[2026-07-15T16:50:15.087+0200] {processor.py:841} WARNING - No viable dags retrieved from /home/ai/.local/lib/python3.9/site-packages/airflow/example_dags/tutorial_taskflow_api_virtualenv.py
[2026-07-15T16:50:15.097+0200] {processor.py:179} INFO - Processing /home/ai/.local/lib/python3.9/site-packages/airflow/example_dags/tutorial_taskflow_api_virtualenv.py took 0.020 seconds
[2026-07-15T16:51:10.958+0200] {processor.py:157} INFO - Started process (PID=3443348) to work on /home/ai/.local/lib/python3.9/site-packages/airflow/example_dags/tutorial_taskflow_api_virtualenv.py
[2026-07-15T16:51:10.959+0200] {processor.py:829} INFO - Processing file /home/ai/.local/lib/python3.9/site-packages/airflow/example_dags/tutorial_taskflow_api_virtualenv.py for tasks to queue
[2026-07-15T16:51:10.960+0200] {logging_mixin.py:151} INFO - [2026-07-15T16:51:10.960+0200] {dagbag.py:536} INFO - Filling up the DagBag from /home/ai/.local/lib/python3.9/site-packages/airflow/example_dags/tutorial_taskflow_api_virtualenv.py
[2026-07-15T16:51:10.963+0200] {logging_mixin.py:151} INFO - [2026-07-15T16:51:10.963+0200] {tutorial_taskflow_api_virtualenv.py:29} WARNING - The tutorial_taskflow_api_virtualenv example DAG requires virtualenv, please install it.
[2026-07-15T16:51:10.963+0200] {processor.py:841} WARNING - No viable dags retrieved from /home/ai/.local/lib/python3.9/site-packages/airflow/example_dags/tutorial_taskflow_api_virtualenv.py
[2026-07-15T16:51:10.973+0200] {processor.py:179} INFO - Processing /home/ai/.local/lib/python3.9/site-packages/airflow/example_dags/tutorial_taskflow_api_virtualenv.py took 0.020 seconds
[2026-07-15T16:52:06.463+0200] {processor.py:157} INFO - Started process (PID=3444326) to work on /home/ai/.local/lib/python3.9/site-packages/airflow/example_dags/tutorial_taskflow_api_virtualenv.py
[2026-07-15T16:52:06.465+0200] {processor.py:829} INFO - Processing file /home/ai/.local/lib/python3.9/site-packages/airflow/example_dags/tutorial_taskflow_api_virtualenv.py for tasks to queue
[2026-07-15T16:52:06.466+0200] {logging_mixin.py:151} INFO - [2026-07-15T16:52:06.466+0200] {dagbag.py:536} INFO - Filling up the DagBag from /home/ai/.local/lib/python3.9/site-packages/airflow/example_dags/tutorial_taskflow_api_virtualenv.py
[2026-07-15T16:52:06.469+0200] {logging_mixin.py:151} INFO - [2026-07-15T16:52:06.469+0200] {tutorial_taskflow_api_virtualenv.py:29} WARNING - The tutorial_taskflow_api_virtualenv example DAG requires virtualenv, please install it.
[2026-07-15T16:52:06.469+0200] {processor.py:841} WARNING - No viable dags retrieved from /home/ai/.local/lib/python3.9/site-packages/airflow/example_dags/tutorial_taskflow_api_virtualenv.py
[2026-07-15T16:52:06.480+0200] {processor.py:179} INFO - Processing /home/ai/.local/lib/python3.9/site-packages/airflow/example_dags/tutorial_taskflow_api_virtualenv.py took 0.022 seconds
[2026-07-15T16:53:13.060+0200] {processor.py:157} INFO - Started process (PID=3445424) to work on /home/ai/.local/lib/python3.9/site-packages/airflow/example_dags/tutorial_taskflow_api_virtualenv.py
[2026-07-15T16:53:13.061+0200] {processor.py:829} INFO - Processing file /home/ai/.local/lib/python3.9/site-packages/airflow/example_dags/tutorial_taskflow_api_virtualenv.py for tasks to queue
[2026-07-15T16:53:13.062+0200] {logging_mixin.py:151} INFO - [2026-07-15T16:53:13.062+0200] {dagbag.py:536} INFO - Filling up the DagBag from /home/ai/.local/lib/python3.9/site-packages/airflow/example_dags/tutorial_taskflow_api_virtualenv.py
[2026-07-15T16:53:13.066+0200] {logging_mixin.py:151} INFO - [2026-07-15T16:53:13.066+0200] {tutorial_taskflow_api_virtualenv.py:29} WARNING - The tutorial_taskflow_api_virtualenv example DAG requires virtualenv, please install it.
[2026-07-15T16:53:13.066+0200] {processor.py:841} WARNING - No viable dags retrieved from /home/ai/.local/lib/python3.9/site-packages/airflow/example_dags/tutorial_taskflow_api_virtualenv.py
[2026-07-15T16:53:13.076+0200] {processor.py:179} INFO - Processing /home/ai/.local/lib/python3.9/site-packages/airflow/example_dags/tutorial_taskflow_api_virtualenv.py took 0.020 seconds
[2026-07-15T16:54:22.122+0200] {processor.py:157} INFO - Started process (PID=3446652) to work on /home/ai/.local/lib/python3.9/site-packages/airflow/example_dags/tutorial_taskflow_api_virtualenv.py
[2026-07-15T16:54:22.179+0200] {processor.py:829} INFO - Processing file /home/ai/.local/lib/python3.9/site-packages/airflow/example_dags/tutorial_taskflow_api_virtualenv.py for tasks to queue
[2026-07-15T16:54:22.181+0200] {logging_mixin.py:151} INFO - [2026-07-15T16:54:22.180+0200] {dagbag.py:536} INFO - Filling up the DagBag from /home/ai/.local/lib/python3.9/site-packages/airflow/example_dags/tutorial_taskflow_api_virtualenv.py
[2026-07-15T16:54:22.188+0200] {logging_mixin.py:151} INFO - [2026-07-15T16:54:22.187+0200] {tutorial_taskflow_api_virtualenv.py:29} WARNING - The tutorial_taskflow_api_virtualenv example DAG requires virtualenv, please install it.
[2026-07-15T16:54:22.188+0200] {processor.py:841} WARNING - No viable dags retrieved from /home/ai/.local/lib/python3.9/site-packages/airflow/example_dags/tutorial_taskflow_api_virtualenv.py
[2026-07-15T16:54:22.201+0200] {processor.py:179} INFO - Processing /home/ai/.local/lib/python3.9/site-packages/airflow/example_dags/tutorial_taskflow_api_virtualenv.py took 0.085 seconds
[2026-07-15T16:55:27.352+0200] {processor.py:157} INFO - Started process (PID=3447709) to work on /home/ai/.local/lib/python3.9/site-packages/airflow/example_dags/tutorial_taskflow_api_virtualenv.py
[2026-07-15T16:55:27.354+0200] {processor.py:829} INFO - Processing file /home/ai/.local/lib/python3.9/site-packages/airflow/example_dags/tutorial_taskflow_api_virtualenv.py for tasks to queue
[2026-07-15T16:55:27.355+0200] {logging_mixin.py:151} INFO - [2026-07-15T16:55:27.354+0200] {dagbag.py:536} INFO - Filling up the DagBag from /home/ai/.local/lib/python3.9/site-packages/airflow/example_dags/tutorial_taskflow_api_virtualenv.py
[2026-07-15T16:55:27.358+0200] {logging_mixin.py:151} INFO - [2026-07-15T16:55:27.358+0200] {tutorial_taskflow_api_virtualenv.py:29} WARNING - The tutorial_taskflow_api_virtualenv example DAG requires virtualenv, please install it.
[2026-07-15T16:55:27.358+0200] {processor.py:841} WARNING - No viable dags retrieved from /home/ai/.local/lib/python3.9/site-packages/airflow/example_dags/tutorial_taskflow_api_virtualenv.py
[2026-07-15T16:55:27.369+0200] {processor.py:179} INFO - Processing /home/ai/.local/lib/python3.9/site-packages/airflow/example_dags/tutorial_taskflow_api_virtualenv.py took 0.022 seconds
[2026-07-15T16:56:24.219+0200] {processor.py:157} INFO - Started process (PID=3448607) to work on /home/ai/.local/lib/python3.9/site-packages/airflow/example_dags/tutorial_taskflow_api_virtualenv.py
[2026-07-15T16:56:24.220+0200] {processor.py:829} INFO - Processing file /home/ai/.local/lib/python3.9/site-packages/airflow/example_dags/tutorial_taskflow_api_virtualenv.py for tasks to queue
[2026-07-15T16:56:24.221+0200] {logging_mixin.py:151} INFO - [2026-07-15T16:56:24.221+0200] {dagbag.py:536} INFO - Filling up the DagBag from /home/ai/.local/lib/python3.9/site-packages/airflow/example_dags/tutorial_taskflow_api_virtualenv.py
[2026-07-15T16:56:24.224+0200] {logging_mixin.py:151} INFO - [2026-07-15T16:56:24.224+0200] {tutorial_taskflow_api_virtualenv.py:29} WARNING - The tutorial_taskflow_api_virtualenv example DAG requires virtualenv, please install it.
[2026-07-15T16:56:24.224+0200] {processor.py:841} WARNING - No viable dags retrieved from /home/ai/.local/lib/python3.9/site-packages/airflow/example_dags/tutorial_taskflow_api_virtualenv.py
[2026-07-15T16:56:24.235+0200] {processor.py:179} INFO - Processing /home/ai/.local/lib/python3.9/site-packages/airflow/example_dags/tutorial_taskflow_api_virtualenv.py took 0.019 seconds
[2026-07-15T16:57:35.708+0200] {processor.py:157} INFO - Started process (PID=3449882) to work on /home/ai/.local/lib/python3.9/site-packages/airflow/example_dags/tutorial_taskflow_api_virtualenv.py
[2026-07-15T16:57:35.710+0200] {processor.py:829} INFO - Processing file /home/ai/.local/lib/python3.9/site-packages/airflow/example_dags/tutorial_taskflow_api_virtualenv.py for tasks to queue
[2026-07-15T16:57:35.711+0200] {logging_mixin.py:151} INFO - [2026-07-15T16:57:35.711+0200] {dagbag.py:536} INFO - Filling up the DagBag from /home/ai/.local/lib/python3.9/site-packages/airflow/example_dags/tutorial_taskflow_api_virtualenv.py
[2026-07-15T16:57:35.714+0200] {logging_mixin.py:151} INFO - [2026-07-15T16:57:35.714+0200] {tutorial_taskflow_api_virtualenv.py:29} WARNING - The tutorial_taskflow_api_virtualenv example DAG requires virtualenv, please install it.
[2026-07-15T16:57:35.714+0200] {processor.py:841} WARNING - No viable dags retrieved from /home/ai/.local/lib/python3.9/site-packages/airflow/example_dags/tutorial_taskflow_api_virtualenv.py
[2026-07-15T16:57:35.723+0200] {processor.py:179} INFO - Processing /home/ai/.local/lib/python3.9/site-packages/airflow/example_dags/tutorial_taskflow_api_virtualenv.py took 0.020 seconds
[2026-07-15T16:59:05.169+0200] {processor.py:157} INFO - Started process (PID=3451609) to work on /home/ai/.local/lib/python3.9/site-packages/airflow/example_dags/tutorial_taskflow_api_virtualenv.py
[2026-07-15T16:59:05.170+0200] {processor.py:829} INFO - Processing file /home/ai/.local/lib/python3.9/site-packages/airflow/example_dags/tutorial_taskflow_api_virtualenv.py for tasks to queue
[2026-07-15T16:59:05.171+0200] {logging_mixin.py:151} INFO - [2026-07-15T16:59:05.171+0200] {dagbag.py:536} INFO - Filling up the DagBag from /home/ai/.local/lib/python3.9/site-packages/airflow/example_dags/tutorial_taskflow_api_virtualenv.py
[2026-07-15T16:59:05.174+0200] {logging_mixin.py:151} INFO - [2026-07-15T16:59:05.174+0200] {tutorial_taskflow_api_virtualenv.py:29} WARNING - The tutorial_taskflow_api_virtualenv example DAG requires virtualenv, please install it.
[2026-07-15T16:59:05.175+0200] {processor.py:841} WARNING - No viable dags retrieved from /home/ai/.local/lib/python3.9/site-packages/airflow/example_dags/tutorial_taskflow_api_virtualenv.py
[2026-07-15T16:59:05.184+0200] {processor.py:179} INFO - Processing /home/ai/.local/lib/python3.9/site-packages/airflow/example_dags/tutorial_taskflow_api_virtualenv.py took 0.024 seconds
[2026-07-15T17:00:50.835+0200] {processor.py:157} INFO - Started process (PID=3453341) to work on /home/ai/.local/lib/python3.9/site-packages/airflow/example_dags/tutorial_taskflow_api_virtualenv.py
[2026-07-15T17:00:50.836+0200] {processor.py:829} INFO - Processing file /home/ai/.local/lib/python3.9/site-packages/airflow/example_dags/tutorial_taskflow_api_virtualenv.py for tasks to queue
[2026-07-15T17:00:50.837+0200] {logging_mixin.py:151} INFO - [2026-07-15T17:00:50.837+0200] {dagbag.py:536} INFO - Filling up the DagBag from /home/ai/.local/lib/python3.9/site-packages/airflow/example_dags/tutorial_taskflow_api_virtualenv.py
[2026-07-15T17:00:50.841+0200] {logging_mixin.py:151} INFO - [2026-07-15T17:00:50.841+0200] {tutorial_taskflow_api_virtualenv.py:29} WARNING - The tutorial_taskflow_api_virtualenv example DAG requires virtualenv, please install it.
[2026-07-15T17:00:50.841+0200] {processor.py:841} WARNING - No viable dags retrieved from /home/ai/.local/lib/python3.9/site-packages/airflow/example_dags/tutorial_taskflow_api_virtualenv.py
[2026-07-15T17:00:50.852+0200] {processor.py:179} INFO - Processing /home/ai/.local/lib/python3.9/site-packages/airflow/example_dags/tutorial_taskflow_api_virtualenv.py took 0.021 seconds
[2026-07-15T17:02:57.900+0200] {processor.py:157} INFO - Started process (PID=3455612) to work on /home/ai/.local/lib/python3.9/site-packages/airflow/example_dags/tutorial_taskflow_api_virtualenv.py
[2026-07-15T17:02:57.958+0200] {processor.py:829} INFO - Processing file /home/ai/.local/lib/python3.9/site-packages/airflow/example_dags/tutorial_taskflow_api_virtualenv.py for tasks to queue
[2026-07-15T17:02:57.959+0200] {logging_mixin.py:151} INFO - [2026-07-15T17:02:57.958+0200] {dagbag.py:536} INFO - Filling up the DagBag from /home/ai/.local/lib/python3.9/site-packages/airflow/example_dags/tutorial_taskflow_api_virtualenv.py
[2026-07-15T17:02:57.962+0200] {logging_mixin.py:151} INFO - [2026-07-15T17:02:57.962+0200] {tutorial_taskflow_api_virtualenv.py:29} WARNING - The tutorial_taskflow_api_virtualenv example DAG requires virtualenv, please install it.
[2026-07-15T17:02:57.962+0200] {processor.py:841} WARNING - No viable dags retrieved from /home/ai/.local/lib/python3.9/site-packages/airflow/example_dags/tutorial_taskflow_api_virtualenv.py
[2026-07-15T17:02:57.973+0200] {processor.py:179} INFO - Processing /home/ai/.local/lib/python3.9/site-packages/airflow/example_dags/tutorial_taskflow_api_virtualenv.py took 0.079 seconds
[2026-07-15T17:04:17.350+0200] {processor.py:157} INFO - Started process (PID=3456976) to work on /home/ai/.local/lib/python3.9/site-packages/airflow/example_dags/tutorial_taskflow_api_virtualenv.py
[2026-07-15T17:04:17.352+0200] {processor.py:829} INFO - Processing file /home/ai/.local/lib/python3.9/site-packages/airflow/example_dags/tutorial_taskflow_api_virtualenv.py for tasks to queue
[2026-07-15T17:04:17.353+0200] {logging_mixin.py:151} INFO - [2026-07-15T17:04:17.353+0200] {dagbag.py:536} INFO - Filling up the DagBag from /home/ai/.local/lib/python3.9/site-packages/airflow/example_dags/tutorial_taskflow_api_virtualenv.py
[2026-07-15T17:04:17.356+0200] {logging_mixin.py:151} INFO - [2026-07-15T17:04:17.356+0200] {tutorial_taskflow_api_virtualenv.py:29} WARNING - The tutorial_taskflow_api_virtualenv example DAG requires virtualenv, please install it.
[2026-07-15T17:04:17.356+0200] {processor.py:841} WARNING - No viable dags retrieved from /home/ai/.local/lib/python3.9/site-packages/airflow/example_dags/tutorial_taskflow_api_virtualenv.py
[2026-07-15T17:04:17.367+0200] {processor.py:179} INFO - Processing /home/ai/.local/lib/python3.9/site-packages/airflow/example_dags/tutorial_taskflow_api_virtualenv.py took 0.022 seconds
[2026-07-15T17:05:17.430+0200] {processor.py:157} INFO - Started process (PID=3457985) to work on /home/ai/.local/lib/python3.9/site-packages/airflow/example_dags/tutorial_taskflow_api_virtualenv.py
[2026-07-15T17:05:17.525+0200] {processor.py:829} INFO - Processing file /home/ai/.local/lib/python3.9/site-packages/airflow/example_dags/tutorial_taskflow_api_virtualenv.py for tasks to queue
[2026-07-15T17:05:17.526+0200] {logging_mixin.py:151} INFO - [2026-07-15T17:05:17.526+0200] {dagbag.py:536} INFO - Filling up the DagBag from /home/ai/.local/lib/python3.9/site-packages/airflow/example_dags/tutorial_taskflow_api_virtualenv.py
[2026-07-15T17:05:17.529+0200] {logging_mixin.py:151} INFO - [2026-07-15T17:05:17.529+0200] {tutorial_taskflow_api_virtualenv.py:29} WARNING - The tutorial_taskflow_api_virtualenv example DAG requires virtualenv, please install it.
[2026-07-15T17:05:17.530+0200] {processor.py:841} WARNING - No viable dags retrieved from /home/ai/.local/lib/python3.9/site-packages/airflow/example_dags/tutorial_taskflow_api_virtualenv.py
[2026-07-15T17:05:17.540+0200] {processor.py:179} INFO - Processing /home/ai/.local/lib/python3.9/site-packages/airflow/example_dags/tutorial_taskflow_api_virtualenv.py took 0.113 seconds
[2026-07-15T17:06:24.528+0200] {processor.py:157} INFO - Started process (PID=3459056) to work on /home/ai/.local/lib/python3.9/site-packages/airflow/example_dags/tutorial_taskflow_api_virtualenv.py
[2026-07-15T17:06:24.530+0200] {processor.py:829} INFO - Processing file /home/ai/.local/lib/python3.9/site-packages/airflow/example_dags/tutorial_taskflow_api_virtualenv.py for tasks to queue
[2026-07-15T17:06:24.531+0200] {logging_mixin.py:151} INFO - [2026-07-15T17:06:24.530+0200] {dagbag.py:536} INFO - Filling up the DagBag from /home/ai/.local/lib/python3.9/site-packages/airflow/example_dags/tutorial_taskflow_api_virtualenv.py
[2026-07-15T17:06:24.534+0200] {logging_mixin.py:151} INFO - [2026-07-15T17:06:24.533+0200] {tutorial_taskflow_api_virtualenv.py:29} WARNING - The tutorial_taskflow_api_virtualenv example DAG requires virtualenv, please install it.
[2026-07-15T17:06:24.534+0200] {processor.py:841} WARNING - No viable dags retrieved from /home/ai/.local/lib/python3.9/site-packages/airflow/example_dags/tutorial_taskflow_api_virtualenv.py
[2026-07-15T17:06:24.543+0200] {processor.py:179} INFO - Processing /home/ai/.local/lib/python3.9/site-packages/airflow/example_dags/tutorial_taskflow_api_virtualenv.py took 0.021 seconds
[2026-07-15T17:07:31.807+0200] {processor.py:157} INFO - Started process (PID=3460263) to work on /home/ai/.local/lib/python3.9/site-packages/airflow/example_dags/tutorial_taskflow_api_virtualenv.py
[2026-07-15T17:07:31.844+0200] {processor.py:829} INFO - Processing file /home/ai/.local/lib/python3.9/site-packages/airflow/example_dags/tutorial_taskflow_api_virtualenv.py for tasks to queue
[2026-07-15T17:07:31.846+0200] {logging_mixin.py:151} INFO - [2026-07-15T17:07:31.845+0200] {dagbag.py:536} INFO - Filling up the DagBag from /home/ai/.local/lib/python3.9/site-packages/airflow/example_dags/tutorial_taskflow_api_virtualenv.py
[2026-07-15T17:07:31.854+0200] {logging_mixin.py:151} INFO - [2026-07-15T17:07:31.854+0200] {tutorial_taskflow_api_virtualenv.py:29} WARNING - The tutorial_taskflow_api_virtualenv example DAG requires virtualenv, please install it.
[2026-07-15T17:07:31.855+0200] {processor.py:841} WARNING - No viable dags retrieved from /home/ai/.local/lib/python3.9/site-packages/airflow/example_dags/tutorial_taskflow_api_virtualenv.py
[2026-07-15T17:07:31.865+0200] {processor.py:179} INFO - Processing /home/ai/.local/lib/python3.9/site-packages/airflow/example_dags/tutorial_taskflow_api_virtualenv.py took 0.062 seconds
[2026-07-15T17:09:04.942+0200] {processor.py:157} INFO - Started process (PID=3461809) to work on /home/ai/.local/lib/python3.9/site-packages/airflow/example_dags/tutorial_taskflow_api_virtualenv.py
[2026-07-15T17:09:05.004+0200] {processor.py:829} INFO - Processing file /home/ai/.local/lib/python3.9/site-packages/airflow/example_dags/tutorial_taskflow_api_virtualenv.py for tasks to queue
[2026-07-15T17:09:05.007+0200] {logging_mixin.py:151} INFO - [2026-07-15T17:09:05.006+0200] {dagbag.py:536} INFO - Filling up the DagBag from /home/ai/.local/lib/python3.9/site-packages/airflow/example_dags/tutorial_taskflow_api_virtualenv.py
[2026-07-15T17:09:05.013+0200] {logging_mixin.py:151} INFO - [2026-07-15T17:09:05.013+0200] {tutorial_taskflow_api_virtualenv.py:29} WARNING - The tutorial_taskflow_api_virtualenv example DAG requires virtualenv, please install it.
[2026-07-15T17:09:05.013+0200] {processor.py:841} WARNING - No viable dags retrieved from /home/ai/.local/lib/python3.9/site-packages/airflow/example_dags/tutorial_taskflow_api_virtualenv.py
[2026-07-15T17:09:05.026+0200] {processor.py:179} INFO - Processing /home/ai/.local/lib/python3.9/site-packages/airflow/example_dags/tutorial_taskflow_api_virtualenv.py took 0.089 seconds
[2026-07-15T17:10:50.091+0200] {processor.py:157} INFO - Started process (PID=3463534) to work on /home/ai/.local/lib/python3.9/site-packages/airflow/example_dags/tutorial_taskflow_api_virtualenv.py
[2026-07-15T17:10:50.201+0200] {processor.py:829} INFO - Processing file /home/ai/.local/lib/python3.9/site-packages/airflow/example_dags/tutorial_taskflow_api_virtualenv.py for tasks to queue
[2026-07-15T17:10:50.202+0200] {logging_mixin.py:151} INFO - [2026-07-15T17:10:50.202+0200] {dagbag.py:536} INFO - Filling up the DagBag from /home/ai/.local/lib/python3.9/site-packages/airflow/example_dags/tutorial_taskflow_api_virtualenv.py
[2026-07-15T17:10:50.205+0200] {logging_mixin.py:151} INFO - [2026-07-15T17:10:50.205+0200] {tutorial_taskflow_api_virtualenv.py:29} WARNING - The tutorial_taskflow_api_virtualenv example DAG requires virtualenv, please install it.
[2026-07-15T17:10:50.205+0200] {processor.py:841} WARNING - No viable dags retrieved from /home/ai/.local/lib/python3.9/site-packages/airflow/example_dags/tutorial_taskflow_api_virtualenv.py
[2026-07-15T17:10:50.216+0200] {processor.py:179} INFO - Processing /home/ai/.local/lib/python3.9/site-packages/airflow/example_dags/tutorial_taskflow_api_virtualenv.py took 0.129 seconds
[2026-07-15T17:12:08.914+0200] {processor.py:157} INFO - Started process (PID=3464883) to work on /home/ai/.local/lib/python3.9/site-packages/airflow/example_dags/tutorial_taskflow_api_virtualenv.py
[2026-07-15T17:12:08.916+0200] {processor.py:829} INFO - Processing file /home/ai/.local/lib/python3.9/site-packages/airflow/example_dags/tutorial_taskflow_api_virtualenv.py for tasks to queue
[2026-07-15T17:12:08.917+0200] {logging_mixin.py:151} INFO - [2026-07-15T17:12:08.917+0200] {dagbag.py:536} INFO - Filling up the DagBag from /home/ai/.local/lib/python3.9/site-packages/airflow/example_dags/tutorial_taskflow_api_virtualenv.py
[2026-07-15T17:12:08.921+0200] {logging_mixin.py:151} INFO - [2026-07-15T17:12:08.921+0200] {tutorial_taskflow_api_virtualenv.py:29} WARNING - The tutorial_taskflow_api_virtualenv example DAG requires virtualenv, please install it.
[2026-07-15T17:12:08.921+0200] {processor.py:841} WARNING - No viable dags retrieved from /home/ai/.local/lib/python3.9/site-packages/airflow/example_dags/tutorial_taskflow_api_virtualenv.py
[2026-07-15T17:12:08.933+0200] {processor.py:179} INFO - Processing /home/ai/.local/lib/python3.9/site-packages/airflow/example_dags/tutorial_taskflow_api_virtualenv.py took 0.023 seconds
[2026-07-15T17:13:46.729+0200] {processor.py:157} INFO - Started process (PID=3466719) to work on /home/ai/.local/lib/python3.9/site-packages/airflow/example_dags/tutorial_taskflow_api_virtualenv.py
[2026-07-15T17:13:46.731+0200] {processor.py:829} INFO - Processing file /home/ai/.local/lib/python3.9/site-packages/airflow/example_dags/tutorial_taskflow_api_virtualenv.py for tasks to queue
[2026-07-15T17:13:46.732+0200] {logging_mixin.py:151} INFO - [2026-07-15T17:13:46.731+0200] {dagbag.py:536} INFO - Filling up the DagBag from /home/ai/.local/lib/python3.9/site-packages/airflow/example_dags/tutorial_taskflow_api_virtualenv.py
[2026-07-15T17:13:46.735+0200] {logging_mixin.py:151} INFO - [2026-07-15T17:13:46.734+0200] {tutorial_taskflow_api_virtualenv.py:29} WARNING - The tutorial_taskflow_api_virtualenv example DAG requires virtualenv, please install it.
[2026-07-15T17:13:46.735+0200] {processor.py:841} WARNING - No viable dags retrieved from /home/ai/.local/lib/python3.9/site-packages/airflow/example_dags/tutorial_taskflow_api_virtualenv.py
[2026-07-15T17:13:46.744+0200] {processor.py:179} INFO - Processing /home/ai/.local/lib/python3.9/site-packages/airflow/example_dags/tutorial_taskflow_api_virtualenv.py took 0.020 seconds
[2026-07-15T17:15:16.377+0200] {processor.py:157} INFO - Started process (PID=3468369) to work on /home/ai/.local/lib/python3.9/site-packages/airflow/example_dags/tutorial_taskflow_api_virtualenv.py
[2026-07-15T17:15:16.378+0200] {processor.py:829} INFO - Processing file /home/ai/.local/lib/python3.9/site-packages/airflow/example_dags/tutorial_taskflow_api_virtualenv.py for tasks to queue
[2026-07-15T17:15:16.379+0200] {logging_mixin.py:151} INFO - [2026-07-15T17:15:16.379+0200] {dagbag.py:536} INFO - Filling up the DagBag from /home/ai/.local/lib/python3.9/site-packages/airflow/example_dags/tutorial_taskflow_api_virtualenv.py
[2026-07-15T17:15:16.382+0200] {logging_mixin.py:151} INFO - [2026-07-15T17:15:16.382+0200] {tutorial_taskflow_api_virtualenv.py:29} WARNING - The tutorial_taskflow_api_virtualenv example DAG requires virtualenv, please install it.
[2026-07-15T17:15:16.383+0200] {processor.py:841} WARNING - No viable dags retrieved from /home/ai/.local/lib/python3.9/site-packages/airflow/example_dags/tutorial_taskflow_api_virtualenv.py
[2026-07-15T17:15:16.393+0200] {processor.py:179} INFO - Processing /home/ai/.local/lib/python3.9/site-packages/airflow/example_dags/tutorial_taskflow_api_virtualenv.py took 0.022 seconds
[2026-07-15T17:16:16.418+0200] {processor.py:157} INFO - Started process (PID=3469647) to work on /home/ai/.local/lib/python3.9/site-packages/airflow/example_dags/tutorial_taskflow_api_virtualenv.py
[2026-07-15T17:16:16.794+0200] {processor.py:829} INFO - Processing file /home/ai/.local/lib/python3.9/site-packages/airflow/example_dags/tutorial_taskflow_api_virtualenv.py for tasks to queue
[2026-07-15T17:16:16.797+0200] {logging_mixin.py:151} INFO - [2026-07-15T17:16:16.796+0200] {dagbag.py:536} INFO - Filling up the DagBag from /home/ai/.local/lib/python3.9/site-packages/airflow/example_dags/tutorial_taskflow_api_virtualenv.py
[2026-07-15T17:16:16.804+0200] {logging_mixin.py:151} INFO - [2026-07-15T17:16:16.803+0200] {tutorial_taskflow_api_virtualenv.py:29} WARNING - The tutorial_taskflow_api_virtualenv example DAG requires virtualenv, please install it.
[2026-07-15T17:16:16.804+0200] {processor.py:841} WARNING - No viable dags retrieved from /home/ai/.local/lib/python3.9/site-packages/airflow/example_dags/tutorial_taskflow_api_virtualenv.py
[2026-07-15T17:16:16.816+0200] {processor.py:179} INFO - Processing /home/ai/.local/lib/python3.9/site-packages/airflow/example_dags/tutorial_taskflow_api_virtualenv.py took 0.406 seconds
[2026-07-15T17:17:56.195+0200] {processor.py:157} INFO - Started process (PID=3471853) to work on /home/ai/.local/lib/python3.9/site-packages/airflow/example_dags/tutorial_taskflow_api_virtualenv.py
[2026-07-15T17:17:56.196+0200] {processor.py:829} INFO - Processing file /home/ai/.local/lib/python3.9/site-packages/airflow/example_dags/tutorial_taskflow_api_virtualenv.py for tasks to queue
[2026-07-15T17:17:56.197+0200] {logging_mixin.py:151} INFO - [2026-07-15T17:17:56.197+0200] {dagbag.py:536} INFO - Filling up the DagBag from /home/ai/.local/lib/python3.9/site-packages/airflow/example_dags/tutorial_taskflow_api_virtualenv.py
[2026-07-15T17:17:56.200+0200] {logging_mixin.py:151} INFO - [2026-07-15T17:17:56.200+0200] {tutorial_taskflow_api_virtualenv.py:29} WARNING - The tutorial_taskflow_api_virtualenv example DAG requires virtualenv, please install it.
[2026-07-15T17:17:56.200+0200] {processor.py:841} WARNING - No viable dags retrieved from /home/ai/.local/lib/python3.9/site-packages/airflow/example_dags/tutorial_taskflow_api_virtualenv.py
[2026-07-15T17:17:56.211+0200] {processor.py:179} INFO - Processing /home/ai/.local/lib/python3.9/site-packages/airflow/example_dags/tutorial_taskflow_api_virtualenv.py took 0.023 seconds
[2026-07-15T17:19:05.415+0200] {processor.py:157} INFO - Started process (PID=3473195) to work on /home/ai/.local/lib/python3.9/site-packages/airflow/example_dags/tutorial_taskflow_api_virtualenv.py
[2026-07-15T17:19:05.417+0200] {processor.py:829} INFO - Processing file /home/ai/.local/lib/python3.9/site-packages/airflow/example_dags/tutorial_taskflow_api_virtualenv.py for tasks to queue
[2026-07-15T17:19:05.418+0200] {logging_mixin.py:151} INFO - [2026-07-15T17:19:05.418+0200] {dagbag.py:536} INFO - Filling up the DagBag from /home/ai/.local/lib/python3.9/site-packages/airflow/example_dags/tutorial_taskflow_api_virtualenv.py
[2026-07-15T17:19:05.422+0200] {logging_mixin.py:151} INFO - [2026-07-15T17:19:05.421+0200] {tutorial_taskflow_api_virtualenv.py:29} WARNING - The tutorial_taskflow_api_virtualenv example DAG requires virtualenv, please install it.
[2026-07-15T17:19:05.422+0200] {processor.py:841} WARNING - No viable dags retrieved from /home/ai/.local/lib/python3.9/site-packages/airflow/example_dags/tutorial_taskflow_api_virtualenv.py
[2026-07-15T17:19:05.432+0200] {processor.py:179} INFO - Processing /home/ai/.local/lib/python3.9/site-packages/airflow/example_dags/tutorial_taskflow_api_virtualenv.py took 0.022 seconds
