[2026-07-15T16:15:11.891+0200] {processor.py:157} INFO - Started process (PID=3405662) to work on /home/ai/.local/lib/python3.9/site-packages/airflow/example_dags/tutorial_taskflow_api.py
[2026-07-15T16:15:11.892+0200] {processor.py:829} INFO - Processing file /home/ai/.local/lib/python3.9/site-packages/airflow/example_dags/tutorial_taskflow_api.py for tasks to queue
[2026-07-15T16:15:11.893+0200] {logging_mixin.py:151} INFO - [2026-07-15T16:15:11.892+0200] {dagbag.py:536} INFO - Filling up the DagBag from /home/ai/.local/lib/python3.9/site-packages/airflow/example_dags/tutorial_taskflow_api.py
[2026-07-15T16:15:11.902+0200] {processor.py:839} INFO - DAG(s) dict_keys(['tutorial_taskflow_api']) retrieved from /home/ai/.local/lib/python3.9/site-packages/airflow/example_dags/tutorial_taskflow_api.py
[2026-07-15T16:15:11.923+0200] {logging_mixin.py:151} INFO - [2026-07-15T16:15:11.923+0200] {dag.py:2941} INFO - Sync 1 DAGs
[2026-07-15T16:15:11.933+0200] {logging_mixin.py:151} INFO - [2026-07-15T16:15:11.933+0200] {dag.py:3722} INFO - Setting next_dagrun for tutorial_taskflow_api to None, run_after=None
[2026-07-15T16:15:12.218+0200] {processor.py:179} INFO - Processing /home/ai/.local/lib/python3.9/site-packages/airflow/example_dags/tutorial_taskflow_api.py took 0.331 seconds
[2026-07-15T16:16:27.067+0200] {processor.py:157} INFO - Started process (PID=3406909) to work on /home/ai/.local/lib/python3.9/site-packages/airflow/example_dags/tutorial_taskflow_api.py
[2026-07-15T16:16:27.068+0200] {processor.py:829} INFO - Processing file /home/ai/.local/lib/python3.9/site-packages/airflow/example_dags/tutorial_taskflow_api.py for tasks to queue
[2026-07-15T16:16:27.069+0200] {logging_mixin.py:151} INFO - [2026-07-15T16:16:27.069+0200] {dagbag.py:536} INFO - Filling up the DagBag from /home/ai/.local/lib/python3.9/site-packages/airflow/example_dags/tutorial_taskflow_api.py
[2026-07-15T16:16:27.076+0200] {processor.py:839} INFO - DAG(s) dict_keys(['tutorial_taskflow_api']) retrieved from /home/ai/.local/lib/python3.9/site-packages/airflow/example_dags/tutorial_taskflow_api.py
[2026-07-15T16:16:27.102+0200] {logging_mixin.py:151} INFO - [2026-07-15T16:16:27.101+0200] {dag.py:2941} INFO - Sync 1 DAGs
[2026-07-15T16:16:27.112+0200] {logging_mixin.py:151} INFO - [2026-07-15T16:16:27.111+0200] {dag.py:3722} INFO - Setting next_dagrun for tutorial_taskflow_api to None, run_after=None
[2026-07-15T16:16:27.389+0200] {processor.py:179} INFO - Processing /home/ai/.local/lib/python3.9/site-packages/airflow/example_dags/tutorial_taskflow_api.py took 0.328 seconds
[2026-07-15T16:17:12.278+0200] {processor.py:157} INFO - Started process (PID=3407636) to work on /home/ai/.local/lib/python3.9/site-packages/airflow/example_dags/tutorial_taskflow_api.py
[2026-07-15T16:17:12.279+0200] {processor.py:829} INFO - Processing file /home/ai/.local/lib/python3.9/site-packages/airflow/example_dags/tutorial_taskflow_api.py for tasks to queue
[2026-07-15T16:17:12.280+0200] {logging_mixin.py:151} INFO - [2026-07-15T16:17:12.280+0200] {dagbag.py:536} INFO - Filling up the DagBag from /home/ai/.local/lib/python3.9/site-packages/airflow/example_dags/tutorial_taskflow_api.py
[2026-07-15T16:17:12.287+0200] {processor.py:839} INFO - DAG(s) dict_keys(['tutorial_taskflow_api']) retrieved from /home/ai/.local/lib/python3.9/site-packages/airflow/example_dags/tutorial_taskflow_api.py
[2026-07-15T16:17:12.302+0200] {logging_mixin.py:151} INFO - [2026-07-15T16:17:12.302+0200] {dag.py:2941} INFO - Sync 1 DAGs
[2026-07-15T16:17:12.313+0200] {logging_mixin.py:151} INFO - [2026-07-15T16:17:12.313+0200] {dag.py:3722} INFO - Setting next_dagrun for tutorial_taskflow_api to None, run_after=None
[2026-07-15T16:17:12.333+0200] {processor.py:179} INFO - Processing /home/ai/.local/lib/python3.9/site-packages/airflow/example_dags/tutorial_taskflow_api.py took 0.060 seconds
[2026-07-15T16:18:03.363+0200] {processor.py:157} INFO - Started process (PID=3408586) to work on /home/ai/.local/lib/python3.9/site-packages/airflow/example_dags/tutorial_taskflow_api.py
[2026-07-15T16:18:03.364+0200] {processor.py:829} INFO - Processing file /home/ai/.local/lib/python3.9/site-packages/airflow/example_dags/tutorial_taskflow_api.py for tasks to queue
[2026-07-15T16:18:03.365+0200] {logging_mixin.py:151} INFO - [2026-07-15T16:18:03.365+0200] {dagbag.py:536} INFO - Filling up the DagBag from /home/ai/.local/lib/python3.9/site-packages/airflow/example_dags/tutorial_taskflow_api.py
[2026-07-15T16:18:03.372+0200] {processor.py:839} INFO - DAG(s) dict_keys(['tutorial_taskflow_api']) retrieved from /home/ai/.local/lib/python3.9/site-packages/airflow/example_dags/tutorial_taskflow_api.py
[2026-07-15T16:18:03.387+0200] {logging_mixin.py:151} INFO - [2026-07-15T16:18:03.387+0200] {dag.py:2941} INFO - Sync 1 DAGs
[2026-07-15T16:18:03.397+0200] {logging_mixin.py:151} INFO - [2026-07-15T16:18:03.397+0200] {dag.py:3722} INFO - Setting next_dagrun for tutorial_taskflow_api to None, run_after=None
[2026-07-15T16:18:03.680+0200] {processor.py:179} INFO - Processing /home/ai/.local/lib/python3.9/site-packages/airflow/example_dags/tutorial_taskflow_api.py took 0.324 seconds
[2026-07-15T16:18:50.634+0200] {processor.py:157} INFO - Started process (PID=3409397) to work on /home/ai/.local/lib/python3.9/site-packages/airflow/example_dags/tutorial_taskflow_api.py
[2026-07-15T16:18:50.636+0200] {processor.py:829} INFO - Processing file /home/ai/.local/lib/python3.9/site-packages/airflow/example_dags/tutorial_taskflow_api.py for tasks to queue
[2026-07-15T16:18:50.639+0200] {logging_mixin.py:151} INFO - [2026-07-15T16:18:50.638+0200] {dagbag.py:536} INFO - Filling up the DagBag from /home/ai/.local/lib/python3.9/site-packages/airflow/example_dags/tutorial_taskflow_api.py
[2026-07-15T16:18:50.653+0200] {processor.py:839} INFO - DAG(s) dict_keys(['tutorial_taskflow_api']) retrieved from /home/ai/.local/lib/python3.9/site-packages/airflow/example_dags/tutorial_taskflow_api.py
[2026-07-15T16:18:50.669+0200] {logging_mixin.py:151} INFO - [2026-07-15T16:18:50.669+0200] {dag.py:2941} INFO - Sync 1 DAGs
[2026-07-15T16:18:50.679+0200] {logging_mixin.py:151} INFO - [2026-07-15T16:18:50.679+0200] {dag.py:3722} INFO - Setting next_dagrun for tutorial_taskflow_api to None, run_after=None
[2026-07-15T16:18:50.698+0200] {processor.py:179} INFO - Processing /home/ai/.local/lib/python3.9/site-packages/airflow/example_dags/tutorial_taskflow_api.py took 0.067 seconds
[2026-07-15T16:20:31.643+0200] {processor.py:157} INFO - Started process (PID=3411102) to work on /home/ai/.local/lib/python3.9/site-packages/airflow/example_dags/tutorial_taskflow_api.py
[2026-07-15T16:20:31.645+0200] {processor.py:829} INFO - Processing file /home/ai/.local/lib/python3.9/site-packages/airflow/example_dags/tutorial_taskflow_api.py for tasks to queue
[2026-07-15T16:20:31.646+0200] {logging_mixin.py:151} INFO - [2026-07-15T16:20:31.645+0200] {dagbag.py:536} INFO - Filling up the DagBag from /home/ai/.local/lib/python3.9/site-packages/airflow/example_dags/tutorial_taskflow_api.py
[2026-07-15T16:20:31.653+0200] {processor.py:839} INFO - DAG(s) dict_keys(['tutorial_taskflow_api']) retrieved from /home/ai/.local/lib/python3.9/site-packages/airflow/example_dags/tutorial_taskflow_api.py
[2026-07-15T16:20:31.671+0200] {logging_mixin.py:151} INFO - [2026-07-15T16:20:31.670+0200] {dag.py:2941} INFO - Sync 1 DAGs
[2026-07-15T16:20:31.682+0200] {logging_mixin.py:151} INFO - [2026-07-15T16:20:31.682+0200] {dag.py:3722} INFO - Setting next_dagrun for tutorial_taskflow_api to None, run_after=None
[2026-07-15T16:20:31.701+0200] {processor.py:179} INFO - Processing /home/ai/.local/lib/python3.9/site-packages/airflow/example_dags/tutorial_taskflow_api.py took 0.063 seconds
[2026-07-15T16:21:58.344+0200] {processor.py:157} INFO - Started process (PID=3412537) to work on /home/ai/.local/lib/python3.9/site-packages/airflow/example_dags/tutorial_taskflow_api.py
[2026-07-15T16:21:58.345+0200] {processor.py:829} INFO - Processing file /home/ai/.local/lib/python3.9/site-packages/airflow/example_dags/tutorial_taskflow_api.py for tasks to queue
[2026-07-15T16:21:58.346+0200] {logging_mixin.py:151} INFO - [2026-07-15T16:21:58.346+0200] {dagbag.py:536} INFO - Filling up the DagBag from /home/ai/.local/lib/python3.9/site-packages/airflow/example_dags/tutorial_taskflow_api.py
[2026-07-15T16:21:58.353+0200] {processor.py:839} INFO - DAG(s) dict_keys(['tutorial_taskflow_api']) retrieved from /home/ai/.local/lib/python3.9/site-packages/airflow/example_dags/tutorial_taskflow_api.py
[2026-07-15T16:21:58.370+0200] {logging_mixin.py:151} INFO - [2026-07-15T16:21:58.370+0200] {dag.py:2941} INFO - Sync 1 DAGs
[2026-07-15T16:21:58.381+0200] {logging_mixin.py:151} INFO - [2026-07-15T16:21:58.381+0200] {dag.py:3722} INFO - Setting next_dagrun for tutorial_taskflow_api to None, run_after=None
[2026-07-15T16:21:59.433+0200] {processor.py:179} INFO - Processing /home/ai/.local/lib/python3.9/site-packages/airflow/example_dags/tutorial_taskflow_api.py took 1.095 seconds
[2026-07-15T16:22:44.107+0200] {processor.py:157} INFO - Started process (PID=3413381) to work on /home/ai/.local/lib/python3.9/site-packages/airflow/example_dags/tutorial_taskflow_api.py
[2026-07-15T16:22:44.109+0200] {processor.py:829} INFO - Processing file /home/ai/.local/lib/python3.9/site-packages/airflow/example_dags/tutorial_taskflow_api.py for tasks to queue
[2026-07-15T16:22:44.110+0200] {logging_mixin.py:151} INFO - [2026-07-15T16:22:44.109+0200] {dagbag.py:536} INFO - Filling up the DagBag from /home/ai/.local/lib/python3.9/site-packages/airflow/example_dags/tutorial_taskflow_api.py
[2026-07-15T16:22:44.116+0200] {processor.py:839} INFO - DAG(s) dict_keys(['tutorial_taskflow_api']) retrieved from /home/ai/.local/lib/python3.9/site-packages/airflow/example_dags/tutorial_taskflow_api.py
[2026-07-15T16:22:44.131+0200] {logging_mixin.py:151} INFO - [2026-07-15T16:22:44.131+0200] {dag.py:2941} INFO - Sync 1 DAGs
[2026-07-15T16:22:44.142+0200] {logging_mixin.py:151} INFO - [2026-07-15T16:22:44.141+0200] {dag.py:3722} INFO - Setting next_dagrun for tutorial_taskflow_api to None, run_after=None
[2026-07-15T16:22:44.206+0200] {processor.py:179} INFO - Processing /home/ai/.local/lib/python3.9/site-packages/airflow/example_dags/tutorial_taskflow_api.py took 0.105 seconds
[2026-07-15T16:23:31.641+0200] {processor.py:157} INFO - Started process (PID=3414151) to work on /home/ai/.local/lib/python3.9/site-packages/airflow/example_dags/tutorial_taskflow_api.py
[2026-07-15T16:23:31.643+0200] {processor.py:829} INFO - Processing file /home/ai/.local/lib/python3.9/site-packages/airflow/example_dags/tutorial_taskflow_api.py for tasks to queue
[2026-07-15T16:23:31.645+0200] {logging_mixin.py:151} INFO - [2026-07-15T16:23:31.644+0200] {dagbag.py:536} INFO - Filling up the DagBag from /home/ai/.local/lib/python3.9/site-packages/airflow/example_dags/tutorial_taskflow_api.py
[2026-07-15T16:23:31.653+0200] {processor.py:839} INFO - DAG(s) dict_keys(['tutorial_taskflow_api']) retrieved from /home/ai/.local/lib/python3.9/site-packages/airflow/example_dags/tutorial_taskflow_api.py
[2026-07-15T16:23:31.670+0200] {logging_mixin.py:151} INFO - [2026-07-15T16:23:31.670+0200] {dag.py:2941} INFO - Sync 1 DAGs
[2026-07-15T16:23:31.682+0200] {logging_mixin.py:151} INFO - [2026-07-15T16:23:31.682+0200] {dag.py:3722} INFO - Setting next_dagrun for tutorial_taskflow_api to None, run_after=None
[2026-07-15T16:23:31.702+0200] {processor.py:179} INFO - Processing /home/ai/.local/lib/python3.9/site-packages/airflow/example_dags/tutorial_taskflow_api.py took 0.066 seconds
[2026-07-15T16:24:50.410+0200] {processor.py:157} INFO - Started process (PID=3415537) to work on /home/ai/.local/lib/python3.9/site-packages/airflow/example_dags/tutorial_taskflow_api.py
[2026-07-15T16:24:50.412+0200] {processor.py:829} INFO - Processing file /home/ai/.local/lib/python3.9/site-packages/airflow/example_dags/tutorial_taskflow_api.py for tasks to queue
[2026-07-15T16:24:50.413+0200] {logging_mixin.py:151} INFO - [2026-07-15T16:24:50.413+0200] {dagbag.py:536} INFO - Filling up the DagBag from /home/ai/.local/lib/python3.9/site-packages/airflow/example_dags/tutorial_taskflow_api.py
[2026-07-15T16:24:50.420+0200] {processor.py:839} INFO - DAG(s) dict_keys(['tutorial_taskflow_api']) retrieved from /home/ai/.local/lib/python3.9/site-packages/airflow/example_dags/tutorial_taskflow_api.py
[2026-07-15T16:24:50.435+0200] {logging_mixin.py:151} INFO - [2026-07-15T16:24:50.435+0200] {dag.py:2941} INFO - Sync 1 DAGs
[2026-07-15T16:24:50.446+0200] {logging_mixin.py:151} INFO - [2026-07-15T16:24:50.445+0200] {dag.py:3722} INFO - Setting next_dagrun for tutorial_taskflow_api to None, run_after=None
[2026-07-15T16:24:50.463+0200] {processor.py:179} INFO - Processing /home/ai/.local/lib/python3.9/site-packages/airflow/example_dags/tutorial_taskflow_api.py took 0.057 seconds
[2026-07-15T16:26:14.312+0200] {processor.py:157} INFO - Started process (PID=3416930) to work on /home/ai/.local/lib/python3.9/site-packages/airflow/example_dags/tutorial_taskflow_api.py
[2026-07-15T16:26:14.313+0200] {processor.py:829} INFO - Processing file /home/ai/.local/lib/python3.9/site-packages/airflow/example_dags/tutorial_taskflow_api.py for tasks to queue
[2026-07-15T16:26:14.314+0200] {logging_mixin.py:151} INFO - [2026-07-15T16:26:14.314+0200] {dagbag.py:536} INFO - Filling up the DagBag from /home/ai/.local/lib/python3.9/site-packages/airflow/example_dags/tutorial_taskflow_api.py
[2026-07-15T16:26:14.322+0200] {processor.py:839} INFO - DAG(s) dict_keys(['tutorial_taskflow_api']) retrieved from /home/ai/.local/lib/python3.9/site-packages/airflow/example_dags/tutorial_taskflow_api.py
[2026-07-15T16:26:14.337+0200] {logging_mixin.py:151} INFO - [2026-07-15T16:26:14.337+0200] {dag.py:2941} INFO - Sync 1 DAGs
[2026-07-15T16:26:14.348+0200] {logging_mixin.py:151} INFO - [2026-07-15T16:26:14.347+0200] {dag.py:3722} INFO - Setting next_dagrun for tutorial_taskflow_api to None, run_after=None
[2026-07-15T16:26:14.365+0200] {processor.py:179} INFO - Processing /home/ai/.local/lib/python3.9/site-packages/airflow/example_dags/tutorial_taskflow_api.py took 0.058 seconds
[2026-07-15T16:27:12.751+0200] {processor.py:157} INFO - Started process (PID=3417914) to work on /home/ai/.local/lib/python3.9/site-packages/airflow/example_dags/tutorial_taskflow_api.py
[2026-07-15T16:27:12.753+0200] {processor.py:829} INFO - Processing file /home/ai/.local/lib/python3.9/site-packages/airflow/example_dags/tutorial_taskflow_api.py for tasks to queue
[2026-07-15T16:27:12.754+0200] {logging_mixin.py:151} INFO - [2026-07-15T16:27:12.753+0200] {dagbag.py:536} INFO - Filling up the DagBag from /home/ai/.local/lib/python3.9/site-packages/airflow/example_dags/tutorial_taskflow_api.py
[2026-07-15T16:27:12.760+0200] {processor.py:839} INFO - DAG(s) dict_keys(['tutorial_taskflow_api']) retrieved from /home/ai/.local/lib/python3.9/site-packages/airflow/example_dags/tutorial_taskflow_api.py
[2026-07-15T16:27:12.776+0200] {logging_mixin.py:151} INFO - [2026-07-15T16:27:12.776+0200] {dag.py:2941} INFO - Sync 1 DAGs
[2026-07-15T16:27:12.786+0200] {logging_mixin.py:151} INFO - [2026-07-15T16:27:12.786+0200] {dag.py:3722} INFO - Setting next_dagrun for tutorial_taskflow_api to None, run_after=None
[2026-07-15T16:27:14.400+0200] {processor.py:179} INFO - Processing /home/ai/.local/lib/python3.9/site-packages/airflow/example_dags/tutorial_taskflow_api.py took 1.653 seconds
[2026-07-15T16:28:11.664+0200] {processor.py:157} INFO - Started process (PID=3418921) to work on /home/ai/.local/lib/python3.9/site-packages/airflow/example_dags/tutorial_taskflow_api.py
[2026-07-15T16:28:11.666+0200] {processor.py:829} INFO - Processing file /home/ai/.local/lib/python3.9/site-packages/airflow/example_dags/tutorial_taskflow_api.py for tasks to queue
[2026-07-15T16:28:11.669+0200] {logging_mixin.py:151} INFO - [2026-07-15T16:28:11.668+0200] {dagbag.py:536} INFO - Filling up the DagBag from /home/ai/.local/lib/python3.9/site-packages/airflow/example_dags/tutorial_taskflow_api.py
[2026-07-15T16:28:11.682+0200] {processor.py:839} INFO - DAG(s) dict_keys(['tutorial_taskflow_api']) retrieved from /home/ai/.local/lib/python3.9/site-packages/airflow/example_dags/tutorial_taskflow_api.py
[2026-07-15T16:28:11.697+0200] {logging_mixin.py:151} INFO - [2026-07-15T16:28:11.697+0200] {dag.py:2941} INFO - Sync 1 DAGs
[2026-07-15T16:28:11.707+0200] {logging_mixin.py:151} INFO - [2026-07-15T16:28:11.707+0200] {dag.py:3722} INFO - Setting next_dagrun for tutorial_taskflow_api to None, run_after=None
[2026-07-15T16:28:12.599+0200] {processor.py:179} INFO - Processing /home/ai/.local/lib/python3.9/site-packages/airflow/example_dags/tutorial_taskflow_api.py took 0.943 seconds
[2026-07-15T16:28:58.824+0200] {processor.py:157} INFO - Started process (PID=3419777) to work on /home/ai/.local/lib/python3.9/site-packages/airflow/example_dags/tutorial_taskflow_api.py
[2026-07-15T16:28:58.826+0200] {processor.py:829} INFO - Processing file /home/ai/.local/lib/python3.9/site-packages/airflow/example_dags/tutorial_taskflow_api.py for tasks to queue
[2026-07-15T16:28:58.827+0200] {logging_mixin.py:151} INFO - [2026-07-15T16:28:58.826+0200] {dagbag.py:536} INFO - Filling up the DagBag from /home/ai/.local/lib/python3.9/site-packages/airflow/example_dags/tutorial_taskflow_api.py
[2026-07-15T16:28:58.834+0200] {processor.py:839} INFO - DAG(s) dict_keys(['tutorial_taskflow_api']) retrieved from /home/ai/.local/lib/python3.9/site-packages/airflow/example_dags/tutorial_taskflow_api.py
[2026-07-15T16:28:58.849+0200] {logging_mixin.py:151} INFO - [2026-07-15T16:28:58.849+0200] {dag.py:2941} INFO - Sync 1 DAGs
[2026-07-15T16:28:58.859+0200] {logging_mixin.py:151} INFO - [2026-07-15T16:28:58.859+0200] {dag.py:3722} INFO - Setting next_dagrun for tutorial_taskflow_api to None, run_after=None
[2026-07-15T16:28:58.877+0200] {processor.py:179} INFO - Processing /home/ai/.local/lib/python3.9/site-packages/airflow/example_dags/tutorial_taskflow_api.py took 0.057 seconds
[2026-07-15T16:30:26.805+0200] {processor.py:157} INFO - Started process (PID=3421243) to work on /home/ai/.local/lib/python3.9/site-packages/airflow/example_dags/tutorial_taskflow_api.py
[2026-07-15T16:30:26.807+0200] {processor.py:829} INFO - Processing file /home/ai/.local/lib/python3.9/site-packages/airflow/example_dags/tutorial_taskflow_api.py for tasks to queue
[2026-07-15T16:30:26.808+0200] {logging_mixin.py:151} INFO - [2026-07-15T16:30:26.807+0200] {dagbag.py:536} INFO - Filling up the DagBag from /home/ai/.local/lib/python3.9/site-packages/airflow/example_dags/tutorial_taskflow_api.py
[2026-07-15T16:30:26.814+0200] {processor.py:839} INFO - DAG(s) dict_keys(['tutorial_taskflow_api']) retrieved from /home/ai/.local/lib/python3.9/site-packages/airflow/example_dags/tutorial_taskflow_api.py
[2026-07-15T16:30:26.829+0200] {logging_mixin.py:151} INFO - [2026-07-15T16:30:26.829+0200] {dag.py:2941} INFO - Sync 1 DAGs
[2026-07-15T16:30:26.839+0200] {logging_mixin.py:151} INFO - [2026-07-15T16:30:26.839+0200] {dag.py:3722} INFO - Setting next_dagrun for tutorial_taskflow_api to None, run_after=None
[2026-07-15T16:30:28.449+0200] {processor.py:179} INFO - Processing /home/ai/.local/lib/python3.9/site-packages/airflow/example_dags/tutorial_taskflow_api.py took 1.650 seconds
[2026-07-15T16:31:27.792+0200] {processor.py:157} INFO - Started process (PID=3422227) to work on /home/ai/.local/lib/python3.9/site-packages/airflow/example_dags/tutorial_taskflow_api.py
[2026-07-15T16:31:27.794+0200] {processor.py:829} INFO - Processing file /home/ai/.local/lib/python3.9/site-packages/airflow/example_dags/tutorial_taskflow_api.py for tasks to queue
[2026-07-15T16:31:27.795+0200] {logging_mixin.py:151} INFO - [2026-07-15T16:31:27.795+0200] {dagbag.py:536} INFO - Filling up the DagBag from /home/ai/.local/lib/python3.9/site-packages/airflow/example_dags/tutorial_taskflow_api.py
[2026-07-15T16:31:27.802+0200] {processor.py:839} INFO - DAG(s) dict_keys(['tutorial_taskflow_api']) retrieved from /home/ai/.local/lib/python3.9/site-packages/airflow/example_dags/tutorial_taskflow_api.py
[2026-07-15T16:31:27.818+0200] {logging_mixin.py:151} INFO - [2026-07-15T16:31:27.818+0200] {dag.py:2941} INFO - Sync 1 DAGs
[2026-07-15T16:31:27.833+0200] {logging_mixin.py:151} INFO - [2026-07-15T16:31:27.833+0200] {dag.py:3722} INFO - Setting next_dagrun for tutorial_taskflow_api to None, run_after=None
[2026-07-15T16:31:27.851+0200] {processor.py:179} INFO - Processing /home/ai/.local/lib/python3.9/site-packages/airflow/example_dags/tutorial_taskflow_api.py took 0.064 seconds
[2026-07-15T16:32:48.955+0200] {processor.py:157} INFO - Started process (PID=3423639) to work on /home/ai/.local/lib/python3.9/site-packages/airflow/example_dags/tutorial_taskflow_api.py
[2026-07-15T16:32:48.957+0200] {processor.py:829} INFO - Processing file /home/ai/.local/lib/python3.9/site-packages/airflow/example_dags/tutorial_taskflow_api.py for tasks to queue
[2026-07-15T16:32:48.958+0200] {logging_mixin.py:151} INFO - [2026-07-15T16:32:48.957+0200] {dagbag.py:536} INFO - Filling up the DagBag from /home/ai/.local/lib/python3.9/site-packages/airflow/example_dags/tutorial_taskflow_api.py
[2026-07-15T16:32:48.965+0200] {processor.py:839} INFO - DAG(s) dict_keys(['tutorial_taskflow_api']) retrieved from /home/ai/.local/lib/python3.9/site-packages/airflow/example_dags/tutorial_taskflow_api.py
[2026-07-15T16:32:48.980+0200] {logging_mixin.py:151} INFO - [2026-07-15T16:32:48.980+0200] {dag.py:2941} INFO - Sync 1 DAGs
[2026-07-15T16:32:48.990+0200] {logging_mixin.py:151} INFO - [2026-07-15T16:32:48.990+0200] {dag.py:3722} INFO - Setting next_dagrun for tutorial_taskflow_api to None, run_after=None
[2026-07-15T16:32:49.044+0200] {processor.py:179} INFO - Processing /home/ai/.local/lib/python3.9/site-packages/airflow/example_dags/tutorial_taskflow_api.py took 0.093 seconds
[2026-07-15T16:33:39.216+0200] {processor.py:157} INFO - Started process (PID=3424517) to work on /home/ai/.local/lib/python3.9/site-packages/airflow/example_dags/tutorial_taskflow_api.py
[2026-07-15T16:33:39.217+0200] {processor.py:829} INFO - Processing file /home/ai/.local/lib/python3.9/site-packages/airflow/example_dags/tutorial_taskflow_api.py for tasks to queue
[2026-07-15T16:33:39.218+0200] {logging_mixin.py:151} INFO - [2026-07-15T16:33:39.218+0200] {dagbag.py:536} INFO - Filling up the DagBag from /home/ai/.local/lib/python3.9/site-packages/airflow/example_dags/tutorial_taskflow_api.py
[2026-07-15T16:33:39.225+0200] {processor.py:839} INFO - DAG(s) dict_keys(['tutorial_taskflow_api']) retrieved from /home/ai/.local/lib/python3.9/site-packages/airflow/example_dags/tutorial_taskflow_api.py
[2026-07-15T16:33:39.241+0200] {logging_mixin.py:151} INFO - [2026-07-15T16:33:39.241+0200] {dag.py:2941} INFO - Sync 1 DAGs
[2026-07-15T16:33:39.252+0200] {logging_mixin.py:151} INFO - [2026-07-15T16:33:39.252+0200] {dag.py:3722} INFO - Setting next_dagrun for tutorial_taskflow_api to None, run_after=None
[2026-07-15T16:33:39.271+0200] {processor.py:179} INFO - Processing /home/ai/.local/lib/python3.9/site-packages/airflow/example_dags/tutorial_taskflow_api.py took 0.058 seconds
[2026-07-15T16:35:04.589+0200] {processor.py:157} INFO - Started process (PID=3425977) to work on /home/ai/.local/lib/python3.9/site-packages/airflow/example_dags/tutorial_taskflow_api.py
[2026-07-15T16:35:04.591+0200] {processor.py:829} INFO - Processing file /home/ai/.local/lib/python3.9/site-packages/airflow/example_dags/tutorial_taskflow_api.py for tasks to queue
[2026-07-15T16:35:04.592+0200] {logging_mixin.py:151} INFO - [2026-07-15T16:35:04.592+0200] {dagbag.py:536} INFO - Filling up the DagBag from /home/ai/.local/lib/python3.9/site-packages/airflow/example_dags/tutorial_taskflow_api.py
[2026-07-15T16:35:04.600+0200] {processor.py:839} INFO - DAG(s) dict_keys(['tutorial_taskflow_api']) retrieved from /home/ai/.local/lib/python3.9/site-packages/airflow/example_dags/tutorial_taskflow_api.py
[2026-07-15T16:35:04.620+0200] {logging_mixin.py:151} INFO - [2026-07-15T16:35:04.619+0200] {dag.py:2941} INFO - Sync 1 DAGs
[2026-07-15T16:35:04.631+0200] {logging_mixin.py:151} INFO - [2026-07-15T16:35:04.630+0200] {dag.py:3722} INFO - Setting next_dagrun for tutorial_taskflow_api to None, run_after=None
[2026-07-15T16:35:05.964+0200] {processor.py:179} INFO - Processing /home/ai/.local/lib/python3.9/site-packages/airflow/example_dags/tutorial_taskflow_api.py took 1.380 seconds
[2026-07-15T16:35:51.578+0200] {processor.py:157} INFO - Started process (PID=3426812) to work on /home/ai/.local/lib/python3.9/site-packages/airflow/example_dags/tutorial_taskflow_api.py
[2026-07-15T16:35:51.579+0200] {processor.py:829} INFO - Processing file /home/ai/.local/lib/python3.9/site-packages/airflow/example_dags/tutorial_taskflow_api.py for tasks to queue
[2026-07-15T16:35:51.580+0200] {logging_mixin.py:151} INFO - [2026-07-15T16:35:51.579+0200] {dagbag.py:536} INFO - Filling up the DagBag from /home/ai/.local/lib/python3.9/site-packages/airflow/example_dags/tutorial_taskflow_api.py
[2026-07-15T16:35:51.587+0200] {processor.py:839} INFO - DAG(s) dict_keys(['tutorial_taskflow_api']) retrieved from /home/ai/.local/lib/python3.9/site-packages/airflow/example_dags/tutorial_taskflow_api.py
[2026-07-15T16:35:51.602+0200] {logging_mixin.py:151} INFO - [2026-07-15T16:35:51.602+0200] {dag.py:2941} INFO - Sync 1 DAGs
[2026-07-15T16:35:51.613+0200] {logging_mixin.py:151} INFO - [2026-07-15T16:35:51.613+0200] {dag.py:3722} INFO - Setting next_dagrun for tutorial_taskflow_api to None, run_after=None
[2026-07-15T16:35:51.671+0200] {processor.py:179} INFO - Processing /home/ai/.local/lib/python3.9/site-packages/airflow/example_dags/tutorial_taskflow_api.py took 0.100 seconds
[2026-07-15T16:36:38.043+0200] {processor.py:157} INFO - Started process (PID=3427893) to work on /home/ai/.local/lib/python3.9/site-packages/airflow/example_dags/tutorial_taskflow_api.py
[2026-07-15T16:36:38.045+0200] {processor.py:829} INFO - Processing file /home/ai/.local/lib/python3.9/site-packages/airflow/example_dags/tutorial_taskflow_api.py for tasks to queue
[2026-07-15T16:36:38.046+0200] {logging_mixin.py:151} INFO - [2026-07-15T16:36:38.046+0200] {dagbag.py:536} INFO - Filling up the DagBag from /home/ai/.local/lib/python3.9/site-packages/airflow/example_dags/tutorial_taskflow_api.py
[2026-07-15T16:36:38.053+0200] {processor.py:839} INFO - DAG(s) dict_keys(['tutorial_taskflow_api']) retrieved from /home/ai/.local/lib/python3.9/site-packages/airflow/example_dags/tutorial_taskflow_api.py
[2026-07-15T16:36:38.069+0200] {logging_mixin.py:151} INFO - [2026-07-15T16:36:38.069+0200] {dag.py:2941} INFO - Sync 1 DAGs
[2026-07-15T16:36:38.079+0200] {logging_mixin.py:151} INFO - [2026-07-15T16:36:38.079+0200] {dag.py:3722} INFO - Setting next_dagrun for tutorial_taskflow_api to None, run_after=None
[2026-07-15T16:36:38.097+0200] {processor.py:179} INFO - Processing /home/ai/.local/lib/python3.9/site-packages/airflow/example_dags/tutorial_taskflow_api.py took 0.059 seconds
[2026-07-15T16:37:29.603+0200] {processor.py:157} INFO - Started process (PID=3428892) to work on /home/ai/.local/lib/python3.9/site-packages/airflow/example_dags/tutorial_taskflow_api.py
[2026-07-15T16:37:29.605+0200] {processor.py:829} INFO - Processing file /home/ai/.local/lib/python3.9/site-packages/airflow/example_dags/tutorial_taskflow_api.py for tasks to queue
[2026-07-15T16:37:29.606+0200] {logging_mixin.py:151} INFO - [2026-07-15T16:37:29.605+0200] {dagbag.py:536} INFO - Filling up the DagBag from /home/ai/.local/lib/python3.9/site-packages/airflow/example_dags/tutorial_taskflow_api.py
[2026-07-15T16:37:29.614+0200] {processor.py:839} INFO - DAG(s) dict_keys(['tutorial_taskflow_api']) retrieved from /home/ai/.local/lib/python3.9/site-packages/airflow/example_dags/tutorial_taskflow_api.py
[2026-07-15T16:37:29.630+0200] {logging_mixin.py:151} INFO - [2026-07-15T16:37:29.630+0200] {dag.py:2941} INFO - Sync 1 DAGs
[2026-07-15T16:37:29.640+0200] {logging_mixin.py:151} INFO - [2026-07-15T16:37:29.640+0200] {dag.py:3722} INFO - Setting next_dagrun for tutorial_taskflow_api to None, run_after=None
[2026-07-15T16:37:29.659+0200] {processor.py:179} INFO - Processing /home/ai/.local/lib/python3.9/site-packages/airflow/example_dags/tutorial_taskflow_api.py took 0.060 seconds
[2026-07-15T16:38:28.346+0200] {processor.py:157} INFO - Started process (PID=3430050) to work on /home/ai/.local/lib/python3.9/site-packages/airflow/example_dags/tutorial_taskflow_api.py
[2026-07-15T16:38:28.348+0200] {processor.py:829} INFO - Processing file /home/ai/.local/lib/python3.9/site-packages/airflow/example_dags/tutorial_taskflow_api.py for tasks to queue
[2026-07-15T16:38:28.349+0200] {logging_mixin.py:151} INFO - [2026-07-15T16:38:28.348+0200] {dagbag.py:536} INFO - Filling up the DagBag from /home/ai/.local/lib/python3.9/site-packages/airflow/example_dags/tutorial_taskflow_api.py
[2026-07-15T16:38:28.355+0200] {processor.py:839} INFO - DAG(s) dict_keys(['tutorial_taskflow_api']) retrieved from /home/ai/.local/lib/python3.9/site-packages/airflow/example_dags/tutorial_taskflow_api.py
[2026-07-15T16:38:28.371+0200] {logging_mixin.py:151} INFO - [2026-07-15T16:38:28.370+0200] {dag.py:2941} INFO - Sync 1 DAGs
[2026-07-15T16:38:28.381+0200] {logging_mixin.py:151} INFO - [2026-07-15T16:38:28.381+0200] {dag.py:3722} INFO - Setting next_dagrun for tutorial_taskflow_api to None, run_after=None
[2026-07-15T16:38:28.399+0200] {processor.py:179} INFO - Processing /home/ai/.local/lib/python3.9/site-packages/airflow/example_dags/tutorial_taskflow_api.py took 0.058 seconds
[2026-07-15T16:39:12.332+0200] {processor.py:157} INFO - Started process (PID=3430795) to work on /home/ai/.local/lib/python3.9/site-packages/airflow/example_dags/tutorial_taskflow_api.py
[2026-07-15T16:39:12.334+0200] {processor.py:829} INFO - Processing file /home/ai/.local/lib/python3.9/site-packages/airflow/example_dags/tutorial_taskflow_api.py for tasks to queue
[2026-07-15T16:39:12.335+0200] {logging_mixin.py:151} INFO - [2026-07-15T16:39:12.335+0200] {dagbag.py:536} INFO - Filling up the DagBag from /home/ai/.local/lib/python3.9/site-packages/airflow/example_dags/tutorial_taskflow_api.py
[2026-07-15T16:39:12.343+0200] {processor.py:839} INFO - DAG(s) dict_keys(['tutorial_taskflow_api']) retrieved from /home/ai/.local/lib/python3.9/site-packages/airflow/example_dags/tutorial_taskflow_api.py
[2026-07-15T16:39:12.358+0200] {logging_mixin.py:151} INFO - [2026-07-15T16:39:12.358+0200] {dag.py:2941} INFO - Sync 1 DAGs
[2026-07-15T16:39:12.368+0200] {logging_mixin.py:151} INFO - [2026-07-15T16:39:12.368+0200] {dag.py:3722} INFO - Setting next_dagrun for tutorial_taskflow_api to None, run_after=None
[2026-07-15T16:39:12.386+0200] {processor.py:179} INFO - Processing /home/ai/.local/lib/python3.9/site-packages/airflow/example_dags/tutorial_taskflow_api.py took 0.058 seconds
[2026-07-15T16:40:10.344+0200] {processor.py:157} INFO - Started process (PID=3431848) to work on /home/ai/.local/lib/python3.9/site-packages/airflow/example_dags/tutorial_taskflow_api.py
[2026-07-15T16:40:10.346+0200] {processor.py:829} INFO - Processing file /home/ai/.local/lib/python3.9/site-packages/airflow/example_dags/tutorial_taskflow_api.py for tasks to queue
[2026-07-15T16:40:10.347+0200] {logging_mixin.py:151} INFO - [2026-07-15T16:40:10.346+0200] {dagbag.py:536} INFO - Filling up the DagBag from /home/ai/.local/lib/python3.9/site-packages/airflow/example_dags/tutorial_taskflow_api.py
[2026-07-15T16:40:10.356+0200] {processor.py:839} INFO - DAG(s) dict_keys(['tutorial_taskflow_api']) retrieved from /home/ai/.local/lib/python3.9/site-packages/airflow/example_dags/tutorial_taskflow_api.py
[2026-07-15T16:40:10.372+0200] {logging_mixin.py:151} INFO - [2026-07-15T16:40:10.371+0200] {dag.py:2941} INFO - Sync 1 DAGs
[2026-07-15T16:40:10.381+0200] {logging_mixin.py:151} INFO - [2026-07-15T16:40:10.381+0200] {dag.py:3722} INFO - Setting next_dagrun for tutorial_taskflow_api to None, run_after=None
[2026-07-15T16:40:11.075+0200] {processor.py:179} INFO - Processing /home/ai/.local/lib/python3.9/site-packages/airflow/example_dags/tutorial_taskflow_api.py took 0.740 seconds
[2026-07-15T16:41:11.216+0200] {processor.py:157} INFO - Started process (PID=3432965) to work on /home/ai/.local/lib/python3.9/site-packages/airflow/example_dags/tutorial_taskflow_api.py
[2026-07-15T16:41:11.218+0200] {processor.py:829} INFO - Processing file /home/ai/.local/lib/python3.9/site-packages/airflow/example_dags/tutorial_taskflow_api.py for tasks to queue
[2026-07-15T16:41:11.219+0200] {logging_mixin.py:151} INFO - [2026-07-15T16:41:11.218+0200] {dagbag.py:536} INFO - Filling up the DagBag from /home/ai/.local/lib/python3.9/site-packages/airflow/example_dags/tutorial_taskflow_api.py
[2026-07-15T16:41:11.225+0200] {processor.py:839} INFO - DAG(s) dict_keys(['tutorial_taskflow_api']) retrieved from /home/ai/.local/lib/python3.9/site-packages/airflow/example_dags/tutorial_taskflow_api.py
[2026-07-15T16:41:11.240+0200] {logging_mixin.py:151} INFO - [2026-07-15T16:41:11.240+0200] {dag.py:2941} INFO - Sync 1 DAGs
[2026-07-15T16:41:11.250+0200] {logging_mixin.py:151} INFO - [2026-07-15T16:41:11.250+0200] {dag.py:3722} INFO - Setting next_dagrun for tutorial_taskflow_api to None, run_after=None
[2026-07-15T16:41:11.303+0200] {processor.py:179} INFO - Processing /home/ai/.local/lib/python3.9/site-packages/airflow/example_dags/tutorial_taskflow_api.py took 0.093 seconds
[2026-07-15T16:42:01.596+0200] {processor.py:157} INFO - Started process (PID=3433829) to work on /home/ai/.local/lib/python3.9/site-packages/airflow/example_dags/tutorial_taskflow_api.py
[2026-07-15T16:42:01.597+0200] {processor.py:829} INFO - Processing file /home/ai/.local/lib/python3.9/site-packages/airflow/example_dags/tutorial_taskflow_api.py for tasks to queue
[2026-07-15T16:42:01.598+0200] {logging_mixin.py:151} INFO - [2026-07-15T16:42:01.597+0200] {dagbag.py:536} INFO - Filling up the DagBag from /home/ai/.local/lib/python3.9/site-packages/airflow/example_dags/tutorial_taskflow_api.py
[2026-07-15T16:42:01.604+0200] {processor.py:839} INFO - DAG(s) dict_keys(['tutorial_taskflow_api']) retrieved from /home/ai/.local/lib/python3.9/site-packages/airflow/example_dags/tutorial_taskflow_api.py
[2026-07-15T16:42:01.619+0200] {logging_mixin.py:151} INFO - [2026-07-15T16:42:01.619+0200] {dag.py:2941} INFO - Sync 1 DAGs
[2026-07-15T16:42:01.629+0200] {logging_mixin.py:151} INFO - [2026-07-15T16:42:01.628+0200] {dag.py:3722} INFO - Setting next_dagrun for tutorial_taskflow_api to None, run_after=None
[2026-07-15T16:42:02.698+0200] {processor.py:179} INFO - Processing /home/ai/.local/lib/python3.9/site-packages/airflow/example_dags/tutorial_taskflow_api.py took 1.106 seconds
[2026-07-15T16:42:54.610+0200] {processor.py:157} INFO - Started process (PID=3434861) to work on /home/ai/.local/lib/python3.9/site-packages/airflow/example_dags/tutorial_taskflow_api.py
[2026-07-15T16:42:54.611+0200] {processor.py:829} INFO - Processing file /home/ai/.local/lib/python3.9/site-packages/airflow/example_dags/tutorial_taskflow_api.py for tasks to queue
[2026-07-15T16:42:54.612+0200] {logging_mixin.py:151} INFO - [2026-07-15T16:42:54.611+0200] {dagbag.py:536} INFO - Filling up the DagBag from /home/ai/.local/lib/python3.9/site-packages/airflow/example_dags/tutorial_taskflow_api.py
[2026-07-15T16:42:54.619+0200] {processor.py:839} INFO - DAG(s) dict_keys(['tutorial_taskflow_api']) retrieved from /home/ai/.local/lib/python3.9/site-packages/airflow/example_dags/tutorial_taskflow_api.py
[2026-07-15T16:42:54.635+0200] {logging_mixin.py:151} INFO - [2026-07-15T16:42:54.634+0200] {dag.py:2941} INFO - Sync 1 DAGs
[2026-07-15T16:42:54.646+0200] {logging_mixin.py:151} INFO - [2026-07-15T16:42:54.646+0200] {dag.py:3722} INFO - Setting next_dagrun for tutorial_taskflow_api to None, run_after=None
[2026-07-15T16:42:56.283+0200] {processor.py:179} INFO - Processing /home/ai/.local/lib/python3.9/site-packages/airflow/example_dags/tutorial_taskflow_api.py took 1.678 seconds
[2026-07-15T16:44:25.104+0200] {processor.py:157} INFO - Started process (PID=3436452) to work on /home/ai/.local/lib/python3.9/site-packages/airflow/example_dags/tutorial_taskflow_api.py
[2026-07-15T16:44:25.105+0200] {processor.py:829} INFO - Processing file /home/ai/.local/lib/python3.9/site-packages/airflow/example_dags/tutorial_taskflow_api.py for tasks to queue
[2026-07-15T16:44:25.106+0200] {logging_mixin.py:151} INFO - [2026-07-15T16:44:25.106+0200] {dagbag.py:536} INFO - Filling up the DagBag from /home/ai/.local/lib/python3.9/site-packages/airflow/example_dags/tutorial_taskflow_api.py
[2026-07-15T16:44:25.114+0200] {processor.py:839} INFO - DAG(s) dict_keys(['tutorial_taskflow_api']) retrieved from /home/ai/.local/lib/python3.9/site-packages/airflow/example_dags/tutorial_taskflow_api.py
[2026-07-15T16:44:25.129+0200] {logging_mixin.py:151} INFO - [2026-07-15T16:44:25.129+0200] {dag.py:2941} INFO - Sync 1 DAGs
[2026-07-15T16:44:25.140+0200] {logging_mixin.py:151} INFO - [2026-07-15T16:44:25.140+0200] {dag.py:3722} INFO - Setting next_dagrun for tutorial_taskflow_api to None, run_after=None
[2026-07-15T16:44:25.351+0200] {processor.py:179} INFO - Processing /home/ai/.local/lib/python3.9/site-packages/airflow/example_dags/tutorial_taskflow_api.py took 0.251 seconds
[2026-07-15T16:45:21.480+0200] {processor.py:157} INFO - Started process (PID=3437363) to work on /home/ai/.local/lib/python3.9/site-packages/airflow/example_dags/tutorial_taskflow_api.py
[2026-07-15T16:45:21.482+0200] {processor.py:829} INFO - Processing file /home/ai/.local/lib/python3.9/site-packages/airflow/example_dags/tutorial_taskflow_api.py for tasks to queue
[2026-07-15T16:45:21.483+0200] {logging_mixin.py:151} INFO - [2026-07-15T16:45:21.482+0200] {dagbag.py:536} INFO - Filling up the DagBag from /home/ai/.local/lib/python3.9/site-packages/airflow/example_dags/tutorial_taskflow_api.py
[2026-07-15T16:45:21.490+0200] {processor.py:839} INFO - DAG(s) dict_keys(['tutorial_taskflow_api']) retrieved from /home/ai/.local/lib/python3.9/site-packages/airflow/example_dags/tutorial_taskflow_api.py
[2026-07-15T16:45:21.506+0200] {logging_mixin.py:151} INFO - [2026-07-15T16:45:21.506+0200] {dag.py:2941} INFO - Sync 1 DAGs
[2026-07-15T16:45:21.517+0200] {logging_mixin.py:151} INFO - [2026-07-15T16:45:21.517+0200] {dag.py:3722} INFO - Setting next_dagrun for tutorial_taskflow_api to None, run_after=None
[2026-07-15T16:45:21.536+0200] {processor.py:179} INFO - Processing /home/ai/.local/lib/python3.9/site-packages/airflow/example_dags/tutorial_taskflow_api.py took 0.060 seconds
[2026-07-15T16:46:16.422+0200] {processor.py:157} INFO - Started process (PID=3438310) to work on /home/ai/.local/lib/python3.9/site-packages/airflow/example_dags/tutorial_taskflow_api.py
[2026-07-15T16:46:16.424+0200] {processor.py:829} INFO - Processing file /home/ai/.local/lib/python3.9/site-packages/airflow/example_dags/tutorial_taskflow_api.py for tasks to queue
[2026-07-15T16:46:16.425+0200] {logging_mixin.py:151} INFO - [2026-07-15T16:46:16.424+0200] {dagbag.py:536} INFO - Filling up the DagBag from /home/ai/.local/lib/python3.9/site-packages/airflow/example_dags/tutorial_taskflow_api.py
[2026-07-15T16:46:16.432+0200] {processor.py:839} INFO - DAG(s) dict_keys(['tutorial_taskflow_api']) retrieved from /home/ai/.local/lib/python3.9/site-packages/airflow/example_dags/tutorial_taskflow_api.py
[2026-07-15T16:46:16.448+0200] {logging_mixin.py:151} INFO - [2026-07-15T16:46:16.448+0200] {dag.py:2941} INFO - Sync 1 DAGs
[2026-07-15T16:46:16.459+0200] {logging_mixin.py:151} INFO - [2026-07-15T16:46:16.459+0200] {dag.py:3722} INFO - Setting next_dagrun for tutorial_taskflow_api to None, run_after=None
[2026-07-15T16:46:16.519+0200] {processor.py:179} INFO - Processing /home/ai/.local/lib/python3.9/site-packages/airflow/example_dags/tutorial_taskflow_api.py took 0.102 seconds
[2026-07-15T16:47:16.573+0200] {processor.py:157} INFO - Started process (PID=3439341) to work on /home/ai/.local/lib/python3.9/site-packages/airflow/example_dags/tutorial_taskflow_api.py
[2026-07-15T16:47:16.575+0200] {processor.py:829} INFO - Processing file /home/ai/.local/lib/python3.9/site-packages/airflow/example_dags/tutorial_taskflow_api.py for tasks to queue
[2026-07-15T16:47:16.576+0200] {logging_mixin.py:151} INFO - [2026-07-15T16:47:16.576+0200] {dagbag.py:536} INFO - Filling up the DagBag from /home/ai/.local/lib/python3.9/site-packages/airflow/example_dags/tutorial_taskflow_api.py
[2026-07-15T16:47:16.583+0200] {processor.py:839} INFO - DAG(s) dict_keys(['tutorial_taskflow_api']) retrieved from /home/ai/.local/lib/python3.9/site-packages/airflow/example_dags/tutorial_taskflow_api.py
[2026-07-15T16:47:16.599+0200] {logging_mixin.py:151} INFO - [2026-07-15T16:47:16.599+0200] {dag.py:2941} INFO - Sync 1 DAGs
[2026-07-15T16:47:16.610+0200] {logging_mixin.py:151} INFO - [2026-07-15T16:47:16.610+0200] {dag.py:3722} INFO - Setting next_dagrun for tutorial_taskflow_api to None, run_after=None
[2026-07-15T16:47:16.633+0200] {processor.py:179} INFO - Processing /home/ai/.local/lib/python3.9/site-packages/airflow/example_dags/tutorial_taskflow_api.py took 0.065 seconds
[2026-07-15T16:48:10.781+0200] {processor.py:157} INFO - Started process (PID=3440332) to work on /home/ai/.local/lib/python3.9/site-packages/airflow/example_dags/tutorial_taskflow_api.py
[2026-07-15T16:48:10.782+0200] {processor.py:829} INFO - Processing file /home/ai/.local/lib/python3.9/site-packages/airflow/example_dags/tutorial_taskflow_api.py for tasks to queue
[2026-07-15T16:48:10.783+0200] {logging_mixin.py:151} INFO - [2026-07-15T16:48:10.783+0200] {dagbag.py:536} INFO - Filling up the DagBag from /home/ai/.local/lib/python3.9/site-packages/airflow/example_dags/tutorial_taskflow_api.py
[2026-07-15T16:48:10.791+0200] {processor.py:839} INFO - DAG(s) dict_keys(['tutorial_taskflow_api']) retrieved from /home/ai/.local/lib/python3.9/site-packages/airflow/example_dags/tutorial_taskflow_api.py
[2026-07-15T16:48:10.807+0200] {logging_mixin.py:151} INFO - [2026-07-15T16:48:10.807+0200] {dag.py:2941} INFO - Sync 1 DAGs
[2026-07-15T16:48:10.817+0200] {logging_mixin.py:151} INFO - [2026-07-15T16:48:10.817+0200] {dag.py:3722} INFO - Setting next_dagrun for tutorial_taskflow_api to None, run_after=None
[2026-07-15T16:48:10.837+0200] {processor.py:179} INFO - Processing /home/ai/.local/lib/python3.9/site-packages/airflow/example_dags/tutorial_taskflow_api.py took 0.061 seconds
[2026-07-15T16:49:13.315+0200] {processor.py:157} INFO - Started process (PID=3441391) to work on /home/ai/.local/lib/python3.9/site-packages/airflow/example_dags/tutorial_taskflow_api.py
[2026-07-15T16:49:13.327+0200] {processor.py:829} INFO - Processing file /home/ai/.local/lib/python3.9/site-packages/airflow/example_dags/tutorial_taskflow_api.py for tasks to queue
[2026-07-15T16:49:13.329+0200] {logging_mixin.py:151} INFO - [2026-07-15T16:49:13.328+0200] {dagbag.py:536} INFO - Filling up the DagBag from /home/ai/.local/lib/python3.9/site-packages/airflow/example_dags/tutorial_taskflow_api.py
[2026-07-15T16:49:13.340+0200] {processor.py:839} INFO - DAG(s) dict_keys(['tutorial_taskflow_api']) retrieved from /home/ai/.local/lib/python3.9/site-packages/airflow/example_dags/tutorial_taskflow_api.py
[2026-07-15T16:49:13.356+0200] {logging_mixin.py:151} INFO - [2026-07-15T16:49:13.356+0200] {dag.py:2941} INFO - Sync 1 DAGs
[2026-07-15T16:49:13.366+0200] {logging_mixin.py:151} INFO - [2026-07-15T16:49:13.366+0200] {dag.py:3722} INFO - Setting next_dagrun for tutorial_taskflow_api to None, run_after=None
[2026-07-15T16:49:14.014+0200] {processor.py:179} INFO - Processing /home/ai/.local/lib/python3.9/site-packages/airflow/example_dags/tutorial_taskflow_api.py took 0.704 seconds
[2026-07-15T16:50:12.133+0200] {processor.py:157} INFO - Started process (PID=3442368) to work on /home/ai/.local/lib/python3.9/site-packages/airflow/example_dags/tutorial_taskflow_api.py
[2026-07-15T16:50:12.134+0200] {processor.py:829} INFO - Processing file /home/ai/.local/lib/python3.9/site-packages/airflow/example_dags/tutorial_taskflow_api.py for tasks to queue
[2026-07-15T16:50:12.135+0200] {logging_mixin.py:151} INFO - [2026-07-15T16:50:12.135+0200] {dagbag.py:536} INFO - Filling up the DagBag from /home/ai/.local/lib/python3.9/site-packages/airflow/example_dags/tutorial_taskflow_api.py
[2026-07-15T16:50:12.142+0200] {processor.py:839} INFO - DAG(s) dict_keys(['tutorial_taskflow_api']) retrieved from /home/ai/.local/lib/python3.9/site-packages/airflow/example_dags/tutorial_taskflow_api.py
[2026-07-15T16:50:12.158+0200] {logging_mixin.py:151} INFO - [2026-07-15T16:50:12.158+0200] {dag.py:2941} INFO - Sync 1 DAGs
[2026-07-15T16:50:12.168+0200] {logging_mixin.py:151} INFO - [2026-07-15T16:50:12.168+0200] {dag.py:3722} INFO - Setting next_dagrun for tutorial_taskflow_api to None, run_after=None
[2026-07-15T16:50:13.599+0200] {processor.py:179} INFO - Processing /home/ai/.local/lib/python3.9/site-packages/airflow/example_dags/tutorial_taskflow_api.py took 1.473 seconds
[2026-07-15T16:51:09.185+0200] {processor.py:157} INFO - Started process (PID=3443311) to work on /home/ai/.local/lib/python3.9/site-packages/airflow/example_dags/tutorial_taskflow_api.py
[2026-07-15T16:51:09.186+0200] {processor.py:829} INFO - Processing file /home/ai/.local/lib/python3.9/site-packages/airflow/example_dags/tutorial_taskflow_api.py for tasks to queue
[2026-07-15T16:51:09.187+0200] {logging_mixin.py:151} INFO - [2026-07-15T16:51:09.187+0200] {dagbag.py:536} INFO - Filling up the DagBag from /home/ai/.local/lib/python3.9/site-packages/airflow/example_dags/tutorial_taskflow_api.py
[2026-07-15T16:51:09.194+0200] {processor.py:839} INFO - DAG(s) dict_keys(['tutorial_taskflow_api']) retrieved from /home/ai/.local/lib/python3.9/site-packages/airflow/example_dags/tutorial_taskflow_api.py
[2026-07-15T16:51:09.209+0200] {logging_mixin.py:151} INFO - [2026-07-15T16:51:09.209+0200] {dag.py:2941} INFO - Sync 1 DAGs
[2026-07-15T16:51:09.219+0200] {logging_mixin.py:151} INFO - [2026-07-15T16:51:09.219+0200] {dag.py:3722} INFO - Setting next_dagrun for tutorial_taskflow_api to None, run_after=None
[2026-07-15T16:51:10.502+0200] {processor.py:179} INFO - Processing /home/ai/.local/lib/python3.9/site-packages/airflow/example_dags/tutorial_taskflow_api.py took 1.320 seconds
[2026-07-15T16:52:03.474+0200] {processor.py:157} INFO - Started process (PID=3444274) to work on /home/ai/.local/lib/python3.9/site-packages/airflow/example_dags/tutorial_taskflow_api.py
[2026-07-15T16:52:03.476+0200] {processor.py:829} INFO - Processing file /home/ai/.local/lib/python3.9/site-packages/airflow/example_dags/tutorial_taskflow_api.py for tasks to queue
[2026-07-15T16:52:03.477+0200] {logging_mixin.py:151} INFO - [2026-07-15T16:52:03.477+0200] {dagbag.py:536} INFO - Filling up the DagBag from /home/ai/.local/lib/python3.9/site-packages/airflow/example_dags/tutorial_taskflow_api.py
[2026-07-15T16:52:03.484+0200] {processor.py:839} INFO - DAG(s) dict_keys(['tutorial_taskflow_api']) retrieved from /home/ai/.local/lib/python3.9/site-packages/airflow/example_dags/tutorial_taskflow_api.py
[2026-07-15T16:52:03.499+0200] {logging_mixin.py:151} INFO - [2026-07-15T16:52:03.499+0200] {dag.py:2941} INFO - Sync 1 DAGs
[2026-07-15T16:52:03.510+0200] {logging_mixin.py:151} INFO - [2026-07-15T16:52:03.509+0200] {dag.py:3722} INFO - Setting next_dagrun for tutorial_taskflow_api to None, run_after=None
[2026-07-15T16:52:03.527+0200] {processor.py:179} INFO - Processing /home/ai/.local/lib/python3.9/site-packages/airflow/example_dags/tutorial_taskflow_api.py took 0.057 seconds
[2026-07-15T16:53:11.913+0200] {processor.py:157} INFO - Started process (PID=3445420) to work on /home/ai/.local/lib/python3.9/site-packages/airflow/example_dags/tutorial_taskflow_api.py
[2026-07-15T16:53:11.914+0200] {processor.py:829} INFO - Processing file /home/ai/.local/lib/python3.9/site-packages/airflow/example_dags/tutorial_taskflow_api.py for tasks to queue
[2026-07-15T16:53:11.915+0200] {logging_mixin.py:151} INFO - [2026-07-15T16:53:11.915+0200] {dagbag.py:536} INFO - Filling up the DagBag from /home/ai/.local/lib/python3.9/site-packages/airflow/example_dags/tutorial_taskflow_api.py
[2026-07-15T16:53:11.927+0200] {processor.py:839} INFO - DAG(s) dict_keys(['tutorial_taskflow_api']) retrieved from /home/ai/.local/lib/python3.9/site-packages/airflow/example_dags/tutorial_taskflow_api.py
[2026-07-15T16:53:11.945+0200] {logging_mixin.py:151} INFO - [2026-07-15T16:53:11.945+0200] {dag.py:2941} INFO - Sync 1 DAGs
[2026-07-15T16:53:11.957+0200] {logging_mixin.py:151} INFO - [2026-07-15T16:53:11.956+0200] {dag.py:3722} INFO - Setting next_dagrun for tutorial_taskflow_api to None, run_after=None
[2026-07-15T16:53:11.987+0200] {processor.py:179} INFO - Processing /home/ai/.local/lib/python3.9/site-packages/airflow/example_dags/tutorial_taskflow_api.py took 0.078 seconds
[2026-07-15T16:54:21.185+0200] {processor.py:157} INFO - Started process (PID=3446547) to work on /home/ai/.local/lib/python3.9/site-packages/airflow/example_dags/tutorial_taskflow_api.py
[2026-07-15T16:54:21.292+0200] {processor.py:829} INFO - Processing file /home/ai/.local/lib/python3.9/site-packages/airflow/example_dags/tutorial_taskflow_api.py for tasks to queue
[2026-07-15T16:54:21.294+0200] {logging_mixin.py:151} INFO - [2026-07-15T16:54:21.293+0200] {dagbag.py:536} INFO - Filling up the DagBag from /home/ai/.local/lib/python3.9/site-packages/airflow/example_dags/tutorial_taskflow_api.py
[2026-07-15T16:54:21.306+0200] {processor.py:839} INFO - DAG(s) dict_keys(['tutorial_taskflow_api']) retrieved from /home/ai/.local/lib/python3.9/site-packages/airflow/example_dags/tutorial_taskflow_api.py
[2026-07-15T16:54:21.322+0200] {logging_mixin.py:151} INFO - [2026-07-15T16:54:21.322+0200] {dag.py:2941} INFO - Sync 1 DAGs
[2026-07-15T16:54:21.333+0200] {logging_mixin.py:151} INFO - [2026-07-15T16:54:21.332+0200] {dag.py:3722} INFO - Setting next_dagrun for tutorial_taskflow_api to None, run_after=None
[2026-07-15T16:54:21.402+0200] {processor.py:179} INFO - Processing /home/ai/.local/lib/python3.9/site-packages/airflow/example_dags/tutorial_taskflow_api.py took 0.220 seconds
[2026-07-15T16:55:26.095+0200] {processor.py:157} INFO - Started process (PID=3447700) to work on /home/ai/.local/lib/python3.9/site-packages/airflow/example_dags/tutorial_taskflow_api.py
[2026-07-15T16:55:26.097+0200] {processor.py:829} INFO - Processing file /home/ai/.local/lib/python3.9/site-packages/airflow/example_dags/tutorial_taskflow_api.py for tasks to queue
[2026-07-15T16:55:26.097+0200] {logging_mixin.py:151} INFO - [2026-07-15T16:55:26.097+0200] {dagbag.py:536} INFO - Filling up the DagBag from /home/ai/.local/lib/python3.9/site-packages/airflow/example_dags/tutorial_taskflow_api.py
[2026-07-15T16:55:26.105+0200] {processor.py:839} INFO - DAG(s) dict_keys(['tutorial_taskflow_api']) retrieved from /home/ai/.local/lib/python3.9/site-packages/airflow/example_dags/tutorial_taskflow_api.py
[2026-07-15T16:55:26.120+0200] {logging_mixin.py:151} INFO - [2026-07-15T16:55:26.120+0200] {dag.py:2941} INFO - Sync 1 DAGs
[2026-07-15T16:55:26.131+0200] {logging_mixin.py:151} INFO - [2026-07-15T16:55:26.131+0200] {dag.py:3722} INFO - Setting next_dagrun for tutorial_taskflow_api to None, run_after=None
[2026-07-15T16:55:26.190+0200] {processor.py:179} INFO - Processing /home/ai/.local/lib/python3.9/site-packages/airflow/example_dags/tutorial_taskflow_api.py took 0.099 seconds
[2026-07-15T16:56:22.900+0200] {processor.py:157} INFO - Started process (PID=3448597) to work on /home/ai/.local/lib/python3.9/site-packages/airflow/example_dags/tutorial_taskflow_api.py
[2026-07-15T16:56:22.901+0200] {processor.py:829} INFO - Processing file /home/ai/.local/lib/python3.9/site-packages/airflow/example_dags/tutorial_taskflow_api.py for tasks to queue
[2026-07-15T16:56:22.902+0200] {logging_mixin.py:151} INFO - [2026-07-15T16:56:22.902+0200] {dagbag.py:536} INFO - Filling up the DagBag from /home/ai/.local/lib/python3.9/site-packages/airflow/example_dags/tutorial_taskflow_api.py
[2026-07-15T16:56:22.909+0200] {processor.py:839} INFO - DAG(s) dict_keys(['tutorial_taskflow_api']) retrieved from /home/ai/.local/lib/python3.9/site-packages/airflow/example_dags/tutorial_taskflow_api.py
[2026-07-15T16:56:22.924+0200] {logging_mixin.py:151} INFO - [2026-07-15T16:56:22.924+0200] {dag.py:2941} INFO - Sync 1 DAGs
[2026-07-15T16:56:22.936+0200] {logging_mixin.py:151} INFO - [2026-07-15T16:56:22.935+0200] {dag.py:3722} INFO - Setting next_dagrun for tutorial_taskflow_api to None, run_after=None
[2026-07-15T16:56:23.493+0200] {processor.py:179} INFO - Processing /home/ai/.local/lib/python3.9/site-packages/airflow/example_dags/tutorial_taskflow_api.py took 0.598 seconds
[2026-07-15T16:57:34.871+0200] {processor.py:157} INFO - Started process (PID=3449874) to work on /home/ai/.local/lib/python3.9/site-packages/airflow/example_dags/tutorial_taskflow_api.py
[2026-07-15T16:57:34.873+0200] {processor.py:829} INFO - Processing file /home/ai/.local/lib/python3.9/site-packages/airflow/example_dags/tutorial_taskflow_api.py for tasks to queue
[2026-07-15T16:57:34.874+0200] {logging_mixin.py:151} INFO - [2026-07-15T16:57:34.873+0200] {dagbag.py:536} INFO - Filling up the DagBag from /home/ai/.local/lib/python3.9/site-packages/airflow/example_dags/tutorial_taskflow_api.py
[2026-07-15T16:57:34.880+0200] {processor.py:839} INFO - DAG(s) dict_keys(['tutorial_taskflow_api']) retrieved from /home/ai/.local/lib/python3.9/site-packages/airflow/example_dags/tutorial_taskflow_api.py
[2026-07-15T16:57:34.898+0200] {logging_mixin.py:151} INFO - [2026-07-15T16:57:34.897+0200] {dag.py:2941} INFO - Sync 1 DAGs
[2026-07-15T16:57:34.913+0200] {logging_mixin.py:151} INFO - [2026-07-15T16:57:34.913+0200] {dag.py:3722} INFO - Setting next_dagrun for tutorial_taskflow_api to None, run_after=None
[2026-07-15T16:57:35.037+0200] {processor.py:179} INFO - Processing /home/ai/.local/lib/python3.9/site-packages/airflow/example_dags/tutorial_taskflow_api.py took 0.173 seconds
[2026-07-15T16:59:03.746+0200] {processor.py:157} INFO - Started process (PID=3451540) to work on /home/ai/.local/lib/python3.9/site-packages/airflow/example_dags/tutorial_taskflow_api.py
[2026-07-15T16:59:03.747+0200] {processor.py:829} INFO - Processing file /home/ai/.local/lib/python3.9/site-packages/airflow/example_dags/tutorial_taskflow_api.py for tasks to queue
[2026-07-15T16:59:03.748+0200] {logging_mixin.py:151} INFO - [2026-07-15T16:59:03.748+0200] {dagbag.py:536} INFO - Filling up the DagBag from /home/ai/.local/lib/python3.9/site-packages/airflow/example_dags/tutorial_taskflow_api.py
[2026-07-15T16:59:03.756+0200] {processor.py:839} INFO - DAG(s) dict_keys(['tutorial_taskflow_api']) retrieved from /home/ai/.local/lib/python3.9/site-packages/airflow/example_dags/tutorial_taskflow_api.py
[2026-07-15T16:59:03.771+0200] {logging_mixin.py:151} INFO - [2026-07-15T16:59:03.771+0200] {dag.py:2941} INFO - Sync 1 DAGs
[2026-07-15T16:59:03.782+0200] {logging_mixin.py:151} INFO - [2026-07-15T16:59:03.782+0200] {dag.py:3722} INFO - Setting next_dagrun for tutorial_taskflow_api to None, run_after=None
[2026-07-15T16:59:04.712+0200] {processor.py:179} INFO - Processing /home/ai/.local/lib/python3.9/site-packages/airflow/example_dags/tutorial_taskflow_api.py took 0.970 seconds
[2026-07-15T17:00:49.753+0200] {processor.py:157} INFO - Started process (PID=3453329) to work on /home/ai/.local/lib/python3.9/site-packages/airflow/example_dags/tutorial_taskflow_api.py
[2026-07-15T17:00:49.755+0200] {processor.py:829} INFO - Processing file /home/ai/.local/lib/python3.9/site-packages/airflow/example_dags/tutorial_taskflow_api.py for tasks to queue
[2026-07-15T17:00:49.756+0200] {logging_mixin.py:151} INFO - [2026-07-15T17:00:49.756+0200] {dagbag.py:536} INFO - Filling up the DagBag from /home/ai/.local/lib/python3.9/site-packages/airflow/example_dags/tutorial_taskflow_api.py
[2026-07-15T17:00:49.763+0200] {processor.py:839} INFO - DAG(s) dict_keys(['tutorial_taskflow_api']) retrieved from /home/ai/.local/lib/python3.9/site-packages/airflow/example_dags/tutorial_taskflow_api.py
[2026-07-15T17:00:49.779+0200] {logging_mixin.py:151} INFO - [2026-07-15T17:00:49.778+0200] {dag.py:2941} INFO - Sync 1 DAGs
[2026-07-15T17:00:49.789+0200] {logging_mixin.py:151} INFO - [2026-07-15T17:00:49.788+0200] {dag.py:3722} INFO - Setting next_dagrun for tutorial_taskflow_api to None, run_after=None
[2026-07-15T17:00:49.820+0200] {processor.py:179} INFO - Processing /home/ai/.local/lib/python3.9/site-packages/airflow/example_dags/tutorial_taskflow_api.py took 0.072 seconds
[2026-07-15T17:02:53.894+0200] {processor.py:157} INFO - Started process (PID=3455527) to work on /home/ai/.local/lib/python3.9/site-packages/airflow/example_dags/tutorial_taskflow_api.py
[2026-07-15T17:02:54.455+0200] {processor.py:829} INFO - Processing file /home/ai/.local/lib/python3.9/site-packages/airflow/example_dags/tutorial_taskflow_api.py for tasks to queue
[2026-07-15T17:02:54.457+0200] {logging_mixin.py:151} INFO - [2026-07-15T17:02:54.456+0200] {dagbag.py:536} INFO - Filling up the DagBag from /home/ai/.local/lib/python3.9/site-packages/airflow/example_dags/tutorial_taskflow_api.py
[2026-07-15T17:02:54.471+0200] {processor.py:839} INFO - DAG(s) dict_keys(['tutorial_taskflow_api']) retrieved from /home/ai/.local/lib/python3.9/site-packages/airflow/example_dags/tutorial_taskflow_api.py
[2026-07-15T17:02:54.487+0200] {logging_mixin.py:151} INFO - [2026-07-15T17:02:54.487+0200] {dag.py:2941} INFO - Sync 1 DAGs
[2026-07-15T17:02:54.497+0200] {logging_mixin.py:151} INFO - [2026-07-15T17:02:54.497+0200] {dag.py:3722} INFO - Setting next_dagrun for tutorial_taskflow_api to None, run_after=None
[2026-07-15T17:02:55.675+0200] {processor.py:179} INFO - Processing /home/ai/.local/lib/python3.9/site-packages/airflow/example_dags/tutorial_taskflow_api.py took 1.785 seconds
[2026-07-15T17:04:16.183+0200] {processor.py:157} INFO - Started process (PID=3456946) to work on /home/ai/.local/lib/python3.9/site-packages/airflow/example_dags/tutorial_taskflow_api.py
[2026-07-15T17:04:16.184+0200] {processor.py:829} INFO - Processing file /home/ai/.local/lib/python3.9/site-packages/airflow/example_dags/tutorial_taskflow_api.py for tasks to queue
[2026-07-15T17:04:16.185+0200] {logging_mixin.py:151} INFO - [2026-07-15T17:04:16.185+0200] {dagbag.py:536} INFO - Filling up the DagBag from /home/ai/.local/lib/python3.9/site-packages/airflow/example_dags/tutorial_taskflow_api.py
[2026-07-15T17:04:16.193+0200] {processor.py:839} INFO - DAG(s) dict_keys(['tutorial_taskflow_api']) retrieved from /home/ai/.local/lib/python3.9/site-packages/airflow/example_dags/tutorial_taskflow_api.py
[2026-07-15T17:04:16.207+0200] {logging_mixin.py:151} INFO - [2026-07-15T17:04:16.207+0200] {dag.py:2941} INFO - Sync 1 DAGs
[2026-07-15T17:04:16.218+0200] {logging_mixin.py:151} INFO - [2026-07-15T17:04:16.218+0200] {dag.py:3722} INFO - Setting next_dagrun for tutorial_taskflow_api to None, run_after=None
[2026-07-15T17:04:16.243+0200] {processor.py:179} INFO - Processing /home/ai/.local/lib/python3.9/site-packages/airflow/example_dags/tutorial_taskflow_api.py took 0.064 seconds
[2026-07-15T17:05:14.874+0200] {processor.py:157} INFO - Started process (PID=3457867) to work on /home/ai/.local/lib/python3.9/site-packages/airflow/example_dags/tutorial_taskflow_api.py
[2026-07-15T17:05:15.173+0200] {processor.py:829} INFO - Processing file /home/ai/.local/lib/python3.9/site-packages/airflow/example_dags/tutorial_taskflow_api.py for tasks to queue
[2026-07-15T17:05:15.175+0200] {logging_mixin.py:151} INFO - [2026-07-15T17:05:15.174+0200] {dagbag.py:536} INFO - Filling up the DagBag from /home/ai/.local/lib/python3.9/site-packages/airflow/example_dags/tutorial_taskflow_api.py
[2026-07-15T17:05:15.188+0200] {processor.py:839} INFO - DAG(s) dict_keys(['tutorial_taskflow_api']) retrieved from /home/ai/.local/lib/python3.9/site-packages/airflow/example_dags/tutorial_taskflow_api.py
[2026-07-15T17:05:15.203+0200] {logging_mixin.py:151} INFO - [2026-07-15T17:05:15.203+0200] {dag.py:2941} INFO - Sync 1 DAGs
[2026-07-15T17:05:15.215+0200] {logging_mixin.py:151} INFO - [2026-07-15T17:05:15.215+0200] {dag.py:3722} INFO - Setting next_dagrun for tutorial_taskflow_api to None, run_after=None
[2026-07-15T17:05:16.380+0200] {processor.py:179} INFO - Processing /home/ai/.local/lib/python3.9/site-packages/airflow/example_dags/tutorial_taskflow_api.py took 1.512 seconds
[2026-07-15T17:06:20.781+0200] {processor.py:157} INFO - Started process (PID=3459019) to work on /home/ai/.local/lib/python3.9/site-packages/airflow/example_dags/tutorial_taskflow_api.py
[2026-07-15T17:06:20.782+0200] {processor.py:829} INFO - Processing file /home/ai/.local/lib/python3.9/site-packages/airflow/example_dags/tutorial_taskflow_api.py for tasks to queue
[2026-07-15T17:06:20.783+0200] {logging_mixin.py:151} INFO - [2026-07-15T17:06:20.783+0200] {dagbag.py:536} INFO - Filling up the DagBag from /home/ai/.local/lib/python3.9/site-packages/airflow/example_dags/tutorial_taskflow_api.py
[2026-07-15T17:06:20.790+0200] {processor.py:839} INFO - DAG(s) dict_keys(['tutorial_taskflow_api']) retrieved from /home/ai/.local/lib/python3.9/site-packages/airflow/example_dags/tutorial_taskflow_api.py
[2026-07-15T17:06:20.804+0200] {logging_mixin.py:151} INFO - [2026-07-15T17:06:20.804+0200] {dag.py:2941} INFO - Sync 1 DAGs
[2026-07-15T17:06:20.814+0200] {logging_mixin.py:151} INFO - [2026-07-15T17:06:20.814+0200] {dag.py:3722} INFO - Setting next_dagrun for tutorial_taskflow_api to None, run_after=None
[2026-07-15T17:06:22.338+0200] {processor.py:179} INFO - Processing /home/ai/.local/lib/python3.9/site-packages/airflow/example_dags/tutorial_taskflow_api.py took 1.563 seconds
[2026-07-15T17:07:29.859+0200] {processor.py:157} INFO - Started process (PID=3460209) to work on /home/ai/.local/lib/python3.9/site-packages/airflow/example_dags/tutorial_taskflow_api.py
[2026-07-15T17:07:29.860+0200] {processor.py:829} INFO - Processing file /home/ai/.local/lib/python3.9/site-packages/airflow/example_dags/tutorial_taskflow_api.py for tasks to queue
[2026-07-15T17:07:29.861+0200] {logging_mixin.py:151} INFO - [2026-07-15T17:07:29.861+0200] {dagbag.py:536} INFO - Filling up the DagBag from /home/ai/.local/lib/python3.9/site-packages/airflow/example_dags/tutorial_taskflow_api.py
[2026-07-15T17:07:29.868+0200] {processor.py:839} INFO - DAG(s) dict_keys(['tutorial_taskflow_api']) retrieved from /home/ai/.local/lib/python3.9/site-packages/airflow/example_dags/tutorial_taskflow_api.py
[2026-07-15T17:07:30.628+0200] {logging_mixin.py:151} INFO - [2026-07-15T17:07:30.627+0200] {dag.py:2941} INFO - Sync 1 DAGs
[2026-07-15T17:07:30.639+0200] {logging_mixin.py:151} INFO - [2026-07-15T17:07:30.639+0200] {dag.py:3722} INFO - Setting next_dagrun for tutorial_taskflow_api to None, run_after=None
[2026-07-15T17:07:30.659+0200] {processor.py:179} INFO - Processing /home/ai/.local/lib/python3.9/site-packages/airflow/example_dags/tutorial_taskflow_api.py took 0.806 seconds
[2026-07-15T17:09:03.860+0200] {processor.py:157} INFO - Started process (PID=3461807) to work on /home/ai/.local/lib/python3.9/site-packages/airflow/example_dags/tutorial_taskflow_api.py
[2026-07-15T17:09:04.180+0200] {processor.py:829} INFO - Processing file /home/ai/.local/lib/python3.9/site-packages/airflow/example_dags/tutorial_taskflow_api.py for tasks to queue
[2026-07-15T17:09:04.183+0200] {logging_mixin.py:151} INFO - [2026-07-15T17:09:04.182+0200] {dagbag.py:536} INFO - Filling up the DagBag from /home/ai/.local/lib/python3.9/site-packages/airflow/example_dags/tutorial_taskflow_api.py
[2026-07-15T17:09:04.194+0200] {processor.py:839} INFO - DAG(s) dict_keys(['tutorial_taskflow_api']) retrieved from /home/ai/.local/lib/python3.9/site-packages/airflow/example_dags/tutorial_taskflow_api.py
[2026-07-15T17:09:04.212+0200] {logging_mixin.py:151} INFO - [2026-07-15T17:09:04.212+0200] {dag.py:2941} INFO - Sync 1 DAGs
[2026-07-15T17:09:04.223+0200] {logging_mixin.py:151} INFO - [2026-07-15T17:09:04.223+0200] {dag.py:3722} INFO - Setting next_dagrun for tutorial_taskflow_api to None, run_after=None
[2026-07-15T17:09:04.525+0200] {processor.py:179} INFO - Processing /home/ai/.local/lib/python3.9/site-packages/airflow/example_dags/tutorial_taskflow_api.py took 0.670 seconds
[2026-07-15T17:10:42.787+0200] {processor.py:157} INFO - Started process (PID=3463432) to work on /home/ai/.local/lib/python3.9/site-packages/airflow/example_dags/tutorial_taskflow_api.py
[2026-07-15T17:10:42.977+0200] {processor.py:829} INFO - Processing file /home/ai/.local/lib/python3.9/site-packages/airflow/example_dags/tutorial_taskflow_api.py for tasks to queue
[2026-07-15T17:10:42.979+0200] {logging_mixin.py:151} INFO - [2026-07-15T17:10:42.978+0200] {dagbag.py:536} INFO - Filling up the DagBag from /home/ai/.local/lib/python3.9/site-packages/airflow/example_dags/tutorial_taskflow_api.py
[2026-07-15T17:10:42.989+0200] {processor.py:839} INFO - DAG(s) dict_keys(['tutorial_taskflow_api']) retrieved from /home/ai/.local/lib/python3.9/site-packages/airflow/example_dags/tutorial_taskflow_api.py
[2026-07-15T17:10:43.007+0200] {logging_mixin.py:151} INFO - [2026-07-15T17:10:43.007+0200] {dag.py:2941} INFO - Sync 1 DAGs
[2026-07-15T17:10:43.021+0200] {logging_mixin.py:151} INFO - [2026-07-15T17:10:43.020+0200] {dag.py:3722} INFO - Setting next_dagrun for tutorial_taskflow_api to None, run_after=None
[2026-07-15T17:10:45.129+0200] {processor.py:179} INFO - Processing /home/ai/.local/lib/python3.9/site-packages/airflow/example_dags/tutorial_taskflow_api.py took 2.347 seconds
[2026-07-15T17:12:06.540+0200] {processor.py:157} INFO - Started process (PID=3464852) to work on /home/ai/.local/lib/python3.9/site-packages/airflow/example_dags/tutorial_taskflow_api.py
[2026-07-15T17:12:06.542+0200] {processor.py:829} INFO - Processing file /home/ai/.local/lib/python3.9/site-packages/airflow/example_dags/tutorial_taskflow_api.py for tasks to queue
[2026-07-15T17:12:06.543+0200] {logging_mixin.py:151} INFO - [2026-07-15T17:12:06.542+0200] {dagbag.py:536} INFO - Filling up the DagBag from /home/ai/.local/lib/python3.9/site-packages/airflow/example_dags/tutorial_taskflow_api.py
[2026-07-15T17:12:06.550+0200] {processor.py:839} INFO - DAG(s) dict_keys(['tutorial_taskflow_api']) retrieved from /home/ai/.local/lib/python3.9/site-packages/airflow/example_dags/tutorial_taskflow_api.py
[2026-07-15T17:12:06.566+0200] {logging_mixin.py:151} INFO - [2026-07-15T17:12:06.565+0200] {dag.py:2941} INFO - Sync 1 DAGs
[2026-07-15T17:12:06.576+0200] {logging_mixin.py:151} INFO - [2026-07-15T17:12:06.576+0200] {dag.py:3722} INFO - Setting next_dagrun for tutorial_taskflow_api to None, run_after=None
[2026-07-15T17:12:07.686+0200] {processor.py:179} INFO - Processing /home/ai/.local/lib/python3.9/site-packages/airflow/example_dags/tutorial_taskflow_api.py took 1.152 seconds
[2026-07-15T17:13:44.370+0200] {processor.py:157} INFO - Started process (PID=3466681) to work on /home/ai/.local/lib/python3.9/site-packages/airflow/example_dags/tutorial_taskflow_api.py
[2026-07-15T17:13:44.372+0200] {processor.py:829} INFO - Processing file /home/ai/.local/lib/python3.9/site-packages/airflow/example_dags/tutorial_taskflow_api.py for tasks to queue
[2026-07-15T17:13:44.373+0200] {logging_mixin.py:151} INFO - [2026-07-15T17:13:44.373+0200] {dagbag.py:536} INFO - Filling up the DagBag from /home/ai/.local/lib/python3.9/site-packages/airflow/example_dags/tutorial_taskflow_api.py
[2026-07-15T17:13:44.383+0200] {processor.py:839} INFO - DAG(s) dict_keys(['tutorial_taskflow_api']) retrieved from /home/ai/.local/lib/python3.9/site-packages/airflow/example_dags/tutorial_taskflow_api.py
[2026-07-15T17:13:44.404+0200] {logging_mixin.py:151} INFO - [2026-07-15T17:13:44.403+0200] {dag.py:2941} INFO - Sync 1 DAGs
[2026-07-15T17:13:44.413+0200] {logging_mixin.py:151} INFO - [2026-07-15T17:13:44.413+0200] {dag.py:3722} INFO - Setting next_dagrun for tutorial_taskflow_api to None, run_after=None
[2026-07-15T17:13:45.593+0200] {processor.py:179} INFO - Processing /home/ai/.local/lib/python3.9/site-packages/airflow/example_dags/tutorial_taskflow_api.py took 1.228 seconds
[2026-07-15T17:15:10.697+0200] {processor.py:157} INFO - Started process (PID=3468277) to work on /home/ai/.local/lib/python3.9/site-packages/airflow/example_dags/tutorial_taskflow_api.py
[2026-07-15T17:15:10.698+0200] {processor.py:829} INFO - Processing file /home/ai/.local/lib/python3.9/site-packages/airflow/example_dags/tutorial_taskflow_api.py for tasks to queue
[2026-07-15T17:15:10.700+0200] {logging_mixin.py:151} INFO - [2026-07-15T17:15:10.699+0200] {dagbag.py:536} INFO - Filling up the DagBag from /home/ai/.local/lib/python3.9/site-packages/airflow/example_dags/tutorial_taskflow_api.py
[2026-07-15T17:15:10.707+0200] {processor.py:839} INFO - DAG(s) dict_keys(['tutorial_taskflow_api']) retrieved from /home/ai/.local/lib/python3.9/site-packages/airflow/example_dags/tutorial_taskflow_api.py
[2026-07-15T17:15:10.723+0200] {logging_mixin.py:151} INFO - [2026-07-15T17:15:10.723+0200] {dag.py:2941} INFO - Sync 1 DAGs
[2026-07-15T17:15:10.734+0200] {logging_mixin.py:151} INFO - [2026-07-15T17:15:10.733+0200] {dag.py:3722} INFO - Setting next_dagrun for tutorial_taskflow_api to None, run_after=None
[2026-07-15T17:15:11.657+0200] {processor.py:179} INFO - Processing /home/ai/.local/lib/python3.9/site-packages/airflow/example_dags/tutorial_taskflow_api.py took 0.964 seconds
[2026-07-15T17:16:04.664+0200] {processor.py:157} INFO - Started process (PID=3469401) to work on /home/ai/.local/lib/python3.9/site-packages/airflow/example_dags/tutorial_taskflow_api.py
[2026-07-15T17:16:04.665+0200] {processor.py:829} INFO - Processing file /home/ai/.local/lib/python3.9/site-packages/airflow/example_dags/tutorial_taskflow_api.py for tasks to queue
[2026-07-15T17:16:04.666+0200] {logging_mixin.py:151} INFO - [2026-07-15T17:16:04.666+0200] {dagbag.py:536} INFO - Filling up the DagBag from /home/ai/.local/lib/python3.9/site-packages/airflow/example_dags/tutorial_taskflow_api.py
[2026-07-15T17:16:04.673+0200] {processor.py:839} INFO - DAG(s) dict_keys(['tutorial_taskflow_api']) retrieved from /home/ai/.local/lib/python3.9/site-packages/airflow/example_dags/tutorial_taskflow_api.py
[2026-07-15T17:16:04.688+0200] {logging_mixin.py:151} INFO - [2026-07-15T17:16:04.688+0200] {dag.py:2941} INFO - Sync 1 DAGs
[2026-07-15T17:16:04.697+0200] {logging_mixin.py:151} INFO - [2026-07-15T17:16:04.697+0200] {dag.py:3722} INFO - Setting next_dagrun for tutorial_taskflow_api to None, run_after=None
[2026-07-15T17:16:14.090+0200] {processor.py:179} INFO - Processing /home/ai/.local/lib/python3.9/site-packages/airflow/example_dags/tutorial_taskflow_api.py took 9.430 seconds
[2026-07-15T17:17:51.350+0200] {processor.py:157} INFO - Started process (PID=3471724) to work on /home/ai/.local/lib/python3.9/site-packages/airflow/example_dags/tutorial_taskflow_api.py
[2026-07-15T17:17:51.351+0200] {processor.py:829} INFO - Processing file /home/ai/.local/lib/python3.9/site-packages/airflow/example_dags/tutorial_taskflow_api.py for tasks to queue
[2026-07-15T17:17:51.352+0200] {logging_mixin.py:151} INFO - [2026-07-15T17:17:51.352+0200] {dagbag.py:536} INFO - Filling up the DagBag from /home/ai/.local/lib/python3.9/site-packages/airflow/example_dags/tutorial_taskflow_api.py
[2026-07-15T17:17:51.359+0200] {processor.py:839} INFO - DAG(s) dict_keys(['tutorial_taskflow_api']) retrieved from /home/ai/.local/lib/python3.9/site-packages/airflow/example_dags/tutorial_taskflow_api.py
[2026-07-15T17:17:51.840+0200] {logging_mixin.py:151} INFO - [2026-07-15T17:17:51.840+0200] {dag.py:2941} INFO - Sync 1 DAGs
[2026-07-15T17:17:51.916+0200] {logging_mixin.py:151} INFO - [2026-07-15T17:17:51.916+0200] {dag.py:3722} INFO - Setting next_dagrun for tutorial_taskflow_api to None, run_after=None
[2026-07-15T17:17:54.607+0200] {processor.py:179} INFO - Processing /home/ai/.local/lib/python3.9/site-packages/airflow/example_dags/tutorial_taskflow_api.py took 3.263 seconds
[2026-07-15T17:19:04.267+0200] {processor.py:157} INFO - Started process (PID=3473158) to work on /home/ai/.local/lib/python3.9/site-packages/airflow/example_dags/tutorial_taskflow_api.py
[2026-07-15T17:19:04.268+0200] {processor.py:829} INFO - Processing file /home/ai/.local/lib/python3.9/site-packages/airflow/example_dags/tutorial_taskflow_api.py for tasks to queue
[2026-07-15T17:19:04.269+0200] {logging_mixin.py:151} INFO - [2026-07-15T17:19:04.269+0200] {dagbag.py:536} INFO - Filling up the DagBag from /home/ai/.local/lib/python3.9/site-packages/airflow/example_dags/tutorial_taskflow_api.py
[2026-07-15T17:19:04.276+0200] {processor.py:839} INFO - DAG(s) dict_keys(['tutorial_taskflow_api']) retrieved from /home/ai/.local/lib/python3.9/site-packages/airflow/example_dags/tutorial_taskflow_api.py
[2026-07-15T17:19:04.291+0200] {logging_mixin.py:151} INFO - [2026-07-15T17:19:04.291+0200] {dag.py:2941} INFO - Sync 1 DAGs
[2026-07-15T17:19:04.302+0200] {logging_mixin.py:151} INFO - [2026-07-15T17:19:04.302+0200] {dag.py:3722} INFO - Setting next_dagrun for tutorial_taskflow_api to None, run_after=None
[2026-07-15T17:19:04.321+0200] {processor.py:179} INFO - Processing /home/ai/.local/lib/python3.9/site-packages/airflow/example_dags/tutorial_taskflow_api.py took 0.060 seconds
