[[34m2026-07-17T14:36:47.491+0200[0m] {[34mscheduler_job_runner.py:[0m798} INFO[0m - Starting the scheduler[0m
[[34m2026-07-17T14:36:47.492+0200[0m] {[34mscheduler_job_runner.py:[0m805} INFO[0m - Processing each file at most -1 times[0m
[[34m2026-07-17T14:36:47.498+0200[0m] {[34mmanager.py:[0m166} INFO[0m - Launched DagFileProcessorManager with pid: 1641201[0m
[[34m2026-07-17T14:36:47.500+0200[0m] {[34mscheduler_job_runner.py:[0m1598} INFO[0m - Adopting or resetting orphaned tasks for active dag runs[0m
[[34m2026-07-17T14:36:47.508+0200[0m] {[34msettings.py:[0m59} INFO[0m - Configured default timezone Timezone('UTC')[0m
[[34m2026-07-17T14:36:47.525+0200[0m] {[34mscheduler_job_runner.py:[0m1621} INFO[0m - Marked 1 SchedulerJob instances as failed[0m
[2026-07-17T14:36:47.536+0200] {manager.py:410} WARNING - Because we cannot use more than 1 thread (parsing_processes = 2) when using sqlite. So we set parallelism to 1.
[[34m2026-07-17T14:36:47.860+0200[0m] {[34mscheduler_job_runner.py:[0m1323} INFO[0m - DAG clinical_extractor_daily is at (or above) max_active_runs (1 of 1), not creating any more runs[0m
[[34m2026-07-17T14:36:47.931+0200[0m] {[34mscheduler_job_runner.py:[0m414} INFO[0m - 2 tasks up for execution:
	<TaskInstance: clinical_extractor_daily.er_query scheduled__2026-07-16T08:30:00+00:00 [scheduled]>
	<TaskInstance: clinical_extractor_daily.opd_query scheduled__2026-07-16T08:30:00+00:00 [scheduled]>[0m
[[34m2026-07-17T14:36:47.931+0200[0m] {[34mscheduler_job_runner.py:[0m477} INFO[0m - DAG clinical_extractor_daily has 0/16 running and queued tasks[0m
[[34m2026-07-17T14:36:47.931+0200[0m] {[34mscheduler_job_runner.py:[0m477} INFO[0m - DAG clinical_extractor_daily has 1/16 running and queued tasks[0m
[[34m2026-07-17T14:36:47.931+0200[0m] {[34mscheduler_job_runner.py:[0m593} INFO[0m - Setting the following tasks to queued state:
	<TaskInstance: clinical_extractor_daily.er_query scheduled__2026-07-16T08:30:00+00:00 [scheduled]>
	<TaskInstance: clinical_extractor_daily.opd_query scheduled__2026-07-16T08:30:00+00:00 [scheduled]>[0m
[[34m2026-07-17T14:36:47.933+0200[0m] {[34mtaskinstance.py:[0m1441} WARNING[0m - cannot record scheduled_duration for task er_query because previous state change time has not been saved[0m
[[34m2026-07-17T14:36:47.933+0200[0m] {[34mtaskinstance.py:[0m1441} WARNING[0m - cannot record scheduled_duration for task opd_query because previous state change time has not been saved[0m
[[34m2026-07-17T14:36:47.934+0200[0m] {[34mscheduler_job_runner.py:[0m636} INFO[0m - Sending TaskInstanceKey(dag_id='clinical_extractor_daily', task_id='er_query', run_id='scheduled__2026-07-16T08:30:00+00:00', try_number=1, map_index=-1) to executor with priority 3 and queue default[0m
[[34m2026-07-17T14:36:47.934+0200[0m] {[34mbase_executor.py:[0m144} INFO[0m - Adding to queue: ['airflow', 'tasks', 'run', 'clinical_extractor_daily', 'er_query', 'scheduled__2026-07-16T08:30:00+00:00', '--local', '--subdir', 'DAGS_FOLDER/clinical_extractor_dag.py'][0m
[[34m2026-07-17T14:36:47.935+0200[0m] {[34mscheduler_job_runner.py:[0m636} INFO[0m - Sending TaskInstanceKey(dag_id='clinical_extractor_daily', task_id='opd_query', run_id='scheduled__2026-07-16T08:30:00+00:00', try_number=1, map_index=-1) to executor with priority 3 and queue default[0m
[[34m2026-07-17T14:36:47.935+0200[0m] {[34mbase_executor.py:[0m144} INFO[0m - Adding to queue: ['airflow', 'tasks', 'run', 'clinical_extractor_daily', 'opd_query', 'scheduled__2026-07-16T08:30:00+00:00', '--local', '--subdir', 'DAGS_FOLDER/clinical_extractor_dag.py'][0m
[[34m2026-07-17T14:36:47.939+0200[0m] {[34msequential_executor.py:[0m74} INFO[0m - Executing command: ['airflow', 'tasks', 'run', 'clinical_extractor_daily', 'er_query', 'scheduled__2026-07-16T08:30:00+00:00', '--local', '--subdir', 'DAGS_FOLDER/clinical_extractor_dag.py'][0m
[[34m2026-07-17T14:36:48.957+0200[0m] {[34mdagbag.py:[0m536} INFO[0m - Filling up the DagBag from /home/ai/Workspace/Khalid/Clinical Notes/Clinical Extractor/project/airflow_home/dags/clinical_extractor_dag.py[0m
Changing /home/ai/Workspace/Khalid/Clinical Notes/Clinical Extractor/project/airflow_home/logs/dag_id=clinical_extractor_daily/run_id=scheduled__2026-07-16T08:30:00+00:00/task_id=er_query permission to 509
[[34m2026-07-17T14:36:49.132+0200[0m] {[34mtask_command.py:[0m416} INFO[0m - Running <TaskInstance: clinical_extractor_daily.er_query scheduled__2026-07-16T08:30:00+00:00 [queued]> on host localhost[0m
[[34m2026-07-17T14:36:55.760+0200[0m] {[34msequential_executor.py:[0m74} INFO[0m - Executing command: ['airflow', 'tasks', 'run', 'clinical_extractor_daily', 'opd_query', 'scheduled__2026-07-16T08:30:00+00:00', '--local', '--subdir', 'DAGS_FOLDER/clinical_extractor_dag.py'][0m
[[34m2026-07-17T14:36:56.721+0200[0m] {[34mdagbag.py:[0m536} INFO[0m - Filling up the DagBag from /home/ai/Workspace/Khalid/Clinical Notes/Clinical Extractor/project/airflow_home/dags/clinical_extractor_dag.py[0m
Changing /home/ai/Workspace/Khalid/Clinical Notes/Clinical Extractor/project/airflow_home/logs/dag_id=clinical_extractor_daily/run_id=scheduled__2026-07-16T08:30:00+00:00/task_id=opd_query permission to 509
[[34m2026-07-17T14:36:56.884+0200[0m] {[34mtask_command.py:[0m416} INFO[0m - Running <TaskInstance: clinical_extractor_daily.opd_query scheduled__2026-07-16T08:30:00+00:00 [queued]> on host localhost[0m
[[34m2026-07-17T14:37:00.579+0200[0m] {[34mscheduler_job_runner.py:[0m686} INFO[0m - Received executor event with state success for task instance TaskInstanceKey(dag_id='clinical_extractor_daily', task_id='er_query', run_id='scheduled__2026-07-16T08:30:00+00:00', try_number=1, map_index=-1)[0m
[[34m2026-07-17T14:37:00.581+0200[0m] {[34mscheduler_job_runner.py:[0m686} INFO[0m - Received executor event with state success for task instance TaskInstanceKey(dag_id='clinical_extractor_daily', task_id='opd_query', run_id='scheduled__2026-07-16T08:30:00+00:00', try_number=1, map_index=-1)[0m
[[34m2026-07-17T14:37:00.596+0200[0m] {[34mscheduler_job_runner.py:[0m723} INFO[0m - TaskInstance Finished: dag_id=clinical_extractor_daily, task_id=er_query, run_id=scheduled__2026-07-16T08:30:00+00:00, map_index=-1, run_start_date=2026-07-17 12:36:49.723818+00:00, run_end_date=2026-07-17 12:36:54.857253+00:00, run_duration=5.133435, state=success, executor_state=success, try_number=1, max_tries=2, job_id=25, pool=default_pool, queue=default, priority_weight=3, operator=PythonOperator, queued_dttm=2026-07-17 12:36:47.932292+00:00, queued_by_job_id=24, pid=1641237[0m
[[34m2026-07-17T14:37:00.596+0200[0m] {[34mscheduler_job_runner.py:[0m723} INFO[0m - TaskInstance Finished: dag_id=clinical_extractor_daily, task_id=opd_query, run_id=scheduled__2026-07-16T08:30:00+00:00, map_index=-1, run_start_date=2026-07-17 12:36:56.939233+00:00, run_end_date=2026-07-17 12:37:00.225267+00:00, run_duration=3.286034, state=success, executor_state=success, try_number=1, max_tries=2, job_id=26, pool=default_pool, queue=default, priority_weight=3, operator=PythonOperator, queued_dttm=2026-07-17 12:36:47.932292+00:00, queued_by_job_id=24, pid=1641278[0m
[[34m2026-07-17T14:37:00.674+0200[0m] {[34mscheduler_job_runner.py:[0m414} INFO[0m - 2 tasks up for execution:
	<TaskInstance: clinical_extractor_daily.er_ai_process scheduled__2026-07-16T08:30:00+00:00 [scheduled]>
	<TaskInstance: clinical_extractor_daily.opd_ai_process scheduled__2026-07-16T08:30:00+00:00 [scheduled]>[0m
[[34m2026-07-17T14:37:00.674+0200[0m] {[34mscheduler_job_runner.py:[0m477} INFO[0m - DAG clinical_extractor_daily has 0/16 running and queued tasks[0m
[[34m2026-07-17T14:37:00.674+0200[0m] {[34mscheduler_job_runner.py:[0m477} INFO[0m - DAG clinical_extractor_daily has 1/16 running and queued tasks[0m
[[34m2026-07-17T14:37:00.674+0200[0m] {[34mscheduler_job_runner.py:[0m593} INFO[0m - Setting the following tasks to queued state:
	<TaskInstance: clinical_extractor_daily.er_ai_process scheduled__2026-07-16T08:30:00+00:00 [scheduled]>
	<TaskInstance: clinical_extractor_daily.opd_ai_process scheduled__2026-07-16T08:30:00+00:00 [scheduled]>[0m
[[34m2026-07-17T14:37:00.675+0200[0m] {[34mtaskinstance.py:[0m1441} WARNING[0m - cannot record scheduled_duration for task er_ai_process because previous state change time has not been saved[0m
[[34m2026-07-17T14:37:00.676+0200[0m] {[34mtaskinstance.py:[0m1441} WARNING[0m - cannot record scheduled_duration for task opd_ai_process because previous state change time has not been saved[0m
[[34m2026-07-17T14:37:00.676+0200[0m] {[34mscheduler_job_runner.py:[0m636} INFO[0m - Sending TaskInstanceKey(dag_id='clinical_extractor_daily', task_id='er_ai_process', run_id='scheduled__2026-07-16T08:30:00+00:00', try_number=1, map_index=-1) to executor with priority 2 and queue default[0m
[[34m2026-07-17T14:37:00.676+0200[0m] {[34mbase_executor.py:[0m144} INFO[0m - Adding to queue: ['airflow', 'tasks', 'run', 'clinical_extractor_daily', 'er_ai_process', 'scheduled__2026-07-16T08:30:00+00:00', '--local', '--subdir', 'DAGS_FOLDER/clinical_extractor_dag.py'][0m
[[34m2026-07-17T14:37:00.676+0200[0m] {[34mscheduler_job_runner.py:[0m636} INFO[0m - Sending TaskInstanceKey(dag_id='clinical_extractor_daily', task_id='opd_ai_process', run_id='scheduled__2026-07-16T08:30:00+00:00', try_number=1, map_index=-1) to executor with priority 2 and queue default[0m
[[34m2026-07-17T14:37:00.676+0200[0m] {[34mbase_executor.py:[0m144} INFO[0m - Adding to queue: ['airflow', 'tasks', 'run', 'clinical_extractor_daily', 'opd_ai_process', 'scheduled__2026-07-16T08:30:00+00:00', '--local', '--subdir', 'DAGS_FOLDER/clinical_extractor_dag.py'][0m
[[34m2026-07-17T14:37:00.682+0200[0m] {[34msequential_executor.py:[0m74} INFO[0m - Executing command: ['airflow', 'tasks', 'run', 'clinical_extractor_daily', 'er_ai_process', 'scheduled__2026-07-16T08:30:00+00:00', '--local', '--subdir', 'DAGS_FOLDER/clinical_extractor_dag.py'][0m
[[34m2026-07-17T14:37:01.621+0200[0m] {[34mdagbag.py:[0m536} INFO[0m - Filling up the DagBag from /home/ai/Workspace/Khalid/Clinical Notes/Clinical Extractor/project/airflow_home/dags/clinical_extractor_dag.py[0m
Changing /home/ai/Workspace/Khalid/Clinical Notes/Clinical Extractor/project/airflow_home/logs/dag_id=clinical_extractor_daily/run_id=scheduled__2026-07-16T08:30:00+00:00/task_id=er_ai_process permission to 509
[[34m2026-07-17T14:37:01.775+0200[0m] {[34mtask_command.py:[0m416} INFO[0m - Running <TaskInstance: clinical_extractor_daily.er_ai_process scheduled__2026-07-16T08:30:00+00:00 [queued]> on host localhost[0m
[[34m2026-07-17T14:37:16.415+0200[0m] {[34msequential_executor.py:[0m74} INFO[0m - Executing command: ['airflow', 'tasks', 'run', 'clinical_extractor_daily', 'opd_ai_process', 'scheduled__2026-07-16T08:30:00+00:00', '--local', '--subdir', 'DAGS_FOLDER/clinical_extractor_dag.py'][0m
[[34m2026-07-17T14:37:17.375+0200[0m] {[34mdagbag.py:[0m536} INFO[0m - Filling up the DagBag from /home/ai/Workspace/Khalid/Clinical Notes/Clinical Extractor/project/airflow_home/dags/clinical_extractor_dag.py[0m
Changing /home/ai/Workspace/Khalid/Clinical Notes/Clinical Extractor/project/airflow_home/logs/dag_id=clinical_extractor_daily/run_id=scheduled__2026-07-16T08:30:00+00:00/task_id=opd_ai_process permission to 509
[[34m2026-07-17T14:37:17.547+0200[0m] {[34mtask_command.py:[0m416} INFO[0m - Running <TaskInstance: clinical_extractor_daily.opd_ai_process scheduled__2026-07-16T08:30:00+00:00 [queued]> on host localhost[0m
[[34m2026-07-17T14:37:26.407+0200[0m] {[34mscheduler_job_runner.py:[0m686} INFO[0m - Received executor event with state success for task instance TaskInstanceKey(dag_id='clinical_extractor_daily', task_id='er_ai_process', run_id='scheduled__2026-07-16T08:30:00+00:00', try_number=1, map_index=-1)[0m
[[34m2026-07-17T14:37:26.409+0200[0m] {[34mscheduler_job_runner.py:[0m686} INFO[0m - Received executor event with state success for task instance TaskInstanceKey(dag_id='clinical_extractor_daily', task_id='opd_ai_process', run_id='scheduled__2026-07-16T08:30:00+00:00', try_number=1, map_index=-1)[0m
[[34m2026-07-17T14:37:26.421+0200[0m] {[34mscheduler_job_runner.py:[0m723} INFO[0m - TaskInstance Finished: dag_id=clinical_extractor_daily, task_id=er_ai_process, run_id=scheduled__2026-07-16T08:30:00+00:00, map_index=-1, run_start_date=2026-07-17 12:37:01.827843+00:00, run_end_date=2026-07-17 12:37:16.131008+00:00, run_duration=14.303165, state=success, executor_state=success, try_number=1, max_tries=2, job_id=27, pool=default_pool, queue=default, priority_weight=2, operator=PythonOperator, queued_dttm=2026-07-17 12:37:00.675002+00:00, queued_by_job_id=24, pid=1641384[0m
[[34m2026-07-17T14:37:26.422+0200[0m] {[34mscheduler_job_runner.py:[0m723} INFO[0m - TaskInstance Finished: dag_id=clinical_extractor_daily, task_id=opd_ai_process, run_id=scheduled__2026-07-16T08:30:00+00:00, map_index=-1, run_start_date=2026-07-17 12:37:17.603507+00:00, run_end_date=2026-07-17 12:37:25.947820+00:00, run_duration=8.344313, state=success, executor_state=success, try_number=1, max_tries=2, job_id=28, pool=default_pool, queue=default, priority_weight=2, operator=PythonOperator, queued_dttm=2026-07-17 12:37:00.675002+00:00, queued_by_job_id=24, pid=1641670[0m
[[34m2026-07-17T14:37:26.773+0200[0m] {[34mscheduler_job_runner.py:[0m414} INFO[0m - 2 tasks up for execution:
	<TaskInstance: clinical_extractor_daily.er_insert scheduled__2026-07-16T08:30:00+00:00 [scheduled]>
	<TaskInstance: clinical_extractor_daily.opd_insert scheduled__2026-07-16T08:30:00+00:00 [scheduled]>[0m
[[34m2026-07-17T14:37:26.774+0200[0m] {[34mscheduler_job_runner.py:[0m477} INFO[0m - DAG clinical_extractor_daily has 0/16 running and queued tasks[0m
[[34m2026-07-17T14:37:26.774+0200[0m] {[34mscheduler_job_runner.py:[0m477} INFO[0m - DAG clinical_extractor_daily has 1/16 running and queued tasks[0m
[[34m2026-07-17T14:37:26.774+0200[0m] {[34mscheduler_job_runner.py:[0m593} INFO[0m - Setting the following tasks to queued state:
	<TaskInstance: clinical_extractor_daily.er_insert scheduled__2026-07-16T08:30:00+00:00 [scheduled]>
	<TaskInstance: clinical_extractor_daily.opd_insert scheduled__2026-07-16T08:30:00+00:00 [scheduled]>[0m
[[34m2026-07-17T14:37:26.775+0200[0m] {[34mtaskinstance.py:[0m1441} WARNING[0m - cannot record scheduled_duration for task er_insert because previous state change time has not been saved[0m
[[34m2026-07-17T14:37:26.775+0200[0m] {[34mtaskinstance.py:[0m1441} WARNING[0m - cannot record scheduled_duration for task opd_insert because previous state change time has not been saved[0m
[[34m2026-07-17T14:37:26.776+0200[0m] {[34mscheduler_job_runner.py:[0m636} INFO[0m - Sending TaskInstanceKey(dag_id='clinical_extractor_daily', task_id='er_insert', run_id='scheduled__2026-07-16T08:30:00+00:00', try_number=1, map_index=-1) to executor with priority 1 and queue default[0m
[[34m2026-07-17T14:37:26.776+0200[0m] {[34mbase_executor.py:[0m144} INFO[0m - Adding to queue: ['airflow', 'tasks', 'run', 'clinical_extractor_daily', 'er_insert', 'scheduled__2026-07-16T08:30:00+00:00', '--local', '--subdir', 'DAGS_FOLDER/clinical_extractor_dag.py'][0m
[[34m2026-07-17T14:37:26.776+0200[0m] {[34mscheduler_job_runner.py:[0m636} INFO[0m - Sending TaskInstanceKey(dag_id='clinical_extractor_daily', task_id='opd_insert', run_id='scheduled__2026-07-16T08:30:00+00:00', try_number=1, map_index=-1) to executor with priority 1 and queue default[0m
[[34m2026-07-17T14:37:26.776+0200[0m] {[34mbase_executor.py:[0m144} INFO[0m - Adding to queue: ['airflow', 'tasks', 'run', 'clinical_extractor_daily', 'opd_insert', 'scheduled__2026-07-16T08:30:00+00:00', '--local', '--subdir', 'DAGS_FOLDER/clinical_extractor_dag.py'][0m
[[34m2026-07-17T14:37:26.819+0200[0m] {[34msequential_executor.py:[0m74} INFO[0m - Executing command: ['airflow', 'tasks', 'run', 'clinical_extractor_daily', 'er_insert', 'scheduled__2026-07-16T08:30:00+00:00', '--local', '--subdir', 'DAGS_FOLDER/clinical_extractor_dag.py'][0m
[[34m2026-07-17T14:37:27.798+0200[0m] {[34mdagbag.py:[0m536} INFO[0m - Filling up the DagBag from /home/ai/Workspace/Khalid/Clinical Notes/Clinical Extractor/project/airflow_home/dags/clinical_extractor_dag.py[0m
Changing /home/ai/Workspace/Khalid/Clinical Notes/Clinical Extractor/project/airflow_home/logs/dag_id=clinical_extractor_daily/run_id=scheduled__2026-07-16T08:30:00+00:00/task_id=er_insert permission to 509
[[34m2026-07-17T14:37:27.957+0200[0m] {[34mtask_command.py:[0m416} INFO[0m - Running <TaskInstance: clinical_extractor_daily.er_insert scheduled__2026-07-16T08:30:00+00:00 [queued]> on host localhost[0m
[[34m2026-07-17T14:37:33.258+0200[0m] {[34msequential_executor.py:[0m74} INFO[0m - Executing command: ['airflow', 'tasks', 'run', 'clinical_extractor_daily', 'opd_insert', 'scheduled__2026-07-16T08:30:00+00:00', '--local', '--subdir', 'DAGS_FOLDER/clinical_extractor_dag.py'][0m
[[34m2026-07-17T14:37:34.196+0200[0m] {[34mdagbag.py:[0m536} INFO[0m - Filling up the DagBag from /home/ai/Workspace/Khalid/Clinical Notes/Clinical Extractor/project/airflow_home/dags/clinical_extractor_dag.py[0m
Changing /home/ai/Workspace/Khalid/Clinical Notes/Clinical Extractor/project/airflow_home/logs/dag_id=clinical_extractor_daily/run_id=scheduled__2026-07-16T08:30:00+00:00/task_id=opd_insert permission to 509
[[34m2026-07-17T14:37:34.349+0200[0m] {[34mtask_command.py:[0m416} INFO[0m - Running <TaskInstance: clinical_extractor_daily.opd_insert scheduled__2026-07-16T08:30:00+00:00 [queued]> on host localhost[0m
[[34m2026-07-17T14:37:37.718+0200[0m] {[34mscheduler_job_runner.py:[0m686} INFO[0m - Received executor event with state success for task instance TaskInstanceKey(dag_id='clinical_extractor_daily', task_id='er_insert', run_id='scheduled__2026-07-16T08:30:00+00:00', try_number=1, map_index=-1)[0m
[[34m2026-07-17T14:37:37.720+0200[0m] {[34mscheduler_job_runner.py:[0m686} INFO[0m - Received executor event with state success for task instance TaskInstanceKey(dag_id='clinical_extractor_daily', task_id='opd_insert', run_id='scheduled__2026-07-16T08:30:00+00:00', try_number=1, map_index=-1)[0m
[[34m2026-07-17T14:37:37.733+0200[0m] {[34mscheduler_job_runner.py:[0m723} INFO[0m - TaskInstance Finished: dag_id=clinical_extractor_daily, task_id=er_insert, run_id=scheduled__2026-07-16T08:30:00+00:00, map_index=-1, run_start_date=2026-07-17 12:37:28.009359+00:00, run_end_date=2026-07-17 12:37:32.888714+00:00, run_duration=4.879355, state=success, executor_state=success, try_number=1, max_tries=2, job_id=29, pool=default_pool, queue=default, priority_weight=1, operator=PythonOperator, queued_dttm=2026-07-17 12:37:26.774894+00:00, queued_by_job_id=24, pid=1641808[0m
[[34m2026-07-17T14:37:37.733+0200[0m] {[34mscheduler_job_runner.py:[0m723} INFO[0m - TaskInstance Finished: dag_id=clinical_extractor_daily, task_id=opd_insert, run_id=scheduled__2026-07-16T08:30:00+00:00, map_index=-1, run_start_date=2026-07-17 12:37:34.412220+00:00, run_end_date=2026-07-17 12:37:37.407554+00:00, run_duration=2.995334, state=success, executor_state=success, try_number=1, max_tries=2, job_id=30, pool=default_pool, queue=default, priority_weight=1, operator=PythonOperator, queued_dttm=2026-07-17 12:37:26.774894+00:00, queued_by_job_id=24, pid=1641912[0m
[[34m2026-07-17T14:37:37.786+0200[0m] {[34mdagrun.py:[0m653} INFO[0m - Marking run <DagRun clinical_extractor_daily @ 2026-07-16 08:30:00+00:00: scheduled__2026-07-16T08:30:00+00:00, state:running, queued_at: 2026-07-17 12:36:47.848748+00:00. externally triggered: False> successful[0m
[[34m2026-07-17T14:37:37.788+0200[0m] {[34mdagrun.py:[0m704} INFO[0m - DagRun Finished: dag_id=clinical_extractor_daily, execution_date=2026-07-16 08:30:00+00:00, run_id=scheduled__2026-07-16T08:30:00+00:00, run_start_date=2026-07-17 12:36:47.881848+00:00, run_end_date=2026-07-17 12:37:37.787914+00:00, run_duration=49.906066, state=success, external_trigger=False, run_type=scheduled, data_interval_start=2026-07-16 08:30:00+00:00, data_interval_end=2026-07-17 08:30:00+00:00, dag_hash=7bec910b7e087955468d8d9cd1d5b95d[0m
[[34m2026-07-17T14:37:37.794+0200[0m] {[34mdag.py:[0m3722} INFO[0m - Setting next_dagrun for clinical_extractor_daily to 2026-07-17T08:30:00+00:00, run_after=2026-07-18T08:30:00+00:00[0m
[[34m2026-07-17T14:41:48.131+0200[0m] {[34mscheduler_job_runner.py:[0m1598} INFO[0m - Adopting or resetting orphaned tasks for active dag runs[0m
[[34m2026-07-17T14:46:48.177+0200[0m] {[34mscheduler_job_runner.py:[0m1598} INFO[0m - Adopting or resetting orphaned tasks for active dag runs[0m
[[34m2026-07-17T14:51:48.221+0200[0m] {[34mscheduler_job_runner.py:[0m1598} INFO[0m - Adopting or resetting orphaned tasks for active dag runs[0m
[[34m2026-07-17T14:56:48.264+0200[0m] {[34mscheduler_job_runner.py:[0m1598} INFO[0m - Adopting or resetting orphaned tasks for active dag runs[0m
[[34m2026-07-17T15:01:48.304+0200[0m] {[34mscheduler_job_runner.py:[0m1598} INFO[0m - Adopting or resetting orphaned tasks for active dag runs[0m
[[34m2026-07-17T15:06:48.347+0200[0m] {[34mscheduler_job_runner.py:[0m1598} INFO[0m - Adopting or resetting orphaned tasks for active dag runs[0m
[[34m2026-07-17T15:11:48.398+0200[0m] {[34mscheduler_job_runner.py:[0m1598} INFO[0m - Adopting or resetting orphaned tasks for active dag runs[0m
[[34m2026-07-17T15:16:48.440+0200[0m] {[34mscheduler_job_runner.py:[0m1598} INFO[0m - Adopting or resetting orphaned tasks for active dag runs[0m
[[34m2026-07-17T15:21:48.478+0200[0m] {[34mscheduler_job_runner.py:[0m1598} INFO[0m - Adopting or resetting orphaned tasks for active dag runs[0m
[[34m2026-07-17T15:26:48.737+0200[0m] {[34mscheduler_job_runner.py:[0m1598} INFO[0m - Adopting or resetting orphaned tasks for active dag runs[0m
[[34m2026-07-17T15:31:48.787+0200[0m] {[34mscheduler_job_runner.py:[0m1598} INFO[0m - Adopting or resetting orphaned tasks for active dag runs[0m
[[34m2026-07-17T15:36:48.826+0200[0m] {[34mscheduler_job_runner.py:[0m1598} INFO[0m - Adopting or resetting orphaned tasks for active dag runs[0m
[[34m2026-07-17T15:41:48.868+0200[0m] {[34mscheduler_job_runner.py:[0m1598} INFO[0m - Adopting or resetting orphaned tasks for active dag runs[0m
[[34m2026-07-17T15:46:48.912+0200[0m] {[34mscheduler_job_runner.py:[0m1598} INFO[0m - Adopting or resetting orphaned tasks for active dag runs[0m
[[34m2026-07-17T15:51:48.949+0200[0m] {[34mscheduler_job_runner.py:[0m1598} INFO[0m - Adopting or resetting orphaned tasks for active dag runs[0m
[[34m2026-07-17T15:56:48.995+0200[0m] {[34mscheduler_job_runner.py:[0m1598} INFO[0m - Adopting or resetting orphaned tasks for active dag runs[0m
[[34m2026-07-17T16:01:49.034+0200[0m] {[34mscheduler_job_runner.py:[0m1598} INFO[0m - Adopting or resetting orphaned tasks for active dag runs[0m
[[34m2026-07-17T16:06:49.079+0200[0m] {[34mscheduler_job_runner.py:[0m1598} INFO[0m - Adopting or resetting orphaned tasks for active dag runs[0m
[[34m2026-07-17T16:11:49.123+0200[0m] {[34mscheduler_job_runner.py:[0m1598} INFO[0m - Adopting or resetting orphaned tasks for active dag runs[0m
[[34m2026-07-17T16:16:49.171+0200[0m] {[34mscheduler_job_runner.py:[0m1598} INFO[0m - Adopting or resetting orphaned tasks for active dag runs[0m
[[34m2026-07-17T16:21:49.211+0200[0m] {[34mscheduler_job_runner.py:[0m1598} INFO[0m - Adopting or resetting orphaned tasks for active dag runs[0m
[[34m2026-07-17T16:26:49.243+0200[0m] {[34mscheduler_job_runner.py:[0m1598} INFO[0m - Adopting or resetting orphaned tasks for active dag runs[0m
[[34m2026-07-17T16:31:49.281+0200[0m] {[34mscheduler_job_runner.py:[0m1598} INFO[0m - Adopting or resetting orphaned tasks for active dag runs[0m
[[34m2026-07-17T16:36:49.324+0200[0m] {[34mscheduler_job_runner.py:[0m1598} INFO[0m - Adopting or resetting orphaned tasks for active dag runs[0m
[[34m2026-07-17T16:41:49.992+0200[0m] {[34mscheduler_job_runner.py:[0m1598} INFO[0m - Adopting or resetting orphaned tasks for active dag runs[0m
[[34m2026-07-17T16:46:50.041+0200[0m] {[34mscheduler_job_runner.py:[0m1598} INFO[0m - Adopting or resetting orphaned tasks for active dag runs[0m
[[34m2026-07-17T16:51:50.085+0200[0m] {[34mscheduler_job_runner.py:[0m1598} INFO[0m - Adopting or resetting orphaned tasks for active dag runs[0m
[[34m2026-07-17T16:56:50.127+0200[0m] {[34mscheduler_job_runner.py:[0m1598} INFO[0m - Adopting or resetting orphaned tasks for active dag runs[0m
[[34m2026-07-17T17:01:50.168+0200[0m] {[34mscheduler_job_runner.py:[0m1598} INFO[0m - Adopting or resetting orphaned tasks for active dag runs[0m
[[34m2026-07-17T17:06:50.499+0200[0m] {[34mscheduler_job_runner.py:[0m1598} INFO[0m - Adopting or resetting orphaned tasks for active dag runs[0m
[[34m2026-07-17T17:11:50.551+0200[0m] {[34mscheduler_job_runner.py:[0m1598} INFO[0m - Adopting or resetting orphaned tasks for active dag runs[0m
[[34m2026-07-17T17:16:50.595+0200[0m] {[34mscheduler_job_runner.py:[0m1598} INFO[0m - Adopting or resetting orphaned tasks for active dag runs[0m
[[34m2026-07-17T17:21:50.644+0200[0m] {[34mscheduler_job_runner.py:[0m1598} INFO[0m - Adopting or resetting orphaned tasks for active dag runs[0m
[[34m2026-07-17T17:26:50.685+0200[0m] {[34mscheduler_job_runner.py:[0m1598} INFO[0m - Adopting or resetting orphaned tasks for active dag runs[0m
[[34m2026-07-17T17:31:50.724+0200[0m] {[34mscheduler_job_runner.py:[0m1598} INFO[0m - Adopting or resetting orphaned tasks for active dag runs[0m
[[34m2026-07-17T17:36:50.771+0200[0m] {[34mscheduler_job_runner.py:[0m1598} INFO[0m - Adopting or resetting orphaned tasks for active dag runs[0m
[[34m2026-07-17T17:41:50.817+0200[0m] {[34mscheduler_job_runner.py:[0m1598} INFO[0m - Adopting or resetting orphaned tasks for active dag runs[0m
[[34m2026-07-17T17:46:50.859+0200[0m] {[34mscheduler_job_runner.py:[0m1598} INFO[0m - Adopting or resetting orphaned tasks for active dag runs[0m
[[34m2026-07-17T17:51:50.902+0200[0m] {[34mscheduler_job_runner.py:[0m1598} INFO[0m - Adopting or resetting orphaned tasks for active dag runs[0m
[[34m2026-07-17T17:56:50.943+0200[0m] {[34mscheduler_job_runner.py:[0m1598} INFO[0m - Adopting or resetting orphaned tasks for active dag runs[0m
[[34m2026-07-17T18:01:50.993+0200[0m] {[34mscheduler_job_runner.py:[0m1598} INFO[0m - Adopting or resetting orphaned tasks for active dag runs[0m
[[34m2026-07-17T18:06:51.011+0200[0m] {[34mscheduler_job_runner.py:[0m1598} INFO[0m - Adopting or resetting orphaned tasks for active dag runs[0m
[[34m2026-07-17T18:11:51.054+0200[0m] {[34mscheduler_job_runner.py:[0m1598} INFO[0m - Adopting or resetting orphaned tasks for active dag runs[0m
[[34m2026-07-17T18:16:51.095+0200[0m] {[34mscheduler_job_runner.py:[0m1598} INFO[0m - Adopting or resetting orphaned tasks for active dag runs[0m
[[34m2026-07-17T18:21:51.138+0200[0m] {[34mscheduler_job_runner.py:[0m1598} INFO[0m - Adopting or resetting orphaned tasks for active dag runs[0m
[[34m2026-07-17T18:26:51.180+0200[0m] {[34mscheduler_job_runner.py:[0m1598} INFO[0m - Adopting or resetting orphaned tasks for active dag runs[0m
[[34m2026-07-17T18:31:51.226+0200[0m] {[34mscheduler_job_runner.py:[0m1598} INFO[0m - Adopting or resetting orphaned tasks for active dag runs[0m
[[34m2026-07-17T18:36:51.271+0200[0m] {[34mscheduler_job_runner.py:[0m1598} INFO[0m - Adopting or resetting orphaned tasks for active dag runs[0m
[[34m2026-07-17T18:41:51.312+0200[0m] {[34mscheduler_job_runner.py:[0m1598} INFO[0m - Adopting or resetting orphaned tasks for active dag runs[0m
[[34m2026-07-17T18:46:51.360+0200[0m] {[34mscheduler_job_runner.py:[0m1598} INFO[0m - Adopting or resetting orphaned tasks for active dag runs[0m
[[34m2026-07-17T18:51:51.404+0200[0m] {[34mscheduler_job_runner.py:[0m1598} INFO[0m - Adopting or resetting orphaned tasks for active dag runs[0m
[[34m2026-07-17T18:56:51.447+0200[0m] {[34mscheduler_job_runner.py:[0m1598} INFO[0m - Adopting or resetting orphaned tasks for active dag runs[0m
[[34m2026-07-17T19:01:52.869+0200[0m] {[34mscheduler_job_runner.py:[0m1598} INFO[0m - Adopting or resetting orphaned tasks for active dag runs[0m
[[34m2026-07-17T19:06:52.910+0200[0m] {[34mscheduler_job_runner.py:[0m1598} INFO[0m - Adopting or resetting orphaned tasks for active dag runs[0m
[[34m2026-07-17T19:11:52.959+0200[0m] {[34mscheduler_job_runner.py:[0m1598} INFO[0m - Adopting or resetting orphaned tasks for active dag runs[0m
[[34m2026-07-17T19:16:53.004+0200[0m] {[34mscheduler_job_runner.py:[0m1598} INFO[0m - Adopting or resetting orphaned tasks for active dag runs[0m
[[34m2026-07-17T19:21:53.054+0200[0m] {[34mscheduler_job_runner.py:[0m1598} INFO[0m - Adopting or resetting orphaned tasks for active dag runs[0m
[[34m2026-07-17T19:26:53.100+0200[0m] {[34mscheduler_job_runner.py:[0m1598} INFO[0m - Adopting or resetting orphaned tasks for active dag runs[0m
[[34m2026-07-17T19:31:53.147+0200[0m] {[34mscheduler_job_runner.py:[0m1598} INFO[0m - Adopting or resetting orphaned tasks for active dag runs[0m
[[34m2026-07-17T19:36:53.190+0200[0m] {[34mscheduler_job_runner.py:[0m1598} INFO[0m - Adopting or resetting orphaned tasks for active dag runs[0m
[[34m2026-07-17T19:41:53.232+0200[0m] {[34mscheduler_job_runner.py:[0m1598} INFO[0m - Adopting or resetting orphaned tasks for active dag runs[0m
[[34m2026-07-17T19:46:53.272+0200[0m] {[34mscheduler_job_runner.py:[0m1598} INFO[0m - Adopting or resetting orphaned tasks for active dag runs[0m
[[34m2026-07-17T19:51:53.317+0200[0m] {[34mscheduler_job_runner.py:[0m1598} INFO[0m - Adopting or resetting orphaned tasks for active dag runs[0m
[[34m2026-07-17T19:56:53.359+0200[0m] {[34mscheduler_job_runner.py:[0m1598} INFO[0m - Adopting or resetting orphaned tasks for active dag runs[0m
[[34m2026-07-17T20:01:53.402+0200[0m] {[34mscheduler_job_runner.py:[0m1598} INFO[0m - Adopting or resetting orphaned tasks for active dag runs[0m
[[34m2026-07-17T20:06:53.474+0200[0m] {[34mscheduler_job_runner.py:[0m1598} INFO[0m - Adopting or resetting orphaned tasks for active dag runs[0m
[[34m2026-07-17T20:11:53.516+0200[0m] {[34mscheduler_job_runner.py:[0m1598} INFO[0m - Adopting or resetting orphaned tasks for active dag runs[0m
[[34m2026-07-17T20:16:53.561+0200[0m] {[34mscheduler_job_runner.py:[0m1598} INFO[0m - Adopting or resetting orphaned tasks for active dag runs[0m
[[34m2026-07-17T20:21:53.603+0200[0m] {[34mscheduler_job_runner.py:[0m1598} INFO[0m - Adopting or resetting orphaned tasks for active dag runs[0m
[[34m2026-07-17T20:26:53.660+0200[0m] {[34mscheduler_job_runner.py:[0m1598} INFO[0m - Adopting or resetting orphaned tasks for active dag runs[0m
[[34m2026-07-17T20:31:53.707+0200[0m] {[34mscheduler_job_runner.py:[0m1598} INFO[0m - Adopting or resetting orphaned tasks for active dag runs[0m
[[34m2026-07-17T20:36:53.753+0200[0m] {[34mscheduler_job_runner.py:[0m1598} INFO[0m - Adopting or resetting orphaned tasks for active dag runs[0m
[[34m2026-07-17T20:41:53.914+0200[0m] {[34mscheduler_job_runner.py:[0m1598} INFO[0m - Adopting or resetting orphaned tasks for active dag runs[0m
[[34m2026-07-17T20:46:53.965+0200[0m] {[34mscheduler_job_runner.py:[0m1598} INFO[0m - Adopting or resetting orphaned tasks for active dag runs[0m
[[34m2026-07-17T20:51:54.008+0200[0m] {[34mscheduler_job_runner.py:[0m1598} INFO[0m - Adopting or resetting orphaned tasks for active dag runs[0m
[[34m2026-07-17T20:56:54.051+0200[0m] {[34mscheduler_job_runner.py:[0m1598} INFO[0m - Adopting or resetting orphaned tasks for active dag runs[0m
[[34m2026-07-17T21:01:54.181+0200[0m] {[34mscheduler_job_runner.py:[0m1598} INFO[0m - Adopting or resetting orphaned tasks for active dag runs[0m
[[34m2026-07-17T21:06:54.229+0200[0m] {[34mscheduler_job_runner.py:[0m1598} INFO[0m - Adopting or resetting orphaned tasks for active dag runs[0m
[[34m2026-07-17T21:11:54.279+0200[0m] {[34mscheduler_job_runner.py:[0m1598} INFO[0m - Adopting or resetting orphaned tasks for active dag runs[0m
[[34m2026-07-17T21:16:54.328+0200[0m] {[34mscheduler_job_runner.py:[0m1598} INFO[0m - Adopting or resetting orphaned tasks for active dag runs[0m
[[34m2026-07-17T21:21:54.369+0200[0m] {[34mscheduler_job_runner.py:[0m1598} INFO[0m - Adopting or resetting orphaned tasks for active dag runs[0m
[[34m2026-07-17T21:26:54.412+0200[0m] {[34mscheduler_job_runner.py:[0m1598} INFO[0m - Adopting or resetting orphaned tasks for active dag runs[0m
[[34m2026-07-17T21:31:54.463+0200[0m] {[34mscheduler_job_runner.py:[0m1598} INFO[0m - Adopting or resetting orphaned tasks for active dag runs[0m
[[34m2026-07-17T21:36:54.511+0200[0m] {[34mscheduler_job_runner.py:[0m1598} INFO[0m - Adopting or resetting orphaned tasks for active dag runs[0m
[[34m2026-07-17T21:41:54.556+0200[0m] {[34mscheduler_job_runner.py:[0m1598} INFO[0m - Adopting or resetting orphaned tasks for active dag runs[0m
[[34m2026-07-17T21:46:54.600+0200[0m] {[34mscheduler_job_runner.py:[0m1598} INFO[0m - Adopting or resetting orphaned tasks for active dag runs[0m
[[34m2026-07-17T21:51:54.641+0200[0m] {[34mscheduler_job_runner.py:[0m1598} INFO[0m - Adopting or resetting orphaned tasks for active dag runs[0m
[[34m2026-07-17T21:56:54.685+0200[0m] {[34mscheduler_job_runner.py:[0m1598} INFO[0m - Adopting or resetting orphaned tasks for active dag runs[0m
[[34m2026-07-17T22:01:54.728+0200[0m] {[34mscheduler_job_runner.py:[0m1598} INFO[0m - Adopting or resetting orphaned tasks for active dag runs[0m
[[34m2026-07-17T22:06:54.757+0200[0m] {[34mscheduler_job_runner.py:[0m1598} INFO[0m - Adopting or resetting orphaned tasks for active dag runs[0m
[[34m2026-07-17T22:11:54.795+0200[0m] {[34mscheduler_job_runner.py:[0m1598} INFO[0m - Adopting or resetting orphaned tasks for active dag runs[0m
[[34m2026-07-17T22:16:54.833+0200[0m] {[34mscheduler_job_runner.py:[0m1598} INFO[0m - Adopting or resetting orphaned tasks for active dag runs[0m
[[34m2026-07-17T22:21:54.871+0200[0m] {[34mscheduler_job_runner.py:[0m1598} INFO[0m - Adopting or resetting orphaned tasks for active dag runs[0m
[[34m2026-07-17T22:26:54.907+0200[0m] {[34mscheduler_job_runner.py:[0m1598} INFO[0m - Adopting or resetting orphaned tasks for active dag runs[0m
[[34m2026-07-17T22:31:54.942+0200[0m] {[34mscheduler_job_runner.py:[0m1598} INFO[0m - Adopting or resetting orphaned tasks for active dag runs[0m
[[34m2026-07-17T22:36:54.995+0200[0m] {[34mscheduler_job_runner.py:[0m1598} INFO[0m - Adopting or resetting orphaned tasks for active dag runs[0m
[[34m2026-07-17T22:41:55.037+0200[0m] {[34mscheduler_job_runner.py:[0m1598} INFO[0m - Adopting or resetting orphaned tasks for active dag runs[0m
[[34m2026-07-17T22:46:55.101+0200[0m] {[34mscheduler_job_runner.py:[0m1598} INFO[0m - Adopting or resetting orphaned tasks for active dag runs[0m
[[34m2026-07-17T22:51:55.146+0200[0m] {[34mscheduler_job_runner.py:[0m1598} INFO[0m - Adopting or resetting orphaned tasks for active dag runs[0m
[[34m2026-07-17T22:56:55.190+0200[0m] {[34mscheduler_job_runner.py:[0m1598} INFO[0m - Adopting or resetting orphaned tasks for active dag runs[0m
[[34m2026-07-17T23:01:55.235+0200[0m] {[34mscheduler_job_runner.py:[0m1598} INFO[0m - Adopting or resetting orphaned tasks for active dag runs[0m
[[34m2026-07-17T23:06:55.279+0200[0m] {[34mscheduler_job_runner.py:[0m1598} INFO[0m - Adopting or resetting orphaned tasks for active dag runs[0m
[[34m2026-07-17T23:11:55.327+0200[0m] {[34mscheduler_job_runner.py:[0m1598} INFO[0m - Adopting or resetting orphaned tasks for active dag runs[0m
[[34m2026-07-17T23:16:55.371+0200[0m] {[34mscheduler_job_runner.py:[0m1598} INFO[0m - Adopting or resetting orphaned tasks for active dag runs[0m
[[34m2026-07-17T23:21:55.410+0200[0m] {[34mscheduler_job_runner.py:[0m1598} INFO[0m - Adopting or resetting orphaned tasks for active dag runs[0m
[[34m2026-07-17T23:26:55.459+0200[0m] {[34mscheduler_job_runner.py:[0m1598} INFO[0m - Adopting or resetting orphaned tasks for active dag runs[0m
[[34m2026-07-17T23:31:55.497+0200[0m] {[34mscheduler_job_runner.py:[0m1598} INFO[0m - Adopting or resetting orphaned tasks for active dag runs[0m
[[34m2026-07-17T23:36:55.543+0200[0m] {[34mscheduler_job_runner.py:[0m1598} INFO[0m - Adopting or resetting orphaned tasks for active dag runs[0m
[[34m2026-07-17T23:41:55.594+0200[0m] {[34mscheduler_job_runner.py:[0m1598} INFO[0m - Adopting or resetting orphaned tasks for active dag runs[0m
[[34m2026-07-17T23:46:55.639+0200[0m] {[34mscheduler_job_runner.py:[0m1598} INFO[0m - Adopting or resetting orphaned tasks for active dag runs[0m
[[34m2026-07-17T23:51:55.702+0200[0m] {[34mscheduler_job_runner.py:[0m1598} INFO[0m - Adopting or resetting orphaned tasks for active dag runs[0m
[[34m2026-07-17T23:56:55.745+0200[0m] {[34mscheduler_job_runner.py:[0m1598} INFO[0m - Adopting or resetting orphaned tasks for active dag runs[0m
[[34m2026-07-18T00:01:55.789+0200[0m] {[34mscheduler_job_runner.py:[0m1598} INFO[0m - Adopting or resetting orphaned tasks for active dag runs[0m
[[34m2026-07-18T00:06:55.824+0200[0m] {[34mscheduler_job_runner.py:[0m1598} INFO[0m - Adopting or resetting orphaned tasks for active dag runs[0m
[[34m2026-07-18T00:11:55.859+0200[0m] {[34mscheduler_job_runner.py:[0m1598} INFO[0m - Adopting or resetting orphaned tasks for active dag runs[0m
[[34m2026-07-18T00:16:56.052+0200[0m] {[34mscheduler_job_runner.py:[0m1598} INFO[0m - Adopting or resetting orphaned tasks for active dag runs[0m
[[34m2026-07-18T00:21:56.090+0200[0m] {[34mscheduler_job_runner.py:[0m1598} INFO[0m - Adopting or resetting orphaned tasks for active dag runs[0m
[[34m2026-07-18T00:26:56.133+0200[0m] {[34mscheduler_job_runner.py:[0m1598} INFO[0m - Adopting or resetting orphaned tasks for active dag runs[0m
[[34m2026-07-18T00:31:56.178+0200[0m] {[34mscheduler_job_runner.py:[0m1598} INFO[0m - Adopting or resetting orphaned tasks for active dag runs[0m
[[34m2026-07-18T00:36:56.222+0200[0m] {[34mscheduler_job_runner.py:[0m1598} INFO[0m - Adopting or resetting orphaned tasks for active dag runs[0m
[[34m2026-07-18T00:41:56.270+0200[0m] {[34mscheduler_job_runner.py:[0m1598} INFO[0m - Adopting or resetting orphaned tasks for active dag runs[0m
[[34m2026-07-18T00:46:56.312+0200[0m] {[34mscheduler_job_runner.py:[0m1598} INFO[0m - Adopting or resetting orphaned tasks for active dag runs[0m
[[34m2026-07-18T00:51:56.355+0200[0m] {[34mscheduler_job_runner.py:[0m1598} INFO[0m - Adopting or resetting orphaned tasks for active dag runs[0m
[[34m2026-07-18T00:56:56.399+0200[0m] {[34mscheduler_job_runner.py:[0m1598} INFO[0m - Adopting or resetting orphaned tasks for active dag runs[0m
[[34m2026-07-18T01:01:56.425+0200[0m] {[34mscheduler_job_runner.py:[0m1598} INFO[0m - Adopting or resetting orphaned tasks for active dag runs[0m
[[34m2026-07-18T01:06:56.685+0200[0m] {[34mscheduler_job_runner.py:[0m1598} INFO[0m - Adopting or resetting orphaned tasks for active dag runs[0m
[[34m2026-07-18T01:11:56.739+0200[0m] {[34mscheduler_job_runner.py:[0m1598} INFO[0m - Adopting or resetting orphaned tasks for active dag runs[0m
[[34m2026-07-18T01:16:56.782+0200[0m] {[34mscheduler_job_runner.py:[0m1598} INFO[0m - Adopting or resetting orphaned tasks for active dag runs[0m
[[34m2026-07-18T01:21:56.822+0200[0m] {[34mscheduler_job_runner.py:[0m1598} INFO[0m - Adopting or resetting orphaned tasks for active dag runs[0m
[[34m2026-07-18T01:26:56.861+0200[0m] {[34mscheduler_job_runner.py:[0m1598} INFO[0m - Adopting or resetting orphaned tasks for active dag runs[0m
[[34m2026-07-18T01:31:56.907+0200[0m] {[34mscheduler_job_runner.py:[0m1598} INFO[0m - Adopting or resetting orphaned tasks for active dag runs[0m
[[34m2026-07-18T01:36:56.950+0200[0m] {[34mscheduler_job_runner.py:[0m1598} INFO[0m - Adopting or resetting orphaned tasks for active dag runs[0m
[[34m2026-07-18T01:41:56.994+0200[0m] {[34mscheduler_job_runner.py:[0m1598} INFO[0m - Adopting or resetting orphaned tasks for active dag runs[0m
[[34m2026-07-18T01:46:57.038+0200[0m] {[34mscheduler_job_runner.py:[0m1598} INFO[0m - Adopting or resetting orphaned tasks for active dag runs[0m
[[34m2026-07-18T01:51:57.094+0200[0m] {[34mscheduler_job_runner.py:[0m1598} INFO[0m - Adopting or resetting orphaned tasks for active dag runs[0m
[[34m2026-07-18T01:56:57.133+0200[0m] {[34mscheduler_job_runner.py:[0m1598} INFO[0m - Adopting or resetting orphaned tasks for active dag runs[0m
[[34m2026-07-18T02:01:57.178+0200[0m] {[34mscheduler_job_runner.py:[0m1598} INFO[0m - Adopting or resetting orphaned tasks for active dag runs[0m
[[34m2026-07-18T02:06:57.227+0200[0m] {[34mscheduler_job_runner.py:[0m1598} INFO[0m - Adopting or resetting orphaned tasks for active dag runs[0m
[[34m2026-07-18T02:11:58.010+0200[0m] {[34mscheduler_job_runner.py:[0m1598} INFO[0m - Adopting or resetting orphaned tasks for active dag runs[0m
[[34m2026-07-18T02:16:58.081+0200[0m] {[34mscheduler_job_runner.py:[0m1598} INFO[0m - Adopting or resetting orphaned tasks for active dag runs[0m
[[34m2026-07-18T02:21:58.127+0200[0m] {[34mscheduler_job_runner.py:[0m1598} INFO[0m - Adopting or resetting orphaned tasks for active dag runs[0m
[[34m2026-07-18T02:26:58.168+0200[0m] {[34mscheduler_job_runner.py:[0m1598} INFO[0m - Adopting or resetting orphaned tasks for active dag runs[0m
[[34m2026-07-18T02:31:58.212+0200[0m] {[34mscheduler_job_runner.py:[0m1598} INFO[0m - Adopting or resetting orphaned tasks for active dag runs[0m
[[34m2026-07-18T02:36:58.787+0200[0m] {[34mscheduler_job_runner.py:[0m1598} INFO[0m - Adopting or resetting orphaned tasks for active dag runs[0m
[[34m2026-07-18T02:41:58.831+0200[0m] {[34mscheduler_job_runner.py:[0m1598} INFO[0m - Adopting or resetting orphaned tasks for active dag runs[0m
[[34m2026-07-18T02:46:58.874+0200[0m] {[34mscheduler_job_runner.py:[0m1598} INFO[0m - Adopting or resetting orphaned tasks for active dag runs[0m
[[34m2026-07-18T02:51:58.918+0200[0m] {[34mscheduler_job_runner.py:[0m1598} INFO[0m - Adopting or resetting orphaned tasks for active dag runs[0m
[[34m2026-07-18T02:56:59.178+0200[0m] {[34mscheduler_job_runner.py:[0m1598} INFO[0m - Adopting or resetting orphaned tasks for active dag runs[0m
[[34m2026-07-18T03:01:59.221+0200[0m] {[34mscheduler_job_runner.py:[0m1598} INFO[0m - Adopting or resetting orphaned tasks for active dag runs[0m
[[34m2026-07-18T03:06:59.264+0200[0m] {[34mscheduler_job_runner.py:[0m1598} INFO[0m - Adopting or resetting orphaned tasks for active dag runs[0m
[[34m2026-07-18T03:11:59.314+0200[0m] {[34mscheduler_job_runner.py:[0m1598} INFO[0m - Adopting or resetting orphaned tasks for active dag runs[0m
[[34m2026-07-18T03:16:59.360+0200[0m] {[34mscheduler_job_runner.py:[0m1598} INFO[0m - Adopting or resetting orphaned tasks for active dag runs[0m
[[34m2026-07-18T03:21:59.406+0200[0m] {[34mscheduler_job_runner.py:[0m1598} INFO[0m - Adopting or resetting orphaned tasks for active dag runs[0m
[[34m2026-07-18T03:26:59.447+0200[0m] {[34mscheduler_job_runner.py:[0m1598} INFO[0m - Adopting or resetting orphaned tasks for active dag runs[0m
[[34m2026-07-18T03:31:59.488+0200[0m] {[34mscheduler_job_runner.py:[0m1598} INFO[0m - Adopting or resetting orphaned tasks for active dag runs[0m
[[34m2026-07-18T03:36:59.528+0200[0m] {[34mscheduler_job_runner.py:[0m1598} INFO[0m - Adopting or resetting orphaned tasks for active dag runs[0m
[[34m2026-07-18T03:41:59.569+0200[0m] {[34mscheduler_job_runner.py:[0m1598} INFO[0m - Adopting or resetting orphaned tasks for active dag runs[0m
[[34m2026-07-18T03:46:59.614+0200[0m] {[34mscheduler_job_runner.py:[0m1598} INFO[0m - Adopting or resetting orphaned tasks for active dag runs[0m
[[34m2026-07-18T03:52:00.563+0200[0m] {[34mscheduler_job_runner.py:[0m1598} INFO[0m - Adopting or resetting orphaned tasks for active dag runs[0m
[[34m2026-07-18T03:57:00.611+0200[0m] {[34mscheduler_job_runner.py:[0m1598} INFO[0m - Adopting or resetting orphaned tasks for active dag runs[0m
[[34m2026-07-18T04:02:00.650+0200[0m] {[34mscheduler_job_runner.py:[0m1598} INFO[0m - Adopting or resetting orphaned tasks for active dag runs[0m
[[34m2026-07-18T04:07:00.694+0200[0m] {[34mscheduler_job_runner.py:[0m1598} INFO[0m - Adopting or resetting orphaned tasks for active dag runs[0m
[[34m2026-07-18T04:12:00.738+0200[0m] {[34mscheduler_job_runner.py:[0m1598} INFO[0m - Adopting or resetting orphaned tasks for active dag runs[0m
[[34m2026-07-18T04:17:00.780+0200[0m] {[34mscheduler_job_runner.py:[0m1598} INFO[0m - Adopting or resetting orphaned tasks for active dag runs[0m
[[34m2026-07-18T04:22:00.817+0200[0m] {[34mscheduler_job_runner.py:[0m1598} INFO[0m - Adopting or resetting orphaned tasks for active dag runs[0m
[[34m2026-07-18T04:27:00.853+0200[0m] {[34mscheduler_job_runner.py:[0m1598} INFO[0m - Adopting or resetting orphaned tasks for active dag runs[0m
[[34m2026-07-18T04:32:00.892+0200[0m] {[34mscheduler_job_runner.py:[0m1598} INFO[0m - Adopting or resetting orphaned tasks for active dag runs[0m
[[34m2026-07-18T04:37:00.931+0200[0m] {[34mscheduler_job_runner.py:[0m1598} INFO[0m - Adopting or resetting orphaned tasks for active dag runs[0m
[[34m2026-07-18T04:42:00.980+0200[0m] {[34mscheduler_job_runner.py:[0m1598} INFO[0m - Adopting or resetting orphaned tasks for active dag runs[0m
[[34m2026-07-18T04:47:01.020+0200[0m] {[34mscheduler_job_runner.py:[0m1598} INFO[0m - Adopting or resetting orphaned tasks for active dag runs[0m
[[34m2026-07-18T04:52:01.055+0200[0m] {[34mscheduler_job_runner.py:[0m1598} INFO[0m - Adopting or resetting orphaned tasks for active dag runs[0m
[[34m2026-07-18T04:57:01.101+0200[0m] {[34mscheduler_job_runner.py:[0m1598} INFO[0m - Adopting or resetting orphaned tasks for active dag runs[0m
[[34m2026-07-18T05:02:01.141+0200[0m] {[34mscheduler_job_runner.py:[0m1598} INFO[0m - Adopting or resetting orphaned tasks for active dag runs[0m
[[34m2026-07-18T05:07:01.190+0200[0m] {[34mscheduler_job_runner.py:[0m1598} INFO[0m - Adopting or resetting orphaned tasks for active dag runs[0m
[[34m2026-07-18T05:12:01.272+0200[0m] {[34mscheduler_job_runner.py:[0m1598} INFO[0m - Adopting or resetting orphaned tasks for active dag runs[0m
[[34m2026-07-18T05:17:01.310+0200[0m] {[34mscheduler_job_runner.py:[0m1598} INFO[0m - Adopting or resetting orphaned tasks for active dag runs[0m
[[34m2026-07-18T05:22:01.356+0200[0m] {[34mscheduler_job_runner.py:[0m1598} INFO[0m - Adopting or resetting orphaned tasks for active dag runs[0m
[[34m2026-07-18T05:27:01.392+0200[0m] {[34mscheduler_job_runner.py:[0m1598} INFO[0m - Adopting or resetting orphaned tasks for active dag runs[0m
[[34m2026-07-18T05:32:01.441+0200[0m] {[34mscheduler_job_runner.py:[0m1598} INFO[0m - Adopting or resetting orphaned tasks for active dag runs[0m
[[34m2026-07-18T05:37:01.483+0200[0m] {[34mscheduler_job_runner.py:[0m1598} INFO[0m - Adopting or resetting orphaned tasks for active dag runs[0m
[[34m2026-07-18T05:42:01.524+0200[0m] {[34mscheduler_job_runner.py:[0m1598} INFO[0m - Adopting or resetting orphaned tasks for active dag runs[0m
[[34m2026-07-18T05:47:01.568+0200[0m] {[34mscheduler_job_runner.py:[0m1598} INFO[0m - Adopting or resetting orphaned tasks for active dag runs[0m
[[34m2026-07-18T05:52:01.616+0200[0m] {[34mscheduler_job_runner.py:[0m1598} INFO[0m - Adopting or resetting orphaned tasks for active dag runs[0m
[[34m2026-07-18T05:57:01.655+0200[0m] {[34mscheduler_job_runner.py:[0m1598} INFO[0m - Adopting or resetting orphaned tasks for active dag runs[0m
[[34m2026-07-18T06:02:01.698+0200[0m] {[34mscheduler_job_runner.py:[0m1598} INFO[0m - Adopting or resetting orphaned tasks for active dag runs[0m
[[34m2026-07-18T06:07:01.745+0200[0m] {[34mscheduler_job_runner.py:[0m1598} INFO[0m - Adopting or resetting orphaned tasks for active dag runs[0m
[[34m2026-07-18T06:12:01.779+0200[0m] {[34mscheduler_job_runner.py:[0m1598} INFO[0m - Adopting or resetting orphaned tasks for active dag runs[0m
[[34m2026-07-18T06:17:01.822+0200[0m] {[34mscheduler_job_runner.py:[0m1598} INFO[0m - Adopting or resetting orphaned tasks for active dag runs[0m
[[34m2026-07-18T06:22:01.865+0200[0m] {[34mscheduler_job_runner.py:[0m1598} INFO[0m - Adopting or resetting orphaned tasks for active dag runs[0m
[[34m2026-07-18T06:27:01.901+0200[0m] {[34mscheduler_job_runner.py:[0m1598} INFO[0m - Adopting or resetting orphaned tasks for active dag runs[0m
[[34m2026-07-18T06:32:01.945+0200[0m] {[34mscheduler_job_runner.py:[0m1598} INFO[0m - Adopting or resetting orphaned tasks for active dag runs[0m
[[34m2026-07-18T06:37:01.985+0200[0m] {[34mscheduler_job_runner.py:[0m1598} INFO[0m - Adopting or resetting orphaned tasks for active dag runs[0m
[[34m2026-07-18T06:42:02.028+0200[0m] {[34mscheduler_job_runner.py:[0m1598} INFO[0m - Adopting or resetting orphaned tasks for active dag runs[0m
[[34m2026-07-18T06:47:02.070+0200[0m] {[34mscheduler_job_runner.py:[0m1598} INFO[0m - Adopting or resetting orphaned tasks for active dag runs[0m
[[34m2026-07-18T06:52:02.104+0200[0m] {[34mscheduler_job_runner.py:[0m1598} INFO[0m - Adopting or resetting orphaned tasks for active dag runs[0m
[[34m2026-07-18T06:57:02.146+0200[0m] {[34mscheduler_job_runner.py:[0m1598} INFO[0m - Adopting or resetting orphaned tasks for active dag runs[0m
[[34m2026-07-18T07:02:02.190+0200[0m] {[34mscheduler_job_runner.py:[0m1598} INFO[0m - Adopting or resetting orphaned tasks for active dag runs[0m
[[34m2026-07-18T07:07:02.232+0200[0m] {[34mscheduler_job_runner.py:[0m1598} INFO[0m - Adopting or resetting orphaned tasks for active dag runs[0m
[[34m2026-07-18T07:12:02.275+0200[0m] {[34mscheduler_job_runner.py:[0m1598} INFO[0m - Adopting or resetting orphaned tasks for active dag runs[0m
[[34m2026-07-18T07:17:02.321+0200[0m] {[34mscheduler_job_runner.py:[0m1598} INFO[0m - Adopting or resetting orphaned tasks for active dag runs[0m
[[34m2026-07-18T07:22:02.368+0200[0m] {[34mscheduler_job_runner.py:[0m1598} INFO[0m - Adopting or resetting orphaned tasks for active dag runs[0m
[[34m2026-07-18T07:27:02.415+0200[0m] {[34mscheduler_job_runner.py:[0m1598} INFO[0m - Adopting or resetting orphaned tasks for active dag runs[0m
[[34m2026-07-18T07:32:03.313+0200[0m] {[34mscheduler_job_runner.py:[0m1598} INFO[0m - Adopting or resetting orphaned tasks for active dag runs[0m
[[34m2026-07-18T07:37:03.355+0200[0m] {[34mscheduler_job_runner.py:[0m1598} INFO[0m - Adopting or resetting orphaned tasks for active dag runs[0m
[[34m2026-07-18T07:42:03.397+0200[0m] {[34mscheduler_job_runner.py:[0m1598} INFO[0m - Adopting or resetting orphaned tasks for active dag runs[0m
[[34m2026-07-18T07:47:03.438+0200[0m] {[34mscheduler_job_runner.py:[0m1598} INFO[0m - Adopting or resetting orphaned tasks for active dag runs[0m
[[34m2026-07-18T07:52:03.486+0200[0m] {[34mscheduler_job_runner.py:[0m1598} INFO[0m - Adopting or resetting orphaned tasks for active dag runs[0m
[[34m2026-07-18T07:57:03.531+0200[0m] {[34mscheduler_job_runner.py:[0m1598} INFO[0m - Adopting or resetting orphaned tasks for active dag runs[0m
[[34m2026-07-18T08:02:03.582+0200[0m] {[34mscheduler_job_runner.py:[0m1598} INFO[0m - Adopting or resetting orphaned tasks for active dag runs[0m
[[34m2026-07-18T08:07:03.626+0200[0m] {[34mscheduler_job_runner.py:[0m1598} INFO[0m - Adopting or resetting orphaned tasks for active dag runs[0m
[[34m2026-07-18T08:12:03.673+0200[0m] {[34mscheduler_job_runner.py:[0m1598} INFO[0m - Adopting or resetting orphaned tasks for active dag runs[0m
[[34m2026-07-18T08:17:03.717+0200[0m] {[34mscheduler_job_runner.py:[0m1598} INFO[0m - Adopting or resetting orphaned tasks for active dag runs[0m
[[34m2026-07-18T08:22:03.763+0200[0m] {[34mscheduler_job_runner.py:[0m1598} INFO[0m - Adopting or resetting orphaned tasks for active dag runs[0m
[[34m2026-07-18T08:27:03.803+0200[0m] {[34mscheduler_job_runner.py:[0m1598} INFO[0m - Adopting or resetting orphaned tasks for active dag runs[0m
[[34m2026-07-18T08:32:03.840+0200[0m] {[34mscheduler_job_runner.py:[0m1598} INFO[0m - Adopting or resetting orphaned tasks for active dag runs[0m
[[34m2026-07-18T08:37:03.875+0200[0m] {[34mscheduler_job_runner.py:[0m1598} INFO[0m - Adopting or resetting orphaned tasks for active dag runs[0m
[[34m2026-07-18T08:42:03.919+0200[0m] {[34mscheduler_job_runner.py:[0m1598} INFO[0m - Adopting or resetting orphaned tasks for active dag runs[0m
[[34m2026-07-18T08:47:03.963+0200[0m] {[34mscheduler_job_runner.py:[0m1598} INFO[0m - Adopting or resetting orphaned tasks for active dag runs[0m
[[34m2026-07-18T08:52:04.120+0200[0m] {[34mscheduler_job_runner.py:[0m1598} INFO[0m - Adopting or resetting orphaned tasks for active dag runs[0m
[[34m2026-07-18T08:57:04.266+0200[0m] {[34mscheduler_job_runner.py:[0m1598} INFO[0m - Adopting or resetting orphaned tasks for active dag runs[0m
[[34m2026-07-18T09:02:04.315+0200[0m] {[34mscheduler_job_runner.py:[0m1598} INFO[0m - Adopting or resetting orphaned tasks for active dag runs[0m
[[34m2026-07-18T09:07:04.357+0200[0m] {[34mscheduler_job_runner.py:[0m1598} INFO[0m - Adopting or resetting orphaned tasks for active dag runs[0m
[[34m2026-07-18T09:12:04.395+0200[0m] {[34mscheduler_job_runner.py:[0m1598} INFO[0m - Adopting or resetting orphaned tasks for active dag runs[0m
[[34m2026-07-18T09:17:04.445+0200[0m] {[34mscheduler_job_runner.py:[0m1598} INFO[0m - Adopting or resetting orphaned tasks for active dag runs[0m
[[34m2026-07-18T09:22:04.489+0200[0m] {[34mscheduler_job_runner.py:[0m1598} INFO[0m - Adopting or resetting orphaned tasks for active dag runs[0m
[[34m2026-07-18T09:27:04.531+0200[0m] {[34mscheduler_job_runner.py:[0m1598} INFO[0m - Adopting or resetting orphaned tasks for active dag runs[0m
[[34m2026-07-18T09:32:04.573+0200[0m] {[34mscheduler_job_runner.py:[0m1598} INFO[0m - Adopting or resetting orphaned tasks for active dag runs[0m
[[34m2026-07-18T09:37:04.620+0200[0m] {[34mscheduler_job_runner.py:[0m1598} INFO[0m - Adopting or resetting orphaned tasks for active dag runs[0m
[[34m2026-07-18T09:42:04.669+0200[0m] {[34mscheduler_job_runner.py:[0m1598} INFO[0m - Adopting or resetting orphaned tasks for active dag runs[0m
[[34m2026-07-18T09:47:04.710+0200[0m] {[34mscheduler_job_runner.py:[0m1598} INFO[0m - Adopting or resetting orphaned tasks for active dag runs[0m
[[34m2026-07-18T09:52:04.760+0200[0m] {[34mscheduler_job_runner.py:[0m1598} INFO[0m - Adopting or resetting orphaned tasks for active dag runs[0m
[[34m2026-07-18T09:57:04.808+0200[0m] {[34mscheduler_job_runner.py:[0m1598} INFO[0m - Adopting or resetting orphaned tasks for active dag runs[0m
[[34m2026-07-18T10:02:04.851+0200[0m] {[34mscheduler_job_runner.py:[0m1598} INFO[0m - Adopting or resetting orphaned tasks for active dag runs[0m
[[34m2026-07-18T10:07:04.896+0200[0m] {[34mscheduler_job_runner.py:[0m1598} INFO[0m - Adopting or resetting orphaned tasks for active dag runs[0m
[[34m2026-07-18T10:12:04.939+0200[0m] {[34mscheduler_job_runner.py:[0m1598} INFO[0m - Adopting or resetting orphaned tasks for active dag runs[0m
[[34m2026-07-18T10:17:04.982+0200[0m] {[34mscheduler_job_runner.py:[0m1598} INFO[0m - Adopting or resetting orphaned tasks for active dag runs[0m
[[34m2026-07-18T10:22:05.026+0200[0m] {[34mscheduler_job_runner.py:[0m1598} INFO[0m - Adopting or resetting orphaned tasks for active dag runs[0m
[[34m2026-07-18T10:27:05.067+0200[0m] {[34mscheduler_job_runner.py:[0m1598} INFO[0m - Adopting or resetting orphaned tasks for active dag runs[0m
[[34m2026-07-18T10:30:02.011+0200[0m] {[34mscheduler_job_runner.py:[0m1323} INFO[0m - DAG clinical_extractor_daily is at (or above) max_active_runs (1 of 1), not creating any more runs[0m
[[34m2026-07-18T10:30:02.804+0200[0m] {[34mscheduler_job_runner.py:[0m414} INFO[0m - 2 tasks up for execution:
	<TaskInstance: clinical_extractor_daily.er_query scheduled__2026-07-17T08:30:00+00:00 [scheduled]>
	<TaskInstance: clinical_extractor_daily.opd_query scheduled__2026-07-17T08:30:00+00:00 [scheduled]>[0m
[[34m2026-07-18T10:30:02.804+0200[0m] {[34mscheduler_job_runner.py:[0m477} INFO[0m - DAG clinical_extractor_daily has 0/16 running and queued tasks[0m
[[34m2026-07-18T10:30:02.805+0200[0m] {[34mscheduler_job_runner.py:[0m477} INFO[0m - DAG clinical_extractor_daily has 1/16 running and queued tasks[0m
[[34m2026-07-18T10:30:02.805+0200[0m] {[34mscheduler_job_runner.py:[0m593} INFO[0m - Setting the following tasks to queued state:
	<TaskInstance: clinical_extractor_daily.er_query scheduled__2026-07-17T08:30:00+00:00 [scheduled]>
	<TaskInstance: clinical_extractor_daily.opd_query scheduled__2026-07-17T08:30:00+00:00 [scheduled]>[0m
[[34m2026-07-18T10:30:02.806+0200[0m] {[34mtaskinstance.py:[0m1441} WARNING[0m - cannot record scheduled_duration for task er_query because previous state change time has not been saved[0m
[[34m2026-07-18T10:30:02.806+0200[0m] {[34mtaskinstance.py:[0m1441} WARNING[0m - cannot record scheduled_duration for task opd_query because previous state change time has not been saved[0m
[[34m2026-07-18T10:30:02.806+0200[0m] {[34mscheduler_job_runner.py:[0m636} INFO[0m - Sending TaskInstanceKey(dag_id='clinical_extractor_daily', task_id='er_query', run_id='scheduled__2026-07-17T08:30:00+00:00', try_number=1, map_index=-1) to executor with priority 3 and queue default[0m
[[34m2026-07-18T10:30:02.807+0200[0m] {[34mbase_executor.py:[0m144} INFO[0m - Adding to queue: ['airflow', 'tasks', 'run', 'clinical_extractor_daily', 'er_query', 'scheduled__2026-07-17T08:30:00+00:00', '--local', '--subdir', 'DAGS_FOLDER/clinical_extractor_dag.py'][0m
[[34m2026-07-18T10:30:02.807+0200[0m] {[34mscheduler_job_runner.py:[0m636} INFO[0m - Sending TaskInstanceKey(dag_id='clinical_extractor_daily', task_id='opd_query', run_id='scheduled__2026-07-17T08:30:00+00:00', try_number=1, map_index=-1) to executor with priority 3 and queue default[0m
[[34m2026-07-18T10:30:02.807+0200[0m] {[34mbase_executor.py:[0m144} INFO[0m - Adding to queue: ['airflow', 'tasks', 'run', 'clinical_extractor_daily', 'opd_query', 'scheduled__2026-07-17T08:30:00+00:00', '--local', '--subdir', 'DAGS_FOLDER/clinical_extractor_dag.py'][0m
[[34m2026-07-18T10:30:02.810+0200[0m] {[34msequential_executor.py:[0m74} INFO[0m - Executing command: ['airflow', 'tasks', 'run', 'clinical_extractor_daily', 'er_query', 'scheduled__2026-07-17T08:30:00+00:00', '--local', '--subdir', 'DAGS_FOLDER/clinical_extractor_dag.py'][0m
[[34m2026-07-18T10:30:03.962+0200[0m] {[34mdagbag.py:[0m536} INFO[0m - Filling up the DagBag from /home/ai/Workspace/Khalid/Clinical Notes/Clinical Extractor/project/airflow_home/dags/clinical_extractor_dag.py[0m
Changing /home/ai/Workspace/Khalid/Clinical Notes/Clinical Extractor/project/airflow_home/logs/dag_id=clinical_extractor_daily/run_id=scheduled__2026-07-17T08:30:00+00:00/task_id=er_query permission to 509
[[34m2026-07-18T10:30:04.141+0200[0m] {[34mtask_command.py:[0m416} INFO[0m - Running <TaskInstance: clinical_extractor_daily.er_query scheduled__2026-07-17T08:30:00+00:00 [queued]> on host localhost[0m
[[34m2026-07-18T10:30:11.158+0200[0m] {[34msequential_executor.py:[0m74} INFO[0m - Executing command: ['airflow', 'tasks', 'run', 'clinical_extractor_daily', 'opd_query', 'scheduled__2026-07-17T08:30:00+00:00', '--local', '--subdir', 'DAGS_FOLDER/clinical_extractor_dag.py'][0m
[[34m2026-07-18T10:30:12.106+0200[0m] {[34mdagbag.py:[0m536} INFO[0m - Filling up the DagBag from /home/ai/Workspace/Khalid/Clinical Notes/Clinical Extractor/project/airflow_home/dags/clinical_extractor_dag.py[0m
Changing /home/ai/Workspace/Khalid/Clinical Notes/Clinical Extractor/project/airflow_home/logs/dag_id=clinical_extractor_daily/run_id=scheduled__2026-07-17T08:30:00+00:00/task_id=opd_query permission to 509
[[34m2026-07-18T10:30:12.272+0200[0m] {[34mtask_command.py:[0m416} INFO[0m - Running <TaskInstance: clinical_extractor_daily.opd_query scheduled__2026-07-17T08:30:00+00:00 [queued]> on host localhost[0m
[[34m2026-07-18T10:30:15.168+0200[0m] {[34mscheduler_job_runner.py:[0m686} INFO[0m - Received executor event with state success for task instance TaskInstanceKey(dag_id='clinical_extractor_daily', task_id='er_query', run_id='scheduled__2026-07-17T08:30:00+00:00', try_number=1, map_index=-1)[0m
[[34m2026-07-18T10:30:15.171+0200[0m] {[34mscheduler_job_runner.py:[0m686} INFO[0m - Received executor event with state success for task instance TaskInstanceKey(dag_id='clinical_extractor_daily', task_id='opd_query', run_id='scheduled__2026-07-17T08:30:00+00:00', try_number=1, map_index=-1)[0m
[[34m2026-07-18T10:30:15.185+0200[0m] {[34mscheduler_job_runner.py:[0m723} INFO[0m - TaskInstance Finished: dag_id=clinical_extractor_daily, task_id=er_query, run_id=scheduled__2026-07-17T08:30:00+00:00, map_index=-1, run_start_date=2026-07-18 08:30:04.193872+00:00, run_end_date=2026-07-18 08:30:10.860747+00:00, run_duration=6.666875, state=success, executor_state=success, try_number=1, max_tries=2, job_id=31, pool=default_pool, queue=default, priority_weight=3, operator=PythonOperator, queued_dttm=2026-07-18 08:30:02.805548+00:00, queued_by_job_id=24, pid=2645768[0m
[[34m2026-07-18T10:30:15.186+0200[0m] {[34mscheduler_job_runner.py:[0m723} INFO[0m - TaskInstance Finished: dag_id=clinical_extractor_daily, task_id=opd_query, run_id=scheduled__2026-07-17T08:30:00+00:00, map_index=-1, run_start_date=2026-07-18 08:30:12.338753+00:00, run_end_date=2026-07-18 08:30:14.872526+00:00, run_duration=2.533773, state=success, executor_state=success, try_number=1, max_tries=2, job_id=32, pool=default_pool, queue=default, priority_weight=3, operator=PythonOperator, queued_dttm=2026-07-18 08:30:02.805548+00:00, queued_by_job_id=24, pid=2645880[0m
[[34m2026-07-18T10:30:15.472+0200[0m] {[34mscheduler_job_runner.py:[0m414} INFO[0m - 2 tasks up for execution:
	<TaskInstance: clinical_extractor_daily.er_ai_process scheduled__2026-07-17T08:30:00+00:00 [scheduled]>
	<TaskInstance: clinical_extractor_daily.opd_ai_process scheduled__2026-07-17T08:30:00+00:00 [scheduled]>[0m
[[34m2026-07-18T10:30:15.472+0200[0m] {[34mscheduler_job_runner.py:[0m477} INFO[0m - DAG clinical_extractor_daily has 0/16 running and queued tasks[0m
[[34m2026-07-18T10:30:15.473+0200[0m] {[34mscheduler_job_runner.py:[0m477} INFO[0m - DAG clinical_extractor_daily has 1/16 running and queued tasks[0m
[[34m2026-07-18T10:30:15.473+0200[0m] {[34mscheduler_job_runner.py:[0m593} INFO[0m - Setting the following tasks to queued state:
	<TaskInstance: clinical_extractor_daily.er_ai_process scheduled__2026-07-17T08:30:00+00:00 [scheduled]>
	<TaskInstance: clinical_extractor_daily.opd_ai_process scheduled__2026-07-17T08:30:00+00:00 [scheduled]>[0m
[[34m2026-07-18T10:30:15.474+0200[0m] {[34mtaskinstance.py:[0m1441} WARNING[0m - cannot record scheduled_duration for task er_ai_process because previous state change time has not been saved[0m
[[34m2026-07-18T10:30:15.474+0200[0m] {[34mtaskinstance.py:[0m1441} WARNING[0m - cannot record scheduled_duration for task opd_ai_process because previous state change time has not been saved[0m
[[34m2026-07-18T10:30:15.475+0200[0m] {[34mscheduler_job_runner.py:[0m636} INFO[0m - Sending TaskInstanceKey(dag_id='clinical_extractor_daily', task_id='er_ai_process', run_id='scheduled__2026-07-17T08:30:00+00:00', try_number=1, map_index=-1) to executor with priority 2 and queue default[0m
[[34m2026-07-18T10:30:15.475+0200[0m] {[34mbase_executor.py:[0m144} INFO[0m - Adding to queue: ['airflow', 'tasks', 'run', 'clinical_extractor_daily', 'er_ai_process', 'scheduled__2026-07-17T08:30:00+00:00', '--local', '--subdir', 'DAGS_FOLDER/clinical_extractor_dag.py'][0m
[[34m2026-07-18T10:30:15.475+0200[0m] {[34mscheduler_job_runner.py:[0m636} INFO[0m - Sending TaskInstanceKey(dag_id='clinical_extractor_daily', task_id='opd_ai_process', run_id='scheduled__2026-07-17T08:30:00+00:00', try_number=1, map_index=-1) to executor with priority 2 and queue default[0m
[[34m2026-07-18T10:30:15.475+0200[0m] {[34mbase_executor.py:[0m144} INFO[0m - Adding to queue: ['airflow', 'tasks', 'run', 'clinical_extractor_daily', 'opd_ai_process', 'scheduled__2026-07-17T08:30:00+00:00', '--local', '--subdir', 'DAGS_FOLDER/clinical_extractor_dag.py'][0m
[[34m2026-07-18T10:30:15.479+0200[0m] {[34msequential_executor.py:[0m74} INFO[0m - Executing command: ['airflow', 'tasks', 'run', 'clinical_extractor_daily', 'er_ai_process', 'scheduled__2026-07-17T08:30:00+00:00', '--local', '--subdir', 'DAGS_FOLDER/clinical_extractor_dag.py'][0m
[[34m2026-07-18T10:30:16.443+0200[0m] {[34mdagbag.py:[0m536} INFO[0m - Filling up the DagBag from /home/ai/Workspace/Khalid/Clinical Notes/Clinical Extractor/project/airflow_home/dags/clinical_extractor_dag.py[0m
Changing /home/ai/Workspace/Khalid/Clinical Notes/Clinical Extractor/project/airflow_home/logs/dag_id=clinical_extractor_daily/run_id=scheduled__2026-07-17T08:30:00+00:00/task_id=er_ai_process permission to 509
[[34m2026-07-18T10:30:16.609+0200[0m] {[34mtask_command.py:[0m416} INFO[0m - Running <TaskInstance: clinical_extractor_daily.er_ai_process scheduled__2026-07-17T08:30:00+00:00 [queued]> on host localhost[0m
[[34m2026-07-18T10:30:29.368+0200[0m] {[34msequential_executor.py:[0m74} INFO[0m - Executing command: ['airflow', 'tasks', 'run', 'clinical_extractor_daily', 'opd_ai_process', 'scheduled__2026-07-17T08:30:00+00:00', '--local', '--subdir', 'DAGS_FOLDER/clinical_extractor_dag.py'][0m
[[34m2026-07-18T10:30:30.925+0200[0m] {[34mdagbag.py:[0m536} INFO[0m - Filling up the DagBag from /home/ai/Workspace/Khalid/Clinical Notes/Clinical Extractor/project/airflow_home/dags/clinical_extractor_dag.py[0m
Changing /home/ai/Workspace/Khalid/Clinical Notes/Clinical Extractor/project/airflow_home/logs/dag_id=clinical_extractor_daily/run_id=scheduled__2026-07-17T08:30:00+00:00/task_id=opd_ai_process permission to 509
[[34m2026-07-18T10:30:31.091+0200[0m] {[34mtask_command.py:[0m416} INFO[0m - Running <TaskInstance: clinical_extractor_daily.opd_ai_process scheduled__2026-07-17T08:30:00+00:00 [queued]> on host localhost[0m
[[34m2026-07-18T10:30:36.757+0200[0m] {[34mscheduler_job_runner.py:[0m686} INFO[0m - Received executor event with state success for task instance TaskInstanceKey(dag_id='clinical_extractor_daily', task_id='er_ai_process', run_id='scheduled__2026-07-17T08:30:00+00:00', try_number=1, map_index=-1)[0m
[[34m2026-07-18T10:30:36.759+0200[0m] {[34mscheduler_job_runner.py:[0m686} INFO[0m - Received executor event with state success for task instance TaskInstanceKey(dag_id='clinical_extractor_daily', task_id='opd_ai_process', run_id='scheduled__2026-07-17T08:30:00+00:00', try_number=1, map_index=-1)[0m
[[34m2026-07-18T10:30:36.771+0200[0m] {[34mscheduler_job_runner.py:[0m723} INFO[0m - TaskInstance Finished: dag_id=clinical_extractor_daily, task_id=er_ai_process, run_id=scheduled__2026-07-17T08:30:00+00:00, map_index=-1, run_start_date=2026-07-18 08:30:16.676552+00:00, run_end_date=2026-07-18 08:30:29.101932+00:00, run_duration=12.42538, state=success, executor_state=success, try_number=1, max_tries=2, job_id=33, pool=default_pool, queue=default, priority_weight=2, operator=PythonOperator, queued_dttm=2026-07-18 08:30:15.473547+00:00, queued_by_job_id=24, pid=2645979[0m
[[34m2026-07-18T10:30:36.772+0200[0m] {[34mscheduler_job_runner.py:[0m723} INFO[0m - TaskInstance Finished: dag_id=clinical_extractor_daily, task_id=opd_ai_process, run_id=scheduled__2026-07-17T08:30:00+00:00, map_index=-1, run_start_date=2026-07-18 08:30:31.173043+00:00, run_end_date=2026-07-18 08:30:36.466262+00:00, run_duration=5.293219, state=success, executor_state=success, try_number=1, max_tries=2, job_id=34, pool=default_pool, queue=default, priority_weight=2, operator=PythonOperator, queued_dttm=2026-07-18 08:30:15.473547+00:00, queued_by_job_id=24, pid=2646164[0m
[[34m2026-07-18T10:30:36.942+0200[0m] {[34mscheduler_job_runner.py:[0m414} INFO[0m - 2 tasks up for execution:
	<TaskInstance: clinical_extractor_daily.er_insert scheduled__2026-07-17T08:30:00+00:00 [scheduled]>
	<TaskInstance: clinical_extractor_daily.opd_insert scheduled__2026-07-17T08:30:00+00:00 [scheduled]>[0m
[[34m2026-07-18T10:30:36.943+0200[0m] {[34mscheduler_job_runner.py:[0m477} INFO[0m - DAG clinical_extractor_daily has 0/16 running and queued tasks[0m
[[34m2026-07-18T10:30:36.943+0200[0m] {[34mscheduler_job_runner.py:[0m477} INFO[0m - DAG clinical_extractor_daily has 1/16 running and queued tasks[0m
[[34m2026-07-18T10:30:36.943+0200[0m] {[34mscheduler_job_runner.py:[0m593} INFO[0m - Setting the following tasks to queued state:
	<TaskInstance: clinical_extractor_daily.er_insert scheduled__2026-07-17T08:30:00+00:00 [scheduled]>
	<TaskInstance: clinical_extractor_daily.opd_insert scheduled__2026-07-17T08:30:00+00:00 [scheduled]>[0m
[[34m2026-07-18T10:30:36.944+0200[0m] {[34mtaskinstance.py:[0m1441} WARNING[0m - cannot record scheduled_duration for task er_insert because previous state change time has not been saved[0m
[[34m2026-07-18T10:30:36.944+0200[0m] {[34mtaskinstance.py:[0m1441} WARNING[0m - cannot record scheduled_duration for task opd_insert because previous state change time has not been saved[0m
[[34m2026-07-18T10:30:36.945+0200[0m] {[34mscheduler_job_runner.py:[0m636} INFO[0m - Sending TaskInstanceKey(dag_id='clinical_extractor_daily', task_id='er_insert', run_id='scheduled__2026-07-17T08:30:00+00:00', try_number=1, map_index=-1) to executor with priority 1 and queue default[0m
[[34m2026-07-18T10:30:36.945+0200[0m] {[34mbase_executor.py:[0m144} INFO[0m - Adding to queue: ['airflow', 'tasks', 'run', 'clinical_extractor_daily', 'er_insert', 'scheduled__2026-07-17T08:30:00+00:00', '--local', '--subdir', 'DAGS_FOLDER/clinical_extractor_dag.py'][0m
[[34m2026-07-18T10:30:36.945+0200[0m] {[34mscheduler_job_runner.py:[0m636} INFO[0m - Sending TaskInstanceKey(dag_id='clinical_extractor_daily', task_id='opd_insert', run_id='scheduled__2026-07-17T08:30:00+00:00', try_number=1, map_index=-1) to executor with priority 1 and queue default[0m
[[34m2026-07-18T10:30:36.945+0200[0m] {[34mbase_executor.py:[0m144} INFO[0m - Adding to queue: ['airflow', 'tasks', 'run', 'clinical_extractor_daily', 'opd_insert', 'scheduled__2026-07-17T08:30:00+00:00', '--local', '--subdir', 'DAGS_FOLDER/clinical_extractor_dag.py'][0m
[[34m2026-07-18T10:30:36.949+0200[0m] {[34msequential_executor.py:[0m74} INFO[0m - Executing command: ['airflow', 'tasks', 'run', 'clinical_extractor_daily', 'er_insert', 'scheduled__2026-07-17T08:30:00+00:00', '--local', '--subdir', 'DAGS_FOLDER/clinical_extractor_dag.py'][0m
[[34m2026-07-18T10:30:37.878+0200[0m] {[34mdagbag.py:[0m536} INFO[0m - Filling up the DagBag from /home/ai/Workspace/Khalid/Clinical Notes/Clinical Extractor/project/airflow_home/dags/clinical_extractor_dag.py[0m
Changing /home/ai/Workspace/Khalid/Clinical Notes/Clinical Extractor/project/airflow_home/logs/dag_id=clinical_extractor_daily/run_id=scheduled__2026-07-17T08:30:00+00:00/task_id=er_insert permission to 509
[[34m2026-07-18T10:30:38.034+0200[0m] {[34mtask_command.py:[0m416} INFO[0m - Running <TaskInstance: clinical_extractor_daily.er_insert scheduled__2026-07-17T08:30:00+00:00 [queued]> on host localhost[0m
[[34m2026-07-18T10:30:42.081+0200[0m] {[34msequential_executor.py:[0m74} INFO[0m - Executing command: ['airflow', 'tasks', 'run', 'clinical_extractor_daily', 'opd_insert', 'scheduled__2026-07-17T08:30:00+00:00', '--local', '--subdir', 'DAGS_FOLDER/clinical_extractor_dag.py'][0m
[[34m2026-07-18T10:30:43.033+0200[0m] {[34mdagbag.py:[0m536} INFO[0m - Filling up the DagBag from /home/ai/Workspace/Khalid/Clinical Notes/Clinical Extractor/project/airflow_home/dags/clinical_extractor_dag.py[0m
Changing /home/ai/Workspace/Khalid/Clinical Notes/Clinical Extractor/project/airflow_home/logs/dag_id=clinical_extractor_daily/run_id=scheduled__2026-07-17T08:30:00+00:00/task_id=opd_insert permission to 509
[[34m2026-07-18T10:30:43.195+0200[0m] {[34mtask_command.py:[0m416} INFO[0m - Running <TaskInstance: clinical_extractor_daily.opd_insert scheduled__2026-07-17T08:30:00+00:00 [queued]> on host localhost[0m
[[34m2026-07-18T10:30:46.781+0200[0m] {[34mscheduler_job_runner.py:[0m686} INFO[0m - Received executor event with state success for task instance TaskInstanceKey(dag_id='clinical_extractor_daily', task_id='er_insert', run_id='scheduled__2026-07-17T08:30:00+00:00', try_number=1, map_index=-1)[0m
[[34m2026-07-18T10:30:46.783+0200[0m] {[34mscheduler_job_runner.py:[0m686} INFO[0m - Received executor event with state success for task instance TaskInstanceKey(dag_id='clinical_extractor_daily', task_id='opd_insert', run_id='scheduled__2026-07-17T08:30:00+00:00', try_number=1, map_index=-1)[0m
[[34m2026-07-18T10:30:46.796+0200[0m] {[34mscheduler_job_runner.py:[0m723} INFO[0m - TaskInstance Finished: dag_id=clinical_extractor_daily, task_id=er_insert, run_id=scheduled__2026-07-17T08:30:00+00:00, map_index=-1, run_start_date=2026-07-18 08:30:38.087719+00:00, run_end_date=2026-07-18 08:30:41.788403+00:00, run_duration=3.700684, state=success, executor_state=success, try_number=1, max_tries=2, job_id=35, pool=default_pool, queue=default, priority_weight=1, operator=PythonOperator, queued_dttm=2026-07-18 08:30:36.943753+00:00, queued_by_job_id=24, pid=2646251[0m
[[34m2026-07-18T10:30:46.796+0200[0m] {[34mscheduler_job_runner.py:[0m723} INFO[0m - TaskInstance Finished: dag_id=clinical_extractor_daily, task_id=opd_insert, run_id=scheduled__2026-07-17T08:30:00+00:00, map_index=-1, run_start_date=2026-07-18 08:30:43.246907+00:00, run_end_date=2026-07-18 08:30:46.076468+00:00, run_duration=2.829561, state=success, executor_state=success, try_number=1, max_tries=2, job_id=36, pool=default_pool, queue=default, priority_weight=1, operator=PythonOperator, queued_dttm=2026-07-18 08:30:36.943753+00:00, queued_by_job_id=24, pid=2646314[0m
[[34m2026-07-18T10:30:47.136+0200[0m] {[34mdagrun.py:[0m653} INFO[0m - Marking run <DagRun clinical_extractor_daily @ 2026-07-17 08:30:00+00:00: scheduled__2026-07-17T08:30:00+00:00, state:running, queued_at: 2026-07-18 08:30:02.007389+00:00. externally triggered: False> successful[0m
[[34m2026-07-18T10:30:47.137+0200[0m] {[34mdagrun.py:[0m704} INFO[0m - DagRun Finished: dag_id=clinical_extractor_daily, execution_date=2026-07-17 08:30:00+00:00, run_id=scheduled__2026-07-17T08:30:00+00:00, run_start_date=2026-07-18 08:30:02.748428+00:00, run_end_date=2026-07-18 08:30:47.137189+00:00, run_duration=44.388761, state=success, external_trigger=False, run_type=scheduled, data_interval_start=2026-07-17 08:30:00+00:00, data_interval_end=2026-07-18 08:30:00+00:00, dag_hash=7bec910b7e087955468d8d9cd1d5b95d[0m
[[34m2026-07-18T10:30:47.141+0200[0m] {[34mdag.py:[0m3722} INFO[0m - Setting next_dagrun for clinical_extractor_daily to 2026-07-18T08:30:00+00:00, run_after=2026-07-19T08:30:00+00:00[0m
[[34m2026-07-18T10:32:05.104+0200[0m] {[34mscheduler_job_runner.py:[0m1598} INFO[0m - Adopting or resetting orphaned tasks for active dag runs[0m
[[34m2026-07-18T10:37:05.149+0200[0m] {[34mscheduler_job_runner.py:[0m1598} INFO[0m - Adopting or resetting orphaned tasks for active dag runs[0m
[[34m2026-07-18T10:42:05.193+0200[0m] {[34mscheduler_job_runner.py:[0m1598} INFO[0m - Adopting or resetting orphaned tasks for active dag runs[0m
[[34m2026-07-18T10:47:05.242+0200[0m] {[34mscheduler_job_runner.py:[0m1598} INFO[0m - Adopting or resetting orphaned tasks for active dag runs[0m
[[34m2026-07-18T10:52:05.285+0200[0m] {[34mscheduler_job_runner.py:[0m1598} INFO[0m - Adopting or resetting orphaned tasks for active dag runs[0m
[[34m2026-07-18T10:57:05.328+0200[0m] {[34mscheduler_job_runner.py:[0m1598} INFO[0m - Adopting or resetting orphaned tasks for active dag runs[0m
[[34m2026-07-18T11:02:05.369+0200[0m] {[34mscheduler_job_runner.py:[0m1598} INFO[0m - Adopting or resetting orphaned tasks for active dag runs[0m
[[34m2026-07-18T11:07:05.417+0200[0m] {[34mscheduler_job_runner.py:[0m1598} INFO[0m - Adopting or resetting orphaned tasks for active dag runs[0m
[[34m2026-07-18T11:12:05.453+0200[0m] {[34mscheduler_job_runner.py:[0m1598} INFO[0m - Adopting or resetting orphaned tasks for active dag runs[0m
[[34m2026-07-18T11:17:05.499+0200[0m] {[34mscheduler_job_runner.py:[0m1598} INFO[0m - Adopting or resetting orphaned tasks for active dag runs[0m
[[34m2026-07-18T11:22:05.542+0200[0m] {[34mscheduler_job_runner.py:[0m1598} INFO[0m - Adopting or resetting orphaned tasks for active dag runs[0m
[[34m2026-07-18T11:27:05.591+0200[0m] {[34mscheduler_job_runner.py:[0m1598} INFO[0m - Adopting or resetting orphaned tasks for active dag runs[0m
[[34m2026-07-18T11:32:05.631+0200[0m] {[34mscheduler_job_runner.py:[0m1598} INFO[0m - Adopting or resetting orphaned tasks for active dag runs[0m
[[34m2026-07-18T11:37:05.674+0200[0m] {[34mscheduler_job_runner.py:[0m1598} INFO[0m - Adopting or resetting orphaned tasks for active dag runs[0m
[[34m2026-07-18T11:42:05.714+0200[0m] {[34mscheduler_job_runner.py:[0m1598} INFO[0m - Adopting or resetting orphaned tasks for active dag runs[0m
[[34m2026-07-18T11:47:05.766+0200[0m] {[34mscheduler_job_runner.py:[0m1598} INFO[0m - Adopting or resetting orphaned tasks for active dag runs[0m
[[34m2026-07-18T11:52:06.395+0200[0m] {[34mscheduler_job_runner.py:[0m1598} INFO[0m - Adopting or resetting orphaned tasks for active dag runs[0m
[[34m2026-07-18T11:57:06.442+0200[0m] {[34mscheduler_job_runner.py:[0m1598} INFO[0m - Adopting or resetting orphaned tasks for active dag runs[0m
[[34m2026-07-18T12:02:06.477+0200[0m] {[34mscheduler_job_runner.py:[0m1598} INFO[0m - Adopting or resetting orphaned tasks for active dag runs[0m
[[34m2026-07-18T12:07:06.521+0200[0m] {[34mscheduler_job_runner.py:[0m1598} INFO[0m - Adopting or resetting orphaned tasks for active dag runs[0m
[[34m2026-07-18T12:12:06.565+0200[0m] {[34mscheduler_job_runner.py:[0m1598} INFO[0m - Adopting or resetting orphaned tasks for active dag runs[0m
[[34m2026-07-18T12:17:06.608+0200[0m] {[34mscheduler_job_runner.py:[0m1598} INFO[0m - Adopting or resetting orphaned tasks for active dag runs[0m
[[34m2026-07-18T12:22:06.651+0200[0m] {[34mscheduler_job_runner.py:[0m1598} INFO[0m - Adopting or resetting orphaned tasks for active dag runs[0m
[[34m2026-07-18T12:27:06.690+0200[0m] {[34mscheduler_job_runner.py:[0m1598} INFO[0m - Adopting or resetting orphaned tasks for active dag runs[0m
[[34m2026-07-18T12:32:06.743+0200[0m] {[34mscheduler_job_runner.py:[0m1598} INFO[0m - Adopting or resetting orphaned tasks for active dag runs[0m
[[34m2026-07-18T12:37:06.788+0200[0m] {[34mscheduler_job_runner.py:[0m1598} INFO[0m - Adopting or resetting orphaned tasks for active dag runs[0m
[[34m2026-07-18T12:42:06.837+0200[0m] {[34mscheduler_job_runner.py:[0m1598} INFO[0m - Adopting or resetting orphaned tasks for active dag runs[0m
[[34m2026-07-18T12:47:06.875+0200[0m] {[34mscheduler_job_runner.py:[0m1598} INFO[0m - Adopting or resetting orphaned tasks for active dag runs[0m
[[34m2026-07-18T12:52:06.912+0200[0m] {[34mscheduler_job_runner.py:[0m1598} INFO[0m - Adopting or resetting orphaned tasks for active dag runs[0m
[[34m2026-07-18T12:57:06.952+0200[0m] {[34mscheduler_job_runner.py:[0m1598} INFO[0m - Adopting or resetting orphaned tasks for active dag runs[0m
[[34m2026-07-18T13:02:06.998+0200[0m] {[34mscheduler_job_runner.py:[0m1598} INFO[0m - Adopting or resetting orphaned tasks for active dag runs[0m
[[34m2026-07-18T13:07:07.041+0200[0m] {[34mscheduler_job_runner.py:[0m1598} INFO[0m - Adopting or resetting orphaned tasks for active dag runs[0m
[[34m2026-07-18T13:12:07.085+0200[0m] {[34mscheduler_job_runner.py:[0m1598} INFO[0m - Adopting or resetting orphaned tasks for active dag runs[0m
[[34m2026-07-18T13:17:07.130+0200[0m] {[34mscheduler_job_runner.py:[0m1598} INFO[0m - Adopting or resetting orphaned tasks for active dag runs[0m
[[34m2026-07-18T13:22:07.172+0200[0m] {[34mscheduler_job_runner.py:[0m1598} INFO[0m - Adopting or resetting orphaned tasks for active dag runs[0m
[[34m2026-07-18T13:27:07.214+0200[0m] {[34mscheduler_job_runner.py:[0m1598} INFO[0m - Adopting or resetting orphaned tasks for active dag runs[0m
[[34m2026-07-18T13:32:07.256+0200[0m] {[34mscheduler_job_runner.py:[0m1598} INFO[0m - Adopting or resetting orphaned tasks for active dag runs[0m
[[34m2026-07-18T13:37:07.298+0200[0m] {[34mscheduler_job_runner.py:[0m1598} INFO[0m - Adopting or resetting orphaned tasks for active dag runs[0m
[[34m2026-07-18T13:42:07.341+0200[0m] {[34mscheduler_job_runner.py:[0m1598} INFO[0m - Adopting or resetting orphaned tasks for active dag runs[0m
[[34m2026-07-18T13:47:07.387+0200[0m] {[34mscheduler_job_runner.py:[0m1598} INFO[0m - Adopting or resetting orphaned tasks for active dag runs[0m
[[34m2026-07-18T13:52:07.430+0200[0m] {[34mscheduler_job_runner.py:[0m1598} INFO[0m - Adopting or resetting orphaned tasks for active dag runs[0m
[[34m2026-07-18T13:57:07.465+0200[0m] {[34mscheduler_job_runner.py:[0m1598} INFO[0m - Adopting or resetting orphaned tasks for active dag runs[0m
[[34m2026-07-18T14:02:07.500+0200[0m] {[34mscheduler_job_runner.py:[0m1598} INFO[0m - Adopting or resetting orphaned tasks for active dag runs[0m
[[34m2026-07-18T14:07:07.545+0200[0m] {[34mscheduler_job_runner.py:[0m1598} INFO[0m - Adopting or resetting orphaned tasks for active dag runs[0m
[[34m2026-07-18T14:12:07.588+0200[0m] {[34mscheduler_job_runner.py:[0m1598} INFO[0m - Adopting or resetting orphaned tasks for active dag runs[0m
[[34m2026-07-18T14:17:07.639+0200[0m] {[34mscheduler_job_runner.py:[0m1598} INFO[0m - Adopting or resetting orphaned tasks for active dag runs[0m
[[34m2026-07-18T14:22:07.684+0200[0m] {[34mscheduler_job_runner.py:[0m1598} INFO[0m - Adopting or resetting orphaned tasks for active dag runs[0m
[[34m2026-07-18T14:27:07.737+0200[0m] {[34mscheduler_job_runner.py:[0m1598} INFO[0m - Adopting or resetting orphaned tasks for active dag runs[0m
[[34m2026-07-18T14:32:07.781+0200[0m] {[34mscheduler_job_runner.py:[0m1598} INFO[0m - Adopting or resetting orphaned tasks for active dag runs[0m
[[34m2026-07-18T14:37:07.822+0200[0m] {[34mscheduler_job_runner.py:[0m1598} INFO[0m - Adopting or resetting orphaned tasks for active dag runs[0m
[[34m2026-07-18T14:42:07.862+0200[0m] {[34mscheduler_job_runner.py:[0m1598} INFO[0m - Adopting or resetting orphaned tasks for active dag runs[0m
[[34m2026-07-18T14:47:07.899+0200[0m] {[34mscheduler_job_runner.py:[0m1598} INFO[0m - Adopting or resetting orphaned tasks for active dag runs[0m
[[34m2026-07-18T14:52:07.939+0200[0m] {[34mscheduler_job_runner.py:[0m1598} INFO[0m - Adopting or resetting orphaned tasks for active dag runs[0m
[[34m2026-07-18T14:57:07.993+0200[0m] {[34mscheduler_job_runner.py:[0m1598} INFO[0m - Adopting or resetting orphaned tasks for active dag runs[0m
[[34m2026-07-18T15:02:08.038+0200[0m] {[34mscheduler_job_runner.py:[0m1598} INFO[0m - Adopting or resetting orphaned tasks for active dag runs[0m
[[34m2026-07-18T15:07:08.080+0200[0m] {[34mscheduler_job_runner.py:[0m1598} INFO[0m - Adopting or resetting orphaned tasks for active dag runs[0m
[[34m2026-07-18T15:12:08.114+0200[0m] {[34mscheduler_job_runner.py:[0m1598} INFO[0m - Adopting or resetting orphaned tasks for active dag runs[0m
[[34m2026-07-18T15:17:08.153+0200[0m] {[34mscheduler_job_runner.py:[0m1598} INFO[0m - Adopting or resetting orphaned tasks for active dag runs[0m
[[34m2026-07-18T15:22:08.196+0200[0m] {[34mscheduler_job_runner.py:[0m1598} INFO[0m - Adopting or resetting orphaned tasks for active dag runs[0m
[[34m2026-07-18T15:27:08.239+0200[0m] {[34mscheduler_job_runner.py:[0m1598} INFO[0m - Adopting or resetting orphaned tasks for active dag runs[0m
[[34m2026-07-18T15:32:08.284+0200[0m] {[34mscheduler_job_runner.py:[0m1598} INFO[0m - Adopting or resetting orphaned tasks for active dag runs[0m
[[34m2026-07-18T15:37:08.324+0200[0m] {[34mscheduler_job_runner.py:[0m1598} INFO[0m - Adopting or resetting orphaned tasks for active dag runs[0m
[[34m2026-07-18T15:42:08.331+0200[0m] {[34mscheduler_job_runner.py:[0m1598} INFO[0m - Adopting or resetting orphaned tasks for active dag runs[0m
[[34m2026-07-18T15:47:08.374+0200[0m] {[34mscheduler_job_runner.py:[0m1598} INFO[0m - Adopting or resetting orphaned tasks for active dag runs[0m
[[34m2026-07-18T15:52:08.575+0200[0m] {[34mscheduler_job_runner.py:[0m1598} INFO[0m - Adopting or resetting orphaned tasks for active dag runs[0m
[[34m2026-07-18T15:57:08.611+0200[0m] {[34mscheduler_job_runner.py:[0m1598} INFO[0m - Adopting or resetting orphaned tasks for active dag runs[0m
