[2026-07-15T16:14:57.599+0200] {processor.py:157} INFO - Started process (PID=3405389) to work on /home/ai/.local/lib/python3.9/site-packages/airflow/example_dags/plugins/event_listener.py
[2026-07-15T16:14:57.600+0200] {processor.py:829} INFO - Processing file /home/ai/.local/lib/python3.9/site-packages/airflow/example_dags/plugins/event_listener.py for tasks to queue
[2026-07-15T16:14:57.601+0200] {logging_mixin.py:151} INFO - [2026-07-15T16:14:57.601+0200] {dagbag.py:536} INFO - Filling up the DagBag from /home/ai/.local/lib/python3.9/site-packages/airflow/example_dags/plugins/event_listener.py
[2026-07-15T16:14:57.604+0200] {processor.py:841} WARNING - No viable dags retrieved from /home/ai/.local/lib/python3.9/site-packages/airflow/example_dags/plugins/event_listener.py
[2026-07-15T16:14:57.612+0200] {processor.py:179} INFO - Processing /home/ai/.local/lib/python3.9/site-packages/airflow/example_dags/plugins/event_listener.py took 0.020 seconds
[2026-07-15T16:16:11.257+0200] {processor.py:157} INFO - Started process (PID=3406589) to work on /home/ai/.local/lib/python3.9/site-packages/airflow/example_dags/plugins/event_listener.py
[2026-07-15T16:16:11.259+0200] {processor.py:829} INFO - Processing file /home/ai/.local/lib/python3.9/site-packages/airflow/example_dags/plugins/event_listener.py for tasks to queue
[2026-07-15T16:16:11.261+0200] {logging_mixin.py:151} INFO - [2026-07-15T16:16:11.260+0200] {dagbag.py:536} INFO - Filling up the DagBag from /home/ai/.local/lib/python3.9/site-packages/airflow/example_dags/plugins/event_listener.py
[2026-07-15T16:16:11.265+0200] {processor.py:841} WARNING - No viable dags retrieved from /home/ai/.local/lib/python3.9/site-packages/airflow/example_dags/plugins/event_listener.py
[2026-07-15T16:16:11.276+0200] {processor.py:179} INFO - Processing /home/ai/.local/lib/python3.9/site-packages/airflow/example_dags/plugins/event_listener.py took 0.026 seconds
[2026-07-15T16:17:02.915+0200] {processor.py:157} INFO - Started process (PID=3407534) to work on /home/ai/.local/lib/python3.9/site-packages/airflow/example_dags/plugins/event_listener.py
[2026-07-15T16:17:02.917+0200] {processor.py:829} INFO - Processing file /home/ai/.local/lib/python3.9/site-packages/airflow/example_dags/plugins/event_listener.py for tasks to queue
[2026-07-15T16:17:02.918+0200] {logging_mixin.py:151} INFO - [2026-07-15T16:17:02.917+0200] {dagbag.py:536} INFO - Filling up the DagBag from /home/ai/.local/lib/python3.9/site-packages/airflow/example_dags/plugins/event_listener.py
[2026-07-15T16:17:02.920+0200] {processor.py:841} WARNING - No viable dags retrieved from /home/ai/.local/lib/python3.9/site-packages/airflow/example_dags/plugins/event_listener.py
[2026-07-15T16:17:02.931+0200] {processor.py:179} INFO - Processing /home/ai/.local/lib/python3.9/site-packages/airflow/example_dags/plugins/event_listener.py took 0.023 seconds
[2026-07-15T16:17:51.986+0200] {processor.py:157} INFO - Started process (PID=3408350) to work on /home/ai/.local/lib/python3.9/site-packages/airflow/example_dags/plugins/event_listener.py
[2026-07-15T16:17:51.990+0200] {processor.py:829} INFO - Processing file /home/ai/.local/lib/python3.9/site-packages/airflow/example_dags/plugins/event_listener.py for tasks to queue
[2026-07-15T16:17:51.991+0200] {logging_mixin.py:151} INFO - [2026-07-15T16:17:51.991+0200] {dagbag.py:536} INFO - Filling up the DagBag from /home/ai/.local/lib/python3.9/site-packages/airflow/example_dags/plugins/event_listener.py
[2026-07-15T16:17:51.994+0200] {processor.py:841} WARNING - No viable dags retrieved from /home/ai/.local/lib/python3.9/site-packages/airflow/example_dags/plugins/event_listener.py
[2026-07-15T16:17:52.003+0200] {processor.py:179} INFO - Processing /home/ai/.local/lib/python3.9/site-packages/airflow/example_dags/plugins/event_listener.py took 0.021 seconds
[2026-07-15T16:18:36.968+0200] {processor.py:157} INFO - Started process (PID=3409127) to work on /home/ai/.local/lib/python3.9/site-packages/airflow/example_dags/plugins/event_listener.py
[2026-07-15T16:18:36.969+0200] {processor.py:829} INFO - Processing file /home/ai/.local/lib/python3.9/site-packages/airflow/example_dags/plugins/event_listener.py for tasks to queue
[2026-07-15T16:18:36.971+0200] {logging_mixin.py:151} INFO - [2026-07-15T16:18:36.970+0200] {dagbag.py:536} INFO - Filling up the DagBag from /home/ai/.local/lib/python3.9/site-packages/airflow/example_dags/plugins/event_listener.py
[2026-07-15T16:18:36.973+0200] {processor.py:841} WARNING - No viable dags retrieved from /home/ai/.local/lib/python3.9/site-packages/airflow/example_dags/plugins/event_listener.py
[2026-07-15T16:18:36.983+0200] {processor.py:179} INFO - Processing /home/ai/.local/lib/python3.9/site-packages/airflow/example_dags/plugins/event_listener.py took 0.020 seconds
[2026-07-15T16:19:22.673+0200] {processor.py:157} INFO - Started process (PID=3409926) to work on /home/ai/.local/lib/python3.9/site-packages/airflow/example_dags/plugins/event_listener.py
[2026-07-15T16:19:22.675+0200] {processor.py:829} INFO - Processing file /home/ai/.local/lib/python3.9/site-packages/airflow/example_dags/plugins/event_listener.py for tasks to queue
[2026-07-15T16:19:22.676+0200] {logging_mixin.py:151} INFO - [2026-07-15T16:19:22.676+0200] {dagbag.py:536} INFO - Filling up the DagBag from /home/ai/.local/lib/python3.9/site-packages/airflow/example_dags/plugins/event_listener.py
[2026-07-15T16:19:22.679+0200] {processor.py:841} WARNING - No viable dags retrieved from /home/ai/.local/lib/python3.9/site-packages/airflow/example_dags/plugins/event_listener.py
[2026-07-15T16:19:22.689+0200] {processor.py:179} INFO - Processing /home/ai/.local/lib/python3.9/site-packages/airflow/example_dags/plugins/event_listener.py took 0.021 seconds
[2026-07-15T16:20:21.678+0200] {processor.py:157} INFO - Started process (PID=3410904) to work on /home/ai/.local/lib/python3.9/site-packages/airflow/example_dags/plugins/event_listener.py
[2026-07-15T16:20:21.679+0200] {processor.py:829} INFO - Processing file /home/ai/.local/lib/python3.9/site-packages/airflow/example_dags/plugins/event_listener.py for tasks to queue
[2026-07-15T16:20:21.680+0200] {logging_mixin.py:151} INFO - [2026-07-15T16:20:21.680+0200] {dagbag.py:536} INFO - Filling up the DagBag from /home/ai/.local/lib/python3.9/site-packages/airflow/example_dags/plugins/event_listener.py
[2026-07-15T16:20:21.683+0200] {processor.py:841} WARNING - No viable dags retrieved from /home/ai/.local/lib/python3.9/site-packages/airflow/example_dags/plugins/event_listener.py
[2026-07-15T16:20:21.693+0200] {processor.py:179} INFO - Processing /home/ai/.local/lib/python3.9/site-packages/airflow/example_dags/plugins/event_listener.py took 0.019 seconds
[2026-07-15T16:21:04.623+0200] {processor.py:157} INFO - Started process (PID=3411679) to work on /home/ai/.local/lib/python3.9/site-packages/airflow/example_dags/plugins/event_listener.py
[2026-07-15T16:21:04.625+0200] {processor.py:829} INFO - Processing file /home/ai/.local/lib/python3.9/site-packages/airflow/example_dags/plugins/event_listener.py for tasks to queue
[2026-07-15T16:21:04.626+0200] {logging_mixin.py:151} INFO - [2026-07-15T16:21:04.625+0200] {dagbag.py:536} INFO - Filling up the DagBag from /home/ai/.local/lib/python3.9/site-packages/airflow/example_dags/plugins/event_listener.py
[2026-07-15T16:21:04.628+0200] {processor.py:841} WARNING - No viable dags retrieved from /home/ai/.local/lib/python3.9/site-packages/airflow/example_dags/plugins/event_listener.py
[2026-07-15T16:21:04.639+0200] {processor.py:179} INFO - Processing /home/ai/.local/lib/python3.9/site-packages/airflow/example_dags/plugins/event_listener.py took 0.019 seconds
[2026-07-15T16:21:48.738+0200] {processor.py:157} INFO - Started process (PID=3412387) to work on /home/ai/.local/lib/python3.9/site-packages/airflow/example_dags/plugins/event_listener.py
[2026-07-15T16:21:48.739+0200] {processor.py:829} INFO - Processing file /home/ai/.local/lib/python3.9/site-packages/airflow/example_dags/plugins/event_listener.py for tasks to queue
[2026-07-15T16:21:48.740+0200] {logging_mixin.py:151} INFO - [2026-07-15T16:21:48.740+0200] {dagbag.py:536} INFO - Filling up the DagBag from /home/ai/.local/lib/python3.9/site-packages/airflow/example_dags/plugins/event_listener.py
[2026-07-15T16:21:48.743+0200] {processor.py:841} WARNING - No viable dags retrieved from /home/ai/.local/lib/python3.9/site-packages/airflow/example_dags/plugins/event_listener.py
[2026-07-15T16:21:48.753+0200] {processor.py:179} INFO - Processing /home/ai/.local/lib/python3.9/site-packages/airflow/example_dags/plugins/event_listener.py took 0.019 seconds
[2026-07-15T16:22:34.358+0200] {processor.py:157} INFO - Started process (PID=3413207) to work on /home/ai/.local/lib/python3.9/site-packages/airflow/example_dags/plugins/event_listener.py
[2026-07-15T16:22:34.360+0200] {processor.py:829} INFO - Processing file /home/ai/.local/lib/python3.9/site-packages/airflow/example_dags/plugins/event_listener.py for tasks to queue
[2026-07-15T16:22:34.361+0200] {logging_mixin.py:151} INFO - [2026-07-15T16:22:34.360+0200] {dagbag.py:536} INFO - Filling up the DagBag from /home/ai/.local/lib/python3.9/site-packages/airflow/example_dags/plugins/event_listener.py
[2026-07-15T16:22:34.363+0200] {processor.py:841} WARNING - No viable dags retrieved from /home/ai/.local/lib/python3.9/site-packages/airflow/example_dags/plugins/event_listener.py
[2026-07-15T16:22:34.373+0200] {processor.py:179} INFO - Processing /home/ai/.local/lib/python3.9/site-packages/airflow/example_dags/plugins/event_listener.py took 0.021 seconds
[2026-07-15T16:23:18.651+0200] {processor.py:157} INFO - Started process (PID=3413971) to work on /home/ai/.local/lib/python3.9/site-packages/airflow/example_dags/plugins/event_listener.py
[2026-07-15T16:23:18.653+0200] {processor.py:829} INFO - Processing file /home/ai/.local/lib/python3.9/site-packages/airflow/example_dags/plugins/event_listener.py for tasks to queue
[2026-07-15T16:23:18.654+0200] {logging_mixin.py:151} INFO - [2026-07-15T16:23:18.653+0200] {dagbag.py:536} INFO - Filling up the DagBag from /home/ai/.local/lib/python3.9/site-packages/airflow/example_dags/plugins/event_listener.py
[2026-07-15T16:23:18.656+0200] {processor.py:841} WARNING - No viable dags retrieved from /home/ai/.local/lib/python3.9/site-packages/airflow/example_dags/plugins/event_listener.py
[2026-07-15T16:23:18.666+0200] {processor.py:179} INFO - Processing /home/ai/.local/lib/python3.9/site-packages/airflow/example_dags/plugins/event_listener.py took 0.020 seconds
[2026-07-15T16:24:03.748+0200] {processor.py:157} INFO - Started process (PID=3414662) to work on /home/ai/.local/lib/python3.9/site-packages/airflow/example_dags/plugins/event_listener.py
[2026-07-15T16:24:03.750+0200] {processor.py:829} INFO - Processing file /home/ai/.local/lib/python3.9/site-packages/airflow/example_dags/plugins/event_listener.py for tasks to queue
[2026-07-15T16:24:03.751+0200] {logging_mixin.py:151} INFO - [2026-07-15T16:24:03.750+0200] {dagbag.py:536} INFO - Filling up the DagBag from /home/ai/.local/lib/python3.9/site-packages/airflow/example_dags/plugins/event_listener.py
[2026-07-15T16:24:03.753+0200] {processor.py:841} WARNING - No viable dags retrieved from /home/ai/.local/lib/python3.9/site-packages/airflow/example_dags/plugins/event_listener.py
[2026-07-15T16:24:03.763+0200] {processor.py:179} INFO - Processing /home/ai/.local/lib/python3.9/site-packages/airflow/example_dags/plugins/event_listener.py took 0.022 seconds
[2026-07-15T16:24:41.458+0200] {processor.py:157} INFO - Started process (PID=3415401) to work on /home/ai/.local/lib/python3.9/site-packages/airflow/example_dags/plugins/event_listener.py
[2026-07-15T16:24:41.459+0200] {processor.py:829} INFO - Processing file /home/ai/.local/lib/python3.9/site-packages/airflow/example_dags/plugins/event_listener.py for tasks to queue
[2026-07-15T16:24:41.460+0200] {logging_mixin.py:151} INFO - [2026-07-15T16:24:41.460+0200] {dagbag.py:536} INFO - Filling up the DagBag from /home/ai/.local/lib/python3.9/site-packages/airflow/example_dags/plugins/event_listener.py
[2026-07-15T16:24:41.462+0200] {processor.py:841} WARNING - No viable dags retrieved from /home/ai/.local/lib/python3.9/site-packages/airflow/example_dags/plugins/event_listener.py
[2026-07-15T16:24:41.472+0200] {processor.py:179} INFO - Processing /home/ai/.local/lib/python3.9/site-packages/airflow/example_dags/plugins/event_listener.py took 0.019 seconds
[2026-07-15T16:25:20.921+0200] {processor.py:157} INFO - Started process (PID=3416081) to work on /home/ai/.local/lib/python3.9/site-packages/airflow/example_dags/plugins/event_listener.py
[2026-07-15T16:25:20.923+0200] {processor.py:829} INFO - Processing file /home/ai/.local/lib/python3.9/site-packages/airflow/example_dags/plugins/event_listener.py for tasks to queue
[2026-07-15T16:25:20.924+0200] {logging_mixin.py:151} INFO - [2026-07-15T16:25:20.923+0200] {dagbag.py:536} INFO - Filling up the DagBag from /home/ai/.local/lib/python3.9/site-packages/airflow/example_dags/plugins/event_listener.py
[2026-07-15T16:25:20.926+0200] {processor.py:841} WARNING - No viable dags retrieved from /home/ai/.local/lib/python3.9/site-packages/airflow/example_dags/plugins/event_listener.py
[2026-07-15T16:25:20.935+0200] {processor.py:179} INFO - Processing /home/ai/.local/lib/python3.9/site-packages/airflow/example_dags/plugins/event_listener.py took 0.020 seconds
[2026-07-15T16:26:05.883+0200] {processor.py:157} INFO - Started process (PID=3416733) to work on /home/ai/.local/lib/python3.9/site-packages/airflow/example_dags/plugins/event_listener.py
[2026-07-15T16:26:05.884+0200] {processor.py:829} INFO - Processing file /home/ai/.local/lib/python3.9/site-packages/airflow/example_dags/plugins/event_listener.py for tasks to queue
[2026-07-15T16:26:05.885+0200] {logging_mixin.py:151} INFO - [2026-07-15T16:26:05.884+0200] {dagbag.py:536} INFO - Filling up the DagBag from /home/ai/.local/lib/python3.9/site-packages/airflow/example_dags/plugins/event_listener.py
[2026-07-15T16:26:05.887+0200] {processor.py:841} WARNING - No viable dags retrieved from /home/ai/.local/lib/python3.9/site-packages/airflow/example_dags/plugins/event_listener.py
[2026-07-15T16:26:05.897+0200] {processor.py:179} INFO - Processing /home/ai/.local/lib/python3.9/site-packages/airflow/example_dags/plugins/event_listener.py took 0.021 seconds
[2026-07-15T16:27:00.667+0200] {processor.py:157} INFO - Started process (PID=3417728) to work on /home/ai/.local/lib/python3.9/site-packages/airflow/example_dags/plugins/event_listener.py
[2026-07-15T16:27:00.669+0200] {processor.py:829} INFO - Processing file /home/ai/.local/lib/python3.9/site-packages/airflow/example_dags/plugins/event_listener.py for tasks to queue
[2026-07-15T16:27:00.670+0200] {logging_mixin.py:151} INFO - [2026-07-15T16:27:00.670+0200] {dagbag.py:536} INFO - Filling up the DagBag from /home/ai/.local/lib/python3.9/site-packages/airflow/example_dags/plugins/event_listener.py
[2026-07-15T16:27:00.673+0200] {processor.py:841} WARNING - No viable dags retrieved from /home/ai/.local/lib/python3.9/site-packages/airflow/example_dags/plugins/event_listener.py
[2026-07-15T16:27:00.682+0200] {processor.py:179} INFO - Processing /home/ai/.local/lib/python3.9/site-packages/airflow/example_dags/plugins/event_listener.py took 0.020 seconds
[2026-07-15T16:27:57.581+0200] {processor.py:157} INFO - Started process (PID=3418717) to work on /home/ai/.local/lib/python3.9/site-packages/airflow/example_dags/plugins/event_listener.py
[2026-07-15T16:27:57.583+0200] {processor.py:829} INFO - Processing file /home/ai/.local/lib/python3.9/site-packages/airflow/example_dags/plugins/event_listener.py for tasks to queue
[2026-07-15T16:27:57.584+0200] {logging_mixin.py:151} INFO - [2026-07-15T16:27:57.583+0200] {dagbag.py:536} INFO - Filling up the DagBag from /home/ai/.local/lib/python3.9/site-packages/airflow/example_dags/plugins/event_listener.py
[2026-07-15T16:27:57.587+0200] {processor.py:841} WARNING - No viable dags retrieved from /home/ai/.local/lib/python3.9/site-packages/airflow/example_dags/plugins/event_listener.py
[2026-07-15T16:27:57.596+0200] {processor.py:179} INFO - Processing /home/ai/.local/lib/python3.9/site-packages/airflow/example_dags/plugins/event_listener.py took 0.019 seconds
[2026-07-15T16:28:47.555+0200] {processor.py:157} INFO - Started process (PID=3419561) to work on /home/ai/.local/lib/python3.9/site-packages/airflow/example_dags/plugins/event_listener.py
[2026-07-15T16:28:47.556+0200] {processor.py:829} INFO - Processing file /home/ai/.local/lib/python3.9/site-packages/airflow/example_dags/plugins/event_listener.py for tasks to queue
[2026-07-15T16:28:47.557+0200] {logging_mixin.py:151} INFO - [2026-07-15T16:28:47.557+0200] {dagbag.py:536} INFO - Filling up the DagBag from /home/ai/.local/lib/python3.9/site-packages/airflow/example_dags/plugins/event_listener.py
[2026-07-15T16:28:47.561+0200] {processor.py:841} WARNING - No viable dags retrieved from /home/ai/.local/lib/python3.9/site-packages/airflow/example_dags/plugins/event_listener.py
[2026-07-15T16:28:47.572+0200] {processor.py:179} INFO - Processing /home/ai/.local/lib/python3.9/site-packages/airflow/example_dags/plugins/event_listener.py took 0.021 seconds
[2026-07-15T16:29:26.965+0200] {processor.py:157} INFO - Started process (PID=3420219) to work on /home/ai/.local/lib/python3.9/site-packages/airflow/example_dags/plugins/event_listener.py
[2026-07-15T16:29:26.966+0200] {processor.py:829} INFO - Processing file /home/ai/.local/lib/python3.9/site-packages/airflow/example_dags/plugins/event_listener.py for tasks to queue
[2026-07-15T16:29:26.967+0200] {logging_mixin.py:151} INFO - [2026-07-15T16:29:26.967+0200] {dagbag.py:536} INFO - Filling up the DagBag from /home/ai/.local/lib/python3.9/site-packages/airflow/example_dags/plugins/event_listener.py
[2026-07-15T16:29:26.970+0200] {processor.py:841} WARNING - No viable dags retrieved from /home/ai/.local/lib/python3.9/site-packages/airflow/example_dags/plugins/event_listener.py
[2026-07-15T16:29:26.979+0200] {processor.py:179} INFO - Processing /home/ai/.local/lib/python3.9/site-packages/airflow/example_dags/plugins/event_listener.py took 0.019 seconds
[2026-07-15T16:30:12.250+0200] {processor.py:157} INFO - Started process (PID=3420952) to work on /home/ai/.local/lib/python3.9/site-packages/airflow/example_dags/plugins/event_listener.py
[2026-07-15T16:30:12.251+0200] {processor.py:829} INFO - Processing file /home/ai/.local/lib/python3.9/site-packages/airflow/example_dags/plugins/event_listener.py for tasks to queue
[2026-07-15T16:30:12.252+0200] {logging_mixin.py:151} INFO - [2026-07-15T16:30:12.252+0200] {dagbag.py:536} INFO - Filling up the DagBag from /home/ai/.local/lib/python3.9/site-packages/airflow/example_dags/plugins/event_listener.py
[2026-07-15T16:30:12.255+0200] {processor.py:841} WARNING - No viable dags retrieved from /home/ai/.local/lib/python3.9/site-packages/airflow/example_dags/plugins/event_listener.py
[2026-07-15T16:30:12.265+0200] {processor.py:179} INFO - Processing /home/ai/.local/lib/python3.9/site-packages/airflow/example_dags/plugins/event_listener.py took 0.019 seconds
[2026-07-15T16:31:13.353+0200] {processor.py:157} INFO - Started process (PID=3421922) to work on /home/ai/.local/lib/python3.9/site-packages/airflow/example_dags/plugins/event_listener.py
[2026-07-15T16:31:13.355+0200] {processor.py:829} INFO - Processing file /home/ai/.local/lib/python3.9/site-packages/airflow/example_dags/plugins/event_listener.py for tasks to queue
[2026-07-15T16:31:13.356+0200] {logging_mixin.py:151} INFO - [2026-07-15T16:31:13.355+0200] {dagbag.py:536} INFO - Filling up the DagBag from /home/ai/.local/lib/python3.9/site-packages/airflow/example_dags/plugins/event_listener.py
[2026-07-15T16:31:13.361+0200] {processor.py:841} WARNING - No viable dags retrieved from /home/ai/.local/lib/python3.9/site-packages/airflow/example_dags/plugins/event_listener.py
[2026-07-15T16:31:13.373+0200] {processor.py:179} INFO - Processing /home/ai/.local/lib/python3.9/site-packages/airflow/example_dags/plugins/event_listener.py took 0.025 seconds
[2026-07-15T16:32:00.987+0200] {processor.py:157} INFO - Started process (PID=3422826) to work on /home/ai/.local/lib/python3.9/site-packages/airflow/example_dags/plugins/event_listener.py
[2026-07-15T16:32:00.988+0200] {processor.py:829} INFO - Processing file /home/ai/.local/lib/python3.9/site-packages/airflow/example_dags/plugins/event_listener.py for tasks to queue
[2026-07-15T16:32:00.989+0200] {logging_mixin.py:151} INFO - [2026-07-15T16:32:00.989+0200] {dagbag.py:536} INFO - Filling up the DagBag from /home/ai/.local/lib/python3.9/site-packages/airflow/example_dags/plugins/event_listener.py
[2026-07-15T16:32:00.992+0200] {processor.py:841} WARNING - No viable dags retrieved from /home/ai/.local/lib/python3.9/site-packages/airflow/example_dags/plugins/event_listener.py
[2026-07-15T16:32:01.002+0200] {processor.py:179} INFO - Processing /home/ai/.local/lib/python3.9/site-packages/airflow/example_dags/plugins/event_listener.py took 0.021 seconds
[2026-07-15T16:32:42.345+0200] {processor.py:157} INFO - Started process (PID=3423474) to work on /home/ai/.local/lib/python3.9/site-packages/airflow/example_dags/plugins/event_listener.py
[2026-07-15T16:32:42.346+0200] {processor.py:829} INFO - Processing file /home/ai/.local/lib/python3.9/site-packages/airflow/example_dags/plugins/event_listener.py for tasks to queue
[2026-07-15T16:32:42.347+0200] {logging_mixin.py:151} INFO - [2026-07-15T16:32:42.347+0200] {dagbag.py:536} INFO - Filling up the DagBag from /home/ai/.local/lib/python3.9/site-packages/airflow/example_dags/plugins/event_listener.py
[2026-07-15T16:32:42.350+0200] {processor.py:841} WARNING - No viable dags retrieved from /home/ai/.local/lib/python3.9/site-packages/airflow/example_dags/plugins/event_listener.py
[2026-07-15T16:32:42.360+0200] {processor.py:179} INFO - Processing /home/ai/.local/lib/python3.9/site-packages/airflow/example_dags/plugins/event_listener.py took 0.019 seconds
[2026-07-15T16:33:29.284+0200] {processor.py:157} INFO - Started process (PID=3424324) to work on /home/ai/.local/lib/python3.9/site-packages/airflow/example_dags/plugins/event_listener.py
[2026-07-15T16:33:29.286+0200] {processor.py:829} INFO - Processing file /home/ai/.local/lib/python3.9/site-packages/airflow/example_dags/plugins/event_listener.py for tasks to queue
[2026-07-15T16:33:29.287+0200] {logging_mixin.py:151} INFO - [2026-07-15T16:33:29.286+0200] {dagbag.py:536} INFO - Filling up the DagBag from /home/ai/.local/lib/python3.9/site-packages/airflow/example_dags/plugins/event_listener.py
[2026-07-15T16:33:29.291+0200] {processor.py:841} WARNING - No viable dags retrieved from /home/ai/.local/lib/python3.9/site-packages/airflow/example_dags/plugins/event_listener.py
[2026-07-15T16:33:29.300+0200] {processor.py:179} INFO - Processing /home/ai/.local/lib/python3.9/site-packages/airflow/example_dags/plugins/event_listener.py took 0.024 seconds
[2026-07-15T16:34:12.954+0200] {processor.py:157} INFO - Started process (PID=3425103) to work on /home/ai/.local/lib/python3.9/site-packages/airflow/example_dags/plugins/event_listener.py
[2026-07-15T16:34:12.956+0200] {processor.py:829} INFO - Processing file /home/ai/.local/lib/python3.9/site-packages/airflow/example_dags/plugins/event_listener.py for tasks to queue
[2026-07-15T16:34:12.957+0200] {logging_mixin.py:151} INFO - [2026-07-15T16:34:12.957+0200] {dagbag.py:536} INFO - Filling up the DagBag from /home/ai/.local/lib/python3.9/site-packages/airflow/example_dags/plugins/event_listener.py
[2026-07-15T16:34:12.959+0200] {processor.py:841} WARNING - No viable dags retrieved from /home/ai/.local/lib/python3.9/site-packages/airflow/example_dags/plugins/event_listener.py
[2026-07-15T16:34:12.969+0200] {processor.py:179} INFO - Processing /home/ai/.local/lib/python3.9/site-packages/airflow/example_dags/plugins/event_listener.py took 0.020 seconds
[2026-07-15T16:34:54.188+0200] {processor.py:157} INFO - Started process (PID=3425789) to work on /home/ai/.local/lib/python3.9/site-packages/airflow/example_dags/plugins/event_listener.py
[2026-07-15T16:34:54.189+0200] {processor.py:829} INFO - Processing file /home/ai/.local/lib/python3.9/site-packages/airflow/example_dags/plugins/event_listener.py for tasks to queue
[2026-07-15T16:34:54.190+0200] {logging_mixin.py:151} INFO - [2026-07-15T16:34:54.190+0200] {dagbag.py:536} INFO - Filling up the DagBag from /home/ai/.local/lib/python3.9/site-packages/airflow/example_dags/plugins/event_listener.py
[2026-07-15T16:34:54.193+0200] {processor.py:841} WARNING - No viable dags retrieved from /home/ai/.local/lib/python3.9/site-packages/airflow/example_dags/plugins/event_listener.py
[2026-07-15T16:34:54.202+0200] {processor.py:179} INFO - Processing /home/ai/.local/lib/python3.9/site-packages/airflow/example_dags/plugins/event_listener.py took 0.019 seconds
[2026-07-15T16:35:41.905+0200] {processor.py:157} INFO - Started process (PID=3426545) to work on /home/ai/.local/lib/python3.9/site-packages/airflow/example_dags/plugins/event_listener.py
[2026-07-15T16:35:41.906+0200] {processor.py:829} INFO - Processing file /home/ai/.local/lib/python3.9/site-packages/airflow/example_dags/plugins/event_listener.py for tasks to queue
[2026-07-15T16:35:41.907+0200] {logging_mixin.py:151} INFO - [2026-07-15T16:35:41.907+0200] {dagbag.py:536} INFO - Filling up the DagBag from /home/ai/.local/lib/python3.9/site-packages/airflow/example_dags/plugins/event_listener.py
[2026-07-15T16:35:41.910+0200] {processor.py:841} WARNING - No viable dags retrieved from /home/ai/.local/lib/python3.9/site-packages/airflow/example_dags/plugins/event_listener.py
[2026-07-15T16:35:41.920+0200] {processor.py:179} INFO - Processing /home/ai/.local/lib/python3.9/site-packages/airflow/example_dags/plugins/event_listener.py took 0.019 seconds
[2026-07-15T16:36:28.661+0200] {processor.py:157} INFO - Started process (PID=3427667) to work on /home/ai/.local/lib/python3.9/site-packages/airflow/example_dags/plugins/event_listener.py
[2026-07-15T16:36:28.662+0200] {processor.py:829} INFO - Processing file /home/ai/.local/lib/python3.9/site-packages/airflow/example_dags/plugins/event_listener.py for tasks to queue
[2026-07-15T16:36:28.663+0200] {logging_mixin.py:151} INFO - [2026-07-15T16:36:28.663+0200] {dagbag.py:536} INFO - Filling up the DagBag from /home/ai/.local/lib/python3.9/site-packages/airflow/example_dags/plugins/event_listener.py
[2026-07-15T16:36:28.665+0200] {processor.py:841} WARNING - No viable dags retrieved from /home/ai/.local/lib/python3.9/site-packages/airflow/example_dags/plugins/event_listener.py
[2026-07-15T16:36:28.677+0200] {processor.py:179} INFO - Processing /home/ai/.local/lib/python3.9/site-packages/airflow/example_dags/plugins/event_listener.py took 0.020 seconds
[2026-07-15T16:37:16.752+0200] {processor.py:157} INFO - Started process (PID=3428663) to work on /home/ai/.local/lib/python3.9/site-packages/airflow/example_dags/plugins/event_listener.py
[2026-07-15T16:37:16.754+0200] {processor.py:829} INFO - Processing file /home/ai/.local/lib/python3.9/site-packages/airflow/example_dags/plugins/event_listener.py for tasks to queue
[2026-07-15T16:37:16.755+0200] {logging_mixin.py:151} INFO - [2026-07-15T16:37:16.754+0200] {dagbag.py:536} INFO - Filling up the DagBag from /home/ai/.local/lib/python3.9/site-packages/airflow/example_dags/plugins/event_listener.py
[2026-07-15T16:37:16.757+0200] {processor.py:841} WARNING - No viable dags retrieved from /home/ai/.local/lib/python3.9/site-packages/airflow/example_dags/plugins/event_listener.py
[2026-07-15T16:37:16.767+0200] {processor.py:179} INFO - Processing /home/ai/.local/lib/python3.9/site-packages/airflow/example_dags/plugins/event_listener.py took 0.018 seconds
[2026-07-15T16:38:09.895+0200] {processor.py:157} INFO - Started process (PID=3429647) to work on /home/ai/.local/lib/python3.9/site-packages/airflow/example_dags/plugins/event_listener.py
[2026-07-15T16:38:09.897+0200] {processor.py:829} INFO - Processing file /home/ai/.local/lib/python3.9/site-packages/airflow/example_dags/plugins/event_listener.py for tasks to queue
[2026-07-15T16:38:09.898+0200] {logging_mixin.py:151} INFO - [2026-07-15T16:38:09.897+0200] {dagbag.py:536} INFO - Filling up the DagBag from /home/ai/.local/lib/python3.9/site-packages/airflow/example_dags/plugins/event_listener.py
[2026-07-15T16:38:09.900+0200] {processor.py:841} WARNING - No viable dags retrieved from /home/ai/.local/lib/python3.9/site-packages/airflow/example_dags/plugins/event_listener.py
[2026-07-15T16:38:09.910+0200] {processor.py:179} INFO - Processing /home/ai/.local/lib/python3.9/site-packages/airflow/example_dags/plugins/event_listener.py took 0.018 seconds
[2026-07-15T16:39:01.902+0200] {processor.py:157} INFO - Started process (PID=3430655) to work on /home/ai/.local/lib/python3.9/site-packages/airflow/example_dags/plugins/event_listener.py
[2026-07-15T16:39:01.903+0200] {processor.py:829} INFO - Processing file /home/ai/.local/lib/python3.9/site-packages/airflow/example_dags/plugins/event_listener.py for tasks to queue
[2026-07-15T16:39:01.904+0200] {logging_mixin.py:151} INFO - [2026-07-15T16:39:01.903+0200] {dagbag.py:536} INFO - Filling up the DagBag from /home/ai/.local/lib/python3.9/site-packages/airflow/example_dags/plugins/event_listener.py
[2026-07-15T16:39:01.906+0200] {processor.py:841} WARNING - No viable dags retrieved from /home/ai/.local/lib/python3.9/site-packages/airflow/example_dags/plugins/event_listener.py
[2026-07-15T16:39:01.915+0200] {processor.py:179} INFO - Processing /home/ai/.local/lib/python3.9/site-packages/airflow/example_dags/plugins/event_listener.py took 0.020 seconds
[2026-07-15T16:39:58.853+0200] {processor.py:157} INFO - Started process (PID=3431672) to work on /home/ai/.local/lib/python3.9/site-packages/airflow/example_dags/plugins/event_listener.py
[2026-07-15T16:39:58.854+0200] {processor.py:829} INFO - Processing file /home/ai/.local/lib/python3.9/site-packages/airflow/example_dags/plugins/event_listener.py for tasks to queue
[2026-07-15T16:39:58.855+0200] {logging_mixin.py:151} INFO - [2026-07-15T16:39:58.855+0200] {dagbag.py:536} INFO - Filling up the DagBag from /home/ai/.local/lib/python3.9/site-packages/airflow/example_dags/plugins/event_listener.py
[2026-07-15T16:39:58.858+0200] {processor.py:841} WARNING - No viable dags retrieved from /home/ai/.local/lib/python3.9/site-packages/airflow/example_dags/plugins/event_listener.py
[2026-07-15T16:39:58.870+0200] {processor.py:179} INFO - Processing /home/ai/.local/lib/python3.9/site-packages/airflow/example_dags/plugins/event_listener.py took 0.021 seconds
[2026-07-15T16:40:56.545+0200] {processor.py:157} INFO - Started process (PID=3432700) to work on /home/ai/.local/lib/python3.9/site-packages/airflow/example_dags/plugins/event_listener.py
[2026-07-15T16:40:56.546+0200] {processor.py:829} INFO - Processing file /home/ai/.local/lib/python3.9/site-packages/airflow/example_dags/plugins/event_listener.py for tasks to queue
[2026-07-15T16:40:56.547+0200] {logging_mixin.py:151} INFO - [2026-07-15T16:40:56.547+0200] {dagbag.py:536} INFO - Filling up the DagBag from /home/ai/.local/lib/python3.9/site-packages/airflow/example_dags/plugins/event_listener.py
[2026-07-15T16:40:56.550+0200] {processor.py:841} WARNING - No viable dags retrieved from /home/ai/.local/lib/python3.9/site-packages/airflow/example_dags/plugins/event_listener.py
[2026-07-15T16:40:56.560+0200] {processor.py:179} INFO - Processing /home/ai/.local/lib/python3.9/site-packages/airflow/example_dags/plugins/event_listener.py took 0.021 seconds
[2026-07-15T16:41:49.489+0200] {processor.py:157} INFO - Started process (PID=3433661) to work on /home/ai/.local/lib/python3.9/site-packages/airflow/example_dags/plugins/event_listener.py
[2026-07-15T16:41:49.490+0200] {processor.py:829} INFO - Processing file /home/ai/.local/lib/python3.9/site-packages/airflow/example_dags/plugins/event_listener.py for tasks to queue
[2026-07-15T16:41:49.491+0200] {logging_mixin.py:151} INFO - [2026-07-15T16:41:49.491+0200] {dagbag.py:536} INFO - Filling up the DagBag from /home/ai/.local/lib/python3.9/site-packages/airflow/example_dags/plugins/event_listener.py
[2026-07-15T16:41:49.494+0200] {processor.py:841} WARNING - No viable dags retrieved from /home/ai/.local/lib/python3.9/site-packages/airflow/example_dags/plugins/event_listener.py
[2026-07-15T16:41:49.504+0200] {processor.py:179} INFO - Processing /home/ai/.local/lib/python3.9/site-packages/airflow/example_dags/plugins/event_listener.py took 0.019 seconds
[2026-07-15T16:42:36.254+0200] {processor.py:157} INFO - Started process (PID=3434480) to work on /home/ai/.local/lib/python3.9/site-packages/airflow/example_dags/plugins/event_listener.py
[2026-07-15T16:42:36.256+0200] {processor.py:829} INFO - Processing file /home/ai/.local/lib/python3.9/site-packages/airflow/example_dags/plugins/event_listener.py for tasks to queue
[2026-07-15T16:42:36.257+0200] {logging_mixin.py:151} INFO - [2026-07-15T16:42:36.256+0200] {dagbag.py:536} INFO - Filling up the DagBag from /home/ai/.local/lib/python3.9/site-packages/airflow/example_dags/plugins/event_listener.py
[2026-07-15T16:42:36.259+0200] {processor.py:841} WARNING - No viable dags retrieved from /home/ai/.local/lib/python3.9/site-packages/airflow/example_dags/plugins/event_listener.py
[2026-07-15T16:42:36.269+0200] {processor.py:179} INFO - Processing /home/ai/.local/lib/python3.9/site-packages/airflow/example_dags/plugins/event_listener.py took 0.018 seconds
[2026-07-15T16:43:28.925+0200] {processor.py:157} INFO - Started process (PID=3435469) to work on /home/ai/.local/lib/python3.9/site-packages/airflow/example_dags/plugins/event_listener.py
[2026-07-15T16:43:28.927+0200] {processor.py:829} INFO - Processing file /home/ai/.local/lib/python3.9/site-packages/airflow/example_dags/plugins/event_listener.py for tasks to queue
[2026-07-15T16:43:28.928+0200] {logging_mixin.py:151} INFO - [2026-07-15T16:43:28.928+0200] {dagbag.py:536} INFO - Filling up the DagBag from /home/ai/.local/lib/python3.9/site-packages/airflow/example_dags/plugins/event_listener.py
[2026-07-15T16:43:28.930+0200] {processor.py:841} WARNING - No viable dags retrieved from /home/ai/.local/lib/python3.9/site-packages/airflow/example_dags/plugins/event_listener.py
[2026-07-15T16:43:28.940+0200] {processor.py:179} INFO - Processing /home/ai/.local/lib/python3.9/site-packages/airflow/example_dags/plugins/event_listener.py took 0.020 seconds
[2026-07-15T16:44:15.955+0200] {processor.py:157} INFO - Started process (PID=3436201) to work on /home/ai/.local/lib/python3.9/site-packages/airflow/example_dags/plugins/event_listener.py
[2026-07-15T16:44:15.957+0200] {processor.py:829} INFO - Processing file /home/ai/.local/lib/python3.9/site-packages/airflow/example_dags/plugins/event_listener.py for tasks to queue
[2026-07-15T16:44:15.958+0200] {logging_mixin.py:151} INFO - [2026-07-15T16:44:15.957+0200] {dagbag.py:536} INFO - Filling up the DagBag from /home/ai/.local/lib/python3.9/site-packages/airflow/example_dags/plugins/event_listener.py
[2026-07-15T16:44:15.961+0200] {processor.py:841} WARNING - No viable dags retrieved from /home/ai/.local/lib/python3.9/site-packages/airflow/example_dags/plugins/event_listener.py
[2026-07-15T16:44:15.970+0200] {processor.py:179} INFO - Processing /home/ai/.local/lib/python3.9/site-packages/airflow/example_dags/plugins/event_listener.py took 0.019 seconds
[2026-07-15T16:45:03.103+0200] {processor.py:157} INFO - Started process (PID=3437071) to work on /home/ai/.local/lib/python3.9/site-packages/airflow/example_dags/plugins/event_listener.py
[2026-07-15T16:45:03.104+0200] {processor.py:829} INFO - Processing file /home/ai/.local/lib/python3.9/site-packages/airflow/example_dags/plugins/event_listener.py for tasks to queue
[2026-07-15T16:45:03.105+0200] {logging_mixin.py:151} INFO - [2026-07-15T16:45:03.105+0200] {dagbag.py:536} INFO - Filling up the DagBag from /home/ai/.local/lib/python3.9/site-packages/airflow/example_dags/plugins/event_listener.py
[2026-07-15T16:45:03.107+0200] {processor.py:841} WARNING - No viable dags retrieved from /home/ai/.local/lib/python3.9/site-packages/airflow/example_dags/plugins/event_listener.py
[2026-07-15T16:45:03.116+0200] {processor.py:179} INFO - Processing /home/ai/.local/lib/python3.9/site-packages/airflow/example_dags/plugins/event_listener.py took 0.017 seconds
[2026-07-15T16:46:05.328+0200] {processor.py:157} INFO - Started process (PID=3438172) to work on /home/ai/.local/lib/python3.9/site-packages/airflow/example_dags/plugins/event_listener.py
[2026-07-15T16:46:05.329+0200] {processor.py:829} INFO - Processing file /home/ai/.local/lib/python3.9/site-packages/airflow/example_dags/plugins/event_listener.py for tasks to queue
[2026-07-15T16:46:05.330+0200] {logging_mixin.py:151} INFO - [2026-07-15T16:46:05.330+0200] {dagbag.py:536} INFO - Filling up the DagBag from /home/ai/.local/lib/python3.9/site-packages/airflow/example_dags/plugins/event_listener.py
[2026-07-15T16:46:05.333+0200] {processor.py:841} WARNING - No viable dags retrieved from /home/ai/.local/lib/python3.9/site-packages/airflow/example_dags/plugins/event_listener.py
[2026-07-15T16:46:05.343+0200] {processor.py:179} INFO - Processing /home/ai/.local/lib/python3.9/site-packages/airflow/example_dags/plugins/event_listener.py took 0.022 seconds
[2026-07-15T16:47:03.177+0200] {processor.py:157} INFO - Started process (PID=3439156) to work on /home/ai/.local/lib/python3.9/site-packages/airflow/example_dags/plugins/event_listener.py
[2026-07-15T16:47:03.178+0200] {processor.py:829} INFO - Processing file /home/ai/.local/lib/python3.9/site-packages/airflow/example_dags/plugins/event_listener.py for tasks to queue
[2026-07-15T16:47:03.180+0200] {logging_mixin.py:151} INFO - [2026-07-15T16:47:03.179+0200] {dagbag.py:536} INFO - Filling up the DagBag from /home/ai/.local/lib/python3.9/site-packages/airflow/example_dags/plugins/event_listener.py
[2026-07-15T16:47:03.183+0200] {processor.py:841} WARNING - No viable dags retrieved from /home/ai/.local/lib/python3.9/site-packages/airflow/example_dags/plugins/event_listener.py
[2026-07-15T16:47:03.193+0200] {processor.py:179} INFO - Processing /home/ai/.local/lib/python3.9/site-packages/airflow/example_dags/plugins/event_listener.py took 0.024 seconds
[2026-07-15T16:48:01.055+0200] {processor.py:157} INFO - Started process (PID=3440152) to work on /home/ai/.local/lib/python3.9/site-packages/airflow/example_dags/plugins/event_listener.py
[2026-07-15T16:48:01.359+0200] {processor.py:829} INFO - Processing file /home/ai/.local/lib/python3.9/site-packages/airflow/example_dags/plugins/event_listener.py for tasks to queue
[2026-07-15T16:48:01.361+0200] {logging_mixin.py:151} INFO - [2026-07-15T16:48:01.360+0200] {dagbag.py:536} INFO - Filling up the DagBag from /home/ai/.local/lib/python3.9/site-packages/airflow/example_dags/plugins/event_listener.py
[2026-07-15T16:48:01.364+0200] {processor.py:841} WARNING - No viable dags retrieved from /home/ai/.local/lib/python3.9/site-packages/airflow/example_dags/plugins/event_listener.py
[2026-07-15T16:48:01.378+0200] {processor.py:179} INFO - Processing /home/ai/.local/lib/python3.9/site-packages/airflow/example_dags/plugins/event_listener.py took 0.330 seconds
[2026-07-15T16:48:59.875+0200] {processor.py:157} INFO - Started process (PID=3441182) to work on /home/ai/.local/lib/python3.9/site-packages/airflow/example_dags/plugins/event_listener.py
[2026-07-15T16:48:59.876+0200] {processor.py:829} INFO - Processing file /home/ai/.local/lib/python3.9/site-packages/airflow/example_dags/plugins/event_listener.py for tasks to queue
[2026-07-15T16:48:59.877+0200] {logging_mixin.py:151} INFO - [2026-07-15T16:48:59.877+0200] {dagbag.py:536} INFO - Filling up the DagBag from /home/ai/.local/lib/python3.9/site-packages/airflow/example_dags/plugins/event_listener.py
[2026-07-15T16:48:59.879+0200] {processor.py:841} WARNING - No viable dags retrieved from /home/ai/.local/lib/python3.9/site-packages/airflow/example_dags/plugins/event_listener.py
[2026-07-15T16:48:59.889+0200] {processor.py:179} INFO - Processing /home/ai/.local/lib/python3.9/site-packages/airflow/example_dags/plugins/event_listener.py took 0.020 seconds
[2026-07-15T16:49:58.592+0200] {processor.py:157} INFO - Started process (PID=3442151) to work on /home/ai/.local/lib/python3.9/site-packages/airflow/example_dags/plugins/event_listener.py
[2026-07-15T16:49:58.593+0200] {processor.py:829} INFO - Processing file /home/ai/.local/lib/python3.9/site-packages/airflow/example_dags/plugins/event_listener.py for tasks to queue
[2026-07-15T16:49:58.594+0200] {logging_mixin.py:151} INFO - [2026-07-15T16:49:58.594+0200] {dagbag.py:536} INFO - Filling up the DagBag from /home/ai/.local/lib/python3.9/site-packages/airflow/example_dags/plugins/event_listener.py
[2026-07-15T16:49:58.596+0200] {processor.py:841} WARNING - No viable dags retrieved from /home/ai/.local/lib/python3.9/site-packages/airflow/example_dags/plugins/event_listener.py
[2026-07-15T16:49:58.606+0200] {processor.py:179} INFO - Processing /home/ai/.local/lib/python3.9/site-packages/airflow/example_dags/plugins/event_listener.py took 0.021 seconds
[2026-07-15T16:50:52.695+0200] {processor.py:157} INFO - Started process (PID=3443069) to work on /home/ai/.local/lib/python3.9/site-packages/airflow/example_dags/plugins/event_listener.py
[2026-07-15T16:50:52.697+0200] {processor.py:829} INFO - Processing file /home/ai/.local/lib/python3.9/site-packages/airflow/example_dags/plugins/event_listener.py for tasks to queue
[2026-07-15T16:50:52.698+0200] {logging_mixin.py:151} INFO - [2026-07-15T16:50:52.697+0200] {dagbag.py:536} INFO - Filling up the DagBag from /home/ai/.local/lib/python3.9/site-packages/airflow/example_dags/plugins/event_listener.py
[2026-07-15T16:50:52.701+0200] {processor.py:841} WARNING - No viable dags retrieved from /home/ai/.local/lib/python3.9/site-packages/airflow/example_dags/plugins/event_listener.py
[2026-07-15T16:50:52.712+0200] {processor.py:179} INFO - Processing /home/ai/.local/lib/python3.9/site-packages/airflow/example_dags/plugins/event_listener.py took 0.021 seconds
[2026-07-15T16:51:51.329+0200] {processor.py:157} INFO - Started process (PID=3444084) to work on /home/ai/.local/lib/python3.9/site-packages/airflow/example_dags/plugins/event_listener.py
[2026-07-15T16:51:51.330+0200] {processor.py:829} INFO - Processing file /home/ai/.local/lib/python3.9/site-packages/airflow/example_dags/plugins/event_listener.py for tasks to queue
[2026-07-15T16:51:51.331+0200] {logging_mixin.py:151} INFO - [2026-07-15T16:51:51.330+0200] {dagbag.py:536} INFO - Filling up the DagBag from /home/ai/.local/lib/python3.9/site-packages/airflow/example_dags/plugins/event_listener.py
[2026-07-15T16:51:51.333+0200] {processor.py:841} WARNING - No viable dags retrieved from /home/ai/.local/lib/python3.9/site-packages/airflow/example_dags/plugins/event_listener.py
[2026-07-15T16:51:51.342+0200] {processor.py:179} INFO - Processing /home/ai/.local/lib/python3.9/site-packages/airflow/example_dags/plugins/event_listener.py took 0.018 seconds
[2026-07-15T16:52:55.157+0200] {processor.py:157} INFO - Started process (PID=3445208) to work on /home/ai/.local/lib/python3.9/site-packages/airflow/example_dags/plugins/event_listener.py
[2026-07-15T16:52:55.158+0200] {processor.py:829} INFO - Processing file /home/ai/.local/lib/python3.9/site-packages/airflow/example_dags/plugins/event_listener.py for tasks to queue
[2026-07-15T16:52:55.160+0200] {logging_mixin.py:151} INFO - [2026-07-15T16:52:55.159+0200] {dagbag.py:536} INFO - Filling up the DagBag from /home/ai/.local/lib/python3.9/site-packages/airflow/example_dags/plugins/event_listener.py
[2026-07-15T16:52:55.162+0200] {processor.py:841} WARNING - No viable dags retrieved from /home/ai/.local/lib/python3.9/site-packages/airflow/example_dags/plugins/event_listener.py
[2026-07-15T16:52:55.171+0200] {processor.py:179} INFO - Processing /home/ai/.local/lib/python3.9/site-packages/airflow/example_dags/plugins/event_listener.py took 0.020 seconds
[2026-07-15T16:54:06.441+0200] {processor.py:157} INFO - Started process (PID=3446329) to work on /home/ai/.local/lib/python3.9/site-packages/airflow/example_dags/plugins/event_listener.py
[2026-07-15T16:54:06.442+0200] {processor.py:829} INFO - Processing file /home/ai/.local/lib/python3.9/site-packages/airflow/example_dags/plugins/event_listener.py for tasks to queue
[2026-07-15T16:54:06.443+0200] {logging_mixin.py:151} INFO - [2026-07-15T16:54:06.443+0200] {dagbag.py:536} INFO - Filling up the DagBag from /home/ai/.local/lib/python3.9/site-packages/airflow/example_dags/plugins/event_listener.py
[2026-07-15T16:54:06.446+0200] {processor.py:841} WARNING - No viable dags retrieved from /home/ai/.local/lib/python3.9/site-packages/airflow/example_dags/plugins/event_listener.py
[2026-07-15T16:54:06.456+0200] {processor.py:179} INFO - Processing /home/ai/.local/lib/python3.9/site-packages/airflow/example_dags/plugins/event_listener.py took 0.020 seconds
[2026-07-15T16:55:10.717+0200] {processor.py:157} INFO - Started process (PID=3447399) to work on /home/ai/.local/lib/python3.9/site-packages/airflow/example_dags/plugins/event_listener.py
[2026-07-15T16:55:10.718+0200] {processor.py:829} INFO - Processing file /home/ai/.local/lib/python3.9/site-packages/airflow/example_dags/plugins/event_listener.py for tasks to queue
[2026-07-15T16:55:10.719+0200] {logging_mixin.py:151} INFO - [2026-07-15T16:55:10.719+0200] {dagbag.py:536} INFO - Filling up the DagBag from /home/ai/.local/lib/python3.9/site-packages/airflow/example_dags/plugins/event_listener.py
[2026-07-15T16:55:10.722+0200] {processor.py:841} WARNING - No viable dags retrieved from /home/ai/.local/lib/python3.9/site-packages/airflow/example_dags/plugins/event_listener.py
[2026-07-15T16:55:10.732+0200] {processor.py:179} INFO - Processing /home/ai/.local/lib/python3.9/site-packages/airflow/example_dags/plugins/event_listener.py took 0.019 seconds
[2026-07-15T16:56:09.519+0200] {processor.py:157} INFO - Started process (PID=3448393) to work on /home/ai/.local/lib/python3.9/site-packages/airflow/example_dags/plugins/event_listener.py
[2026-07-15T16:56:09.521+0200] {processor.py:829} INFO - Processing file /home/ai/.local/lib/python3.9/site-packages/airflow/example_dags/plugins/event_listener.py for tasks to queue
[2026-07-15T16:56:09.522+0200] {logging_mixin.py:151} INFO - [2026-07-15T16:56:09.521+0200] {dagbag.py:536} INFO - Filling up the DagBag from /home/ai/.local/lib/python3.9/site-packages/airflow/example_dags/plugins/event_listener.py
[2026-07-15T16:56:09.524+0200] {processor.py:841} WARNING - No viable dags retrieved from /home/ai/.local/lib/python3.9/site-packages/airflow/example_dags/plugins/event_listener.py
[2026-07-15T16:56:09.534+0200] {processor.py:179} INFO - Processing /home/ai/.local/lib/python3.9/site-packages/airflow/example_dags/plugins/event_listener.py took 0.020 seconds
[2026-07-15T16:57:20.150+0200] {processor.py:157} INFO - Started process (PID=3449584) to work on /home/ai/.local/lib/python3.9/site-packages/airflow/example_dags/plugins/event_listener.py
[2026-07-15T16:57:20.154+0200] {processor.py:829} INFO - Processing file /home/ai/.local/lib/python3.9/site-packages/airflow/example_dags/plugins/event_listener.py for tasks to queue
[2026-07-15T16:57:20.155+0200] {logging_mixin.py:151} INFO - [2026-07-15T16:57:20.154+0200] {dagbag.py:536} INFO - Filling up the DagBag from /home/ai/.local/lib/python3.9/site-packages/airflow/example_dags/plugins/event_listener.py
[2026-07-15T16:57:20.157+0200] {processor.py:841} WARNING - No viable dags retrieved from /home/ai/.local/lib/python3.9/site-packages/airflow/example_dags/plugins/event_listener.py
[2026-07-15T16:57:20.171+0200] {processor.py:179} INFO - Processing /home/ai/.local/lib/python3.9/site-packages/airflow/example_dags/plugins/event_listener.py took 0.025 seconds
[2026-07-15T16:58:33.989+0200] {processor.py:157} INFO - Started process (PID=3451063) to work on /home/ai/.local/lib/python3.9/site-packages/airflow/example_dags/plugins/event_listener.py
[2026-07-15T16:58:33.990+0200] {processor.py:829} INFO - Processing file /home/ai/.local/lib/python3.9/site-packages/airflow/example_dags/plugins/event_listener.py for tasks to queue
[2026-07-15T16:58:33.991+0200] {logging_mixin.py:151} INFO - [2026-07-15T16:58:33.991+0200] {dagbag.py:536} INFO - Filling up the DagBag from /home/ai/.local/lib/python3.9/site-packages/airflow/example_dags/plugins/event_listener.py
[2026-07-15T16:58:33.994+0200] {processor.py:841} WARNING - No viable dags retrieved from /home/ai/.local/lib/python3.9/site-packages/airflow/example_dags/plugins/event_listener.py
[2026-07-15T16:58:34.004+0200] {processor.py:179} INFO - Processing /home/ai/.local/lib/python3.9/site-packages/airflow/example_dags/plugins/event_listener.py took 0.019 seconds
[2026-07-15T17:00:34.646+0200] {processor.py:157} INFO - Started process (PID=3453032) to work on /home/ai/.local/lib/python3.9/site-packages/airflow/example_dags/plugins/event_listener.py
[2026-07-15T17:00:34.648+0200] {processor.py:829} INFO - Processing file /home/ai/.local/lib/python3.9/site-packages/airflow/example_dags/plugins/event_listener.py for tasks to queue
[2026-07-15T17:00:34.649+0200] {logging_mixin.py:151} INFO - [2026-07-15T17:00:34.648+0200] {dagbag.py:536} INFO - Filling up the DagBag from /home/ai/.local/lib/python3.9/site-packages/airflow/example_dags/plugins/event_listener.py
[2026-07-15T17:00:34.651+0200] {processor.py:841} WARNING - No viable dags retrieved from /home/ai/.local/lib/python3.9/site-packages/airflow/example_dags/plugins/event_listener.py
[2026-07-15T17:00:34.661+0200] {processor.py:179} INFO - Processing /home/ai/.local/lib/python3.9/site-packages/airflow/example_dags/plugins/event_listener.py took 0.020 seconds
[2026-07-15T17:02:27.428+0200] {processor.py:157} INFO - Started process (PID=3455019) to work on /home/ai/.local/lib/python3.9/site-packages/airflow/example_dags/plugins/event_listener.py
[2026-07-15T17:02:27.430+0200] {processor.py:829} INFO - Processing file /home/ai/.local/lib/python3.9/site-packages/airflow/example_dags/plugins/event_listener.py for tasks to queue
[2026-07-15T17:02:27.431+0200] {logging_mixin.py:151} INFO - [2026-07-15T17:02:27.430+0200] {dagbag.py:536} INFO - Filling up the DagBag from /home/ai/.local/lib/python3.9/site-packages/airflow/example_dags/plugins/event_listener.py
[2026-07-15T17:02:27.433+0200] {processor.py:841} WARNING - No viable dags retrieved from /home/ai/.local/lib/python3.9/site-packages/airflow/example_dags/plugins/event_listener.py
[2026-07-15T17:02:27.443+0200] {processor.py:179} INFO - Processing /home/ai/.local/lib/python3.9/site-packages/airflow/example_dags/plugins/event_listener.py took 0.025 seconds
[2026-07-15T17:03:57.481+0200] {processor.py:157} INFO - Started process (PID=3456647) to work on /home/ai/.local/lib/python3.9/site-packages/airflow/example_dags/plugins/event_listener.py
[2026-07-15T17:03:57.482+0200] {processor.py:829} INFO - Processing file /home/ai/.local/lib/python3.9/site-packages/airflow/example_dags/plugins/event_listener.py for tasks to queue
[2026-07-15T17:03:57.484+0200] {logging_mixin.py:151} INFO - [2026-07-15T17:03:57.483+0200] {dagbag.py:536} INFO - Filling up the DagBag from /home/ai/.local/lib/python3.9/site-packages/airflow/example_dags/plugins/event_listener.py
[2026-07-15T17:03:57.487+0200] {processor.py:841} WARNING - No viable dags retrieved from /home/ai/.local/lib/python3.9/site-packages/airflow/example_dags/plugins/event_listener.py
[2026-07-15T17:03:57.498+0200] {processor.py:179} INFO - Processing /home/ai/.local/lib/python3.9/site-packages/airflow/example_dags/plugins/event_listener.py took 0.022 seconds
[2026-07-15T17:04:59.016+0200] {processor.py:157} INFO - Started process (PID=3457690) to work on /home/ai/.local/lib/python3.9/site-packages/airflow/example_dags/plugins/event_listener.py
[2026-07-15T17:04:59.018+0200] {processor.py:829} INFO - Processing file /home/ai/.local/lib/python3.9/site-packages/airflow/example_dags/plugins/event_listener.py for tasks to queue
[2026-07-15T17:04:59.019+0200] {logging_mixin.py:151} INFO - [2026-07-15T17:04:59.018+0200] {dagbag.py:536} INFO - Filling up the DagBag from /home/ai/.local/lib/python3.9/site-packages/airflow/example_dags/plugins/event_listener.py
[2026-07-15T17:04:59.022+0200] {processor.py:841} WARNING - No viable dags retrieved from /home/ai/.local/lib/python3.9/site-packages/airflow/example_dags/plugins/event_listener.py
[2026-07-15T17:04:59.036+0200] {processor.py:179} INFO - Processing /home/ai/.local/lib/python3.9/site-packages/airflow/example_dags/plugins/event_listener.py took 0.024 seconds
[2026-07-15T17:06:08.267+0200] {processor.py:157} INFO - Started process (PID=3458772) to work on /home/ai/.local/lib/python3.9/site-packages/airflow/example_dags/plugins/event_listener.py
[2026-07-15T17:06:08.269+0200] {processor.py:829} INFO - Processing file /home/ai/.local/lib/python3.9/site-packages/airflow/example_dags/plugins/event_listener.py for tasks to queue
[2026-07-15T17:06:08.270+0200] {logging_mixin.py:151} INFO - [2026-07-15T17:06:08.270+0200] {dagbag.py:536} INFO - Filling up the DagBag from /home/ai/.local/lib/python3.9/site-packages/airflow/example_dags/plugins/event_listener.py
[2026-07-15T17:06:08.273+0200] {processor.py:841} WARNING - No viable dags retrieved from /home/ai/.local/lib/python3.9/site-packages/airflow/example_dags/plugins/event_listener.py
[2026-07-15T17:06:08.283+0200] {processor.py:179} INFO - Processing /home/ai/.local/lib/python3.9/site-packages/airflow/example_dags/plugins/event_listener.py took 0.019 seconds
[2026-07-15T17:07:13.313+0200] {processor.py:157} INFO - Started process (PID=3459858) to work on /home/ai/.local/lib/python3.9/site-packages/airflow/example_dags/plugins/event_listener.py
[2026-07-15T17:07:13.707+0200] {processor.py:829} INFO - Processing file /home/ai/.local/lib/python3.9/site-packages/airflow/example_dags/plugins/event_listener.py for tasks to queue
[2026-07-15T17:07:13.708+0200] {logging_mixin.py:151} INFO - [2026-07-15T17:07:13.707+0200] {dagbag.py:536} INFO - Filling up the DagBag from /home/ai/.local/lib/python3.9/site-packages/airflow/example_dags/plugins/event_listener.py
[2026-07-15T17:07:13.710+0200] {processor.py:841} WARNING - No viable dags retrieved from /home/ai/.local/lib/python3.9/site-packages/airflow/example_dags/plugins/event_listener.py
[2026-07-15T17:07:13.721+0200] {processor.py:179} INFO - Processing /home/ai/.local/lib/python3.9/site-packages/airflow/example_dags/plugins/event_listener.py took 0.413 seconds
[2026-07-15T17:08:45.274+0200] {processor.py:157} INFO - Started process (PID=3461448) to work on /home/ai/.local/lib/python3.9/site-packages/airflow/example_dags/plugins/event_listener.py
[2026-07-15T17:08:45.316+0200] {processor.py:829} INFO - Processing file /home/ai/.local/lib/python3.9/site-packages/airflow/example_dags/plugins/event_listener.py for tasks to queue
[2026-07-15T17:08:45.317+0200] {logging_mixin.py:151} INFO - [2026-07-15T17:08:45.317+0200] {dagbag.py:536} INFO - Filling up the DagBag from /home/ai/.local/lib/python3.9/site-packages/airflow/example_dags/plugins/event_listener.py
[2026-07-15T17:08:45.321+0200] {processor.py:841} WARNING - No viable dags retrieved from /home/ai/.local/lib/python3.9/site-packages/airflow/example_dags/plugins/event_listener.py
[2026-07-15T17:08:45.336+0200] {processor.py:179} INFO - Processing /home/ai/.local/lib/python3.9/site-packages/airflow/example_dags/plugins/event_listener.py took 0.067 seconds
[2026-07-15T17:10:23.264+0200] {processor.py:157} INFO - Started process (PID=3463084) to work on /home/ai/.local/lib/python3.9/site-packages/airflow/example_dags/plugins/event_listener.py
[2026-07-15T17:10:23.569+0200] {processor.py:829} INFO - Processing file /home/ai/.local/lib/python3.9/site-packages/airflow/example_dags/plugins/event_listener.py for tasks to queue
[2026-07-15T17:10:23.572+0200] {logging_mixin.py:151} INFO - [2026-07-15T17:10:23.571+0200] {dagbag.py:536} INFO - Filling up the DagBag from /home/ai/.local/lib/python3.9/site-packages/airflow/example_dags/plugins/event_listener.py
[2026-07-15T17:10:23.578+0200] {processor.py:841} WARNING - No viable dags retrieved from /home/ai/.local/lib/python3.9/site-packages/airflow/example_dags/plugins/event_listener.py
[2026-07-15T17:10:24.530+0200] {processor.py:179} INFO - Processing /home/ai/.local/lib/python3.9/site-packages/airflow/example_dags/plugins/event_listener.py took 1.270 seconds
[2026-07-15T17:11:57.329+0200] {processor.py:157} INFO - Started process (PID=3464614) to work on /home/ai/.local/lib/python3.9/site-packages/airflow/example_dags/plugins/event_listener.py
[2026-07-15T17:11:57.330+0200] {processor.py:829} INFO - Processing file /home/ai/.local/lib/python3.9/site-packages/airflow/example_dags/plugins/event_listener.py for tasks to queue
[2026-07-15T17:11:57.331+0200] {logging_mixin.py:151} INFO - [2026-07-15T17:11:57.331+0200] {dagbag.py:536} INFO - Filling up the DagBag from /home/ai/.local/lib/python3.9/site-packages/airflow/example_dags/plugins/event_listener.py
[2026-07-15T17:11:57.334+0200] {processor.py:841} WARNING - No viable dags retrieved from /home/ai/.local/lib/python3.9/site-packages/airflow/example_dags/plugins/event_listener.py
[2026-07-15T17:11:57.345+0200] {processor.py:179} INFO - Processing /home/ai/.local/lib/python3.9/site-packages/airflow/example_dags/plugins/event_listener.py took 0.021 seconds
[2026-07-15T17:13:31.288+0200] {processor.py:157} INFO - Started process (PID=3466411) to work on /home/ai/.local/lib/python3.9/site-packages/airflow/example_dags/plugins/event_listener.py
[2026-07-15T17:13:31.290+0200] {processor.py:829} INFO - Processing file /home/ai/.local/lib/python3.9/site-packages/airflow/example_dags/plugins/event_listener.py for tasks to queue
[2026-07-15T17:13:31.292+0200] {logging_mixin.py:151} INFO - [2026-07-15T17:13:31.291+0200] {dagbag.py:536} INFO - Filling up the DagBag from /home/ai/.local/lib/python3.9/site-packages/airflow/example_dags/plugins/event_listener.py
[2026-07-15T17:13:31.295+0200] {processor.py:841} WARNING - No viable dags retrieved from /home/ai/.local/lib/python3.9/site-packages/airflow/example_dags/plugins/event_listener.py
[2026-07-15T17:13:31.305+0200] {processor.py:179} INFO - Processing /home/ai/.local/lib/python3.9/site-packages/airflow/example_dags/plugins/event_listener.py took 0.024 seconds
[2026-07-15T17:14:54.638+0200] {processor.py:157} INFO - Started process (PID=3467826) to work on /home/ai/.local/lib/python3.9/site-packages/airflow/example_dags/plugins/event_listener.py
[2026-07-15T17:14:54.639+0200] {processor.py:829} INFO - Processing file /home/ai/.local/lib/python3.9/site-packages/airflow/example_dags/plugins/event_listener.py for tasks to queue
[2026-07-15T17:14:54.640+0200] {logging_mixin.py:151} INFO - [2026-07-15T17:14:54.639+0200] {dagbag.py:536} INFO - Filling up the DagBag from /home/ai/.local/lib/python3.9/site-packages/airflow/example_dags/plugins/event_listener.py
[2026-07-15T17:14:54.642+0200] {processor.py:841} WARNING - No viable dags retrieved from /home/ai/.local/lib/python3.9/site-packages/airflow/example_dags/plugins/event_listener.py
[2026-07-15T17:14:54.652+0200] {processor.py:179} INFO - Processing /home/ai/.local/lib/python3.9/site-packages/airflow/example_dags/plugins/event_listener.py took 0.021 seconds
[2026-07-15T17:15:53.642+0200] {processor.py:157} INFO - Started process (PID=3469156) to work on /home/ai/.local/lib/python3.9/site-packages/airflow/example_dags/plugins/event_listener.py
[2026-07-15T17:15:53.644+0200] {processor.py:829} INFO - Processing file /home/ai/.local/lib/python3.9/site-packages/airflow/example_dags/plugins/event_listener.py for tasks to queue
[2026-07-15T17:15:53.645+0200] {logging_mixin.py:151} INFO - [2026-07-15T17:15:53.645+0200] {dagbag.py:536} INFO - Filling up the DagBag from /home/ai/.local/lib/python3.9/site-packages/airflow/example_dags/plugins/event_listener.py
[2026-07-15T17:15:53.648+0200] {processor.py:841} WARNING - No viable dags retrieved from /home/ai/.local/lib/python3.9/site-packages/airflow/example_dags/plugins/event_listener.py
[2026-07-15T17:15:53.659+0200] {processor.py:179} INFO - Processing /home/ai/.local/lib/python3.9/site-packages/airflow/example_dags/plugins/event_listener.py took 0.022 seconds
[2026-07-15T17:16:46.847+0200] {processor.py:157} INFO - Started process (PID=3470251) to work on /home/ai/.local/lib/python3.9/site-packages/airflow/example_dags/plugins/event_listener.py
[2026-07-15T17:16:46.851+0200] {processor.py:829} INFO - Processing file /home/ai/.local/lib/python3.9/site-packages/airflow/example_dags/plugins/event_listener.py for tasks to queue
[2026-07-15T17:16:46.853+0200] {logging_mixin.py:151} INFO - [2026-07-15T17:16:46.852+0200] {dagbag.py:536} INFO - Filling up the DagBag from /home/ai/.local/lib/python3.9/site-packages/airflow/example_dags/plugins/event_listener.py
[2026-07-15T17:16:46.859+0200] {processor.py:841} WARNING - No viable dags retrieved from /home/ai/.local/lib/python3.9/site-packages/airflow/example_dags/plugins/event_listener.py
[2026-07-15T17:16:46.871+0200] {processor.py:179} INFO - Processing /home/ai/.local/lib/python3.9/site-packages/airflow/example_dags/plugins/event_listener.py took 0.030 seconds
[2026-07-15T17:17:34.135+0200] {processor.py:157} INFO - Started process (PID=3471324) to work on /home/ai/.local/lib/python3.9/site-packages/airflow/example_dags/plugins/event_listener.py
[2026-07-15T17:17:34.137+0200] {processor.py:829} INFO - Processing file /home/ai/.local/lib/python3.9/site-packages/airflow/example_dags/plugins/event_listener.py for tasks to queue
[2026-07-15T17:17:34.140+0200] {logging_mixin.py:151} INFO - [2026-07-15T17:17:34.139+0200] {dagbag.py:536} INFO - Filling up the DagBag from /home/ai/.local/lib/python3.9/site-packages/airflow/example_dags/plugins/event_listener.py
[2026-07-15T17:17:34.143+0200] {processor.py:841} WARNING - No viable dags retrieved from /home/ai/.local/lib/python3.9/site-packages/airflow/example_dags/plugins/event_listener.py
[2026-07-15T17:17:34.153+0200] {processor.py:179} INFO - Processing /home/ai/.local/lib/python3.9/site-packages/airflow/example_dags/plugins/event_listener.py took 0.026 seconds
[2026-07-15T17:18:41.161+0200] {processor.py:157} INFO - Started process (PID=3472771) to work on /home/ai/.local/lib/python3.9/site-packages/airflow/example_dags/plugins/event_listener.py
[2026-07-15T17:18:41.162+0200] {processor.py:829} INFO - Processing file /home/ai/.local/lib/python3.9/site-packages/airflow/example_dags/plugins/event_listener.py for tasks to queue
[2026-07-15T17:18:41.163+0200] {logging_mixin.py:151} INFO - [2026-07-15T17:18:41.163+0200] {dagbag.py:536} INFO - Filling up the DagBag from /home/ai/.local/lib/python3.9/site-packages/airflow/example_dags/plugins/event_listener.py
[2026-07-15T17:18:41.166+0200] {processor.py:841} WARNING - No viable dags retrieved from /home/ai/.local/lib/python3.9/site-packages/airflow/example_dags/plugins/event_listener.py
[2026-07-15T17:18:41.176+0200] {processor.py:179} INFO - Processing /home/ai/.local/lib/python3.9/site-packages/airflow/example_dags/plugins/event_listener.py took 0.021 seconds
