[2026-07-15T16:14:58.706+0200] {processor.py:157} INFO - Started process (PID=3405410) to work on /home/ai/.local/lib/python3.9/site-packages/airflow/example_dags/plugins/listener_plugin.py
[2026-07-15T16:14:58.707+0200] {processor.py:829} INFO - Processing file /home/ai/.local/lib/python3.9/site-packages/airflow/example_dags/plugins/listener_plugin.py for tasks to queue
[2026-07-15T16:14:58.708+0200] {logging_mixin.py:151} INFO - [2026-07-15T16:14:58.707+0200] {dagbag.py:536} INFO - Filling up the DagBag from /home/ai/.local/lib/python3.9/site-packages/airflow/example_dags/plugins/listener_plugin.py
[2026-07-15T16:14:58.711+0200] {processor.py:841} WARNING - No viable dags retrieved from /home/ai/.local/lib/python3.9/site-packages/airflow/example_dags/plugins/listener_plugin.py
[2026-07-15T16:14:58.762+0200] {processor.py:179} INFO - Processing /home/ai/.local/lib/python3.9/site-packages/airflow/example_dags/plugins/listener_plugin.py took 0.060 seconds
[2026-07-15T16:16:13.055+0200] {processor.py:157} INFO - Started process (PID=3406631) to work on /home/ai/.local/lib/python3.9/site-packages/airflow/example_dags/plugins/listener_plugin.py
[2026-07-15T16:16:13.057+0200] {processor.py:829} INFO - Processing file /home/ai/.local/lib/python3.9/site-packages/airflow/example_dags/plugins/listener_plugin.py for tasks to queue
[2026-07-15T16:16:13.058+0200] {logging_mixin.py:151} INFO - [2026-07-15T16:16:13.058+0200] {dagbag.py:536} INFO - Filling up the DagBag from /home/ai/.local/lib/python3.9/site-packages/airflow/example_dags/plugins/listener_plugin.py
[2026-07-15T16:16:13.061+0200] {processor.py:841} WARNING - No viable dags retrieved from /home/ai/.local/lib/python3.9/site-packages/airflow/example_dags/plugins/listener_plugin.py
[2026-07-15T16:16:13.071+0200] {processor.py:179} INFO - Processing /home/ai/.local/lib/python3.9/site-packages/airflow/example_dags/plugins/listener_plugin.py took 0.021 seconds
[2026-07-15T16:17:04.072+0200] {processor.py:157} INFO - Started process (PID=3407548) to work on /home/ai/.local/lib/python3.9/site-packages/airflow/example_dags/plugins/listener_plugin.py
[2026-07-15T16:17:04.075+0200] {processor.py:829} INFO - Processing file /home/ai/.local/lib/python3.9/site-packages/airflow/example_dags/plugins/listener_plugin.py for tasks to queue
[2026-07-15T16:17:04.077+0200] {logging_mixin.py:151} INFO - [2026-07-15T16:17:04.076+0200] {dagbag.py:536} INFO - Filling up the DagBag from /home/ai/.local/lib/python3.9/site-packages/airflow/example_dags/plugins/listener_plugin.py
[2026-07-15T16:17:04.081+0200] {processor.py:841} WARNING - No viable dags retrieved from /home/ai/.local/lib/python3.9/site-packages/airflow/example_dags/plugins/listener_plugin.py
[2026-07-15T16:17:04.090+0200] {processor.py:179} INFO - Processing /home/ai/.local/lib/python3.9/site-packages/airflow/example_dags/plugins/listener_plugin.py took 0.027 seconds
[2026-07-15T16:17:53.132+0200] {processor.py:157} INFO - Started process (PID=3408433) to work on /home/ai/.local/lib/python3.9/site-packages/airflow/example_dags/plugins/listener_plugin.py
[2026-07-15T16:17:53.133+0200] {processor.py:829} INFO - Processing file /home/ai/.local/lib/python3.9/site-packages/airflow/example_dags/plugins/listener_plugin.py for tasks to queue
[2026-07-15T16:17:53.134+0200] {logging_mixin.py:151} INFO - [2026-07-15T16:17:53.134+0200] {dagbag.py:536} INFO - Filling up the DagBag from /home/ai/.local/lib/python3.9/site-packages/airflow/example_dags/plugins/listener_plugin.py
[2026-07-15T16:17:53.137+0200] {processor.py:841} WARNING - No viable dags retrieved from /home/ai/.local/lib/python3.9/site-packages/airflow/example_dags/plugins/listener_plugin.py
[2026-07-15T16:17:53.149+0200] {processor.py:179} INFO - Processing /home/ai/.local/lib/python3.9/site-packages/airflow/example_dags/plugins/listener_plugin.py took 0.022 seconds
[2026-07-15T16:18:38.126+0200] {processor.py:157} INFO - Started process (PID=3409135) to work on /home/ai/.local/lib/python3.9/site-packages/airflow/example_dags/plugins/listener_plugin.py
[2026-07-15T16:18:38.127+0200] {processor.py:829} INFO - Processing file /home/ai/.local/lib/python3.9/site-packages/airflow/example_dags/plugins/listener_plugin.py for tasks to queue
[2026-07-15T16:18:38.128+0200] {logging_mixin.py:151} INFO - [2026-07-15T16:18:38.128+0200] {dagbag.py:536} INFO - Filling up the DagBag from /home/ai/.local/lib/python3.9/site-packages/airflow/example_dags/plugins/listener_plugin.py
[2026-07-15T16:18:38.131+0200] {processor.py:841} WARNING - No viable dags retrieved from /home/ai/.local/lib/python3.9/site-packages/airflow/example_dags/plugins/listener_plugin.py
[2026-07-15T16:18:38.141+0200] {processor.py:179} INFO - Processing /home/ai/.local/lib/python3.9/site-packages/airflow/example_dags/plugins/listener_plugin.py took 0.021 seconds
[2026-07-15T16:19:23.820+0200] {processor.py:157} INFO - Started process (PID=3409966) to work on /home/ai/.local/lib/python3.9/site-packages/airflow/example_dags/plugins/listener_plugin.py
[2026-07-15T16:19:23.822+0200] {processor.py:829} INFO - Processing file /home/ai/.local/lib/python3.9/site-packages/airflow/example_dags/plugins/listener_plugin.py for tasks to queue
[2026-07-15T16:19:23.823+0200] {logging_mixin.py:151} INFO - [2026-07-15T16:19:23.822+0200] {dagbag.py:536} INFO - Filling up the DagBag from /home/ai/.local/lib/python3.9/site-packages/airflow/example_dags/plugins/listener_plugin.py
[2026-07-15T16:19:23.825+0200] {processor.py:841} WARNING - No viable dags retrieved from /home/ai/.local/lib/python3.9/site-packages/airflow/example_dags/plugins/listener_plugin.py
[2026-07-15T16:19:23.835+0200] {processor.py:179} INFO - Processing /home/ai/.local/lib/python3.9/site-packages/airflow/example_dags/plugins/listener_plugin.py took 0.021 seconds
[2026-07-15T16:20:22.838+0200] {processor.py:157} INFO - Started process (PID=3410916) to work on /home/ai/.local/lib/python3.9/site-packages/airflow/example_dags/plugins/listener_plugin.py
[2026-07-15T16:20:22.839+0200] {processor.py:829} INFO - Processing file /home/ai/.local/lib/python3.9/site-packages/airflow/example_dags/plugins/listener_plugin.py for tasks to queue
[2026-07-15T16:20:22.840+0200] {logging_mixin.py:151} INFO - [2026-07-15T16:20:22.840+0200] {dagbag.py:536} INFO - Filling up the DagBag from /home/ai/.local/lib/python3.9/site-packages/airflow/example_dags/plugins/listener_plugin.py
[2026-07-15T16:20:22.843+0200] {processor.py:841} WARNING - No viable dags retrieved from /home/ai/.local/lib/python3.9/site-packages/airflow/example_dags/plugins/listener_plugin.py
[2026-07-15T16:20:22.852+0200] {processor.py:179} INFO - Processing /home/ai/.local/lib/python3.9/site-packages/airflow/example_dags/plugins/listener_plugin.py took 0.021 seconds
[2026-07-15T16:21:05.780+0200] {processor.py:157} INFO - Started process (PID=3411684) to work on /home/ai/.local/lib/python3.9/site-packages/airflow/example_dags/plugins/listener_plugin.py
[2026-07-15T16:21:05.781+0200] {processor.py:829} INFO - Processing file /home/ai/.local/lib/python3.9/site-packages/airflow/example_dags/plugins/listener_plugin.py for tasks to queue
[2026-07-15T16:21:05.782+0200] {logging_mixin.py:151} INFO - [2026-07-15T16:21:05.782+0200] {dagbag.py:536} INFO - Filling up the DagBag from /home/ai/.local/lib/python3.9/site-packages/airflow/example_dags/plugins/listener_plugin.py
[2026-07-15T16:21:05.785+0200] {processor.py:841} WARNING - No viable dags retrieved from /home/ai/.local/lib/python3.9/site-packages/airflow/example_dags/plugins/listener_plugin.py
[2026-07-15T16:21:05.796+0200] {processor.py:179} INFO - Processing /home/ai/.local/lib/python3.9/site-packages/airflow/example_dags/plugins/listener_plugin.py took 0.020 seconds
[2026-07-15T16:21:49.882+0200] {processor.py:157} INFO - Started process (PID=3412396) to work on /home/ai/.local/lib/python3.9/site-packages/airflow/example_dags/plugins/listener_plugin.py
[2026-07-15T16:21:49.883+0200] {processor.py:829} INFO - Processing file /home/ai/.local/lib/python3.9/site-packages/airflow/example_dags/plugins/listener_plugin.py for tasks to queue
[2026-07-15T16:21:49.884+0200] {logging_mixin.py:151} INFO - [2026-07-15T16:21:49.884+0200] {dagbag.py:536} INFO - Filling up the DagBag from /home/ai/.local/lib/python3.9/site-packages/airflow/example_dags/plugins/listener_plugin.py
[2026-07-15T16:21:49.887+0200] {processor.py:841} WARNING - No viable dags retrieved from /home/ai/.local/lib/python3.9/site-packages/airflow/example_dags/plugins/listener_plugin.py
[2026-07-15T16:21:49.897+0200] {processor.py:179} INFO - Processing /home/ai/.local/lib/python3.9/site-packages/airflow/example_dags/plugins/listener_plugin.py took 0.019 seconds
[2026-07-15T16:22:36.670+0200] {processor.py:157} INFO - Started process (PID=3413257) to work on /home/ai/.local/lib/python3.9/site-packages/airflow/example_dags/plugins/listener_plugin.py
[2026-07-15T16:22:36.673+0200] {processor.py:829} INFO - Processing file /home/ai/.local/lib/python3.9/site-packages/airflow/example_dags/plugins/listener_plugin.py for tasks to queue
[2026-07-15T16:22:36.675+0200] {logging_mixin.py:151} INFO - [2026-07-15T16:22:36.674+0200] {dagbag.py:536} INFO - Filling up the DagBag from /home/ai/.local/lib/python3.9/site-packages/airflow/example_dags/plugins/listener_plugin.py
[2026-07-15T16:22:36.679+0200] {processor.py:841} WARNING - No viable dags retrieved from /home/ai/.local/lib/python3.9/site-packages/airflow/example_dags/plugins/listener_plugin.py
[2026-07-15T16:22:36.691+0200] {processor.py:179} INFO - Processing /home/ai/.local/lib/python3.9/site-packages/airflow/example_dags/plugins/listener_plugin.py took 0.026 seconds
[2026-07-15T16:23:18.954+0200] {processor.py:157} INFO - Started process (PID=3413998) to work on /home/ai/.local/lib/python3.9/site-packages/airflow/example_dags/plugins/listener_plugin.py
[2026-07-15T16:23:18.955+0200] {processor.py:829} INFO - Processing file /home/ai/.local/lib/python3.9/site-packages/airflow/example_dags/plugins/listener_plugin.py for tasks to queue
[2026-07-15T16:23:18.956+0200] {logging_mixin.py:151} INFO - [2026-07-15T16:23:18.955+0200] {dagbag.py:536} INFO - Filling up the DagBag from /home/ai/.local/lib/python3.9/site-packages/airflow/example_dags/plugins/listener_plugin.py
[2026-07-15T16:23:18.959+0200] {processor.py:841} WARNING - No viable dags retrieved from /home/ai/.local/lib/python3.9/site-packages/airflow/example_dags/plugins/listener_plugin.py
[2026-07-15T16:23:18.967+0200] {processor.py:179} INFO - Processing /home/ai/.local/lib/python3.9/site-packages/airflow/example_dags/plugins/listener_plugin.py took 0.018 seconds
[2026-07-15T16:24:04.075+0200] {processor.py:157} INFO - Started process (PID=3414669) to work on /home/ai/.local/lib/python3.9/site-packages/airflow/example_dags/plugins/listener_plugin.py
[2026-07-15T16:24:04.077+0200] {processor.py:829} INFO - Processing file /home/ai/.local/lib/python3.9/site-packages/airflow/example_dags/plugins/listener_plugin.py for tasks to queue
[2026-07-15T16:24:04.078+0200] {logging_mixin.py:151} INFO - [2026-07-15T16:24:04.077+0200] {dagbag.py:536} INFO - Filling up the DagBag from /home/ai/.local/lib/python3.9/site-packages/airflow/example_dags/plugins/listener_plugin.py
[2026-07-15T16:24:04.081+0200] {processor.py:841} WARNING - No viable dags retrieved from /home/ai/.local/lib/python3.9/site-packages/airflow/example_dags/plugins/listener_plugin.py
[2026-07-15T16:24:04.091+0200] {processor.py:179} INFO - Processing /home/ai/.local/lib/python3.9/site-packages/airflow/example_dags/plugins/listener_plugin.py took 0.020 seconds
[2026-07-15T16:24:42.602+0200] {processor.py:157} INFO - Started process (PID=3415404) to work on /home/ai/.local/lib/python3.9/site-packages/airflow/example_dags/plugins/listener_plugin.py
[2026-07-15T16:24:42.604+0200] {processor.py:829} INFO - Processing file /home/ai/.local/lib/python3.9/site-packages/airflow/example_dags/plugins/listener_plugin.py for tasks to queue
[2026-07-15T16:24:42.605+0200] {logging_mixin.py:151} INFO - [2026-07-15T16:24:42.604+0200] {dagbag.py:536} INFO - Filling up the DagBag from /home/ai/.local/lib/python3.9/site-packages/airflow/example_dags/plugins/listener_plugin.py
[2026-07-15T16:24:42.608+0200] {processor.py:841} WARNING - No viable dags retrieved from /home/ai/.local/lib/python3.9/site-packages/airflow/example_dags/plugins/listener_plugin.py
[2026-07-15T16:24:42.617+0200] {processor.py:179} INFO - Processing /home/ai/.local/lib/python3.9/site-packages/airflow/example_dags/plugins/listener_plugin.py took 0.019 seconds
[2026-07-15T16:25:21.795+0200] {processor.py:157} INFO - Started process (PID=3416082) to work on /home/ai/.local/lib/python3.9/site-packages/airflow/example_dags/plugins/listener_plugin.py
[2026-07-15T16:25:21.796+0200] {processor.py:829} INFO - Processing file /home/ai/.local/lib/python3.9/site-packages/airflow/example_dags/plugins/listener_plugin.py for tasks to queue
[2026-07-15T16:25:21.797+0200] {logging_mixin.py:151} INFO - [2026-07-15T16:25:21.796+0200] {dagbag.py:536} INFO - Filling up the DagBag from /home/ai/.local/lib/python3.9/site-packages/airflow/example_dags/plugins/listener_plugin.py
[2026-07-15T16:25:21.800+0200] {processor.py:841} WARNING - No viable dags retrieved from /home/ai/.local/lib/python3.9/site-packages/airflow/example_dags/plugins/listener_plugin.py
[2026-07-15T16:25:21.809+0200] {processor.py:179} INFO - Processing /home/ai/.local/lib/python3.9/site-packages/airflow/example_dags/plugins/listener_plugin.py took 0.022 seconds
[2026-07-15T16:26:07.036+0200] {processor.py:157} INFO - Started process (PID=3416743) to work on /home/ai/.local/lib/python3.9/site-packages/airflow/example_dags/plugins/listener_plugin.py
[2026-07-15T16:26:07.038+0200] {processor.py:829} INFO - Processing file /home/ai/.local/lib/python3.9/site-packages/airflow/example_dags/plugins/listener_plugin.py for tasks to queue
[2026-07-15T16:26:07.039+0200] {logging_mixin.py:151} INFO - [2026-07-15T16:26:07.039+0200] {dagbag.py:536} INFO - Filling up the DagBag from /home/ai/.local/lib/python3.9/site-packages/airflow/example_dags/plugins/listener_plugin.py
[2026-07-15T16:26:07.042+0200] {processor.py:841} WARNING - No viable dags retrieved from /home/ai/.local/lib/python3.9/site-packages/airflow/example_dags/plugins/listener_plugin.py
[2026-07-15T16:26:07.052+0200] {processor.py:179} INFO - Processing /home/ai/.local/lib/python3.9/site-packages/airflow/example_dags/plugins/listener_plugin.py took 0.022 seconds
[2026-07-15T16:27:01.832+0200] {processor.py:157} INFO - Started process (PID=3417736) to work on /home/ai/.local/lib/python3.9/site-packages/airflow/example_dags/plugins/listener_plugin.py
[2026-07-15T16:27:01.834+0200] {processor.py:829} INFO - Processing file /home/ai/.local/lib/python3.9/site-packages/airflow/example_dags/plugins/listener_plugin.py for tasks to queue
[2026-07-15T16:27:01.835+0200] {logging_mixin.py:151} INFO - [2026-07-15T16:27:01.835+0200] {dagbag.py:536} INFO - Filling up the DagBag from /home/ai/.local/lib/python3.9/site-packages/airflow/example_dags/plugins/listener_plugin.py
[2026-07-15T16:27:01.838+0200] {processor.py:841} WARNING - No viable dags retrieved from /home/ai/.local/lib/python3.9/site-packages/airflow/example_dags/plugins/listener_plugin.py
[2026-07-15T16:27:01.847+0200] {processor.py:179} INFO - Processing /home/ai/.local/lib/python3.9/site-packages/airflow/example_dags/plugins/listener_plugin.py took 0.021 seconds
[2026-07-15T16:27:58.733+0200] {processor.py:157} INFO - Started process (PID=3418754) to work on /home/ai/.local/lib/python3.9/site-packages/airflow/example_dags/plugins/listener_plugin.py
[2026-07-15T16:27:58.734+0200] {processor.py:829} INFO - Processing file /home/ai/.local/lib/python3.9/site-packages/airflow/example_dags/plugins/listener_plugin.py for tasks to queue
[2026-07-15T16:27:58.735+0200] {logging_mixin.py:151} INFO - [2026-07-15T16:27:58.735+0200] {dagbag.py:536} INFO - Filling up the DagBag from /home/ai/.local/lib/python3.9/site-packages/airflow/example_dags/plugins/listener_plugin.py
[2026-07-15T16:27:58.738+0200] {processor.py:841} WARNING - No viable dags retrieved from /home/ai/.local/lib/python3.9/site-packages/airflow/example_dags/plugins/listener_plugin.py
[2026-07-15T16:27:58.748+0200] {processor.py:179} INFO - Processing /home/ai/.local/lib/python3.9/site-packages/airflow/example_dags/plugins/listener_plugin.py took 0.019 seconds
[2026-07-15T16:28:48.679+0200] {processor.py:157} INFO - Started process (PID=3419594) to work on /home/ai/.local/lib/python3.9/site-packages/airflow/example_dags/plugins/listener_plugin.py
[2026-07-15T16:28:48.680+0200] {processor.py:829} INFO - Processing file /home/ai/.local/lib/python3.9/site-packages/airflow/example_dags/plugins/listener_plugin.py for tasks to queue
[2026-07-15T16:28:48.681+0200] {logging_mixin.py:151} INFO - [2026-07-15T16:28:48.681+0200] {dagbag.py:536} INFO - Filling up the DagBag from /home/ai/.local/lib/python3.9/site-packages/airflow/example_dags/plugins/listener_plugin.py
[2026-07-15T16:28:48.684+0200] {processor.py:841} WARNING - No viable dags retrieved from /home/ai/.local/lib/python3.9/site-packages/airflow/example_dags/plugins/listener_plugin.py
[2026-07-15T16:28:48.694+0200] {processor.py:179} INFO - Processing /home/ai/.local/lib/python3.9/site-packages/airflow/example_dags/plugins/listener_plugin.py took 0.019 seconds
[2026-07-15T16:29:28.115+0200] {processor.py:157} INFO - Started process (PID=3420232) to work on /home/ai/.local/lib/python3.9/site-packages/airflow/example_dags/plugins/listener_plugin.py
[2026-07-15T16:29:28.117+0200] {processor.py:829} INFO - Processing file /home/ai/.local/lib/python3.9/site-packages/airflow/example_dags/plugins/listener_plugin.py for tasks to queue
[2026-07-15T16:29:28.118+0200] {logging_mixin.py:151} INFO - [2026-07-15T16:29:28.118+0200] {dagbag.py:536} INFO - Filling up the DagBag from /home/ai/.local/lib/python3.9/site-packages/airflow/example_dags/plugins/listener_plugin.py
[2026-07-15T16:29:28.121+0200] {processor.py:841} WARNING - No viable dags retrieved from /home/ai/.local/lib/python3.9/site-packages/airflow/example_dags/plugins/listener_plugin.py
[2026-07-15T16:29:28.132+0200] {processor.py:179} INFO - Processing /home/ai/.local/lib/python3.9/site-packages/airflow/example_dags/plugins/listener_plugin.py took 0.022 seconds
[2026-07-15T16:30:14.524+0200] {processor.py:157} INFO - Started process (PID=3420984) to work on /home/ai/.local/lib/python3.9/site-packages/airflow/example_dags/plugins/listener_plugin.py
[2026-07-15T16:30:14.526+0200] {processor.py:829} INFO - Processing file /home/ai/.local/lib/python3.9/site-packages/airflow/example_dags/plugins/listener_plugin.py for tasks to queue
[2026-07-15T16:30:14.527+0200] {logging_mixin.py:151} INFO - [2026-07-15T16:30:14.527+0200] {dagbag.py:536} INFO - Filling up the DagBag from /home/ai/.local/lib/python3.9/site-packages/airflow/example_dags/plugins/listener_plugin.py
[2026-07-15T16:30:14.530+0200] {processor.py:841} WARNING - No viable dags retrieved from /home/ai/.local/lib/python3.9/site-packages/airflow/example_dags/plugins/listener_plugin.py
[2026-07-15T16:30:14.539+0200] {processor.py:179} INFO - Processing /home/ai/.local/lib/python3.9/site-packages/airflow/example_dags/plugins/listener_plugin.py took 0.020 seconds
[2026-07-15T16:31:14.508+0200] {processor.py:157} INFO - Started process (PID=3421938) to work on /home/ai/.local/lib/python3.9/site-packages/airflow/example_dags/plugins/listener_plugin.py
[2026-07-15T16:31:14.510+0200] {processor.py:829} INFO - Processing file /home/ai/.local/lib/python3.9/site-packages/airflow/example_dags/plugins/listener_plugin.py for tasks to queue
[2026-07-15T16:31:14.511+0200] {logging_mixin.py:151} INFO - [2026-07-15T16:31:14.511+0200] {dagbag.py:536} INFO - Filling up the DagBag from /home/ai/.local/lib/python3.9/site-packages/airflow/example_dags/plugins/listener_plugin.py
[2026-07-15T16:31:14.514+0200] {processor.py:841} WARNING - No viable dags retrieved from /home/ai/.local/lib/python3.9/site-packages/airflow/example_dags/plugins/listener_plugin.py
[2026-07-15T16:31:14.525+0200] {processor.py:179} INFO - Processing /home/ai/.local/lib/python3.9/site-packages/airflow/example_dags/plugins/listener_plugin.py took 0.022 seconds
[2026-07-15T16:32:02.136+0200] {processor.py:157} INFO - Started process (PID=3422842) to work on /home/ai/.local/lib/python3.9/site-packages/airflow/example_dags/plugins/listener_plugin.py
[2026-07-15T16:32:02.138+0200] {processor.py:829} INFO - Processing file /home/ai/.local/lib/python3.9/site-packages/airflow/example_dags/plugins/listener_plugin.py for tasks to queue
[2026-07-15T16:32:02.139+0200] {logging_mixin.py:151} INFO - [2026-07-15T16:32:02.138+0200] {dagbag.py:536} INFO - Filling up the DagBag from /home/ai/.local/lib/python3.9/site-packages/airflow/example_dags/plugins/listener_plugin.py
[2026-07-15T16:32:02.142+0200] {processor.py:841} WARNING - No viable dags retrieved from /home/ai/.local/lib/python3.9/site-packages/airflow/example_dags/plugins/listener_plugin.py
[2026-07-15T16:32:02.151+0200] {processor.py:179} INFO - Processing /home/ai/.local/lib/python3.9/site-packages/airflow/example_dags/plugins/listener_plugin.py took 0.019 seconds
[2026-07-15T16:32:43.501+0200] {processor.py:157} INFO - Started process (PID=3423530) to work on /home/ai/.local/lib/python3.9/site-packages/airflow/example_dags/plugins/listener_plugin.py
[2026-07-15T16:32:43.503+0200] {processor.py:829} INFO - Processing file /home/ai/.local/lib/python3.9/site-packages/airflow/example_dags/plugins/listener_plugin.py for tasks to queue
[2026-07-15T16:32:43.504+0200] {logging_mixin.py:151} INFO - [2026-07-15T16:32:43.504+0200] {dagbag.py:536} INFO - Filling up the DagBag from /home/ai/.local/lib/python3.9/site-packages/airflow/example_dags/plugins/listener_plugin.py
[2026-07-15T16:32:43.507+0200] {processor.py:841} WARNING - No viable dags retrieved from /home/ai/.local/lib/python3.9/site-packages/airflow/example_dags/plugins/listener_plugin.py
[2026-07-15T16:32:43.517+0200] {processor.py:179} INFO - Processing /home/ai/.local/lib/python3.9/site-packages/airflow/example_dags/plugins/listener_plugin.py took 0.021 seconds
[2026-07-15T16:33:30.286+0200] {processor.py:157} INFO - Started process (PID=3424360) to work on /home/ai/.local/lib/python3.9/site-packages/airflow/example_dags/plugins/listener_plugin.py
[2026-07-15T16:33:30.287+0200] {processor.py:829} INFO - Processing file /home/ai/.local/lib/python3.9/site-packages/airflow/example_dags/plugins/listener_plugin.py for tasks to queue
[2026-07-15T16:33:30.288+0200] {logging_mixin.py:151} INFO - [2026-07-15T16:33:30.287+0200] {dagbag.py:536} INFO - Filling up the DagBag from /home/ai/.local/lib/python3.9/site-packages/airflow/example_dags/plugins/listener_plugin.py
[2026-07-15T16:33:30.291+0200] {processor.py:841} WARNING - No viable dags retrieved from /home/ai/.local/lib/python3.9/site-packages/airflow/example_dags/plugins/listener_plugin.py
[2026-07-15T16:33:30.302+0200] {processor.py:179} INFO - Processing /home/ai/.local/lib/python3.9/site-packages/airflow/example_dags/plugins/listener_plugin.py took 0.021 seconds
[2026-07-15T16:34:14.103+0200] {processor.py:157} INFO - Started process (PID=3425109) to work on /home/ai/.local/lib/python3.9/site-packages/airflow/example_dags/plugins/listener_plugin.py
[2026-07-15T16:34:14.104+0200] {processor.py:829} INFO - Processing file /home/ai/.local/lib/python3.9/site-packages/airflow/example_dags/plugins/listener_plugin.py for tasks to queue
[2026-07-15T16:34:14.105+0200] {logging_mixin.py:151} INFO - [2026-07-15T16:34:14.105+0200] {dagbag.py:536} INFO - Filling up the DagBag from /home/ai/.local/lib/python3.9/site-packages/airflow/example_dags/plugins/listener_plugin.py
[2026-07-15T16:34:14.108+0200] {processor.py:841} WARNING - No viable dags retrieved from /home/ai/.local/lib/python3.9/site-packages/airflow/example_dags/plugins/listener_plugin.py
[2026-07-15T16:34:14.119+0200] {processor.py:179} INFO - Processing /home/ai/.local/lib/python3.9/site-packages/airflow/example_dags/plugins/listener_plugin.py took 0.023 seconds
[2026-07-15T16:34:55.371+0200] {processor.py:157} INFO - Started process (PID=3425799) to work on /home/ai/.local/lib/python3.9/site-packages/airflow/example_dags/plugins/listener_plugin.py
[2026-07-15T16:34:55.373+0200] {processor.py:829} INFO - Processing file /home/ai/.local/lib/python3.9/site-packages/airflow/example_dags/plugins/listener_plugin.py for tasks to queue
[2026-07-15T16:34:55.374+0200] {logging_mixin.py:151} INFO - [2026-07-15T16:34:55.374+0200] {dagbag.py:536} INFO - Filling up the DagBag from /home/ai/.local/lib/python3.9/site-packages/airflow/example_dags/plugins/listener_plugin.py
[2026-07-15T16:34:55.377+0200] {processor.py:841} WARNING - No viable dags retrieved from /home/ai/.local/lib/python3.9/site-packages/airflow/example_dags/plugins/listener_plugin.py
[2026-07-15T16:34:55.386+0200] {processor.py:179} INFO - Processing /home/ai/.local/lib/python3.9/site-packages/airflow/example_dags/plugins/listener_plugin.py took 0.021 seconds
[2026-07-15T16:35:42.198+0200] {processor.py:157} INFO - Started process (PID=3426547) to work on /home/ai/.local/lib/python3.9/site-packages/airflow/example_dags/plugins/listener_plugin.py
[2026-07-15T16:35:42.199+0200] {processor.py:829} INFO - Processing file /home/ai/.local/lib/python3.9/site-packages/airflow/example_dags/plugins/listener_plugin.py for tasks to queue
[2026-07-15T16:35:42.200+0200] {logging_mixin.py:151} INFO - [2026-07-15T16:35:42.200+0200] {dagbag.py:536} INFO - Filling up the DagBag from /home/ai/.local/lib/python3.9/site-packages/airflow/example_dags/plugins/listener_plugin.py
[2026-07-15T16:35:42.203+0200] {processor.py:841} WARNING - No viable dags retrieved from /home/ai/.local/lib/python3.9/site-packages/airflow/example_dags/plugins/listener_plugin.py
[2026-07-15T16:35:42.218+0200] {processor.py:179} INFO - Processing /home/ai/.local/lib/python3.9/site-packages/airflow/example_dags/plugins/listener_plugin.py took 0.025 seconds
[2026-07-15T16:36:29.040+0200] {processor.py:157} INFO - Started process (PID=3427669) to work on /home/ai/.local/lib/python3.9/site-packages/airflow/example_dags/plugins/listener_plugin.py
[2026-07-15T16:36:29.041+0200] {processor.py:829} INFO - Processing file /home/ai/.local/lib/python3.9/site-packages/airflow/example_dags/plugins/listener_plugin.py for tasks to queue
[2026-07-15T16:36:29.042+0200] {logging_mixin.py:151} INFO - [2026-07-15T16:36:29.041+0200] {dagbag.py:536} INFO - Filling up the DagBag from /home/ai/.local/lib/python3.9/site-packages/airflow/example_dags/plugins/listener_plugin.py
[2026-07-15T16:36:29.045+0200] {processor.py:841} WARNING - No viable dags retrieved from /home/ai/.local/lib/python3.9/site-packages/airflow/example_dags/plugins/listener_plugin.py
[2026-07-15T16:36:29.054+0200] {processor.py:179} INFO - Processing /home/ai/.local/lib/python3.9/site-packages/airflow/example_dags/plugins/listener_plugin.py took 0.021 seconds
[2026-07-15T16:37:17.904+0200] {processor.py:157} INFO - Started process (PID=3428670) to work on /home/ai/.local/lib/python3.9/site-packages/airflow/example_dags/plugins/listener_plugin.py
[2026-07-15T16:37:17.905+0200] {processor.py:829} INFO - Processing file /home/ai/.local/lib/python3.9/site-packages/airflow/example_dags/plugins/listener_plugin.py for tasks to queue
[2026-07-15T16:37:17.906+0200] {logging_mixin.py:151} INFO - [2026-07-15T16:37:17.906+0200] {dagbag.py:536} INFO - Filling up the DagBag from /home/ai/.local/lib/python3.9/site-packages/airflow/example_dags/plugins/listener_plugin.py
[2026-07-15T16:37:17.909+0200] {processor.py:841} WARNING - No viable dags retrieved from /home/ai/.local/lib/python3.9/site-packages/airflow/example_dags/plugins/listener_plugin.py
[2026-07-15T16:37:17.919+0200] {processor.py:179} INFO - Processing /home/ai/.local/lib/python3.9/site-packages/airflow/example_dags/plugins/listener_plugin.py took 0.021 seconds
[2026-07-15T16:38:11.054+0200] {processor.py:157} INFO - Started process (PID=3429724) to work on /home/ai/.local/lib/python3.9/site-packages/airflow/example_dags/plugins/listener_plugin.py
[2026-07-15T16:38:11.056+0200] {processor.py:829} INFO - Processing file /home/ai/.local/lib/python3.9/site-packages/airflow/example_dags/plugins/listener_plugin.py for tasks to queue
[2026-07-15T16:38:11.058+0200] {logging_mixin.py:151} INFO - [2026-07-15T16:38:11.057+0200] {dagbag.py:536} INFO - Filling up the DagBag from /home/ai/.local/lib/python3.9/site-packages/airflow/example_dags/plugins/listener_plugin.py
[2026-07-15T16:38:11.060+0200] {processor.py:841} WARNING - No viable dags retrieved from /home/ai/.local/lib/python3.9/site-packages/airflow/example_dags/plugins/listener_plugin.py
[2026-07-15T16:38:11.070+0200] {processor.py:179} INFO - Processing /home/ai/.local/lib/python3.9/site-packages/airflow/example_dags/plugins/listener_plugin.py took 0.021 seconds
[2026-07-15T16:39:02.701+0200] {processor.py:157} INFO - Started process (PID=3430661) to work on /home/ai/.local/lib/python3.9/site-packages/airflow/example_dags/plugins/listener_plugin.py
[2026-07-15T16:39:02.703+0200] {processor.py:829} INFO - Processing file /home/ai/.local/lib/python3.9/site-packages/airflow/example_dags/plugins/listener_plugin.py for tasks to queue
[2026-07-15T16:39:02.705+0200] {logging_mixin.py:151} INFO - [2026-07-15T16:39:02.704+0200] {dagbag.py:536} INFO - Filling up the DagBag from /home/ai/.local/lib/python3.9/site-packages/airflow/example_dags/plugins/listener_plugin.py
[2026-07-15T16:39:02.709+0200] {processor.py:841} WARNING - No viable dags retrieved from /home/ai/.local/lib/python3.9/site-packages/airflow/example_dags/plugins/listener_plugin.py
[2026-07-15T16:39:02.720+0200] {processor.py:179} INFO - Processing /home/ai/.local/lib/python3.9/site-packages/airflow/example_dags/plugins/listener_plugin.py took 0.027 seconds
[2026-07-15T16:40:00.005+0200] {processor.py:157} INFO - Started process (PID=3431680) to work on /home/ai/.local/lib/python3.9/site-packages/airflow/example_dags/plugins/listener_plugin.py
[2026-07-15T16:40:00.006+0200] {processor.py:829} INFO - Processing file /home/ai/.local/lib/python3.9/site-packages/airflow/example_dags/plugins/listener_plugin.py for tasks to queue
[2026-07-15T16:40:00.007+0200] {logging_mixin.py:151} INFO - [2026-07-15T16:40:00.007+0200] {dagbag.py:536} INFO - Filling up the DagBag from /home/ai/.local/lib/python3.9/site-packages/airflow/example_dags/plugins/listener_plugin.py
[2026-07-15T16:40:00.010+0200] {processor.py:841} WARNING - No viable dags retrieved from /home/ai/.local/lib/python3.9/site-packages/airflow/example_dags/plugins/listener_plugin.py
[2026-07-15T16:40:00.019+0200] {processor.py:179} INFO - Processing /home/ai/.local/lib/python3.9/site-packages/airflow/example_dags/plugins/listener_plugin.py took 0.020 seconds
[2026-07-15T16:40:57.708+0200] {processor.py:157} INFO - Started process (PID=3432745) to work on /home/ai/.local/lib/python3.9/site-packages/airflow/example_dags/plugins/listener_plugin.py
[2026-07-15T16:40:57.709+0200] {processor.py:829} INFO - Processing file /home/ai/.local/lib/python3.9/site-packages/airflow/example_dags/plugins/listener_plugin.py for tasks to queue
[2026-07-15T16:40:57.710+0200] {logging_mixin.py:151} INFO - [2026-07-15T16:40:57.709+0200] {dagbag.py:536} INFO - Filling up the DagBag from /home/ai/.local/lib/python3.9/site-packages/airflow/example_dags/plugins/listener_plugin.py
[2026-07-15T16:40:57.713+0200] {processor.py:841} WARNING - No viable dags retrieved from /home/ai/.local/lib/python3.9/site-packages/airflow/example_dags/plugins/listener_plugin.py
[2026-07-15T16:40:57.722+0200] {processor.py:179} INFO - Processing /home/ai/.local/lib/python3.9/site-packages/airflow/example_dags/plugins/listener_plugin.py took 0.021 seconds
[2026-07-15T16:41:50.596+0200] {processor.py:157} INFO - Started process (PID=3433688) to work on /home/ai/.local/lib/python3.9/site-packages/airflow/example_dags/plugins/listener_plugin.py
[2026-07-15T16:41:50.597+0200] {processor.py:829} INFO - Processing file /home/ai/.local/lib/python3.9/site-packages/airflow/example_dags/plugins/listener_plugin.py for tasks to queue
[2026-07-15T16:41:50.598+0200] {logging_mixin.py:151} INFO - [2026-07-15T16:41:50.598+0200] {dagbag.py:536} INFO - Filling up the DagBag from /home/ai/.local/lib/python3.9/site-packages/airflow/example_dags/plugins/listener_plugin.py
[2026-07-15T16:41:50.601+0200] {processor.py:841} WARNING - No viable dags retrieved from /home/ai/.local/lib/python3.9/site-packages/airflow/example_dags/plugins/listener_plugin.py
[2026-07-15T16:41:50.611+0200] {processor.py:179} INFO - Processing /home/ai/.local/lib/python3.9/site-packages/airflow/example_dags/plugins/listener_plugin.py took 0.019 seconds
[2026-07-15T16:42:37.408+0200] {processor.py:157} INFO - Started process (PID=3434512) to work on /home/ai/.local/lib/python3.9/site-packages/airflow/example_dags/plugins/listener_plugin.py
[2026-07-15T16:42:37.410+0200] {processor.py:829} INFO - Processing file /home/ai/.local/lib/python3.9/site-packages/airflow/example_dags/plugins/listener_plugin.py for tasks to queue
[2026-07-15T16:42:37.411+0200] {logging_mixin.py:151} INFO - [2026-07-15T16:42:37.410+0200] {dagbag.py:536} INFO - Filling up the DagBag from /home/ai/.local/lib/python3.9/site-packages/airflow/example_dags/plugins/listener_plugin.py
[2026-07-15T16:42:37.414+0200] {processor.py:841} WARNING - No viable dags retrieved from /home/ai/.local/lib/python3.9/site-packages/airflow/example_dags/plugins/listener_plugin.py
[2026-07-15T16:42:37.423+0200] {processor.py:179} INFO - Processing /home/ai/.local/lib/python3.9/site-packages/airflow/example_dags/plugins/listener_plugin.py took 0.020 seconds
[2026-07-15T16:43:29.744+0200] {processor.py:157} INFO - Started process (PID=3435483) to work on /home/ai/.local/lib/python3.9/site-packages/airflow/example_dags/plugins/listener_plugin.py
[2026-07-15T16:43:29.746+0200] {processor.py:829} INFO - Processing file /home/ai/.local/lib/python3.9/site-packages/airflow/example_dags/plugins/listener_plugin.py for tasks to queue
[2026-07-15T16:43:29.747+0200] {logging_mixin.py:151} INFO - [2026-07-15T16:43:29.747+0200] {dagbag.py:536} INFO - Filling up the DagBag from /home/ai/.local/lib/python3.9/site-packages/airflow/example_dags/plugins/listener_plugin.py
[2026-07-15T16:43:29.750+0200] {processor.py:841} WARNING - No viable dags retrieved from /home/ai/.local/lib/python3.9/site-packages/airflow/example_dags/plugins/listener_plugin.py
[2026-07-15T16:43:29.759+0200] {processor.py:179} INFO - Processing /home/ai/.local/lib/python3.9/site-packages/airflow/example_dags/plugins/listener_plugin.py took 0.020 seconds
[2026-07-15T16:44:17.104+0200] {processor.py:157} INFO - Started process (PID=3436269) to work on /home/ai/.local/lib/python3.9/site-packages/airflow/example_dags/plugins/listener_plugin.py
[2026-07-15T16:44:17.105+0200] {processor.py:829} INFO - Processing file /home/ai/.local/lib/python3.9/site-packages/airflow/example_dags/plugins/listener_plugin.py for tasks to queue
[2026-07-15T16:44:17.106+0200] {logging_mixin.py:151} INFO - [2026-07-15T16:44:17.106+0200] {dagbag.py:536} INFO - Filling up the DagBag from /home/ai/.local/lib/python3.9/site-packages/airflow/example_dags/plugins/listener_plugin.py
[2026-07-15T16:44:17.109+0200] {processor.py:841} WARNING - No viable dags retrieved from /home/ai/.local/lib/python3.9/site-packages/airflow/example_dags/plugins/listener_plugin.py
[2026-07-15T16:44:17.118+0200] {processor.py:179} INFO - Processing /home/ai/.local/lib/python3.9/site-packages/airflow/example_dags/plugins/listener_plugin.py took 0.021 seconds
[2026-07-15T16:45:03.563+0200] {processor.py:157} INFO - Started process (PID=3437072) to work on /home/ai/.local/lib/python3.9/site-packages/airflow/example_dags/plugins/listener_plugin.py
[2026-07-15T16:45:03.565+0200] {processor.py:829} INFO - Processing file /home/ai/.local/lib/python3.9/site-packages/airflow/example_dags/plugins/listener_plugin.py for tasks to queue
[2026-07-15T16:45:03.566+0200] {logging_mixin.py:151} INFO - [2026-07-15T16:45:03.565+0200] {dagbag.py:536} INFO - Filling up the DagBag from /home/ai/.local/lib/python3.9/site-packages/airflow/example_dags/plugins/listener_plugin.py
[2026-07-15T16:45:03.569+0200] {processor.py:841} WARNING - No viable dags retrieved from /home/ai/.local/lib/python3.9/site-packages/airflow/example_dags/plugins/listener_plugin.py
[2026-07-15T16:45:03.586+0200] {processor.py:179} INFO - Processing /home/ai/.local/lib/python3.9/site-packages/airflow/example_dags/plugins/listener_plugin.py took 0.029 seconds
[2026-07-15T16:46:06.489+0200] {processor.py:157} INFO - Started process (PID=3438186) to work on /home/ai/.local/lib/python3.9/site-packages/airflow/example_dags/plugins/listener_plugin.py
[2026-07-15T16:46:06.491+0200] {processor.py:829} INFO - Processing file /home/ai/.local/lib/python3.9/site-packages/airflow/example_dags/plugins/listener_plugin.py for tasks to queue
[2026-07-15T16:46:06.492+0200] {logging_mixin.py:151} INFO - [2026-07-15T16:46:06.492+0200] {dagbag.py:536} INFO - Filling up the DagBag from /home/ai/.local/lib/python3.9/site-packages/airflow/example_dags/plugins/listener_plugin.py
[2026-07-15T16:46:06.495+0200] {processor.py:841} WARNING - No viable dags retrieved from /home/ai/.local/lib/python3.9/site-packages/airflow/example_dags/plugins/listener_plugin.py
[2026-07-15T16:46:06.506+0200] {processor.py:179} INFO - Processing /home/ai/.local/lib/python3.9/site-packages/airflow/example_dags/plugins/listener_plugin.py took 0.022 seconds
[2026-07-15T16:47:04.370+0200] {processor.py:157} INFO - Started process (PID=3439183) to work on /home/ai/.local/lib/python3.9/site-packages/airflow/example_dags/plugins/listener_plugin.py
[2026-07-15T16:47:04.372+0200] {processor.py:829} INFO - Processing file /home/ai/.local/lib/python3.9/site-packages/airflow/example_dags/plugins/listener_plugin.py for tasks to queue
[2026-07-15T16:47:04.373+0200] {logging_mixin.py:151} INFO - [2026-07-15T16:47:04.372+0200] {dagbag.py:536} INFO - Filling up the DagBag from /home/ai/.local/lib/python3.9/site-packages/airflow/example_dags/plugins/listener_plugin.py
[2026-07-15T16:47:04.376+0200] {processor.py:841} WARNING - No viable dags retrieved from /home/ai/.local/lib/python3.9/site-packages/airflow/example_dags/plugins/listener_plugin.py
[2026-07-15T16:47:04.386+0200] {processor.py:179} INFO - Processing /home/ai/.local/lib/python3.9/site-packages/airflow/example_dags/plugins/listener_plugin.py took 0.021 seconds
[2026-07-15T16:48:01.555+0200] {processor.py:157} INFO - Started process (PID=3440168) to work on /home/ai/.local/lib/python3.9/site-packages/airflow/example_dags/plugins/listener_plugin.py
[2026-07-15T16:48:01.816+0200] {processor.py:829} INFO - Processing file /home/ai/.local/lib/python3.9/site-packages/airflow/example_dags/plugins/listener_plugin.py for tasks to queue
[2026-07-15T16:48:01.819+0200] {logging_mixin.py:151} INFO - [2026-07-15T16:48:01.818+0200] {dagbag.py:536} INFO - Filling up the DagBag from /home/ai/.local/lib/python3.9/site-packages/airflow/example_dags/plugins/listener_plugin.py
[2026-07-15T16:48:01.827+0200] {processor.py:841} WARNING - No viable dags retrieved from /home/ai/.local/lib/python3.9/site-packages/airflow/example_dags/plugins/listener_plugin.py
[2026-07-15T16:48:01.838+0200] {processor.py:179} INFO - Processing /home/ai/.local/lib/python3.9/site-packages/airflow/example_dags/plugins/listener_plugin.py took 0.287 seconds
[2026-07-15T16:49:01.039+0200] {processor.py:157} INFO - Started process (PID=3441190) to work on /home/ai/.local/lib/python3.9/site-packages/airflow/example_dags/plugins/listener_plugin.py
[2026-07-15T16:49:01.040+0200] {processor.py:829} INFO - Processing file /home/ai/.local/lib/python3.9/site-packages/airflow/example_dags/plugins/listener_plugin.py for tasks to queue
[2026-07-15T16:49:01.041+0200] {logging_mixin.py:151} INFO - [2026-07-15T16:49:01.041+0200] {dagbag.py:536} INFO - Filling up the DagBag from /home/ai/.local/lib/python3.9/site-packages/airflow/example_dags/plugins/listener_plugin.py
[2026-07-15T16:49:01.044+0200] {processor.py:841} WARNING - No viable dags retrieved from /home/ai/.local/lib/python3.9/site-packages/airflow/example_dags/plugins/listener_plugin.py
[2026-07-15T16:49:01.054+0200] {processor.py:179} INFO - Processing /home/ai/.local/lib/python3.9/site-packages/airflow/example_dags/plugins/listener_plugin.py took 0.021 seconds
[2026-07-15T16:49:59.778+0200] {processor.py:157} INFO - Started process (PID=3442196) to work on /home/ai/.local/lib/python3.9/site-packages/airflow/example_dags/plugins/listener_plugin.py
[2026-07-15T16:49:59.838+0200] {processor.py:829} INFO - Processing file /home/ai/.local/lib/python3.9/site-packages/airflow/example_dags/plugins/listener_plugin.py for tasks to queue
[2026-07-15T16:49:59.841+0200] {logging_mixin.py:151} INFO - [2026-07-15T16:49:59.840+0200] {dagbag.py:536} INFO - Filling up the DagBag from /home/ai/.local/lib/python3.9/site-packages/airflow/example_dags/plugins/listener_plugin.py
[2026-07-15T16:49:59.848+0200] {processor.py:841} WARNING - No viable dags retrieved from /home/ai/.local/lib/python3.9/site-packages/airflow/example_dags/plugins/listener_plugin.py
[2026-07-15T16:49:59.859+0200] {processor.py:179} INFO - Processing /home/ai/.local/lib/python3.9/site-packages/airflow/example_dags/plugins/listener_plugin.py took 0.087 seconds
[2026-07-15T16:50:53.849+0200] {processor.py:157} INFO - Started process (PID=3443084) to work on /home/ai/.local/lib/python3.9/site-packages/airflow/example_dags/plugins/listener_plugin.py
[2026-07-15T16:50:53.851+0200] {processor.py:829} INFO - Processing file /home/ai/.local/lib/python3.9/site-packages/airflow/example_dags/plugins/listener_plugin.py for tasks to queue
[2026-07-15T16:50:53.852+0200] {logging_mixin.py:151} INFO - [2026-07-15T16:50:53.852+0200] {dagbag.py:536} INFO - Filling up the DagBag from /home/ai/.local/lib/python3.9/site-packages/airflow/example_dags/plugins/listener_plugin.py
[2026-07-15T16:50:53.856+0200] {processor.py:841} WARNING - No viable dags retrieved from /home/ai/.local/lib/python3.9/site-packages/airflow/example_dags/plugins/listener_plugin.py
[2026-07-15T16:50:53.866+0200] {processor.py:179} INFO - Processing /home/ai/.local/lib/python3.9/site-packages/airflow/example_dags/plugins/listener_plugin.py took 0.020 seconds
[2026-07-15T16:51:51.522+0200] {processor.py:157} INFO - Started process (PID=3444086) to work on /home/ai/.local/lib/python3.9/site-packages/airflow/example_dags/plugins/listener_plugin.py
[2026-07-15T16:51:51.523+0200] {processor.py:829} INFO - Processing file /home/ai/.local/lib/python3.9/site-packages/airflow/example_dags/plugins/listener_plugin.py for tasks to queue
[2026-07-15T16:51:51.524+0200] {logging_mixin.py:151} INFO - [2026-07-15T16:51:51.524+0200] {dagbag.py:536} INFO - Filling up the DagBag from /home/ai/.local/lib/python3.9/site-packages/airflow/example_dags/plugins/listener_plugin.py
[2026-07-15T16:51:51.527+0200] {processor.py:841} WARNING - No viable dags retrieved from /home/ai/.local/lib/python3.9/site-packages/airflow/example_dags/plugins/listener_plugin.py
[2026-07-15T16:51:51.537+0200] {processor.py:179} INFO - Processing /home/ai/.local/lib/python3.9/site-packages/airflow/example_dags/plugins/listener_plugin.py took 0.018 seconds
[2026-07-15T16:52:56.312+0200] {processor.py:157} INFO - Started process (PID=3445213) to work on /home/ai/.local/lib/python3.9/site-packages/airflow/example_dags/plugins/listener_plugin.py
[2026-07-15T16:52:56.314+0200] {processor.py:829} INFO - Processing file /home/ai/.local/lib/python3.9/site-packages/airflow/example_dags/plugins/listener_plugin.py for tasks to queue
[2026-07-15T16:52:56.315+0200] {logging_mixin.py:151} INFO - [2026-07-15T16:52:56.314+0200] {dagbag.py:536} INFO - Filling up the DagBag from /home/ai/.local/lib/python3.9/site-packages/airflow/example_dags/plugins/listener_plugin.py
[2026-07-15T16:52:56.318+0200] {processor.py:841} WARNING - No viable dags retrieved from /home/ai/.local/lib/python3.9/site-packages/airflow/example_dags/plugins/listener_plugin.py
[2026-07-15T16:52:56.327+0200] {processor.py:179} INFO - Processing /home/ai/.local/lib/python3.9/site-packages/airflow/example_dags/plugins/listener_plugin.py took 0.021 seconds
[2026-07-15T16:54:08.122+0200] {processor.py:157} INFO - Started process (PID=3446364) to work on /home/ai/.local/lib/python3.9/site-packages/airflow/example_dags/plugins/listener_plugin.py
[2026-07-15T16:54:08.123+0200] {processor.py:829} INFO - Processing file /home/ai/.local/lib/python3.9/site-packages/airflow/example_dags/plugins/listener_plugin.py for tasks to queue
[2026-07-15T16:54:08.124+0200] {logging_mixin.py:151} INFO - [2026-07-15T16:54:08.124+0200] {dagbag.py:536} INFO - Filling up the DagBag from /home/ai/.local/lib/python3.9/site-packages/airflow/example_dags/plugins/listener_plugin.py
[2026-07-15T16:54:08.128+0200] {processor.py:841} WARNING - No viable dags retrieved from /home/ai/.local/lib/python3.9/site-packages/airflow/example_dags/plugins/listener_plugin.py
[2026-07-15T16:54:08.138+0200] {processor.py:179} INFO - Processing /home/ai/.local/lib/python3.9/site-packages/airflow/example_dags/plugins/listener_plugin.py took 0.020 seconds
[2026-07-15T16:55:11.578+0200] {processor.py:157} INFO - Started process (PID=3447418) to work on /home/ai/.local/lib/python3.9/site-packages/airflow/example_dags/plugins/listener_plugin.py
[2026-07-15T16:55:11.592+0200] {processor.py:829} INFO - Processing file /home/ai/.local/lib/python3.9/site-packages/airflow/example_dags/plugins/listener_plugin.py for tasks to queue
[2026-07-15T16:55:11.593+0200] {logging_mixin.py:151} INFO - [2026-07-15T16:55:11.592+0200] {dagbag.py:536} INFO - Filling up the DagBag from /home/ai/.local/lib/python3.9/site-packages/airflow/example_dags/plugins/listener_plugin.py
[2026-07-15T16:55:11.596+0200] {processor.py:841} WARNING - No viable dags retrieved from /home/ai/.local/lib/python3.9/site-packages/airflow/example_dags/plugins/listener_plugin.py
[2026-07-15T16:55:11.605+0200] {processor.py:179} INFO - Processing /home/ai/.local/lib/python3.9/site-packages/airflow/example_dags/plugins/listener_plugin.py took 0.032 seconds
[2026-07-15T16:56:10.675+0200] {processor.py:157} INFO - Started process (PID=3448404) to work on /home/ai/.local/lib/python3.9/site-packages/airflow/example_dags/plugins/listener_plugin.py
[2026-07-15T16:56:10.676+0200] {processor.py:829} INFO - Processing file /home/ai/.local/lib/python3.9/site-packages/airflow/example_dags/plugins/listener_plugin.py for tasks to queue
[2026-07-15T16:56:10.677+0200] {logging_mixin.py:151} INFO - [2026-07-15T16:56:10.676+0200] {dagbag.py:536} INFO - Filling up the DagBag from /home/ai/.local/lib/python3.9/site-packages/airflow/example_dags/plugins/listener_plugin.py
[2026-07-15T16:56:10.679+0200] {processor.py:841} WARNING - No viable dags retrieved from /home/ai/.local/lib/python3.9/site-packages/airflow/example_dags/plugins/listener_plugin.py
[2026-07-15T16:56:10.688+0200] {processor.py:179} INFO - Processing /home/ai/.local/lib/python3.9/site-packages/airflow/example_dags/plugins/listener_plugin.py took 0.020 seconds
[2026-07-15T16:57:21.302+0200] {processor.py:157} INFO - Started process (PID=3449593) to work on /home/ai/.local/lib/python3.9/site-packages/airflow/example_dags/plugins/listener_plugin.py
[2026-07-15T16:57:21.304+0200] {processor.py:829} INFO - Processing file /home/ai/.local/lib/python3.9/site-packages/airflow/example_dags/plugins/listener_plugin.py for tasks to queue
[2026-07-15T16:57:21.305+0200] {logging_mixin.py:151} INFO - [2026-07-15T16:57:21.304+0200] {dagbag.py:536} INFO - Filling up the DagBag from /home/ai/.local/lib/python3.9/site-packages/airflow/example_dags/plugins/listener_plugin.py
[2026-07-15T16:57:21.308+0200] {processor.py:841} WARNING - No viable dags retrieved from /home/ai/.local/lib/python3.9/site-packages/airflow/example_dags/plugins/listener_plugin.py
[2026-07-15T16:57:21.317+0200] {processor.py:179} INFO - Processing /home/ai/.local/lib/python3.9/site-packages/airflow/example_dags/plugins/listener_plugin.py took 0.020 seconds
[2026-07-15T16:58:35.156+0200] {processor.py:157} INFO - Started process (PID=3451076) to work on /home/ai/.local/lib/python3.9/site-packages/airflow/example_dags/plugins/listener_plugin.py
[2026-07-15T16:58:35.157+0200] {processor.py:829} INFO - Processing file /home/ai/.local/lib/python3.9/site-packages/airflow/example_dags/plugins/listener_plugin.py for tasks to queue
[2026-07-15T16:58:35.159+0200] {logging_mixin.py:151} INFO - [2026-07-15T16:58:35.158+0200] {dagbag.py:536} INFO - Filling up the DagBag from /home/ai/.local/lib/python3.9/site-packages/airflow/example_dags/plugins/listener_plugin.py
[2026-07-15T16:58:35.162+0200] {processor.py:841} WARNING - No viable dags retrieved from /home/ai/.local/lib/python3.9/site-packages/airflow/example_dags/plugins/listener_plugin.py
[2026-07-15T16:58:35.171+0200] {processor.py:179} INFO - Processing /home/ai/.local/lib/python3.9/site-packages/airflow/example_dags/plugins/listener_plugin.py took 0.021 seconds
[2026-07-15T17:00:35.792+0200] {processor.py:157} INFO - Started process (PID=3453068) to work on /home/ai/.local/lib/python3.9/site-packages/airflow/example_dags/plugins/listener_plugin.py
[2026-07-15T17:00:35.793+0200] {processor.py:829} INFO - Processing file /home/ai/.local/lib/python3.9/site-packages/airflow/example_dags/plugins/listener_plugin.py for tasks to queue
[2026-07-15T17:00:35.794+0200] {logging_mixin.py:151} INFO - [2026-07-15T17:00:35.794+0200] {dagbag.py:536} INFO - Filling up the DagBag from /home/ai/.local/lib/python3.9/site-packages/airflow/example_dags/plugins/listener_plugin.py
[2026-07-15T17:00:35.798+0200] {processor.py:841} WARNING - No viable dags retrieved from /home/ai/.local/lib/python3.9/site-packages/airflow/example_dags/plugins/listener_plugin.py
[2026-07-15T17:00:35.810+0200] {processor.py:179} INFO - Processing /home/ai/.local/lib/python3.9/site-packages/airflow/example_dags/plugins/listener_plugin.py took 0.023 seconds
[2026-07-15T17:02:28.566+0200] {processor.py:157} INFO - Started process (PID=3455067) to work on /home/ai/.local/lib/python3.9/site-packages/airflow/example_dags/plugins/listener_plugin.py
[2026-07-15T17:02:28.567+0200] {processor.py:829} INFO - Processing file /home/ai/.local/lib/python3.9/site-packages/airflow/example_dags/plugins/listener_plugin.py for tasks to queue
[2026-07-15T17:02:28.568+0200] {logging_mixin.py:151} INFO - [2026-07-15T17:02:28.568+0200] {dagbag.py:536} INFO - Filling up the DagBag from /home/ai/.local/lib/python3.9/site-packages/airflow/example_dags/plugins/listener_plugin.py
[2026-07-15T17:02:28.571+0200] {processor.py:841} WARNING - No viable dags retrieved from /home/ai/.local/lib/python3.9/site-packages/airflow/example_dags/plugins/listener_plugin.py
[2026-07-15T17:02:28.581+0200] {processor.py:179} INFO - Processing /home/ai/.local/lib/python3.9/site-packages/airflow/example_dags/plugins/listener_plugin.py took 0.019 seconds
[2026-07-15T17:03:58.639+0200] {processor.py:157} INFO - Started process (PID=3456672) to work on /home/ai/.local/lib/python3.9/site-packages/airflow/example_dags/plugins/listener_plugin.py
[2026-07-15T17:03:58.640+0200] {processor.py:829} INFO - Processing file /home/ai/.local/lib/python3.9/site-packages/airflow/example_dags/plugins/listener_plugin.py for tasks to queue
[2026-07-15T17:03:58.642+0200] {logging_mixin.py:151} INFO - [2026-07-15T17:03:58.641+0200] {dagbag.py:536} INFO - Filling up the DagBag from /home/ai/.local/lib/python3.9/site-packages/airflow/example_dags/plugins/listener_plugin.py
[2026-07-15T17:03:58.645+0200] {processor.py:841} WARNING - No viable dags retrieved from /home/ai/.local/lib/python3.9/site-packages/airflow/example_dags/plugins/listener_plugin.py
[2026-07-15T17:03:58.655+0200] {processor.py:179} INFO - Processing /home/ai/.local/lib/python3.9/site-packages/airflow/example_dags/plugins/listener_plugin.py took 0.022 seconds
[2026-07-15T17:04:59.994+0200] {processor.py:157} INFO - Started process (PID=3457698) to work on /home/ai/.local/lib/python3.9/site-packages/airflow/example_dags/plugins/listener_plugin.py
[2026-07-15T17:05:01.070+0200] {processor.py:829} INFO - Processing file /home/ai/.local/lib/python3.9/site-packages/airflow/example_dags/plugins/listener_plugin.py for tasks to queue
[2026-07-15T17:05:01.071+0200] {logging_mixin.py:151} INFO - [2026-07-15T17:05:01.071+0200] {dagbag.py:536} INFO - Filling up the DagBag from /home/ai/.local/lib/python3.9/site-packages/airflow/example_dags/plugins/listener_plugin.py
[2026-07-15T17:05:01.074+0200] {processor.py:841} WARNING - No viable dags retrieved from /home/ai/.local/lib/python3.9/site-packages/airflow/example_dags/plugins/listener_plugin.py
[2026-07-15T17:05:01.144+0200] {processor.py:179} INFO - Processing /home/ai/.local/lib/python3.9/site-packages/airflow/example_dags/plugins/listener_plugin.py took 1.154 seconds
[2026-07-15T17:06:09.430+0200] {processor.py:157} INFO - Started process (PID=3458774) to work on /home/ai/.local/lib/python3.9/site-packages/airflow/example_dags/plugins/listener_plugin.py
[2026-07-15T17:06:09.431+0200] {processor.py:829} INFO - Processing file /home/ai/.local/lib/python3.9/site-packages/airflow/example_dags/plugins/listener_plugin.py for tasks to queue
[2026-07-15T17:06:09.432+0200] {logging_mixin.py:151} INFO - [2026-07-15T17:06:09.432+0200] {dagbag.py:536} INFO - Filling up the DagBag from /home/ai/.local/lib/python3.9/site-packages/airflow/example_dags/plugins/listener_plugin.py
[2026-07-15T17:06:09.436+0200] {processor.py:841} WARNING - No viable dags retrieved from /home/ai/.local/lib/python3.9/site-packages/airflow/example_dags/plugins/listener_plugin.py
[2026-07-15T17:06:09.445+0200] {processor.py:179} INFO - Processing /home/ai/.local/lib/python3.9/site-packages/airflow/example_dags/plugins/listener_plugin.py took 0.020 seconds
[2026-07-15T17:07:14.887+0200] {processor.py:157} INFO - Started process (PID=3459884) to work on /home/ai/.local/lib/python3.9/site-packages/airflow/example_dags/plugins/listener_plugin.py
[2026-07-15T17:07:14.889+0200] {processor.py:829} INFO - Processing file /home/ai/.local/lib/python3.9/site-packages/airflow/example_dags/plugins/listener_plugin.py for tasks to queue
[2026-07-15T17:07:14.890+0200] {logging_mixin.py:151} INFO - [2026-07-15T17:07:14.890+0200] {dagbag.py:536} INFO - Filling up the DagBag from /home/ai/.local/lib/python3.9/site-packages/airflow/example_dags/plugins/listener_plugin.py
[2026-07-15T17:07:14.893+0200] {processor.py:841} WARNING - No viable dags retrieved from /home/ai/.local/lib/python3.9/site-packages/airflow/example_dags/plugins/listener_plugin.py
[2026-07-15T17:07:14.903+0200] {processor.py:179} INFO - Processing /home/ai/.local/lib/python3.9/site-packages/airflow/example_dags/plugins/listener_plugin.py took 0.020 seconds
[2026-07-15T17:08:47.852+0200] {processor.py:157} INFO - Started process (PID=3461479) to work on /home/ai/.local/lib/python3.9/site-packages/airflow/example_dags/plugins/listener_plugin.py
[2026-07-15T17:08:48.330+0200] {processor.py:829} INFO - Processing file /home/ai/.local/lib/python3.9/site-packages/airflow/example_dags/plugins/listener_plugin.py for tasks to queue
[2026-07-15T17:08:48.333+0200] {logging_mixin.py:151} INFO - [2026-07-15T17:08:48.332+0200] {dagbag.py:536} INFO - Filling up the DagBag from /home/ai/.local/lib/python3.9/site-packages/airflow/example_dags/plugins/listener_plugin.py
[2026-07-15T17:08:48.340+0200] {processor.py:841} WARNING - No viable dags retrieved from /home/ai/.local/lib/python3.9/site-packages/airflow/example_dags/plugins/listener_plugin.py
[2026-07-15T17:08:48.350+0200] {processor.py:179} INFO - Processing /home/ai/.local/lib/python3.9/site-packages/airflow/example_dags/plugins/listener_plugin.py took 0.503 seconds
[2026-07-15T17:10:25.622+0200] {processor.py:157} INFO - Started process (PID=3463116) to work on /home/ai/.local/lib/python3.9/site-packages/airflow/example_dags/plugins/listener_plugin.py
[2026-07-15T17:10:25.849+0200] {processor.py:829} INFO - Processing file /home/ai/.local/lib/python3.9/site-packages/airflow/example_dags/plugins/listener_plugin.py for tasks to queue
[2026-07-15T17:10:25.851+0200] {logging_mixin.py:151} INFO - [2026-07-15T17:10:25.850+0200] {dagbag.py:536} INFO - Filling up the DagBag from /home/ai/.local/lib/python3.9/site-packages/airflow/example_dags/plugins/listener_plugin.py
[2026-07-15T17:10:25.855+0200] {processor.py:841} WARNING - No viable dags retrieved from /home/ai/.local/lib/python3.9/site-packages/airflow/example_dags/plugins/listener_plugin.py
[2026-07-15T17:10:25.867+0200] {processor.py:179} INFO - Processing /home/ai/.local/lib/python3.9/site-packages/airflow/example_dags/plugins/listener_plugin.py took 0.250 seconds
[2026-07-15T17:11:58.481+0200] {processor.py:157} INFO - Started process (PID=3464630) to work on /home/ai/.local/lib/python3.9/site-packages/airflow/example_dags/plugins/listener_plugin.py
[2026-07-15T17:11:58.483+0200] {processor.py:829} INFO - Processing file /home/ai/.local/lib/python3.9/site-packages/airflow/example_dags/plugins/listener_plugin.py for tasks to queue
[2026-07-15T17:11:58.484+0200] {logging_mixin.py:151} INFO - [2026-07-15T17:11:58.483+0200] {dagbag.py:536} INFO - Filling up the DagBag from /home/ai/.local/lib/python3.9/site-packages/airflow/example_dags/plugins/listener_plugin.py
[2026-07-15T17:11:58.487+0200] {processor.py:841} WARNING - No viable dags retrieved from /home/ai/.local/lib/python3.9/site-packages/airflow/example_dags/plugins/listener_plugin.py
[2026-07-15T17:11:58.497+0200] {processor.py:179} INFO - Processing /home/ai/.local/lib/python3.9/site-packages/airflow/example_dags/plugins/listener_plugin.py took 0.022 seconds
[2026-07-15T17:13:32.435+0200] {processor.py:157} INFO - Started process (PID=3466453) to work on /home/ai/.local/lib/python3.9/site-packages/airflow/example_dags/plugins/listener_plugin.py
[2026-07-15T17:13:32.436+0200] {processor.py:829} INFO - Processing file /home/ai/.local/lib/python3.9/site-packages/airflow/example_dags/plugins/listener_plugin.py for tasks to queue
[2026-07-15T17:13:32.437+0200] {logging_mixin.py:151} INFO - [2026-07-15T17:13:32.437+0200] {dagbag.py:536} INFO - Filling up the DagBag from /home/ai/.local/lib/python3.9/site-packages/airflow/example_dags/plugins/listener_plugin.py
[2026-07-15T17:13:32.440+0200] {processor.py:841} WARNING - No viable dags retrieved from /home/ai/.local/lib/python3.9/site-packages/airflow/example_dags/plugins/listener_plugin.py
[2026-07-15T17:13:32.449+0200] {processor.py:179} INFO - Processing /home/ai/.local/lib/python3.9/site-packages/airflow/example_dags/plugins/listener_plugin.py took 0.018 seconds
[2026-07-15T17:14:55.783+0200] {processor.py:157} INFO - Started process (PID=3467897) to work on /home/ai/.local/lib/python3.9/site-packages/airflow/example_dags/plugins/listener_plugin.py
[2026-07-15T17:14:55.784+0200] {processor.py:829} INFO - Processing file /home/ai/.local/lib/python3.9/site-packages/airflow/example_dags/plugins/listener_plugin.py for tasks to queue
[2026-07-15T17:14:55.785+0200] {logging_mixin.py:151} INFO - [2026-07-15T17:14:55.785+0200] {dagbag.py:536} INFO - Filling up the DagBag from /home/ai/.local/lib/python3.9/site-packages/airflow/example_dags/plugins/listener_plugin.py
[2026-07-15T17:14:55.788+0200] {processor.py:841} WARNING - No viable dags retrieved from /home/ai/.local/lib/python3.9/site-packages/airflow/example_dags/plugins/listener_plugin.py
[2026-07-15T17:14:55.800+0200] {processor.py:179} INFO - Processing /home/ai/.local/lib/python3.9/site-packages/airflow/example_dags/plugins/listener_plugin.py took 0.023 seconds
[2026-07-15T17:15:54.785+0200] {processor.py:157} INFO - Started process (PID=3469181) to work on /home/ai/.local/lib/python3.9/site-packages/airflow/example_dags/plugins/listener_plugin.py
[2026-07-15T17:15:54.787+0200] {processor.py:829} INFO - Processing file /home/ai/.local/lib/python3.9/site-packages/airflow/example_dags/plugins/listener_plugin.py for tasks to queue
[2026-07-15T17:15:54.788+0200] {logging_mixin.py:151} INFO - [2026-07-15T17:15:54.787+0200] {dagbag.py:536} INFO - Filling up the DagBag from /home/ai/.local/lib/python3.9/site-packages/airflow/example_dags/plugins/listener_plugin.py
[2026-07-15T17:15:54.791+0200] {processor.py:841} WARNING - No viable dags retrieved from /home/ai/.local/lib/python3.9/site-packages/airflow/example_dags/plugins/listener_plugin.py
[2026-07-15T17:15:54.800+0200] {processor.py:179} INFO - Processing /home/ai/.local/lib/python3.9/site-packages/airflow/example_dags/plugins/listener_plugin.py took 0.019 seconds
[2026-07-15T17:16:48.002+0200] {processor.py:157} INFO - Started process (PID=3470339) to work on /home/ai/.local/lib/python3.9/site-packages/airflow/example_dags/plugins/listener_plugin.py
[2026-07-15T17:16:48.003+0200] {processor.py:829} INFO - Processing file /home/ai/.local/lib/python3.9/site-packages/airflow/example_dags/plugins/listener_plugin.py for tasks to queue
[2026-07-15T17:16:48.004+0200] {logging_mixin.py:151} INFO - [2026-07-15T17:16:48.004+0200] {dagbag.py:536} INFO - Filling up the DagBag from /home/ai/.local/lib/python3.9/site-packages/airflow/example_dags/plugins/listener_plugin.py
[2026-07-15T17:16:48.008+0200] {processor.py:841} WARNING - No viable dags retrieved from /home/ai/.local/lib/python3.9/site-packages/airflow/example_dags/plugins/listener_plugin.py
[2026-07-15T17:16:48.017+0200] {processor.py:179} INFO - Processing /home/ai/.local/lib/python3.9/site-packages/airflow/example_dags/plugins/listener_plugin.py took 0.021 seconds
[2026-07-15T17:17:35.279+0200] {processor.py:157} INFO - Started process (PID=3471336) to work on /home/ai/.local/lib/python3.9/site-packages/airflow/example_dags/plugins/listener_plugin.py
[2026-07-15T17:17:35.281+0200] {processor.py:829} INFO - Processing file /home/ai/.local/lib/python3.9/site-packages/airflow/example_dags/plugins/listener_plugin.py for tasks to queue
[2026-07-15T17:17:35.282+0200] {logging_mixin.py:151} INFO - [2026-07-15T17:17:35.281+0200] {dagbag.py:536} INFO - Filling up the DagBag from /home/ai/.local/lib/python3.9/site-packages/airflow/example_dags/plugins/listener_plugin.py
[2026-07-15T17:17:35.284+0200] {processor.py:841} WARNING - No viable dags retrieved from /home/ai/.local/lib/python3.9/site-packages/airflow/example_dags/plugins/listener_plugin.py
[2026-07-15T17:17:35.294+0200] {processor.py:179} INFO - Processing /home/ai/.local/lib/python3.9/site-packages/airflow/example_dags/plugins/listener_plugin.py took 0.021 seconds
[2026-07-15T17:18:42.315+0200] {processor.py:157} INFO - Started process (PID=3472775) to work on /home/ai/.local/lib/python3.9/site-packages/airflow/example_dags/plugins/listener_plugin.py
[2026-07-15T17:18:42.316+0200] {processor.py:829} INFO - Processing file /home/ai/.local/lib/python3.9/site-packages/airflow/example_dags/plugins/listener_plugin.py for tasks to queue
[2026-07-15T17:18:42.317+0200] {logging_mixin.py:151} INFO - [2026-07-15T17:18:42.317+0200] {dagbag.py:536} INFO - Filling up the DagBag from /home/ai/.local/lib/python3.9/site-packages/airflow/example_dags/plugins/listener_plugin.py
[2026-07-15T17:18:42.321+0200] {processor.py:841} WARNING - No viable dags retrieved from /home/ai/.local/lib/python3.9/site-packages/airflow/example_dags/plugins/listener_plugin.py
[2026-07-15T17:18:42.332+0200] {processor.py:179} INFO - Processing /home/ai/.local/lib/python3.9/site-packages/airflow/example_dags/plugins/listener_plugin.py took 0.024 seconds
